                                                                                                                                                                                                                                                                                                                                                                                                                                                                                                                                                                                                                                                                                                                                                                                                                                                                                                                                                                                                                                                                                                                                                                                                                                                                                                                                                                                                                                                                                                                                                                                                                                                                                                                                                                                                                                                                                                                                                                                                                                                                                                                                                                                                                                                                                                                                                                                                                                                                                                                                                                                                                                                                                                                                                                                                                                                                                                                                                                                                                                                                                                                                                                                                                                                                                                                                                                                                                                                                                                                                                                                                                                                                                                                                                                                                                                                                                                                                                                                                                                                                                                                                                                                                                                                                                                                                                                                                                                                                                                                                                                                                                                                                                                                                                                                                                                                                                                                                                                                                                                                                                                                                                                                                                                                                                                                                                                                                                                                                                                                                                                                                                                                                                                                                                                                                                                                                                                                                                                                                                                                                                                                                                                                                                                                                                                                                                                                                                                                                                                                                                                                                                                                                                                                                                                                                                                                                                                                                                                                                                                                                                                                                                                                                                                                                                                                                                                                                                                                                                                                                                                        00:09 +6: loading /app/test/ui_kit/components/inputs/app_checkbox_test.dart                                                                                                                            00:09 +6: /app/test/ui_kit/components/inputs/app_checkbox_test.dart: AppCheckbox renders unchecked                                                                                                     00:09 +7: /app/test/ui_kit/components/inputs/app_checkbox_test.dart: AppCheckbox renders unchecked                                                                                                     00:09 +7: /app/test/ui_kit/components/inputs/app_checkbox_test.dart: AppCheckbox renders checked                                                                                                       00:09 +8: /app/test/ui_kit/components/inputs/app_checkbox_test.dart: AppCheckbox renders checked                                                                                                       00:09 +8: /app/test/ui_kit/components/inputs/app_checkbox_test.dart: AppCheckbox calls onChanged when tapped                                                                                           00:09 +9: /app/test/ui_kit/components/inputs/app_checkbox_test.dart: AppCheckbox calls onChanged when tapped                                                                                           00:09 +9: /app/test/ui_kit/components/inputs/app_checkbox_test.dart: AppCheckbox renders disabled when onChanged is null                                                                               00:09 +10: /app/test/ui_kit/components/inputs/app_checkbox_test.dart: AppCheckbox renders disabled when onChanged is null                                                                              00:10 +10: /app/test/ui_kit/components/inputs/app_checkbox_test.dart: AppCheckbox renders disabled when onChanged is null                                                                              00:10 +10: loading /app/test/ui_kit/components/inputs/app_date_picker_field_test.dart                                                                                                                  00:10 +10: /app/test/ui_kit/components/inputs/app_date_picker_field_test.dart: AppDatePickerField renders hint when no date provided                                                                   00:11 +10: /app/test/ui_kit/components/inputs/app_date_picker_field_test.dart: AppDatePickerField renders hint when no date provided                                                                   00:11 +11: /app/test/ui_kit/components/inputs/app_date_picker_field_test.dart: AppDatePickerField renders hint when no date provided                                                                   00:11 +11: /app/test/ui_kit/components/inputs/app_date_picker_field_test.dart: AppDatePickerField renders formatted date when provided                                                                 00:11 +12: /app/test/ui_kit/components/inputs/app_date_picker_field_test.dart: AppDatePickerField renders formatted date when provided                                                                 00:11 +12: /app/test/ui_kit/components/inputs/app_date_picker_field_test.dart: AppDatePickerField shows DatePicker when tapped                                                                         00:12 +12: /app/test/ui_kit/components/inputs/app_date_picker_field_test.dart: AppDatePickerField shows DatePicker when tapped                                                                         00:12 +13: /app/test/ui_kit/components/inputs/app_date_picker_field_test.dart: AppDatePickerField shows DatePicker when tapped                                                                         00:12 +13: /app/test/ui_kit/components/inputs/app_date_picker_field_test.dart: AppDatePickerField calls onDateSelected when new date is picked                                                         00:13 +13: /app/test/ui_kit/components/inputs/app_date_picker_field_test.dart: AppDatePickerField calls onDateSelected when new date is picked                                                         00:13 +14: /app/test/ui_kit/components/inputs/app_date_picker_field_test.dart: AppDatePickerField calls onDateSelected when new date is picked                                                         00:13 +14: loading /app/test/ui_kit/components/inputs/app_segmented_control_test.dart                                                                                                                  00:13 +14: /app/test/ui_kit/components/inputs/app_segmented_control_test.dart: AppSegmentedControl renders all children                                                                                00:13 +15: /app/test/ui_kit/components/inputs/app_segmented_control_test.dart: AppSegmentedControl renders all children                                                                                00:13 +15: /app/test/ui_kit/components/inputs/app_segmented_control_test.dart: AppSegmentedControl passes correct groupValue                                                                           00:13 +16: /app/test/ui_kit/components/inputs/app_segmented_control_test.dart: AppSegmentedControl passes correct groupValue                                                                           00:13 +16: /app/test/ui_kit/components/inputs/app_segmented_control_test.dart: AppSegmentedControl calls onValueChanged when an option is tapped                                                       00:13 +17: /app/test/ui_kit/components/inputs/app_segmented_control_test.dart: AppSegmentedControl calls onValueChanged when an option is tapped                                                       00:14 +17: /app/test/ui_kit/components/inputs/app_segmented_control_test.dart: AppSegmentedControl calls onValueChanged when an option is tapped                                                       00:14 +17: loading /app/test/ui_kit/components/inputs/app_search_field_test.dart                                                                                                                       00:15 +17: loading /app/test/ui_kit/components/inputs/app_search_field_test.dart                                                                                                                       00:16 +17: loading /app/test/ui_kit/components/inputs/app_search_field_test.dart                                                                                                                       00:16 +17: /app/test/ui_kit/components/inputs/app_search_field_test.dart: AppSearchField renders with default hint text                                                                                00:16 +18: /app/test/ui_kit/components/inputs/app_search_field_test.dart: AppSearchField renders with default hint text                                                                                00:16 +18: /app/test/ui_kit/components/inputs/app_search_field_test.dart: AppSearchField renders with custom hint text                                                                                 00:16 +19: /app/test/ui_kit/components/inputs/app_search_field_test.dart: AppSearchField renders with custom hint text                                                                                 00:16 +19: /app/test/ui_kit/components/inputs/app_search_field_test.dart: AppSearchField uses provided controller                                                                                      00:17 +19: /app/test/ui_kit/components/inputs/app_search_field_test.dart: AppSearchField uses provided controller                                                                                      00:17 +20: /app/test/ui_kit/components/inputs/app_search_field_test.dart: AppSearchField uses provided controller                                                                                      00:17 +20: /app/test/ui_kit/components/inputs/app_search_field_test.dart: AppSearchField calls onChanged when text changes                                                                             00:17 +21: /app/test/ui_kit/components/inputs/app_switch_test.dart: AppSwitch renders off                                                                                                              00:17 +22: /app/test/ui_kit/components/inputs/app_switch_test.dart: AppSwitch renders off                                                                                                              00:17 +22: /app/test/ui_kit/components/inputs/app_switch_test.dart: AppSwitch renders on                                                                                                               00:17 +23: /app/test/ui_kit/components/inputs/app_switch_test.dart: AppSwitch renders on                                                                                                               00:17 +23: /app/test/ui_kit/components/inputs/app_switch_test.dart: AppSwitch calls onChanged when tapped                                                                                              00:18 +23: /app/test/ui_kit/components/inputs/app_switch_test.dart: AppSwitch calls onChanged when tapped                                                                                              00:18 +24: /app/test/ui_kit/components/inputs/app_switch_test.dart: AppSwitch calls onChanged when tapped                                                                                              00:18 +24: /app/test/ui_kit/components/inputs/app_switch_test.dart: AppSwitch renders disabled when onChanged is null                                                                                  00:18 +25: /app/test/ui_kit/components/inputs/app_switch_test.dart: AppSwitch renders disabled when onChanged is null                                                                                  00:18 +25: loading /app/test/ui_kit/components/inputs/app_dropdown_test.dart                                                                                                                           00:19 +25: loading /app/test/ui_kit/components/inputs/app_dropdown_test.dart                                                                                                                           00:20 +25: loading /app/test/ui_kit/components/inputs/app_dropdown_test.dart                                                                                                                           00:20 +25: /app/test/ui_kit/components/inputs/app_dropdown_test.dart: AppDropdown renders hint when no value provided                                                                                  00:21 +25: /app/test/ui_kit/components/inputs/app_dropdown_test.dart: AppDropdown renders hint when no value provided                                                                                  00:21 +26: /app/test/ui_kit/components/inputs/app_dropdown_test.dart: AppDropdown renders hint when no value provided                                                                                  00:21 +26: /app/test/ui_kit/components/inputs/app_dropdown_test.dart: AppDropdown renders label when provided                                                                                          00:21 +27: /app/test/ui_kit/components/inputs/app_dropdown_test.dart: AppDropdown renders label when provided                                                                                          00:22 +27: /app/test/ui_kit/components/inputs/app_dropdown_test.dart: AppDropdown displays selected value                                                                                              00:22 +28: /app/test/ui_kit/components/inputs/app_dropdown_test.dart: AppDropdown displays selected value                                                                                              00:22 +28: /app/test/ui_kit/components/inputs/app_dropdown_test.dart: AppDropdown calls onChanged when an item is selected                                                                             00:22 +29: /app/test/ui_kit/components/typography/app_link_text_test.dart: AppLinkText renders text and applies default style                                                                          00:22 +30: /app/test/ui_kit/components/typography/app_link_text_test.dart: AppLinkText renders text and applies default style                                                                          00:22 +31: /app/test/ui_kit/components/typography/app_link_text_test.dart: AppLinkText renders text and applies default style                                                                          00:22 +31: /app/test/ui_kit/components/typography/app_link_text_test.dart: AppLinkText calls onTap when tapped                                                                                         00:22 +32: /app/test/ui_kit/components/typography/app_link_text_test.dart: AppLinkText calls onTap when tapped                                                                                         00:22 +32: /app/test/ui_kit/components/typography/app_link_text_test.dart: AppLinkText respects provided style                                                                                         00:23 +32: /app/test/ui_kit/components/typography/app_link_text_test.dart: AppLinkText respects provided style                                                                                         00:23 +33: /app/test/ui_kit/components/typography/app_link_text_test.dart: AppLinkText respects provided style                                                                                         00:24 +33: /app/test/ui_kit/components/typography/app_link_text_test.dart: AppLinkText respects provided style                                                                                         00:24 +33: loading /app/test/ui_kit/components/typography/app_text_test.dart                                                                                                                           00:25 +33: loading /app/test/ui_kit/components/typography/app_text_test.dart                                                                                                                           00:26 +33: loading /app/test/ui_kit/components/typography/app_text_test.dart                                                                                                                           00:26 +33: /app/test/ui_kit/components/typography/app_text_test.dart: AppText renders basic text                                                                                                       00:27 +33: /app/test/ui_kit/components/typography/app_text_test.dart: AppText renders basic text                                                                                                       00:27 +34: /app/test/ui_kit/components/feedback/app_banner_test.dart: AppBanner renders message                                                                                                        00:27 +35: /app/test/ui_kit/components/feedback/app_banner_test.dart: AppBanner renders message                                                                                                        00:27 +36: /app/test/ui_kit/components/feedback/app_banner_test.dart: AppBanner renders message                                                                                                        00:28 +36: /app/test/ui_kit/components/feedback/app_banner_test.dart: AppBanner renders message                                                                                                        00:28 +37: /app/test/ui_kit/components/feedback/app_banner_test.dart: AppBanner renders message                                                                                                        00:28 +37: /app/test/ui_kit/components/feedback/app_banner_test.dart: AppBanner renders different types without crashing                                                                               00:28 +38: /app/test/ui_kit/components/feedback/app_banner_test.dart: AppBanner renders different types without crashing                                                                               00:28 +38: /app/test/ui_kit/components/feedback/app_banner_test.dart: AppBanner calls onDismiss when close icon is tapped                                                                              00:28 +39: /app/test/ui_kit/components/feedback/app_banner_test.dart: AppBanner calls onDismiss when close icon is tapped                                                                              00:28 +39: /app/test/ui_kit/components/feedback/app_banner_test.dart: AppBanner renders action widget if provided                                                                                      00:28 +40: /app/test/ui_kit/components/feedback/app_banner_test.dart: AppBanner renders action widget if provided                                                                                      00:29 +40: /app/test/ui_kit/components/feedback/app_banner_test.dart: AppBanner renders action widget if provided                                                                                      00:29 +40: loading /app/test/ui_kit/components/feedback/app_toast_test.dart                                                                                                                            00:30 +40: loading /app/test/ui_kit/components/feedback/app_toast_test.dart                                                                                                                            00:31 +40: loading /app/test/ui_kit/components/feedback/app_toast_test.dart                                                                                                                            00:31 +40: /app/test/ui_kit/components/feedback/app_toast_test.dart: AppToast shows snackbar with correct message                                                                                      00:32 +40: /app/test/ui_kit/components/feedback/app_toast_test.dart: AppToast shows snackbar with correct message                                                                                      00:32 +41: /app/test/ui_kit/components/feedback/app_dialog_test.dart: AppDialog renders basic dialog with title and content                                                                            00:32 +42: /app/test/ui_kit/components/feedback/app_dialog_test.dart: AppDialog renders basic dialog with title and content                                                                            00:33 +42: /app/test/ui_kit/components/feedback/app_dialog_test.dart: AppDialog renders basic dialog with title and content                                                                            00:33 +43: /app/test/ui_kit/components/feedback/app_dialog_test.dart: AppDialog renders basic dialog with title and content                                                                            00:33 +44: /app/test/ui_kit/components/feedback/app_dialog_test.dart: AppDialog renders basic dialog with title and content                                                                            00:33 +45: /app/test/ui_kit/components/feedback/app_dialog_test.dart: AppDialog renders basic dialog with title and content                                                                            00:33 +45: /app/test/ui_kit/components/feedback/app_dialog_test.dart: AppDialog renders contentWidget when provided                                                                                    00:33 +46: /app/test/ui_kit/components/feedback/app_dialog_test.dart: AppDialog renders contentWidget when provided                                                                                    00:33 +46: /app/test/ui_kit/components/feedback/app_dialog_test.dart: AppDialog renders buttons and handles actions                                                                                    00:34 +46: /app/test/ui_kit/components/feedback/app_dialog_test.dart: AppDialog renders buttons and handles actions                                                                                    00:34 +47: /app/test/ui_kit/components/feedback/app_dialog_test.dart: AppDialog renders buttons and handles actions                                                                                    00:34 +47: /app/test/ui_kit/components/feedback/app_dialog_test.dart: AppDialog AppDialog.show presents dialog                                                                                         00:34 +48: /app/test/ui_kit/components/feedback/app_dialog_test.dart: AppDialog AppDialog.show presents dialog                                                                                         00:35 +48: /app/test/ui_kit/components/feedback/app_dialog_test.dart: AppDialog AppDialog.show presents dialog                                                                                         00:35 +48: loading /app/test/ui_kit/components/feedback/app_bottom_sheet_test.dart                                                                                                                     00:36 +48: loading /app/test/ui_kit/components/feedback/app_bottom_sheet_test.dart                                                                                                                     00:37 +48: loading /app/test/ui_kit/components/feedback/app_bottom_sheet_test.dart                                                                                                                     00:37 +48: /app/test/ui_kit/components/feedback/app_bottom_sheet_test.dart: AppBottomSheet renders child widget                                                                                        00:38 +48: /app/test/ui_kit/components/feedback/app_bottom_sheet_test.dart: AppBottomSheet renders child widget                                                                                        00:38 +49: /app/test/ui_kit/components/feedback/app_bottom_sheet_test.dart: AppBottomSheet renders child widget                                                                                        00:38 +49: /app/test/ui_kit/components/feedback/app_bottom_sheet_test.dart: AppBottomSheet renders title when provided                                                                                 00:38 +50: /app/test/ui_kit/components/feedback/app_tooltip_test.dart: AppTooltip renders child and passes message to Tooltip                                                                          00:38 +51: /app/test/ui_kit/components/feedback/app_tooltip_test.dart: AppTooltip renders child and passes message to Tooltip                                                                          00:39 +51: /app/test/ui_kit/components/feedback/app_tooltip_test.dart: AppTooltip renders child and passes message to Tooltip                                                                          00:39 +52: /app/test/ui_kit/components/feedback/app_tooltip_test.dart: AppTooltip renders child and passes message to Tooltip                                                                          00:39 +52: /app/test/ui_kit/components/feedback/app_tooltip_test.dart: AppTooltip applies custom decoration and textStyle                                                                              00:39 +53: /app/test/ui_kit/components/feedback/app_tooltip_test.dart: AppTooltip applies custom decoration and textStyle                                                                              00:40 +53: /app/test/ui_kit/components/feedback/app_tooltip_test.dart: AppTooltip applies custom decoration and textStyle                                                                              00:40 +53: loading /app/test/ui_kit/components/loading/app_empty_state_test.dart                                                                                                                       00:41 +53: loading /app/test/ui_kit/components/loading/app_empty_state_test.dart                                                                                                                       00:42 +53: loading /app/test/ui_kit/components/loading/app_empty_state_test.dart                                                                                                                       00:42 +53: /app/test/ui_kit/components/loading/app_empty_state_test.dart: AppEmptyState renders title                                                                                                  00:43 +53: /app/test/ui_kit/components/loading/app_empty_state_test.dart: AppEmptyState renders title                                                                                                  00:43 +54: /app/test/ui_kit/components/loading/app_skeleton_test.dart: AppSkeleton renders basic skeleton                                                                                              00:43 +55: /app/test/ui_kit/components/loading/app_skeleton_test.dart: AppSkeleton renders basic skeleton                                                                                              00:43 +56: /app/test/ui_kit/components/loading/app_skeleton_test.dart: AppSkeleton renders basic skeleton                                                                                              00:43 +57: /app/test/ui_kit/components/loading/app_skeleton_test.dart: AppSkeleton renders basic skeleton                                                                                              00:44 +57: /app/test/ui_kit/components/loading/app_skeleton_test.dart: AppSkeleton renders basic skeleton                                                                                              00:44 +58: /app/test/ui_kit/components/loading/app_skeleton_test.dart: AppSkeleton renders basic skeleton                                                                                              00:44 +59: /app/test/ui_kit/components/loading/app_skeleton_test.dart: AppSkeleton renders basic skeleton                                                                                              00:44 +59: /app/test/ui_kit/components/loading/app_skeleton_test.dart: AppSkeleton renders circle shape                                                                                                00:44 +60: /app/test/ui_kit/components/loading/app_skeleton_test.dart: AppSkeleton renders circle shape                                                                                                00:44 +60: /app/test/ui_kit/components/loading/app_skeleton_test.dart: AppSkeleton animates opacity                                                                                                    00:44 +61: /app/test/ui_kit/components/loading/app_skeleton_test.dart: AppSkeleton animates opacity                                                                                                    00:45 +61: /app/test/ui_kit/components/loading/app_skeleton_test.dart: AppSkeleton animates opacity                                                                                                    00:46 +61: loading /app/test/ui_kit/components/loading/app_loading_indicator_test.dart                                                                                                                 00:47 +61: loading /app/test/ui_kit/components/loading/app_loading_indicator_test.dart                                                                                                                 00:47 +61: /app/test/ui_kit/components/loading/app_loading_indicator_test.dart: AppLoadingIndicator renders CircularProgressIndicator with default size                                                00:48 +61: /app/test/ui_kit/components/loading/app_loading_indicator_test.dart: AppLoadingIndicator renders CircularProgressIndicator with default size                                                00:48 +62: /app/test/ui_kit/components/foundations/app_divider_test.dart: AppDivider renders basic divider with defaults                                                                               00:48 +63: /app/test/ui_kit/components/foundations/app_divider_test.dart: AppDivider renders basic divider with defaults                                                                               00:49 +63: /app/test/ui_kit/components/foundations/app_divider_test.dart: AppDivider renders basic divider with defaults                                                                               00:49 +64: /app/test/ui_kit/components/foundations/app_divider_test.dart: AppDivider renders basic divider with defaults                                                                               00:49 +64: /app/test/ui_kit/components/foundations/app_divider_test.dart: AppDivider applies custom properties                                                                                         00:49 +65: /app/test/ui_kit/components/foundations/app_divider_test.dart: AppDivider applies custom properties                                                                                         00:50 +65: /app/test/ui_kit/components/foundations/app_divider_test.dart: AppDivider applies custom properties                                                                                         00:51 +65: /app/test/ui_kit/components/foundations/app_divider_test.dart: AppDivider applies custom properties                                                                                         00:51 +65: loading /app/test/ui_kit/components/foundations/app_card_test.dart                                                                                                                          00:52 +65: loading /app/test/ui_kit/components/foundations/app_card_test.dart                                                                                                                          00:53 +65: loading /app/test/ui_kit/components/foundations/app_card_test.dart                                                                                                                          00:54 +65: loading /app/test/ui_kit/components/foundations/app_card_test.dart                                                                                                                          00:54 +65: /app/test/ui_kit/components/foundations/app_card_test.dart: AppCard renders child in Card by default                                                                                        00:55 +65: /app/test/ui_kit/components/foundations/app_card_test.dart: AppCard renders child in Card by default                                                                                        00:55 +66: /app/test/ui_kit/components/foundations/app_badge_test.dart: AppBadge renders basic badge with primary type by default                                                                      00:55 +67: /app/test/ui_kit/components/foundations/app_badge_test.dart: AppBadge renders basic badge with primary type by default                                                                      00:56 +67: /app/test/ui_kit/components/foundations/app_badge_test.dart: AppBadge renders basic badge with primary type by default                                                                      00:56 +68: /app/test/ui_kit/components/foundations/app_badge_test.dart: AppBadge renders basic badge with primary type by default                                                                      00:56 +69: /app/test/ui_kit/components/foundations/app_badge_test.dart: AppBadge renders basic badge with primary type by default                                                                      00:56 +70: /app/test/ui_kit/components/foundations/app_badge_test.dart: AppBadge renders basic badge with primary type by default                                                                      00:56 +70: /app/test/ui_kit/components/foundations/app_badge_test.dart: AppBadge renders all badge types correctly                                                                                     00:56 +71: /app/test/ui_kit/components/foundations/app_badge_test.dart: AppBadge renders all badge types correctly                                                                                     00:57 +71: /app/test/ui_kit/components/foundations/app_badge_test.dart: AppBadge renders all badge types correctly                                                                                     00:58 +71: /app/test/ui_kit/components/foundations/app_badge_test.dart: AppBadge renders all badge types correctly                                                                                     00:58 +71: loading /app/test/ui_kit/tokens/app_layout_test.dart                                                                                                                                        00:59 +71: loading /app/test/ui_kit/tokens/app_layout_test.dart                                                                                                                                        01:00 +71: loading /app/test/ui_kit/tokens/app_layout_test.dart                                                                                                                                        01:00 +71: /app/test/ui_kit/tokens/app_layout_test.dart: AppLayout static constants have correct values                                                                                                01:00 +72: /app/test/ui_kit/tokens/app_layout_test.dart: AppLayout static constants have correct values                                                                                                01:00 +72: /app/test/ui_kit/tokens/app_layout_test.dart: AppLayout contentConstraints returns correct constraints                                                                                      01:00 +73: /app/test/ui_kit/tokens/app_layout_test.dart: AppLayout contentConstraints returns correct constraints                                                                                      01:00 +73: /app/test/ui_kit/tokens/app_layout_test.dart: AppLayout isMobile returns true on small screens                                                                                              01:00 +74: /app/test/ui_kit/tokens/app_layout_test.dart: AppLayout isMobile returns true on small screens                                                                                              01:00 +75: /app/test/ui_kit/tokens/app_layout_test.dart: AppLayout isMobile returns true on small screens                                                                                              01:00 +76: /app/test/ui_kit/tokens/app_layout_test.dart: AppLayout isMobile returns true on small screens                                                                                              01:00 +76: /app/test/ui_kit/tokens/app_layout_test.dart: AppLayout isTablet returns true on medium screens                                                                                             01:01 +76: /app/test/ui_kit/tokens/app_layout_test.dart: AppLayout isTablet returns true on medium screens                                                                                             01:01 +77: /app/test/ui_kit/tokens/app_layout_test.dart: AppLayout isTablet returns true on medium screens                                                                                             01:01 +77: /app/test/ui_kit/tokens/app_layout_test.dart: AppLayout isDesktop returns true on large screens                                                                                             01:01 +78: /app/test/ui_kit/tokens/app_layout_test.dart: AppLayout isDesktop returns true on large screens                                                                                             01:02 +78: /app/test/ui_kit/tokens/app_layout_test.dart: AppLayout isDesktop returns true on large screens                                                                                             01:03 +78: /app/test/ui_kit/tokens/app_layout_test.dart: AppLayout isDesktop returns true on large screens                                                                                             01:03 +78: loading /app/test/ui_kit/tokens/app_radii_test.dart                                                                                                                                         01:04 +78: loading /app/test/ui_kit/tokens/app_radii_test.dart                                                                                                                                         01:04 +78: /app/test/ui_kit/tokens/app_radii_test.dart: AppRadii default instance has correct values                                                                                                   01:04 +79: /app/test/ui_kit/tokens/app_radii_test.dart: AppRadii default instance has correct values                                                                                                   01:04 +79: /app/test/ui_kit/tokens/app_radii_test.dart: AppRadii raw Radius accessors work                                                                                                             01:04 +80: /app/test/ui_kit/tokens/app_radii_test.dart: AppRadii raw Radius accessors work                                                                                                             01:04 +80: /app/test/ui_kit/tokens/app_radii_test.dart: AppRadii BorderRadius accessors work                                                                                                           01:04 +81: /app/test/ui_kit/tokens/app_radii_test.dart: AppRadii BorderRadius accessors work                                                                                                           01:04 +81: /app/test/ui_kit/tokens/app_radii_test.dart: AppRadii semantic Radii work                                                                                                                   01:04 +82: /app/test/ui_kit/tokens/app_radii_test.dart: AppRadii semantic Radii work                                                                                                                   01:04 +82: /app/test/ui_kit/tokens/app_radii_test.dart: AppRadii standard instance is accessible                                                                                                       01:04 +83: /app/test/ui_kit/tokens/app_radii_test.dart: AppRadii standard instance is accessible                                                                                                       01:05 +83: /app/test/ui_kit/tokens/app_radii_test.dart: AppRadii standard instance is accessible                                                                                                       01:05 +83: loading /app/test/ui_kit/tokens/app_motion_test.dart                                                                                                                                        01:05 +83: /app/test/ui_kit/tokens/app_motion_test.dart: AppMotion default instance has correct values                                                                                                 01:05 +84: /app/test/ui_kit/tokens/app_motion_test.dart: AppMotion default instance has correct values                                                                                                 01:05 +84: /app/test/ui_kit/tokens/app_motion_test.dart: AppMotion standardInstance is accessible and correct                                                                                          01:05 +85: /app/test/ui_kit/tokens/app_motion_test.dart: AppMotion standardInstance is accessible and correct                                                                                          01:06 +85: /app/test/ui_kit/tokens/app_motion_test.dart: AppMotion standardInstance is accessible and correct                                                                                          01:06 +85: loading /app/test/ui_kit/tokens/app_spacing_test.dart                                                                                                                                       01:07 +85: loading /app/test/ui_kit/tokens/app_spacing_test.dart                                                                                                                                       01:08 +85: loading /app/test/ui_kit/tokens/app_spacing_test.dart                                                                                                                                       01:08 +85: /app/test/ui_kit/tokens/app_spacing_test.dart: AppSpacing default instance has correct values                                                                                               01:08 +86: /app/test/ui_kit/tokens/app_spacing_test.dart: AppSpacing default instance has correct values                                                                                               01:08 +86: /app/test/ui_kit/tokens/app_spacing_test.dart: AppSpacing allInsets accessors work                                                                                                          01:08 +87: /app/test/ui_kit/tokens/app_spacing_test.dart: AppSpacing allInsets accessors work                                                                                                          01:08 +87: /app/test/ui_kit/tokens/app_spacing_test.dart: AppSpacing horizontal accessors work                                                                                                         01:08 +88: /app/test/ui_kit/tokens/app_spacing_test.dart: AppSpacing horizontal accessors work                                                                                                         01:08 +88: /app/test/ui_kit/tokens/app_spacing_test.dart: AppSpacing vertical accessors work                                                                                                           01:08 +89: /app/test/ui_kit/tokens/app_spacing_test.dart: AppSpacing vertical accessors work                                                                                                           01:08 +89: /app/test/ui_kit/tokens/app_spacing_test.dart: AppSpacing gap helpers work                                                                                                                  01:08 +90: /app/test/ui_kit/tokens/app_spacing_test.dart: AppSpacing gap helpers work                                                                                                                  01:08 +90: /app/test/ui_kit/tokens/app_spacing_test.dart: AppSpacing standard instance is accessible                                                                                                   01:08 +91: /app/test/ui_kit/tokens/app_spacing_test.dart: AppSpacing standard instance is accessible                                                                                                   01:09 +91: /app/test/ui_kit/tokens/app_spacing_test.dart: AppSpacing standard instance is accessible                                                                                                   01:09 +91: loading /app/test/ui_kit/tokens/app_typography_test.dart                                                                                                                                    01:09 +91: /app/test/ui_kit/tokens/app_typography_test.dart: AppTypography returns correct text styles mapped from TextTheme                                                                           01:09 +92: /app/test/ui_kit/tokens/app_typography_test.dart: AppTypography returns correct text styles mapped from TextTheme                                                                           01:10 +92: /app/test/ui_kit/tokens/app_typography_test.dart: AppTypography returns correct text styles mapped from TextTheme                                                                           01:10 +92: loading /app/test/ui_kit/theme/app_theme_ext_test.dart                                                                                                                                      01:11 +92: loading /app/test/ui_kit/theme/app_theme_ext_test.dart                                                                                                                                      01:11 +92: /app/test/ui_kit/theme/app_theme_ext_test.dart: AppKitTheme copyWith updates properties                                                                                                     01:11 +93: /app/test/ui_kit/theme/app_theme_ext_test.dart: AppKitTheme copyWith updates properties                                                                                                     01:11 +93: /app/test/ui_kit/theme/app_theme_ext_test.dart: AppKitTheme lerp works correctly                                                                                                            01:11 +94: /app/test/ui_kit/theme/app_theme_ext_test.dart: AppKitTheme lerp works correctly                                                                                                            01:11 +94: /app/test/ui_kit/theme/app_theme_ext_test.dart: AppKitThemeContextExtension kit returns provided extension                                                                                  01:12 +94: /app/test/ui_kit/theme/app_theme_ext_test.dart: AppKitThemeContextExtension kit returns provided extension                                                                                  01:12 +95: /app/test/ui_kit/theme/app_theme_ext_test.dart: AppKitThemeContextExtension kit returns provided extension                                                                                  01:12 +95: /app/test/ui_kit/theme/app_theme_ext_test.dart: AppKitThemeContextExtension kit returns fallback when extension is missing                                                                  01:12 +96: /app/test/ui_kit/theme/app_theme_ext_test.dart: AppKitThemeContextExtension kit returns fallback when extension is missing                                                                  01:13 +96: /app/test/ui_kit/theme/app_theme_ext_test.dart: AppKitThemeContextExtension kit returns fallback when extension is missing                                                                  01:13 +96: loading /app/test/ui_kit/ui_kit_smoke_test.dart                                                                                                                                             01:13 +96: /app/test/ui_kit/ui_kit_smoke_test.dart: UI Kit Smoke Test AppKitTheme extension is available in context                                                                                    01:14 +96: /app/test/ui_kit/ui_kit_smoke_test.dart: UI Kit Smoke Test AppKitTheme extension is available in context                                                                                    01:14 +97: /app/test/ui_kit/ui_kit_smoke_test.dart: UI Kit Smoke Test AppKitTheme extension is available in context                                                                                    01:14 +97: /app/test/ui_kit/ui_kit_smoke_test.dart: UI Kit Smoke Test UiKit components instantiate correctly                                                                                           01:14 +98: /app/test/ui_kit/ui_kit_smoke_test.dart: UI Kit Smoke Test UiKit components instantiate correctly                                                                                           01:14 +98: /app/test/ui_kit/ui_kit_smoke_test.dart: UI Kit Smoke Test Bridge components instantiate correctly                                                                                          01:14 +99: /app/test/ui_kit/ui_kit_smoke_test.dart: UI Kit Smoke Test Bridge components instantiate correctly                                                                                          01:14 +99: /app/test/ui_kit/ui_kit_smoke_test.dart: UI Kit Smoke Test AppButton renders all variants correctly                                                                                         01:15 +99: /app/test/ui_kit/ui_kit_smoke_test.dart: UI Kit Smoke Test AppButton renders all variants correctly                                                                                         01:15 +100: /app/test/ui_kit/ui_kit_smoke_test.dart: UI Kit Smoke Test AppButton renders all variants correctly                                                                                        01:15 +100: /app/test/ui_kit/ui_kit_smoke_test.dart: UI Kit Smoke Test AppKitTheme copyWith and lerp                                                                                                   01:15 +101: /app/test/ui_kit/ui_kit_smoke_test.dart: UI Kit Smoke Test AppKitTheme copyWith and lerp                                                                                                   01:15 +101: /app/test/ui_kit/ui_kit_smoke_test.dart: UI Kit Smoke Test BridgeDialog shows dialog                                                                                                       01:15 +102: /app/test/ui_kit/ui_kit_smoke_test.dart: UI Kit Smoke Test BridgeDialog shows dialog                                                                                                       01:15 +102: /app/test/ui_kit/ui_kit_smoke_test.dart: UI Kit Smoke Test BridgeBottomSheet shows sheet                                                                                                   01:15 +103: /app/test/ui_kit/ui_kit_smoke_test.dart: UI Kit Smoke Test BridgeBottomSheet shows sheet                                                                                                   01:16 +103: /app/test/ui_kit/ui_kit_smoke_test.dart: UI Kit Smoke Test BridgeBottomSheet shows sheet                                                                                                   01:16 +103: loading /app/test/ui_kit/foundation/ui_enums_test.dart                                                                                                                                     01:16 +103: /app/test/ui_kit/foundation/ui_enums_test.dart: UiEnums UiSize has correct values                                                                                                          01:16 +104: /app/test/ui_kit/foundation/ui_enums_test.dart: UiEnums UiSize has correct values                                                                                                          01:16 +104: /app/test/ui_kit/foundation/ui_enums_test.dart: UiEnums UiVariant has correct values                                                                                                       01:16 +105: /app/test/ui_kit/foundation/ui_enums_test.dart: UiEnums UiVariant has correct values                                                                                                       01:16 +105: /app/test/ui_kit/foundation/ui_enums_test.dart: UiEnums UiState has correct values                                                                                                         01:16 +106: /app/test/ui_kit/foundation/ui_enums_test.dart: UiEnums UiState has correct values                                                                                                         01:16 +106: /app/test/ui_kit/foundation/ui_enums_test.dart: UiEnums UiSpacing has correct values                                                                                                       01:16 +107: /app/test/ui_kit/foundation/ui_enums_test.dart: UiEnums UiSpacing has correct values                                                                                                       01:17 +107: /app/test/ui_kit/foundation/ui_enums_test.dart: UiEnums UiSpacing has correct values                                                                                                       01:17 +107: loading /app/test/invite_generation_sheet_test.dart                                                                                                                                        01:18 +107: loading /app/test/invite_generation_sheet_test.dart                                                                                                                                        01:19 +107: loading /app/test/invite_generation_sheet_test.dart                                                                                                                                        01:19 +107: /app/test/invite_generation_sheet_test.dart: InviteGenerationSheet renders and handles interactions safely                                                                                 01:20 +107: /app/test/invite_generation_sheet_test.dart: InviteGenerationSheet renders and handles interactions safely                                                                                 01:20 +108: /app/test/golden/budget_summary_golden_test.dart: BudgetSummaryWidget Golden Test renders correctly with budgets                                                                           01:21 +108: /app/test/golden/budget_summary_golden_test.dart: BudgetSummaryWidget Golden Test renders correctly with budgets                                                                           01:21 +109: /app/test/golden/budget_summary_golden_test.dart: BudgetSummaryWidget Golden Test renders correctly with budgets                                                                           01:21 +109: /app/test/golden/budget_summary_golden_test.dart: (tearDownAll)                                                                                                                            01:22 +109: /app/test/golden/budget_summary_golden_test.dart: (tearDownAll)                                                                                                                            01:22 +109: loading /app/test/ui_coverage_test.dart                                                                                                                                                    01:23 +109: loading /app/test/ui_coverage_test.dart                                                                                                                                                    01:24 +109: loading /app/test/ui_coverage_test.dart                                                                                                                                                    01:24 +109: /app/test/ui_coverage_test.dart: (setUpAll)                                                                                                                                                01:24 +109: /app/test/ui_coverage_test.dart: UI Coverage Smoke Tests TransactionListPage renders                                                                                                       01:25 +109: /app/test/ui_coverage_test.dart: UI Coverage Smoke Tests TransactionListPage renders                                                                                                       01:25 +110: /app/test/ui_coverage_test.dart: UI Coverage Smoke Tests TransactionListPage renders                                                                                                       01:25 +111: /app/test/ui_coverage_test.dart: UI Coverage Smoke Tests TransactionListPage renders                                                                                                       01:25 +112: /app/test/ui_coverage_test.dart: UI Coverage Smoke Tests TransactionListPage renders                                                                                                       01:25 +113: /app/test/ui_coverage_test.dart: UI Coverage Smoke Tests TransactionListPage renders                                                                                                       01:25 +114: /app/test/ui_coverage_test.dart: UI Coverage Smoke Tests TransactionListPage renders                                                                                                       01:25 +115: /app/test/ui_coverage_test.dart: UI Coverage Smoke Tests TransactionListPage renders                                                                                                       01:25 +115: /app/test/ui_coverage_test.dart: UI Coverage Smoke Tests BudgetsSubTab renders                                                                                                             01:26 +116: /app/test/ui_coverage_test.dart: UI Coverage Smoke Tests BudgetsSubTab renders                                                                                                             01:26 +116: /app/test/ui_coverage_test.dart: UI Coverage Smoke Tests GoalsSubTab renders                                                                                                               01:26 +117: /app/test/ui_coverage_test.dart: UI Coverage Smoke Tests GoalsSubTab renders                                                                                                               01:26 +117: /app/test/ui_coverage_test.dart: UI Coverage Smoke Tests ReportPageWrapper renders                                                                                                         01:26 +118: /app/test/ui_coverage_test.dart: UI Coverage Smoke Tests ReportPageWrapper renders                                                                                                         01:26 +118: /app/test/ui_coverage_test.dart: UI Coverage Smoke Tests BudgetForm renders                                                                                                                01:26 +118: /app/test/ui_coverage_test.dart: UI Coverage Smoke Tests BudgetForm renders                                                                                                                
👻 INFO 2026-03-04 05:43:06.035052 [caller info not available] [BudgetForm] initState. Type: BudgetType.overall, Period: BudgetPeriodType.recurringMonthly, Initial Categories: 0
01:26 +119: /app/test/ui_coverage_test.dart: UI Coverage Smoke Tests BudgetForm renders                                                                                                                01:26 +119: /app/test/ui_coverage_test.dart: UI Coverage Smoke Tests AccountForm renders                                                                                                               01:26 +120: /app/test/ui_coverage_test.dart: UI Coverage Smoke Tests AccountForm renders                                                                                                               01:26 +120: /app/test/ui_coverage_test.dart: (tearDownAll)                                                                                                                                             01:27 +120: /app/test/ui_coverage_test.dart: (tearDownAll)                                                                                                                                             01:27 +120: loading /app/test/features/groups/data/datasources/groups_remote_data_source_test.dart                                                                                                     01:28 +120: loading /app/test/features/groups/data/datasources/groups_remote_data_source_test.dart                                                                                                     01:29 +120: loading /app/test/features/groups/data/datasources/groups_remote_data_source_test.dart                                                                                                     01:29 +120: /app/test/features/groups/data/datasources/groups_remote_data_source_test.dart: (setUpAll)                                                                                                 01:29 +120: /app/test/features/groups/data/datasources/groups_remote_data_source_test.dart: GroupsRemoteDataSource createGroup should return GroupModel                                                01:29 +121: /app/test/features/groups/data/datasources/groups_remote_data_source_test.dart: GroupsRemoteDataSource createGroup should return GroupModel                                                01:29 +121: /app/test/features/groups/data/datasources/groups_remote_data_source_test.dart: GroupsRemoteDataSource getGroups should return list of groups                                              01:29 +122: /app/test/features/groups/data/datasources/groups_remote_data_source_test.dart: GroupsRemoteDataSource getGroups should return list of groups                                              01:29 +122: /app/test/features/groups/data/datasources/groups_remote_data_source_test.dart: GroupsRemoteDataSource createInvite should return invite url                                               01:29 +123: /app/test/features/groups/data/datasources/groups_remote_data_source_test.dart: GroupsRemoteDataSource createInvite should return invite url                                               01:29 +123: /app/test/features/groups/data/datasources/groups_remote_data_source_test.dart: GroupsRemoteDataSource acceptInvite should return response data                                            01:29 +124: /app/test/features/groups/data/datasources/groups_remote_data_source_test.dart: GroupsRemoteDataSource acceptInvite should return response data                                            01:29 +124: /app/test/features/groups/data/datasources/groups_remote_data_source_test.dart: (tearDownAll)                                                                                              01:30 +124: /app/test/features/groups/data/datasources/groups_remote_data_source_test.dart: (tearDownAll)                                                                                              01:30 +124: loading /app/test/features/groups/data/models/group_model_test.dart                                                                                                                        01:30 +124: /app/test/features/groups/data/models/group_model_test.dart: GroupModel fromEntity converts correctly                                                                                      01:30 +125: /app/test/features/groups/data/models/group_model_test.dart: GroupModel fromEntity converts correctly                                                                                      01:30 +125: /app/test/features/groups/data/models/group_model_test.dart: GroupModel toEntity converts correctly                                                                                        01:30 +126: /app/test/features/groups/data/models/group_model_test.dart: GroupModel toEntity converts correctly                                                                                        01:30 +126: /app/test/features/groups/data/models/group_model_test.dart: GroupModel fromJson creates a valid model                                                                                     01:30 +127: /app/test/features/groups/data/models/group_model_test.dart: GroupModel fromJson creates a valid model                                                                                     01:30 +127: /app/test/features/groups/data/models/group_model_test.dart: GroupModel toJson returns a JSON map containing proper data                                                                   01:30 +128: /app/test/features/groups/data/models/group_model_test.dart: GroupModel toJson returns a JSON map containing proper data                                                                   01:31 +128: /app/test/features/groups/data/models/group_model_test.dart: GroupModel toJson returns a JSON map containing proper data                                                                   01:31 +128: loading /app/test/features/groups/data/models/group_member_model_test.dart                                                                                                                 01:32 +128: loading /app/test/features/groups/data/models/group_member_model_test.dart                                                                                                                 01:32 +128: /app/test/features/groups/data/models/group_member_model_test.dart: GroupMemberModel fromEntity should return a valid model                                                                01:32 +129: /app/test/features/groups/data/models/group_member_model_test.dart: GroupMemberModel fromEntity should return a valid model                                                                01:32 +129: /app/test/features/groups/data/models/group_member_model_test.dart: GroupMemberModel toEntity should return a valid entity                                                                 01:32 +130: /app/test/features/groups/data/models/group_member_model_test.dart: GroupMemberModel toEntity should return a valid entity                                                                 01:32 +130: /app/test/features/groups/data/models/group_member_model_test.dart: GroupMemberModel fromJson should return a valid model when JSON is correct                                             01:32 +131: /app/test/features/groups/data/models/group_member_model_test.dart: GroupMemberModel fromJson should return a valid model when JSON is correct                                             01:32 +131: /app/test/features/groups/data/models/group_member_model_test.dart: GroupMemberModel fromJson should fallback updated_at to joined_at if missing                                           01:32 +132: /app/test/features/groups/data/models/group_member_model_test.dart: GroupMemberModel fromJson should fallback updated_at to joined_at if missing                                           01:32 +132: /app/test/features/groups/data/models/group_member_model_test.dart: GroupMemberModel toJson should return a JSON map containing proper data                                                01:32 +133: /app/test/features/groups/data/models/group_member_model_test.dart: GroupMemberModel toJson should return a JSON map containing proper data                                                01:33 +133: /app/test/features/groups/data/models/group_member_model_test.dart: GroupMemberModel toJson should return a JSON map containing proper data                                                01:34 +133: /app/test/features/groups/data/models/group_member_model_test.dart: GroupMemberModel toJson should return a JSON map containing proper data                                                01:34 +133: loading /app/test/features/groups/data/repositories/groups_repository_impl_test.dart                                                                                                       01:34 +133: /app/test/features/groups/data/repositories/groups_repository_impl_test.dart: (setUpAll)                                                                                                   01:34 +133: /app/test/features/groups/data/repositories/groups_repository_impl_test.dart: createGroup should save locally, add to outbox, and trigger sync if connected                                01:34 +134: /app/test/features/groups/data/repositories/groups_repository_impl_test.dart: createGroup should save locally, add to outbox, and trigger sync if connected                                01:34 +134: /app/test/features/groups/data/repositories/groups_repository_impl_test.dart: createGroup should return CacheFailure if local save fails                                                   01:34 +135: /app/test/features/groups/data/repositories/groups_repository_impl_test.dart: createGroup should return CacheFailure if local save fails                                                   01:34 +135: /app/test/features/groups/data/repositories/groups_repository_impl_test.dart: getGroups should return groups from local source                                                             01:34 +136: /app/test/features/groups/data/repositories/groups_repository_impl_test.dart: getGroups should return groups from local source                                                             01:34 +136: /app/test/features/groups/data/repositories/groups_repository_impl_test.dart: getGroups should return CacheFailure on exception                                                            01:34 +137: /app/test/features/groups/data/repositories/groups_repository_impl_test.dart: getGroups should return CacheFailure on exception                                                            01:34 +137: /app/test/features/groups/data/repositories/groups_repository_impl_test.dart: watchGroups should return a stream of Right(List<GroupEntity>)                                               01:34 +138: /app/test/features/groups/data/repositories/groups_repository_impl_test.dart: watchGroups should return a stream of Right(List<GroupEntity>)                                               01:34 +138: /app/test/features/groups/data/repositories/groups_repository_impl_test.dart: watchGroups should return a stream with Left(CacheFailure) on error                                          01:34 +139: /app/test/features/groups/data/repositories/groups_repository_impl_test.dart: watchGroups should return a stream with Left(CacheFailure) on error                                          01:34 +139: /app/test/features/groups/data/repositories/groups_repository_impl_test.dart: getGroupMembers should return members from local source                                                      01:34 +140: /app/test/features/groups/data/repositories/groups_repository_impl_test.dart: getGroupMembers should return members from local source                                                      01:34 +140: /app/test/features/groups/data/repositories/groups_repository_impl_test.dart: getGroupMembers should return CacheFailure on exception                                                      01:34 +141: /app/test/features/groups/data/repositories/groups_repository_impl_test.dart: getGroupMembers should return CacheFailure on exception                                                      01:34 +141: /app/test/features/groups/data/repositories/groups_repository_impl_test.dart: syncGroups (and refreshGroupsFromServer) should fetch from remote and save to local when connected           01:34 +142: /app/test/features/groups/data/repositories/groups_repository_impl_test.dart: syncGroups (and refreshGroupsFromServer) should fetch from remote and save to local when connected           01:34 +142: /app/test/features/groups/data/repositories/groups_repository_impl_test.dart: syncGroups (and refreshGroupsFromServer) should delete stale groups locally                                  01:34 +143: /app/test/features/groups/data/repositories/groups_repository_impl_test.dart: syncGroups (and refreshGroupsFromServer) should delete stale groups locally                                  01:34 +143: /app/test/features/groups/data/repositories/groups_repository_impl_test.dart: syncGroups (and refreshGroupsFromServer) should delete stale members locally                                 01:34 +144: /app/test/features/groups/data/repositories/groups_repository_impl_test.dart: syncGroups (and refreshGroupsFromServer) should delete stale members locally                                 01:34 +144: /app/test/features/groups/data/repositories/groups_repository_impl_test.dart: syncGroups (and refreshGroupsFromServer) should return ServerFailure on exception during remote fetch        01:34 +145: /app/test/features/groups/data/repositories/groups_repository_impl_test.dart: syncGroups (and refreshGroupsFromServer) should return ServerFailure on exception during remote fetch        01:34 +145: /app/test/features/groups/data/repositories/groups_repository_impl_test.dart: syncGroups (and refreshGroupsFromServer) should do nothing when offline                                      01:34 +146: /app/test/features/groups/data/repositories/groups_repository_impl_test.dart: syncGroups (and refreshGroupsFromServer) should do nothing when offline                                      01:34 +146: /app/test/features/groups/data/repositories/groups_repository_impl_test.dart: createInvite should call remoteDataSource.createInvite                                                       01:34 +147: /app/test/features/groups/data/repositories/groups_repository_impl_test.dart: createInvite should call remoteDataSource.createInvite                                                       01:34 +147: /app/test/features/groups/data/repositories/groups_repository_impl_test.dart: createInvite should return ServerFailure on exception                                                        01:34 +148: /app/test/features/groups/data/repositories/groups_repository_impl_test.dart: createInvite should return ServerFailure on exception                                                        01:34 +148: /app/test/features/groups/data/repositories/groups_repository_impl_test.dart: acceptInvite should call remoteDataSource.acceptInvite                                                       01:34 +149: /app/test/features/groups/data/repositories/groups_repository_impl_test.dart: acceptInvite should call remoteDataSource.acceptInvite                                                       01:34 +149: /app/test/features/groups/data/repositories/groups_repository_impl_test.dart: acceptInvite should return ServerFailure on exception                                                        01:34 +150: /app/test/features/groups/data/repositories/groups_repository_impl_test.dart: acceptInvite should return ServerFailure on exception                                                        01:34 +150: /app/test/features/groups/data/repositories/groups_repository_impl_test.dart: updateMemberRole should call remoteDataSource.updateMemberRole and refresh members                           01:34 +151: /app/test/features/groups/data/repositories/groups_repository_impl_test.dart: updateMemberRole should call remoteDataSource.updateMemberRole and refresh members                           01:34 +151: /app/test/features/groups/data/repositories/groups_repository_impl_test.dart: updateMemberRole should return ServerFailure on exception                                                    01:34 +152: /app/test/features/groups/data/repositories/groups_repository_impl_test.dart: updateMemberRole should return ServerFailure on exception                                                    01:34 +152: /app/test/features/groups/data/repositories/groups_repository_impl_test.dart: removeMember should call remoteDataSource.removeMember and cleanup                                           01:34 +153: /app/test/features/groups/data/repositories/groups_repository_impl_test.dart: removeMember should call remoteDataSource.removeMember and cleanup                                           01:34 +153: /app/test/features/groups/data/repositories/groups_repository_impl_test.dart: removeMember should return ServerFailure on exception                                                        01:34 +154: /app/test/features/groups/data/repositories/groups_repository_impl_test.dart: removeMember should return ServerFailure on exception                                                        01:34 +154: /app/test/features/groups/data/repositories/groups_repository_impl_test.dart: (tearDownAll)                                                                                                01:34 +154: loading /app/test/features/groups/domain/usecases/sync_groups_test.dart                                                                                                                    01:35 +154: loading /app/test/features/groups/domain/usecases/sync_groups_test.dart                                                                                                                    01:36 +154: loading /app/test/features/groups/domain/usecases/sync_groups_test.dart                                                                                                                    01:37 +154: loading /app/test/features/groups/domain/usecases/sync_groups_test.dart                                                                                                                    01:37 +154: /app/test/features/groups/domain/usecases/sync_groups_test.dart: should call syncGroups on the repository                                                                                  01:37 +155: /app/test/features/groups/domain/usecases/sync_groups_test.dart: should call syncGroups on the repository                                                                                  01:37 +155: /app/test/features/groups/domain/usecases/sync_groups_test.dart: should return Failure when repository fails                                                                               01:37 +156: /app/test/features/groups/domain/usecases/sync_groups_test.dart: should return Failure when repository fails                                                                               01:38 +156: /app/test/features/groups/domain/usecases/sync_groups_test.dart: should return Failure when repository fails                                                                               01:38 +156: loading /app/test/features/groups/domain/usecases/join_group_test.dart                                                                                                                     01:38 +156: /app/test/features/groups/domain/usecases/join_group_test.dart: should pass the token to the repository                                                                                    01:38 +157: /app/test/features/groups/domain/usecases/join_group_test.dart: should pass the token to the repository                                                                                    01:39 +157: loading /app/test/features/groups/domain/usecases/watch_groups_test.dart                                                                                                                   01:40 +157: loading /app/test/features/groups/domain/usecases/watch_groups_test.dart                                                                                                                   01:40 +157: /app/test/features/groups/domain/usecases/watch_groups_test.dart: should return a stream of groups from the repository                                                                     01:40 +158: /app/test/features/groups/domain/usecases/watch_groups_test.dart: should return a stream of groups from the repository                                                                     01:41 +158: /app/test/features/groups/domain/usecases/watch_groups_test.dart: should return a stream of groups from the repository                                                                     01:42 +158: /app/test/features/groups/domain/usecases/watch_groups_test.dart: should return a stream of groups from the repository                                                                     01:42 +158: loading /app/test/features/groups/domain/usecases/create_group_test.dart                                                                                                                   01:42 +158: /app/test/features/groups/domain/usecases/create_group_test.dart: (setUpAll)                                                                                                               01:42 +158: /app/test/features/groups/domain/usecases/create_group_test.dart: should pass the group entity to the repository                                                                           01:42 +159: /app/test/features/groups/domain/usecases/create_group_test.dart: should pass the group entity to the repository                                                                           01:42 +159: /app/test/features/groups/domain/usecases/create_group_test.dart: should return Failure when repository fails                                                                              01:42 +160: /app/test/features/groups/domain/usecases/create_group_test.dart: should return Failure when repository fails                                                                              01:42 +160: /app/test/features/groups/domain/usecases/create_group_test.dart: (tearDownAll)                                                                                                            01:42 +160: loading /app/test/features/groups/domain/entities/group_type_test.dart                                                                                                                     01:43 +160: loading /app/test/features/groups/domain/entities/group_type_test.dart                                                                                                                     01:44 +160: loading /app/test/features/groups/domain/entities/group_type_test.dart                                                                                                                     01:44 +160: /app/test/features/groups/domain/entities/group_type_test.dart: GroupType enum values map correctly                                                                                        01:44 +161: /app/test/features/groups/domain/entities/group_type_test.dart: GroupType enum values map correctly                                                                                        01:44 +161: /app/test/features/groups/domain/entities/group_type_test.dart: GroupType fromValue parses valid strings                                                                                   01:44 +162: /app/test/features/groups/domain/entities/group_type_test.dart: GroupType fromValue parses valid strings                                                                                   01:44 +162: /app/test/features/groups/domain/entities/group_type_test.dart: GroupType fromValue defaults to custom on invalid string                                                                   01:44 +163: /app/test/features/groups/domain/entities/group_type_test.dart: GroupType fromValue defaults to custom on invalid string                                                                   01:45 +163: /app/test/features/groups/domain/entities/group_type_test.dart: GroupType fromValue defaults to custom on invalid string                                                                   01:45 +163: loading /app/test/features/groups/domain/entities/group_entity_test.dart                                                                                                                   01:45 +163: /app/test/features/groups/domain/entities/group_entity_test.dart: GroupEntity props should contain all fields                                                                              01:46 +163: /app/test/features/groups/domain/entities/group_entity_test.dart: GroupEntity props should contain all fields                                                                              01:46 +164: /app/test/features/groups/domain/entities/group_entity_test.dart: GroupEntity props should contain all fields                                                                              01:46 +164: /app/test/features/groups/domain/entities/group_entity_test.dart: GroupEntity supports value equality                                                                                      01:46 +165: /app/test/features/groups/domain/entities/group_entity_test.dart: GroupEntity supports value equality                                                                                      01:46 +165: loading /app/test/features/groups/domain/entities/group_role_test.dart                                                                                                                     01:47 +165: loading /app/test/features/groups/domain/entities/group_role_test.dart                                                                                                                     01:48 +165: loading /app/test/features/groups/domain/entities/group_role_test.dart                                                                                                                     01:48 +165: /app/test/features/groups/domain/entities/group_role_test.dart: GroupRole value should return enum name                                                                                    01:48 +166: /app/test/features/groups/domain/entities/group_role_test.dart: GroupRole value should return enum name                                                                                    01:48 +166: /app/test/features/groups/domain/entities/group_role_test.dart: GroupRole fromValue should return correct enum                                                                             01:48 +167: /app/test/features/groups/domain/entities/group_role_test.dart: GroupRole fromValue should return correct enum                                                                             01:48 +167: /app/test/features/groups/domain/entities/group_role_test.dart: GroupRole fromValue should return member for unknown string                                                                01:48 +168: /app/test/features/groups/domain/entities/group_role_test.dart: GroupRole fromValue should return member for unknown string                                                                01:49 +168: /app/test/features/groups/domain/entities/group_role_test.dart: GroupRole fromValue should return member for unknown string                                                                01:49 +168: loading /app/test/features/groups/domain/entities/group_member_test.dart                                                                                                                   01:49 +168: /app/test/features/groups/domain/entities/group_member_test.dart: GroupMember props should contain all fields                                                                              01:49 +169: /app/test/features/groups/domain/entities/group_member_test.dart: GroupMember props should contain all fields                                                                              01:49 +169: /app/test/features/groups/domain/entities/group_member_test.dart: GroupMember supports value equality                                                                                      01:49 +170: /app/test/features/groups/domain/entities/group_member_test.dart: GroupMember supports value equality                                                                                      01:50 +170: /app/test/features/groups/domain/entities/group_member_test.dart: GroupMember supports value equality                                                                                      01:50 +170: loading /app/test/features/groups/presentation/bloc/group_members_state_test.dart                                                                                                          01:51 +170: loading /app/test/features/groups/presentation/bloc/group_members_state_test.dart                                                                                                          01:51 +170: /app/test/features/groups/presentation/bloc/group_members_state_test.dart: GroupMembersState GroupMembersInitial props should be empty                                                     01:51 +171: /app/test/features/groups/presentation/bloc/group_members_state_test.dart: GroupMembersState GroupMembersInitial props should be empty                                                     01:51 +171: /app/test/features/groups/presentation/bloc/group_members_state_test.dart: GroupMembersState GroupMembersLoading props should be empty                                                     01:51 +172: /app/test/features/groups/presentation/bloc/group_members_state_test.dart: GroupMembersState GroupMembersLoading props should be empty                                                     01:51 +172: /app/test/features/groups/presentation/bloc/group_members_state_test.dart: GroupMembersState GroupMembersLoaded props should contain members                                               01:51 +173: /app/test/features/groups/presentation/bloc/group_members_state_test.dart: GroupMembersState GroupMembersLoaded props should contain members                                               01:51 +173: /app/test/features/groups/presentation/bloc/group_members_state_test.dart: GroupMembersState GroupMembersError props should contain message                                                01:51 +174: /app/test/features/groups/presentation/bloc/group_members_state_test.dart: GroupMembersState GroupMembersError props should contain message                                                01:51 +174: /app/test/features/groups/presentation/bloc/group_members_state_test.dart: GroupMembersState GroupInviteGenerated props should contain url                                                 01:51 +175: /app/test/features/groups/presentation/bloc/group_members_state_test.dart: GroupMembersState GroupInviteGenerated props should contain url                                                 01:51 +175: /app/test/features/groups/presentation/bloc/group_members_state_test.dart: GroupMembersState GroupInviteGenerationError props should contain message                                       01:51 +176: /app/test/features/groups/presentation/bloc/group_members_state_test.dart: GroupMembersState GroupInviteGenerationError props should contain message                                       01:52 +176: /app/test/features/groups/presentation/bloc/group_members_state_test.dart: GroupMembersState GroupInviteGenerationError props should contain message                                       01:53 +176: /app/test/features/groups/presentation/bloc/group_members_state_test.dart: GroupMembersState GroupInviteGenerationError props should contain message                                       01:53 +176: loading /app/test/features/groups/presentation/bloc/group_members_bloc_test.dart                                                                                                           01:53 +176: /app/test/features/groups/presentation/bloc/group_members_bloc_test.dart: GroupMembersBloc initial state is GroupMembersInitial                                                            01:53 +177: /app/test/features/groups/presentation/bloc/group_members_bloc_test.dart: GroupMembersBloc initial state is GroupMembersInitial                                                            01:53 +177: /app/test/features/groups/presentation/bloc/group_members_bloc_test.dart: GroupMembersBloc emits [GroupMembersLoading, GroupMembersLoaded] when LoadGroupMembers is successful             01:53 +178: /app/test/features/groups/presentation/bloc/group_members_bloc_test.dart: GroupMembersBloc emits [GroupMembersLoading, GroupMembersLoaded] when LoadGroupMembers is successful             01:53 +178: /app/test/features/groups/presentation/bloc/group_members_bloc_test.dart: GroupMembersBloc emits [GroupMembersLoading, GroupMembersError] when LoadGroupMembers fails                      01:53 +179: /app/test/features/groups/presentation/bloc/group_members_bloc_test.dart: GroupMembersBloc emits [GroupMembersLoading, GroupMembersError] when LoadGroupMembers fails                      01:53 +179: /app/test/features/groups/presentation/bloc/group_members_bloc_test.dart: GroupMembersBloc emits [GroupInviteGenerated] when GenerateInviteLink is successful                              01:53 +180: /app/test/features/groups/presentation/bloc/group_members_bloc_test.dart: GroupMembersBloc emits [GroupInviteGenerated] when GenerateInviteLink is successful                              01:53 +180: /app/test/features/groups/presentation/bloc/group_members_bloc_test.dart: GroupMembersBloc emits [GroupInviteGenerationError] when GenerateInviteLink fails                                01:53 +181: /app/test/features/groups/presentation/bloc/group_members_bloc_test.dart: GroupMembersBloc emits [GroupInviteGenerationError] when GenerateInviteLink fails                                01:53 +181: /app/test/features/groups/presentation/bloc/group_members_bloc_test.dart: GroupMembersBloc calls updateMemberRole and reloads on success                                                   01:53 +182: /app/test/features/groups/presentation/bloc/group_members_bloc_test.dart: GroupMembersBloc calls updateMemberRole and reloads on success                                                   01:53 +182: /app/test/features/groups/presentation/bloc/group_members_bloc_test.dart: GroupMembersBloc emits GroupMembersError on ChangeMemberRole failure                                             01:53 +183: /app/test/features/groups/presentation/bloc/group_members_bloc_test.dart: GroupMembersBloc emits GroupMembersError on ChangeMemberRole failure                                             01:53 +183: /app/test/features/groups/presentation/bloc/group_members_bloc_test.dart: GroupMembersBloc calls removeMember and reloads on success                                                       01:53 +184: /app/test/features/groups/presentation/bloc/group_members_bloc_test.dart: GroupMembersBloc calls removeMember and reloads on success                                                       01:53 +184: /app/test/features/groups/presentation/bloc/group_members_bloc_test.dart: GroupMembersBloc emits GroupMembersError on KickMember failure                                                   01:53 +185: /app/test/features/groups/presentation/bloc/group_members_bloc_test.dart: GroupMembersBloc emits GroupMembersError on KickMember failure                                                   01:54 +185: loading /app/test/features/groups/presentation/bloc/create_group/create_group_event_test.dart                                                                                              01:55 +185: loading /app/test/features/groups/presentation/bloc/create_group/create_group_event_test.dart                                                                                              01:55 +185: /app/test/features/groups/presentation/bloc/create_group/create_group_event_test.dart: CreateGroupEvent CreateGroupSubmitted props should be correct                                       01:55 +186: /app/test/features/groups/presentation/bloc/create_group/create_group_event_test.dart: CreateGroupEvent CreateGroupSubmitted props should be correct                                       01:55 +186: /app/test/features/groups/presentation/bloc/create_group/create_group_event_test.dart: CreateGroupEvent CreateGroupSubmitted equality should work                                          01:55 +187: /app/test/features/groups/presentation/bloc/create_group/create_group_event_test.dart: CreateGroupEvent CreateGroupSubmitted equality should work                                          01:56 +187: /app/test/features/groups/presentation/bloc/create_group/create_group_event_test.dart: CreateGroupEvent CreateGroupSubmitted equality should work                                          01:56 +187: loading /app/test/features/groups/presentation/bloc/create_group/create_group_state_test.dart                                                                                              01:56 +187: /app/test/features/groups/presentation/bloc/create_group/create_group_state_test.dart: CreateGroupState CreateGroupInitial props should be empty                                           01:56 +188: /app/test/features/groups/presentation/bloc/create_group/create_group_state_test.dart: CreateGroupState CreateGroupInitial props should be empty                                           01:56 +188: /app/test/features/groups/presentation/bloc/create_group/create_group_state_test.dart: CreateGroupState CreateGroupLoading props should be empty                                           01:56 +189: /app/test/features/groups/presentation/bloc/create_group/create_group_state_test.dart: CreateGroupState CreateGroupLoading props should be empty                                           01:56 +189: /app/test/features/groups/presentation/bloc/create_group/create_group_state_test.dart: CreateGroupState CreateGroupSuccess props should contain group                                      01:56 +190: /app/test/features/groups/presentation/bloc/create_group/create_group_state_test.dart: CreateGroupState CreateGroupSuccess props should contain group                                      01:56 +190: /app/test/features/groups/presentation/bloc/create_group/create_group_state_test.dart: CreateGroupState CreateGroupFailure props should contain message                                    01:56 +191: /app/test/features/groups/presentation/bloc/create_group/create_group_state_test.dart: CreateGroupState CreateGroupFailure props should contain message                                    01:57 +191: /app/test/features/groups/presentation/bloc/create_group/create_group_state_test.dart: CreateGroupState CreateGroupFailure props should contain message                                    01:57 +191: loading /app/test/features/groups/presentation/bloc/create_group/create_group_bloc_test.dart                                                                                               01:58 +191: loading /app/test/features/groups/presentation/bloc/create_group/create_group_bloc_test.dart                                                                                               01:59 +191: loading /app/test/features/groups/presentation/bloc/create_group/create_group_bloc_test.dart                                                                                               01:59 +191: /app/test/features/groups/presentation/bloc/create_group/create_group_bloc_test.dart: (setUpAll)                                                                                           01:59 +191: /app/test/features/groups/presentation/bloc/create_group/create_group_bloc_test.dart: CreateGroupBloc initial state should be CreateGroupInitial                                           01:59 +192: /app/test/features/groups/presentation/bloc/create_group/create_group_bloc_test.dart: CreateGroupBloc initial state should be CreateGroupInitial                                           01:59 +192: /app/test/features/groups/presentation/bloc/create_group/create_group_bloc_test.dart: CreateGroupBloc emits [CreateGroupLoading, CreateGroupSuccess] when createGroup is successful        01:59 +193: /app/test/features/groups/presentation/bloc/create_group/create_group_bloc_test.dart: CreateGroupBloc emits [CreateGroupLoading, CreateGroupSuccess] when createGroup is successful        01:59 +193: /app/test/features/groups/presentation/bloc/create_group/create_group_bloc_test.dart: CreateGroupBloc emits [CreateGroupLoading, CreateGroupFailure] when createGroup fails                01:59 +194: /app/test/features/groups/presentation/bloc/create_group/create_group_bloc_test.dart: CreateGroupBloc emits [CreateGroupLoading, CreateGroupFailure] when createGroup fails                01:59 +194: /app/test/features/groups/presentation/bloc/create_group/create_group_bloc_test.dart: (tearDownAll)                                                                                        02:00 +194: /app/test/features/groups/presentation/bloc/create_group/create_group_bloc_test.dart: (tearDownAll)                                                                                        02:00 +194: loading /app/test/features/groups/presentation/bloc/create_group_bloc_test.dart                                                                                                            02:00 +194: /app/test/features/groups/presentation/bloc/create_group_bloc_test.dart: (setUpAll)                                                                                                        02:00 +194: /app/test/features/groups/presentation/bloc/create_group_bloc_test.dart: initial state should be CreateGroupInitial                                                                        02:00 +195: /app/test/features/groups/presentation/bloc/create_group_bloc_test.dart: initial state should be CreateGroupInitial                                                                        02:00 +195: /app/test/features/groups/presentation/bloc/create_group_bloc_test.dart: should emit [CreateGroupLoading, CreateGroupSuccess] when CreateGroupSubmitted is added and succeeds              02:00 +196: /app/test/features/groups/presentation/bloc/create_group_bloc_test.dart: should emit [CreateGroupLoading, CreateGroupSuccess] when CreateGroupSubmitted is added and succeeds              02:00 +196: /app/test/features/groups/presentation/bloc/create_group_bloc_test.dart: should emit [CreateGroupLoading, CreateGroupFailure] when CreateGroupSubmitted is added and fails                 02:00 +197: /app/test/features/groups/presentation/bloc/create_group_bloc_test.dart: should emit [CreateGroupLoading, CreateGroupFailure] when CreateGroupSubmitted is added and fails                 02:00 +197: /app/test/features/groups/presentation/bloc/create_group_bloc_test.dart: (tearDownAll)                                                                                                     02:01 +197: /app/test/features/groups/presentation/bloc/create_group_bloc_test.dart: (tearDownAll)                                                                                                     02:01 +197: loading /app/test/features/groups/presentation/bloc/groups_bloc_test.dart                                                                                                                  02:02 +197: loading /app/test/features/groups/presentation/bloc/groups_bloc_test.dart                                                                                                                  02:03 +197: loading /app/test/features/groups/presentation/bloc/groups_bloc_test.dart                                                                                                                  02:03 +197: /app/test/features/groups/presentation/bloc/groups_bloc_test.dart: GroupsBloc initial state is GroupsInitial                                                                               02:03 +198: /app/test/features/groups/presentation/bloc/groups_bloc_test.dart: GroupsBloc initial state is GroupsInitial                                                                               02:03 +198: /app/test/features/groups/presentation/bloc/groups_bloc_test.dart: GroupsBloc emits [Loading, Loaded] when LoadGroups is added                                                             02:03 +198: /app/test/features/groups/presentation/bloc/groups_bloc_test.dart: GroupsBloc emits [Loading, Loaded] when LoadGroups is added                                                             
👻 INFO 2026-03-04 05:43:43.669625 [caller info not available] Group sync completed successfully.
02:03 +199: /app/test/features/groups/presentation/bloc/groups_bloc_test.dart: GroupsBloc emits [Loading, Loaded] when LoadGroups is added                                                             02:03 +199: /app/test/features/groups/presentation/bloc/groups_bloc_test.dart: GroupsBloc emits [Loading, Error] when WatchGroups fails                                                                02:03 +199: /app/test/features/groups/presentation/bloc/groups_bloc_test.dart: GroupsBloc emits [Loading, Error] when WatchGroups fails                                                                
👻 INFO 2026-03-04 05:43:43.698128 [caller info not available] Group sync completed successfully.
02:03 +200: /app/test/features/groups/presentation/bloc/groups_bloc_test.dart: GroupsBloc emits [Loading, Error] when WatchGroups fails                                                                02:04 +200: /app/test/features/groups/presentation/bloc/groups_bloc_test.dart: GroupsBloc emits [Loading, Error] when WatchGroups fails                                                                02:05 +200: /app/test/features/groups/presentation/bloc/groups_bloc_test.dart: GroupsBloc emits [Loading, Error] when WatchGroups fails                                                                02:05 +200: loading /app/test/features/groups/presentation/widgets/stitch/group_invitation_card_test.dart                                                                                              02:05 +200: /app/test/features/groups/presentation/widgets/stitch/group_invitation_card_test.dart: GroupInvitationCard renders correctly                                                               02:06 +200: /app/test/features/groups/presentation/widgets/stitch/group_invitation_card_test.dart: GroupInvitationCard renders correctly                                                               02:06 +201: /app/test/features/groups/presentation/widgets/stitch/group_invitation_card_test.dart: GroupInvitationCard renders correctly                                                               02:07 +201: /app/test/features/groups/presentation/widgets/stitch/group_invitation_card_test.dart: GroupInvitationCard renders correctly                                                               02:07 +201: loading /app/test/features/groups/presentation/widgets/stitch/group_detail_header_test.dart                                                                                                02:07 +201: /app/test/features/groups/presentation/widgets/stitch/group_detail_header_test.dart: GroupDetailHeader renders correctly                                                                   02:08 +201: /app/test/features/groups/presentation/widgets/stitch/group_detail_header_test.dart: GroupDetailHeader renders correctly                                                                   02:08 +202: /app/test/features/groups/presentation/widgets/stitch/group_detail_header_test.dart: GroupDetailHeader renders correctly                                                                   02:09 +202: /app/test/features/groups/presentation/widgets/stitch/group_detail_header_test.dart: GroupDetailHeader renders correctly                                                                   02:09 +202: loading /app/test/features/groups/presentation/pages/group_detail_page_test.dart                                                                                                           02:09 +202: /app/test/features/groups/presentation/pages/group_detail_page_test.dart: renders group name from GroupsBloc                                                                               02:10 +202: /app/test/features/groups/presentation/pages/group_detail_page_test.dart: renders group name from GroupsBloc                                                                               02:10 +203: /app/test/features/groups/presentation/pages/group_detail_page_test.dart: renders group name from GroupsBloc                                                                               02:10 +203: /app/test/features/groups/presentation/pages/group_detail_page_test.dart: shows add expense FAB if user is not viewer                                                                      02:11 +203: /app/test/features/groups/presentation/pages/group_detail_page_test.dart: shows add expense FAB if user is not viewer                                                                      02:11 +204: /app/test/features/groups/presentation/pages/group_detail_page_test.dart: shows add expense FAB if user is not viewer                                                                      02:11 +204: /app/test/features/groups/presentation/pages/group_detail_page_test.dart: hides add expense FAB if user is viewer                                                                          02:11 +205: /app/test/features/groups/presentation/pages/group_detail_page_test.dart: hides add expense FAB if user is viewer                                                                          02:11 +205: /app/test/features/groups/presentation/pages/group_detail_page_test.dart: shows invite member icon if user is admin                                                                        02:11 +206: /app/test/features/groups/presentation/pages/group_detail_page_test.dart: shows invite member icon if user is admin                                                                        02:11 +206: /app/test/features/groups/presentation/pages/group_detail_page_test.dart: hides invite member icon if user is not admin                                                                    02:11 +207: /app/test/features/groups/presentation/pages/group_detail_page_test.dart: hides invite member icon if user is not admin                                                                    02:12 +207: /app/test/features/groups/presentation/pages/group_detail_page_test.dart: hides invite member icon if user is not admin                                                                    02:12 +207: loading /app/test/features/groups/presentation/pages/create_group_page_test.dart                                                                                                           02:12 +207: /app/test/features/groups/presentation/pages/create_group_page_test.dart: (setUpAll)                                                                                                       02:12 +207: /app/test/features/groups/presentation/pages/create_group_page_test.dart: renders correctly                                                                                                02:13 +207: /app/test/features/groups/presentation/pages/create_group_page_test.dart: renders correctly                                                                                                02:13 +208: /app/test/features/groups/presentation/pages/create_group_page_test.dart: renders correctly                                                                                                02:13 +208: /app/test/features/groups/presentation/pages/create_group_page_test.dart: initializes currency from settings                                                                               02:13 +209: /app/test/features/groups/presentation/pages/create_group_page_test.dart: initializes currency from settings                                                                               02:13 +209: /app/test/features/groups/presentation/pages/create_group_page_test.dart: shows error snackbar when not authenticated                                                                      02:14 +209: /app/test/features/groups/presentation/pages/create_group_page_test.dart: shows error snackbar when not authenticated                                                                      02:14 +210: /app/test/features/groups/presentation/pages/create_group_page_test.dart: shows error snackbar when not authenticated                                                                      02:14 +210: /app/test/features/groups/presentation/pages/create_group_page_test.dart: adds CreateGroupSubmitted event when valid and authenticated                                                     02:14 +211: /app/test/features/groups/presentation/pages/create_group_page_test.dart: adds CreateGroupSubmitted event when valid and authenticated                                                     02:14 +211: /app/test/features/groups/presentation/pages/create_group_page_test.dart: (tearDownAll)                                                                                                    02:15 +211: /app/test/features/groups/presentation/pages/create_group_page_test.dart: (tearDownAll)                                                                                                    02:15 +211: loading /app/test/features/groups/presentation/pages/group_list_page_test.dart                                                                                                             02:15 +211: /app/test/features/groups/presentation/pages/group_list_page_test.dart: renders loading state correctly                                                                                    02:16 +211: /app/test/features/groups/presentation/pages/group_list_page_test.dart: renders loading state correctly                                                                                    02:16 +212: /app/test/features/groups/presentation/pages/group_list_page_test.dart: renders loading state correctly                                                                                    02:16 +212: /app/test/features/groups/presentation/pages/group_list_page_test.dart: renders empty state when groups list is empty                                                                      02:16 +213: /app/test/features/groups/presentation/pages/group_list_page_test.dart: renders empty state when groups list is empty                                                                      02:16 +213: /app/test/features/groups/presentation/pages/group_list_page_test.dart: renders list of groups when loaded                                                                                 02:16 +214: /app/test/features/groups/presentation/pages/group_list_page_test.dart: renders list of groups when loaded                                                                                 02:16 +214: /app/test/features/groups/presentation/pages/group_list_page_test.dart: renders error state correctly                                                                                      02:16 +215: /app/test/features/groups/presentation/pages/group_list_page_test.dart: renders error state correctly                                                                                      02:16 +215: /app/test/features/groups/presentation/pages/group_list_page_test.dart: sync status icon updates based on stream                                                                           02:16 +216: /app/test/features/groups/presentation/pages/group_list_page_test.dart: sync status icon updates based on stream                                                                           02:17 +216: /app/test/features/groups/presentation/pages/group_list_page_test.dart: sync status icon updates based on stream                                                                           02:17 +216: loading /app/test/features/goals/data/datasources/goal_contribution_local_data_source_impl_test.dart                                                                                       02:17 +216: /app/test/features/goals/data/datasources/goal_contribution_local_data_source_impl_test.dart: (setUpAll)                                                                                   02:17 +216: /app/test/features/goals/data/datasources/goal_contribution_local_data_source_impl_test.dart: HiveContributionLocalDataSource saveContribution should save contribution to box             02:17 +217: /app/test/features/goals/data/datasources/goal_contribution_local_data_source_impl_test.dart: HiveContributionLocalDataSource saveContribution should save contribution to box             02:17 +217: /app/test/features/goals/data/datasources/goal_contribution_local_data_source_impl_test.dart: HiveContributionLocalDataSource saveContribution should throw CacheFailure on error          02:17 +218: /app/test/features/goals/data/datasources/goal_contribution_local_data_source_impl_test.dart: HiveContributionLocalDataSource saveContribution should throw CacheFailure on error          02:17 +218: /app/test/features/goals/data/datasources/goal_contribution_local_data_source_impl_test.dart: ... getAllContributions should return list of contributions from box                         02:17 +219: /app/test/features/goals/data/datasources/goal_contribution_local_data_source_impl_test.dart: ... getAllContributions should return list of contributions from box                         02:17 +219: /app/test/features/goals/data/datasources/goal_contribution_local_data_source_impl_test.dart: HiveContributionLocalDataSource getAllContributions should throw CacheFailure on error       02:17 +220: /app/test/features/goals/data/datasources/goal_contribution_local_data_source_impl_test.dart: HiveContributionLocalDataSource getAllContributions should throw CacheFailure on error       02:17 +220: /app/test/features/goals/data/datasources/goal_contribution_local_data_source_impl_test.dart: HiveContributionLocalDataSource getContributionById should return contribution if found      02:17 +221: /app/test/features/goals/data/datasources/goal_contribution_local_data_source_impl_test.dart: HiveContributionLocalDataSource getContributionById should return contribution if found      02:17 +221: /app/test/features/goals/data/datasources/goal_contribution_local_data_source_impl_test.dart: HiveContributionLocalDataSource getContributionById should return null if not found          02:17 +222: /app/test/features/goals/data/datasources/goal_contribution_local_data_source_impl_test.dart: HiveContributionLocalDataSource getContributionById should return null if not found          02:17 +222: /app/test/features/goals/data/datasources/goal_contribution_local_data_source_impl_test.dart: HiveContributionLocalDataSource getContributionById should throw CacheFailure on error       02:17 +223: /app/test/features/goals/data/datasources/goal_contribution_local_data_source_impl_test.dart: HiveContributionLocalDataSource getContributionById should throw CacheFailure on error       02:17 +223: /app/test/features/goals/data/datasources/goal_contribution_local_data_source_impl_test.dart: HiveContributionLocalDataSource getContributionsForGoal should return filtered list          02:17 +224: /app/test/features/goals/data/datasources/goal_contribution_local_data_source_impl_test.dart: HiveContributionLocalDataSource getContributionsForGoal should return filtered list          02:17 +224: /app/test/features/goals/data/datasources/goal_contribution_local_data_source_impl_test.dart: HiveContributionLocalDataSource deleteContribution should delete contribution from box       02:17 +225: /app/test/features/goals/data/datasources/goal_contribution_local_data_source_impl_test.dart: HiveContributionLocalDataSource deleteContribution should delete contribution from box       02:17 +225: /app/test/features/goals/data/datasources/goal_contribution_local_data_source_impl_test.dart: HiveContributionLocalDataSource deleteContribution should throw CacheFailure on error        02:17 +226: /app/test/features/goals/data/datasources/goal_contribution_local_data_source_impl_test.dart: HiveContributionLocalDataSource deleteContribution should throw CacheFailure on error        02:17 +226: /app/test/features/goals/data/datasources/goal_contribution_local_data_source_impl_test.dart: HiveContributionLocalDataSource clearAllContributions should clear box                       02:17 +227: /app/test/features/goals/data/datasources/goal_contribution_local_data_source_impl_test.dart: HiveContributionLocalDataSource clearAllContributions should clear box                       02:17 +227: /app/test/features/goals/data/datasources/goal_contribution_local_data_source_impl_test.dart: HiveContributionLocalDataSource clearAllContributions should throw CacheFailure on error     02:17 +228: /app/test/features/goals/data/datasources/goal_contribution_local_data_source_impl_test.dart: HiveContributionLocalDataSource clearAllContributions should throw CacheFailure on error     02:17 +228: /app/test/features/goals/data/datasources/goal_contribution_local_data_source_impl_test.dart: (tearDownAll)                                                                                02:18 +228: /app/test/features/goals/data/datasources/goal_contribution_local_data_source_impl_test.dart: (tearDownAll)                                                                                02:18 +228: loading /app/test/features/goals/data/datasources/goal_local_data_source_proxy_test.dart                                                                                                   02:19 +228: loading /app/test/features/goals/data/datasources/goal_local_data_source_proxy_test.dart                                                                                                   02:20 +228: loading /app/test/features/goals/data/datasources/goal_local_data_source_proxy_test.dart                                                                                                   02:20 +228: /app/test/features/goals/data/datasources/goal_local_data_source_proxy_test.dart: getGoals should call Hive data source when demo mode is inactive                                         02:20 +229: /app/test/features/goals/data/datasources/goal_local_data_source_proxy_test.dart: getGoals should call Hive data source when demo mode is inactive                                         02:20 +229: /app/test/features/goals/data/datasources/goal_local_data_source_proxy_test.dart: getGoals should call Demo service when demo mode is active                                               02:20 +230: /app/test/features/goals/data/datasources/goal_local_data_source_proxy_test.dart: getGoals should call Demo service when demo mode is active                                               02:20 +230: /app/test/features/goals/data/datasources/goal_local_data_source_proxy_test.dart: saveGoal should call Hive data source when demo mode is inactive                                         02:20 +231: /app/test/features/goals/data/datasources/goal_local_data_source_proxy_test.dart: saveGoal should call Hive data source when demo mode is inactive                                         02:20 +231: /app/test/features/goals/data/datasources/goal_local_data_source_proxy_test.dart: saveGoal should call Demo service when demo mode is active                                               02:20 +232: /app/test/features/goals/data/datasources/goal_local_data_source_proxy_test.dart: saveGoal should call Demo service when demo mode is active                                               02:20 +232: /app/test/features/goals/data/datasources/goal_local_data_source_proxy_test.dart: deleteGoal should call Hive data source when demo mode is inactive                                       02:20 +233: /app/test/features/goals/data/datasources/goal_local_data_source_proxy_test.dart: deleteGoal should call Hive data source when demo mode is inactive                                       02:20 +233: /app/test/features/goals/data/datasources/goal_local_data_source_proxy_test.dart: deleteGoal should call Demo service when demo mode is active                                             02:20 +234: /app/test/features/goals/data/datasources/goal_local_data_source_proxy_test.dart: deleteGoal should call Demo service when demo mode is active                                             02:20 +234: /app/test/features/goals/data/datasources/goal_local_data_source_proxy_test.dart: clearAllGoals should call Hive data source when demo mode is inactive                                    02:20 +235: /app/test/features/goals/data/datasources/goal_local_data_source_proxy_test.dart: clearAllGoals should call Hive data source when demo mode is inactive                                    02:20 +235: /app/test/features/goals/data/datasources/goal_local_data_source_proxy_test.dart: clearAllGoals should do nothing when demo mode is active                                                 02:20 +235: /app/test/features/goals/data/datasources/goal_local_data_source_proxy_test.dart: clearAllGoals should do nothing when demo mode is active                                                 
⚠️ WARNING 2026-03-04 05:44:00.554036 [caller info not available] [DemoAwareGoalDS] clearAllGoals called in Demo Mode. Ignoring.
02:20 +236: /app/test/features/goals/data/datasources/goal_local_data_source_proxy_test.dart: clearAllGoals should do nothing when demo mode is active                                                 02:21 +236: /app/test/features/goals/data/datasources/goal_local_data_source_proxy_test.dart: clearAllGoals should do nothing when demo mode is active                                                 02:21 +236: loading /app/test/features/goals/data/datasources/goal_local_data_source_impl_test.dart                                                                                                    02:21 +236: /app/test/features/goals/data/datasources/goal_local_data_source_impl_test.dart: (setUpAll)                                                                                                02:21 +236: /app/test/features/goals/data/datasources/goal_local_data_source_impl_test.dart: getGoals should return list of GoalModel from Hive                                                        02:21 +236: /app/test/features/goals/data/datasources/goal_local_data_source_impl_test.dart: getGoals should return list of GoalModel from Hive                                                        
👻 INFO 2026-03-04 05:44:01.707320 [caller info not available] [GoalDS] Retrieved 1 goals.
02:21 +237: /app/test/features/goals/data/datasources/goal_local_data_source_impl_test.dart: getGoals should return list of GoalModel from Hive                                                        02:21 +237: /app/test/features/goals/data/datasources/goal_local_data_source_impl_test.dart: getGoals should throw CacheFailure when Hive access fails                                                 02:21 +237: /app/test/features/goals/data/datasources/goal_local_data_source_impl_test.dart: getGoals should throw CacheFailure when Hive access fails                                                 
‼️ SEVERE 2026-03-04 05:44:01.744039 [caller info not available] [GoalDS] Failed to get goalsException#0      When.thenThrow.<anonymous closure> (package:mocktail/src/mocktail.dart:249:7)
#1      Mock.noSuchMethod (package:mocktail/src/mocktail.dart:131:37)
#2      MockBox.values (file:///app/test/features/goals/data/datasources/goal_local_data_source_impl_test.dart:8:7)
#3      HiveGoalLocalDataSource.getGoals (package:expense_tracker/features/goals/data/datasources/goal_local_data_source_impl.dart:54:29)
#4      main.<anonymous closure>.<anonymous closure>.<anonymous closure> (file:///app/test/features/goals/data/datasources/goal_local_data_source_impl_test.dart:55:31)
#5      Throws.matchAsync (package:matcher/src/expect/throws_matcher.dart:86:23)
#6      _expect (package:matcher/src/expect/expect.dart:109:26)
#7      expect (package:matcher/src/expect/expect.dart:56:3)
#8      expect (package:flutter_test/src/widget_tester.dart:473:18)
#9      main.<anonymous closure>.<anonymous closure> (file:///app/test/features/goals/data/datasources/goal_local_data_source_impl_test.dart:55:7)
#10     Declarer.test.<anonymous closure>.<anonymous closure> (package:test_api/src/backend/declarer.dart:242:19)
<asynchronous suspension>
#11     Declarer.test.<anonymous closure> (package:test_api/src/backend/declarer.dart:240:7)
<asynchronous suspension>
#12     Invoker._waitForOutstandingCallbacks.<anonymous closure> (package:test_api/src/backend/invoker.dart:282:9)
<asynchronous suspension>

02:21 +238: /app/test/features/goals/data/datasources/goal_local_data_source_impl_test.dart: getGoals should throw CacheFailure when Hive access fails                                                 02:21 +238: /app/test/features/goals/data/datasources/goal_local_data_source_impl_test.dart: saveGoal should add/update goal to Hive                                                                   02:22 +238: /app/test/features/goals/data/datasources/goal_local_data_source_impl_test.dart: saveGoal should add/update goal to Hive                                                                   02:22 +238: /app/test/features/goals/data/datasources/goal_local_data_source_impl_test.dart: saveGoal should add/update goal to Hive                                                                   
👻 INFO 2026-03-04 05:44:01.795401 [caller info not available] [GoalDS] Saved/Updated goal 'Car' (ID: 1).
02:22 +239: /app/test/features/goals/data/datasources/goal_local_data_source_impl_test.dart: saveGoal should add/update goal to Hive                                                                   02:22 +239: /app/test/features/goals/data/datasources/goal_local_data_source_impl_test.dart: saveGoal should throw CacheFailure when saving fails                                                      02:22 +239: /app/test/features/goals/data/datasources/goal_local_data_source_impl_test.dart: saveGoal should throw CacheFailure when saving fails                                                      
‼️ SEVERE 2026-03-04 05:44:01.816343 [caller info not available] [GoalDS] Failed to save goal 'Car'Exception#0      When.thenThrow.<anonymous closure> (package:mocktail/src/mocktail.dart:249:7)
#1      Mock.noSuchMethod (package:mocktail/src/mocktail.dart:131:37)
#2      MockBox.put (file:///app/test/features/goals/data/datasources/goal_local_data_source_impl_test.dart:8:7)
#3      HiveGoalLocalDataSource.saveGoal (package:expense_tracker/features/goals/data/datasources/goal_local_data_source_impl.dart:66:21)
#4      main.<anonymous closure>.<anonymous closure>.<anonymous closure> (file:///app/test/features/goals/data/datasources/goal_local_data_source_impl_test.dart:79:26)
#5      Throws.matchAsync (package:matcher/src/expect/throws_matcher.dart:86:23)
#6      _expect (package:matcher/src/expect/expect.dart:109:26)
#7      expect (package:matcher/src/expect/expect.dart:56:3)
#8      expect (package:flutter_test/src/widget_tester.dart:473:18)
#9      main.<anonymous closure>.<anonymous closure> (file:///app/test/features/goals/data/datasources/goal_local_data_source_impl_test.dart:78:7)
#10     Declarer.test.<anonymous closure>.<anonymous closure> (package:test_api/src/backend/declarer.dart:242:19)
<asynchronous suspension>
#11     Declarer.test.<anonymous closure> (package:test_api/src/backend/declarer.dart:240:7)
<asynchronous suspension>
#12     Invoker._waitForOutstandingCallbacks.<anonymous closure> (package:test_api/src/backend/invoker.dart:282:9)
<asynchronous suspension>

02:22 +240: /app/test/features/goals/data/datasources/goal_local_data_source_impl_test.dart: saveGoal should throw CacheFailure when saving fails                                                      02:22 +240: /app/test/features/goals/data/datasources/goal_local_data_source_impl_test.dart: deleteGoal should delete goal from Hive                                                                   02:22 +240: /app/test/features/goals/data/datasources/goal_local_data_source_impl_test.dart: deleteGoal should delete goal from Hive                                                                   
👻 INFO 2026-03-04 05:44:01.834346 [caller info not available] [GoalDS] Deleted goal (ID: 1).
02:22 +241: /app/test/features/goals/data/datasources/goal_local_data_source_impl_test.dart: deleteGoal should delete goal from Hive                                                                   02:22 +241: /app/test/features/goals/data/datasources/goal_local_data_source_impl_test.dart: deleteGoal should throw CacheFailure when deletion fails                                                  02:22 +241: /app/test/features/goals/data/datasources/goal_local_data_source_impl_test.dart: deleteGoal should throw CacheFailure when deletion fails                                                  
‼️ SEVERE 2026-03-04 05:44:01.849175 [caller info not available] [GoalDS] Failed to delete goal (ID: 1)Exception#0      When.thenThrow.<anonymous closure> (package:mocktail/src/mocktail.dart:249:7)
#1      Mock.noSuchMethod (package:mocktail/src/mocktail.dart:131:37)
#2      MockBox.delete (file:///app/test/features/goals/data/datasources/goal_local_data_source_impl_test.dart:8:7)
#3      HiveGoalLocalDataSource.deleteGoal (package:expense_tracker/features/goals/data/datasources/goal_local_data_source_impl.dart:27:21)
#4      main.<anonymous closure>.<anonymous closure>.<anonymous closure> (file:///app/test/features/goals/data/datasources/goal_local_data_source_impl_test.dart:102:31)
#5      Throws.matchAsync (package:matcher/src/expect/throws_matcher.dart:86:23)
#6      _expect (package:matcher/src/expect/expect.dart:109:26)
#7      expect (package:matcher/src/expect/expect.dart:56:3)
#8      expect (package:flutter_test/src/widget_tester.dart:473:18)
#9      main.<anonymous closure>.<anonymous closure> (file:///app/test/features/goals/data/datasources/goal_local_data_source_impl_test.dart:102:7)
#10     Declarer.test.<anonymous closure>.<anonymous closure> (package:test_api/src/backend/declarer.dart:242:19)
<asynchronous suspension>
#11     Declarer.test.<anonymous closure> (package:test_api/src/backend/declarer.dart:240:7)
<asynchronous suspension>
#12     Invoker._waitForOutstandingCallbacks.<anonymous closure> (package:test_api/src/backend/invoker.dart:282:9)
<asynchronous suspension>

02:22 +242: /app/test/features/goals/data/datasources/goal_local_data_source_impl_test.dart: deleteGoal should throw CacheFailure when deletion fails                                                  02:22 +242: /app/test/features/goals/data/datasources/goal_local_data_source_impl_test.dart: (tearDownAll)                                                                                             02:22 +242: loading /app/test/features/goals/data/datasources/goal_contribution_local_data_source_proxy_test.dart                                                                                      02:23 +242: loading /app/test/features/goals/data/datasources/goal_contribution_local_data_source_proxy_test.dart                                                                                      02:24 +242: loading /app/test/features/goals/data/datasources/goal_contribution_local_data_source_proxy_test.dart                                                                                      02:24 +242: /app/test/features/goals/data/datasources/goal_contribution_local_data_source_proxy_test.dart: getContributionsForGoal should call Hive data source when demo mode is inactive             02:24 +243: /app/test/features/goals/data/datasources/goal_contribution_local_data_source_proxy_test.dart: getContributionsForGoal should call Hive data source when demo mode is inactive             02:24 +243: /app/test/features/goals/data/datasources/goal_contribution_local_data_source_proxy_test.dart: getContributionsForGoal should call Demo service when demo mode is active                   02:24 +244: /app/test/features/goals/data/datasources/goal_contribution_local_data_source_proxy_test.dart: getContributionsForGoal should call Demo service when demo mode is active                   02:24 +244: /app/test/features/goals/data/datasources/goal_contribution_local_data_source_proxy_test.dart: saveContribution should call Hive data source when demo mode is inactive                    02:24 +245: /app/test/features/goals/data/datasources/goal_contribution_local_data_source_proxy_test.dart: saveContribution should call Hive data source when demo mode is inactive                    02:24 +245: /app/test/features/goals/data/datasources/goal_contribution_local_data_source_proxy_test.dart: saveContribution should call Demo service when demo mode is active                          02:24 +246: /app/test/features/goals/data/datasources/goal_contribution_local_data_source_proxy_test.dart: saveContribution should call Demo service when demo mode is active                          02:24 +246: /app/test/features/goals/data/datasources/goal_contribution_local_data_source_proxy_test.dart: deleteContribution should call Hive data source when demo mode is inactive                  02:24 +247: /app/test/features/goals/data/datasources/goal_contribution_local_data_source_proxy_test.dart: deleteContribution should call Hive data source when demo mode is inactive                  02:24 +247: /app/test/features/goals/data/datasources/goal_contribution_local_data_source_proxy_test.dart: deleteContribution should call Demo service when demo mode is active                        02:24 +248: /app/test/features/goals/data/datasources/goal_contribution_local_data_source_proxy_test.dart: deleteContribution should call Demo service when demo mode is active                        02:24 +248: /app/test/features/goals/data/datasources/goal_contribution_local_data_source_proxy_test.dart: deleteContributions should call Hive data source when demo mode is inactive                 02:24 +249: /app/test/features/goals/data/datasources/goal_contribution_local_data_source_proxy_test.dart: deleteContributions should call Hive data source when demo mode is inactive                 02:24 +249: /app/test/features/goals/data/datasources/goal_contribution_local_data_source_proxy_test.dart: deleteContributions should call Demo service when demo mode is active                       02:24 +250: /app/test/features/goals/data/datasources/goal_contribution_local_data_source_proxy_test.dart: deleteContributions should call Demo service when demo mode is active                       02:25 +250: /app/test/features/goals/data/datasources/goal_contribution_local_data_source_proxy_test.dart: deleteContributions should call Demo service when demo mode is active                       02:25 +250: loading /app/test/features/goals/data/models/goal_model_test.dart                                                                                                                          02:25 +250: /app/test/features/goals/data/models/goal_model_test.dart: GoalModel should be a subclass of HiveObject                                                                                    02:25 +251: /app/test/features/goals/data/models/goal_model_test.dart: GoalModel should be a subclass of HiveObject                                                                                    02:25 +251: /app/test/features/goals/data/models/goal_model_test.dart: GoalModel fromEntity should return a valid Model                                                                                02:25 +252: /app/test/features/goals/data/models/goal_model_test.dart: GoalModel fromEntity should return a valid Model                                                                                02:25 +252: /app/test/features/goals/data/models/goal_model_test.dart: GoalModel toEntity should return a valid Entity                                                                                 02:25 +253: /app/test/features/goals/data/models/goal_model_test.dart: GoalModel toEntity should return a valid Entity                                                                                 02:25 +253: /app/test/features/goals/data/models/goal_model_test.dart: GoalContributionModel should be a subclass of HiveObject                                                                        02:25 +254: /app/test/features/goals/data/models/goal_model_test.dart: GoalContributionModel should be a subclass of HiveObject                                                                        02:25 +254: /app/test/features/goals/data/models/goal_model_test.dart: GoalContributionModel fromEntity should return a valid Model                                                                    02:25 +255: /app/test/features/goals/data/models/goal_model_test.dart: GoalContributionModel fromEntity should return a valid Model                                                                    02:25 +255: /app/test/features/goals/data/models/goal_model_test.dart: GoalContributionModel toEntity should return a valid Entity                                                                     02:25 +256: /app/test/features/goals/data/models/goal_model_test.dart: GoalContributionModel toEntity should return a valid Entity                                                                     02:26 +256: /app/test/features/goals/data/models/goal_model_test.dart: GoalContributionModel toEntity should return a valid Entity                                                                     02:26 +256: loading /app/test/features/goals/data/repositories/goal_repository_impl_test.dart                                                                                                          02:27 +256: loading /app/test/features/goals/data/repositories/goal_repository_impl_test.dart                                                                                                          02:28 +256: loading /app/test/features/goals/data/repositories/goal_repository_impl_test.dart                                                                                                          02:28 +256: /app/test/features/goals/data/repositories/goal_repository_impl_test.dart: addGoal should save goal with active status and 0 saved                                                         02:28 +256: /app/test/features/goals/data/repositories/goal_repository_impl_test.dart: addGoal should save goal with active status and 0 saved                                                         
👻 INFO 2026-03-04 05:44:08.097563 [caller info not available] [GoalRepo] Adding goal: Vacation
👻 INFO 2026-03-04 05:44:08.105634 [caller info not available] [GoalRepo] Goal added successfully: 1
02:28 +257: /app/test/features/goals/data/repositories/goal_repository_impl_test.dart: addGoal should save goal with active status and 0 saved                                                         02:28 +257: /app/test/features/goals/data/repositories/goal_repository_impl_test.dart: getGoals should return goals excluding archived by default                                                      02:28 +257: /app/test/features/goals/data/repositories/goal_repository_impl_test.dart: getGoals should return goals excluding archived by default                                                      
👻 INFO 2026-03-04 05:44:08.122819 [caller info not available] [GoalRepo] Retrieved and sorted 1 goals.
02:28 +258: /app/test/features/goals/data/repositories/goal_repository_impl_test.dart: getGoals should return goals excluding archived by default                                                      02:28 +258: /app/test/features/goals/data/repositories/goal_repository_impl_test.dart: getGoals should return all goals when includeArchived is true                                                   02:28 +258: /app/test/features/goals/data/repositories/goal_repository_impl_test.dart: getGoals should return all goals when includeArchived is true                                                   
👻 INFO 2026-03-04 05:44:08.129362 [caller info not available] [GoalRepo] Retrieved and sorted 2 goals.
02:28 +259: /app/test/features/goals/data/repositories/goal_repository_impl_test.dart: getGoals should return all goals when includeArchived is true                                                   02:29 +259: /app/test/features/goals/data/repositories/goal_repository_impl_test.dart: getGoals should return all goals when includeArchived is true                                                   02:29 +259: loading /app/test/features/goals/data/repositories/goal_contribution_repository_impl_test.dart                                                                                             02:29 +259: /app/test/features/goals/data/repositories/goal_contribution_repository_impl_test.dart: addContribution should save contribution and update goal cache                                     02:29 +259: /app/test/features/goals/data/repositories/goal_contribution_repository_impl_test.dart: addContribution should save contribution and update goal cache                                     
👻 INFO 2026-03-04 05:44:09.398705 [caller info not available] [ContributionRepo] Adding contribution for Goal ID: g1
👻 INFO 2026-03-04 05:44:09.407917 [caller info not available] [ContributionRepo] Contribution saved (ID: 1). Updating goal cache...
👻 INFO 2026-03-04 05:44:09.412519 [caller info not available] [ContributionRepo] Successfully updated totalSaved cache for Goal ID g1 to 50.0
02:29 +260: /app/test/features/goals/data/repositories/goal_contribution_repository_impl_test.dart: addContribution should save contribution and update goal cache                                     02:30 +260: /app/test/features/goals/data/repositories/goal_contribution_repository_impl_test.dart: addContribution should save contribution and update goal cache                                     02:30 +260: loading /app/test/features/goals/domain/usecases/delete_contribution_test.dart                                                                                                             02:31 +260: loading /app/test/features/goals/domain/usecases/delete_contribution_test.dart                                                                                                             02:32 +260: loading /app/test/features/goals/domain/usecases/delete_contribution_test.dart                                                                                                             02:32 +260: /app/test/features/goals/domain/usecases/delete_contribution_test.dart: should call deleteContribution on repository                                                                       02:32 +260: /app/test/features/goals/domain/usecases/delete_contribution_test.dart: should call deleteContribution on repository                                                                       
👻 INFO 2026-03-04 05:44:12.049459 [caller info not available] [DeleteContributionUseCase] Deleting contribution ID: 1
02:32 +261: /app/test/features/goals/domain/usecases/delete_contribution_test.dart: should call deleteContribution on repository                                                                       02:32 +261: /app/test/features/goals/domain/usecases/delete_contribution_test.dart: should return failure when repository fails                                                                        02:32 +261: /app/test/features/goals/domain/usecases/delete_contribution_test.dart: should return failure when repository fails                                                                        
👻 INFO 2026-03-04 05:44:12.078415 [caller info not available] [DeleteContributionUseCase] Deleting contribution ID: 1
02:32 +262: /app/test/features/goals/domain/usecases/delete_contribution_test.dart: should return failure when repository fails                                                                        02:33 +262: /app/test/features/goals/domain/usecases/delete_contribution_test.dart: should return failure when repository fails                                                                        02:33 +262: loading /app/test/features/goals/domain/usecases/update_goal_test.dart                                                                                                                     02:33 +262: /app/test/features/goals/domain/usecases/update_goal_test.dart: (setUpAll)                                                                                                                 02:33 +262: /app/test/features/goals/domain/usecases/update_goal_test.dart: should update goal in repository                                                                                           02:33 +262: /app/test/features/goals/domain/usecases/update_goal_test.dart: should update goal in repository                                                                                           
👻 INFO 2026-03-04 05:44:13.157402 [caller info not available] [UpdateGoalUseCase] Updating goal: Car (ID: 1)
02:33 +263: /app/test/features/goals/domain/usecases/update_goal_test.dart: should update goal in repository                                                                                           02:33 +263: /app/test/features/goals/domain/usecases/update_goal_test.dart: (tearDownAll)                                                                                                              02:34 +263: /app/test/features/goals/domain/usecases/update_goal_test.dart: (tearDownAll)                                                                                                              02:34 +263: loading /app/test/features/goals/domain/usecases/add_goal_usecase_test.dart                                                                                                                02:35 +263: loading /app/test/features/goals/domain/usecases/add_goal_usecase_test.dart                                                                                                                02:36 +263: loading /app/test/features/goals/domain/usecases/add_goal_usecase_test.dart                                                                                                                02:36 +263: /app/test/features/goals/domain/usecases/add_goal_usecase_test.dart: should add goal successfully                                                                                          02:36 +263: /app/test/features/goals/domain/usecases/add_goal_usecase_test.dart: should add goal successfully                                                                                          
👻 INFO 2026-03-04 05:44:15.897644 [caller info not available] [AddGoalUseCase] Adding goal: Vacation
02:36 +264: /app/test/features/goals/domain/usecases/add_goal_usecase_test.dart: should add goal successfully                                                                                          02:36 +264: /app/test/features/goals/domain/usecases/add_goal_usecase_test.dart: should return failure when name is empty                                                                              02:36 +264: /app/test/features/goals/domain/usecases/add_goal_usecase_test.dart: should return failure when name is empty                                                                              
👻 INFO 2026-03-04 05:44:15.930650 [caller info not available] [AddGoalUseCase] Adding goal: 
02:36 +265: /app/test/features/goals/domain/usecases/add_goal_usecase_test.dart: should return failure when name is empty                                                                              02:36 +265: /app/test/features/goals/domain/usecases/add_goal_usecase_test.dart: should return failure when target amount is negative                                                                  02:36 +265: /app/test/features/goals/domain/usecases/add_goal_usecase_test.dart: should return failure when target amount is negative                                                                  
👻 INFO 2026-03-04 05:44:15.935485 [caller info not available] [AddGoalUseCase] Adding goal: Test
02:36 +266: /app/test/features/goals/domain/usecases/add_goal_usecase_test.dart: should return failure when target amount is negative                                                                  02:37 +266: /app/test/features/goals/domain/usecases/add_goal_usecase_test.dart: should return failure when target amount is negative                                                                  02:37 +266: loading /app/test/features/goals/domain/usecases/delete_goal_test.dart                                                                                                                     02:37 +266: /app/test/features/goals/domain/usecases/delete_goal_test.dart: should delete goal from repository                                                                                         02:37 +266: /app/test/features/goals/domain/usecases/delete_goal_test.dart: should delete goal from repository                                                                                         
👻 INFO 2026-03-04 05:44:16.983762 [caller info not available] [DeleteGoalUseCase] Deleting goal ID: 1
02:37 +267: /app/test/features/goals/domain/usecases/delete_goal_test.dart: should delete goal from repository                                                                                         02:38 +267: /app/test/features/goals/domain/usecases/delete_goal_test.dart: should delete goal from repository                                                                                         02:38 +267: loading /app/test/features/goals/domain/usecases/update_contribution_test.dart                                                                                                             02:39 +267: loading /app/test/features/goals/domain/usecases/update_contribution_test.dart                                                                                                             02:39 +267: /app/test/features/goals/domain/usecases/update_contribution_test.dart: (setUpAll)                                                                                                         02:39 +267: /app/test/features/goals/domain/usecases/update_contribution_test.dart: should call updateContribution on repository                                                                       02:39 +267: /app/test/features/goals/domain/usecases/update_contribution_test.dart: should call updateContribution on repository                                                                       
👻 INFO 2026-03-04 05:44:19.511065 [caller info not available] [UpdateContributionUseCase] Updating contribution ID: 1
02:39 +268: /app/test/features/goals/domain/usecases/update_contribution_test.dart: should call updateContribution on repository                                                                       02:39 +268: /app/test/features/goals/domain/usecases/update_contribution_test.dart: should return failure when repository fails                                                                        02:39 +268: /app/test/features/goals/domain/usecases/update_contribution_test.dart: should return failure when repository fails                                                                        
👻 INFO 2026-03-04 05:44:19.534149 [caller info not available] [UpdateContributionUseCase] Updating contribution ID: 1
02:39 +269: /app/test/features/goals/domain/usecases/update_contribution_test.dart: should return failure when repository fails                                                                        02:39 +269: /app/test/features/goals/domain/usecases/update_contribution_test.dart: (tearDownAll)                                                                                                      02:40 +269: /app/test/features/goals/domain/usecases/update_contribution_test.dart: (tearDownAll)                                                                                                      02:40 +269: loading /app/test/features/goals/domain/usecases/get_contributions_for_goal_test.dart                                                                                                      02:40 +269: /app/test/features/goals/domain/usecases/get_contributions_for_goal_test.dart: should get contributions from repository                                                                    02:40 +269: /app/test/features/goals/domain/usecases/get_contributions_for_goal_test.dart: should get contributions from repository                                                                    
👻 INFO 2026-03-04 05:44:20.511737 [caller info not available] [GetContributionsUseCase] Fetching contributions for Goal ID: g1
02:40 +270: /app/test/features/goals/domain/usecases/get_contributions_for_goal_test.dart: should get contributions from repository                                                                    02:40 +270: /app/test/features/goals/domain/usecases/get_contributions_for_goal_test.dart: should return failure when repository fails                                                                 02:40 +270: /app/test/features/goals/domain/usecases/get_contributions_for_goal_test.dart: should return failure when repository fails                                                                 
👻 INFO 2026-03-04 05:44:20.541419 [caller info not available] [GetContributionsUseCase] Fetching contributions for Goal ID: g1
02:40 +271: /app/test/features/goals/domain/usecases/get_contributions_for_goal_test.dart: should return failure when repository fails                                                                 02:41 +271: /app/test/features/goals/domain/usecases/get_contributions_for_goal_test.dart: should return failure when repository fails                                                                 02:41 +271: loading /app/test/features/goals/domain/usecases/archive_goal_test.dart                                                                                                                    02:42 +271: loading /app/test/features/goals/domain/usecases/archive_goal_test.dart                                                                                                                    02:43 +271: loading /app/test/features/goals/domain/usecases/archive_goal_test.dart                                                                                                                    02:43 +271: /app/test/features/goals/domain/usecases/archive_goal_test.dart: should archive goal using repository                                                                                      02:43 +271: /app/test/features/goals/domain/usecases/archive_goal_test.dart: should archive goal using repository                                                                                      
👻 INFO 2026-03-04 05:44:23.090308 [caller info not available] [ArchiveGoalUseCase] Archiving goal ID: goal1
02:43 +272: /app/test/features/goals/domain/usecases/archive_goal_test.dart: should archive goal using repository                                                                                      02:44 +272: /app/test/features/goals/domain/usecases/archive_goal_test.dart: should archive goal using repository                                                                                      02:44 +272: loading /app/test/features/goals/domain/usecases/get_goals_test.dart                                                                                                                       02:44 +272: /app/test/features/goals/domain/usecases/get_goals_test.dart: should get goals from repository                                                                                             02:44 +272: /app/test/features/goals/domain/usecases/get_goals_test.dart: should get goals from repository                                                                                             
👻 INFO 2026-03-04 05:44:24.216622 [caller info not available] [GetGoalsUseCase] Fetching active goals.
02:44 +273: /app/test/features/goals/domain/usecases/get_goals_test.dart: should get goals from repository                                                                                             02:45 +273: /app/test/features/goals/domain/usecases/get_goals_test.dart: should get goals from repository                                                                                             02:45 +273: loading /app/test/features/goals/domain/usecases/add_contribution_test.dart                                                                                                                02:46 +273: loading /app/test/features/goals/domain/usecases/add_contribution_test.dart                                                                                                                02:46 +273: /app/test/features/goals/domain/usecases/add_contribution_test.dart: (setUpAll)                                                                                                            02:46 +273: /app/test/features/goals/domain/usecases/add_contribution_test.dart: should call addContribution on repository                                                                             02:46 +273: /app/test/features/goals/domain/usecases/add_contribution_test.dart: should call addContribution on repository                                                                             
👻 INFO 2026-03-04 05:44:26.428014 [caller info not available] [AddContributionUseCase] Adding contribution to Goal ID: g1
02:46 +274: /app/test/features/goals/domain/usecases/add_contribution_test.dart: should call addContribution on repository                                                                             02:46 +274: /app/test/features/goals/domain/usecases/add_contribution_test.dart: should return failure when repository fails                                                                           02:46 +274: /app/test/features/goals/domain/usecases/add_contribution_test.dart: should return failure when repository fails                                                                           
👻 INFO 2026-03-04 05:44:26.455881 [caller info not available] [AddContributionUseCase] Adding contribution to Goal ID: g1
02:46 +275: /app/test/features/goals/domain/usecases/add_contribution_test.dart: should return failure when repository fails                                                                           02:46 +275: /app/test/features/goals/domain/usecases/add_contribution_test.dart: (tearDownAll)                                                                                                         02:47 +275: /app/test/features/goals/domain/usecases/add_contribution_test.dart: (tearDownAll)                                                                                                         02:48 +275: /app/test/features/goals/domain/usecases/add_contribution_test.dart: (tearDownAll)                                                                                                         02:48 +275: loading /app/test/features/goals/domain/usecases/audit_goal_totals_test.dart                                                                                                               02:48 +275: /app/test/features/goals/domain/usecases/audit_goal_totals_test.dart: should call auditGoalTotals on repository                                                                            02:48 +276: /app/test/features/goals/domain/usecases/audit_goal_totals_test.dart: should call auditGoalTotals on repository                                                                            02:48 +276: loading /app/test/features/goals/domain/usecases/add_goal_test.dart                                                                                                                        02:49 +276: loading /app/test/features/goals/domain/usecases/add_goal_test.dart                                                                                                                        02:50 +276: loading /app/test/features/goals/domain/usecases/add_goal_test.dart                                                                                                                        02:50 +276: /app/test/features/goals/domain/usecases/add_goal_test.dart: (setUpAll)                                                                                                                    02:50 +276: /app/test/features/goals/domain/usecases/add_goal_test.dart: should add goal to repository                                                                                                 02:50 +276: /app/test/features/goals/domain/usecases/add_goal_test.dart: should add goal to repository                                                                                                 
👻 INFO 2026-03-04 05:44:30.011723 [caller info not available] [AddGoalUseCase] Adding goal: Car
02:50 +277: /app/test/features/goals/domain/usecases/add_goal_test.dart: should add goal to repository                                                                                                 02:50 +277: /app/test/features/goals/domain/usecases/add_goal_test.dart: should return Failure when repository fails                                                                                   02:50 +277: /app/test/features/goals/domain/usecases/add_goal_test.dart: should return Failure when repository fails                                                                                   
👻 INFO 2026-03-04 05:44:30.053974 [caller info not available] [AddGoalUseCase] Adding goal: Car
02:50 +278: /app/test/features/goals/domain/usecases/add_goal_test.dart: should return Failure when repository fails                                                                                   02:50 +278: /app/test/features/goals/domain/usecases/add_goal_test.dart: (tearDownAll)                                                                                                                 02:51 +278: /app/test/features/goals/domain/usecases/add_goal_test.dart: (tearDownAll)                                                                                                                 02:51 +278: loading /app/test/features/goals/domain/usecases/check_goal_achievement_test.dart                                                                                                          02:51 +278: /app/test/features/goals/domain/usecases/check_goal_achievement_test.dart: (setUpAll)                                                                                                      02:51 +278: /app/test/features/goals/domain/usecases/check_goal_achievement_test.dart: should return false if goal is not achieved and status is active                                                02:51 +278: /app/test/features/goals/domain/usecases/check_goal_achievement_test.dart: should return false if goal is not achieved and status is active                                                
👻 INFO 2026-03-04 05:44:31.339197 [caller info not available] [CheckGoalAchievementUseCase] Checking achievement for Goal ID: goal1
02:51 +279: /app/test/features/goals/domain/usecases/check_goal_achievement_test.dart: should return false if goal is not achieved and status is active                                                02:51 +279: /app/test/features/goals/domain/usecases/check_goal_achievement_test.dart: should update status and return true if goal is newly achieved                                                  02:51 +279: /app/test/features/goals/domain/usecases/check_goal_achievement_test.dart: should update status and return true if goal is newly achieved                                                  
👻 INFO 2026-03-04 05:44:31.373180 [caller info not available] [CheckGoalAchievementUseCase] Checking achievement for Goal ID: goal1
👻 INFO 2026-03-04 05:44:31.374520 [caller info not available] [CheckGoalAchievementUseCase] Goal goal1 newly achieved! Updating status.
👻 INFO 2026-03-04 05:44:31.378537 [caller info not available] [CheckGoalAchievementUseCase] Goal goal1 status updated to achieved.
02:51 +280: /app/test/features/goals/domain/usecases/check_goal_achievement_test.dart: should update status and return true if goal is newly achieved                                                  02:51 +280: /app/test/features/goals/domain/usecases/check_goal_achievement_test.dart: should return false if goal is already achieved                                                                 02:51 +280: /app/test/features/goals/domain/usecases/check_goal_achievement_test.dart: should return false if goal is already achieved                                                                 
👻 INFO 2026-03-04 05:44:31.386022 [caller info not available] [CheckGoalAchievementUseCase] Checking achievement for Goal ID: goal1
02:51 +281: /app/test/features/goals/domain/usecases/check_goal_achievement_test.dart: should return false if goal is already achieved                                                                 02:51 +281: /app/test/features/goals/domain/usecases/check_goal_achievement_test.dart: should return failure if goal not found                                                                         02:51 +281: /app/test/features/goals/domain/usecases/check_goal_achievement_test.dart: should return failure if goal not found                                                                         
👻 INFO 2026-03-04 05:44:31.396161 [caller info not available] [CheckGoalAchievementUseCase] Checking achievement for Goal ID: goal1
⚠️ WARNING 2026-03-04 05:44:31.397499 [caller info not available] [CheckGoalAchievementUseCase] Goal goal1 not found.
02:51 +282: /app/test/features/goals/domain/usecases/check_goal_achievement_test.dart: should return failure if goal not found                                                                         02:51 +282: /app/test/features/goals/domain/usecases/check_goal_achievement_test.dart: (tearDownAll)                                                                                                   02:52 +282: /app/test/features/goals/domain/usecases/check_goal_achievement_test.dart: (tearDownAll)                                                                                                   02:52 +282: loading /app/test/features/goals/domain/entities/goal_status_test.dart                                                                                                                     02:53 +282: loading /app/test/features/goals/domain/entities/goal_status_test.dart                                                                                                                     02:53 +282: /app/test/features/goals/domain/entities/goal_status_test.dart: GoalStatus displayName should return correct string                                                                        02:53 +283: /app/test/features/goals/domain/entities/goal_status_test.dart: GoalStatus displayName should return correct string                                                                        02:54 +283: /app/test/features/goals/domain/entities/goal_status_test.dart: GoalStatus displayName should return correct string                                                                        02:55 +283: /app/test/features/goals/domain/entities/goal_status_test.dart: GoalStatus displayName should return correct string                                                                        02:55 +283: loading /app/test/features/goals/domain/entities/goal_test.dart                                                                                                                            02:55 +283: /app/test/features/goals/domain/entities/goal_test.dart: Goal props should contain all fields                                                                                              02:55 +284: /app/test/features/goals/domain/entities/goal_test.dart: Goal props should contain all fields                                                                                              02:55 +284: /app/test/features/goals/domain/entities/goal_test.dart: Goal percentageComplete should calculate correctly                                                                                02:55 +285: /app/test/features/goals/domain/entities/goal_test.dart: Goal percentageComplete should calculate correctly                                                                                02:55 +285: /app/test/features/goals/domain/entities/goal_test.dart: Goal percentageComplete should be 0 if target is 0                                                                                02:55 +286: /app/test/features/goals/domain/entities/goal_test.dart: Goal percentageComplete should be 0 if target is 0                                                                                02:55 +286: /app/test/features/goals/domain/entities/goal_test.dart: Goal percentageComplete should be clamped to 1.0                                                                                  02:55 +287: /app/test/features/goals/domain/entities/goal_test.dart: Goal percentageComplete should be clamped to 1.0                                                                                  02:55 +287: /app/test/features/goals/domain/entities/goal_test.dart: Goal amountRemaining should calculate correctly                                                                                   02:55 +288: /app/test/features/goals/domain/entities/goal_test.dart: Goal amountRemaining should calculate correctly                                                                                   02:55 +288: /app/test/features/goals/domain/entities/goal_test.dart: Goal amountRemaining should be 0 if over saved                                                                                    02:55 +289: /app/test/features/goals/domain/entities/goal_test.dart: Goal amountRemaining should be 0 if over saved                                                                                    02:55 +289: /app/test/features/goals/domain/entities/goal_test.dart: Goal isAchieved should return true only when status is achieved                                                                   02:55 +290: /app/test/features/goals/domain/entities/goal_test.dart: Goal isAchieved should return true only when status is achieved                                                                   02:55 +290: /app/test/features/goals/domain/entities/goal_test.dart: Goal isArchived should return true only when status is archived                                                                   02:55 +291: /app/test/features/goals/domain/entities/goal_test.dart: Goal isArchived should return true only when status is archived                                                                   02:55 +291: /app/test/features/goals/domain/entities/goal_test.dart: Goal displayIconData should return fallback icon if name is null or unknown                                                       02:55 +292: /app/test/features/goals/domain/entities/goal_test.dart: Goal displayIconData should return fallback icon if name is null or unknown                                                       02:55 +292: /app/test/features/goals/domain/entities/goal_test.dart: Goal copyWith should return updated copy                                                                                          02:55 +293: /app/test/features/goals/domain/entities/goal_test.dart: Goal copyWith should return updated copy                                                                                          02:55 +293: /app/test/features/goals/domain/entities/goal_test.dart: Goal copyWith with value getter should allow nulling nullable fields                                                              02:55 +294: /app/test/features/goals/domain/entities/goal_test.dart: Goal copyWith with value getter should allow nulling nullable fields                                                              02:56 +294: /app/test/features/goals/domain/entities/goal_test.dart: Goal copyWith with value getter should allow nulling nullable fields                                                              02:56 +294: loading /app/test/features/goals/domain/entities/goal_contribution_test.dart                                                                                                               02:57 +294: loading /app/test/features/goals/domain/entities/goal_contribution_test.dart                                                                                                               02:57 +294: /app/test/features/goals/domain/entities/goal_contribution_test.dart: GoalContribution props should contain all fields                                                                     02:57 +295: /app/test/features/goals/domain/entities/goal_contribution_test.dart: GoalContribution props should contain all fields                                                                     02:57 +295: /app/test/features/goals/domain/entities/goal_contribution_test.dart: GoalContribution supports value equality                                                                             02:57 +296: /app/test/features/goals/domain/entities/goal_contribution_test.dart: GoalContribution supports value equality                                                                             02:57 +296: /app/test/features/goals/domain/entities/goal_contribution_test.dart: GoalContribution copyWith should return updated copy                                                                 02:57 +297: /app/test/features/goals/domain/entities/goal_contribution_test.dart: GoalContribution copyWith should return updated copy                                                                 02:57 +297: /app/test/features/goals/domain/entities/goal_contribution_test.dart: GoalContribution copyWith with value getter should allow nulling nullable fields                                     02:57 +298: /app/test/features/goals/domain/entities/goal_contribution_test.dart: GoalContribution copyWith with value getter should allow nulling nullable fields                                     02:58 +298: /app/test/features/goals/domain/entities/goal_contribution_test.dart: GoalContribution copyWith with value getter should allow nulling nullable fields                                     02:59 +298: /app/test/features/goals/domain/entities/goal_contribution_test.dart: GoalContribution copyWith with value getter should allow nulling nullable fields                                     03:00 +298: /app/test/features/goals/domain/entities/goal_contribution_test.dart: GoalContribution copyWith with value getter should allow nulling nullable fields                                     03:00 +298: loading /app/test/features/goals/presentation/bloc/add_edit_goal_bloc_test.dart                                                                                                            03:00 +298: /app/test/features/goals/presentation/bloc/add_edit_goal_bloc_test.dart: AddEditGoalBloc initial state reflects provided goal without extra event                                          03:00 +298: /app/test/features/goals/presentation/bloc/add_edit_goal_bloc_test.dart: AddEditGoalBloc initial state reflects provided goal without extra event                                          
👻 INFO 2026-03-04 05:44:40.176296 [caller info not available] [AddEditGoalBloc] Initialized. Editing: true
03:00 +299: /app/test/features/goals/presentation/bloc/add_edit_goal_bloc_test.dart: AddEditGoalBloc initial state reflects provided goal without extra event                                          03:00 +299: loading /app/test/features/goals/presentation/bloc/log_contribution/log_contribution_bloc_test.dart                                                                                        03:01 +299: loading /app/test/features/goals/presentation/bloc/log_contribution/log_contribution_bloc_test.dart                                                                                        03:02 +299: loading /app/test/features/goals/presentation/bloc/log_contribution/log_contribution_bloc_test.dart                                                                                        03:03 +299: loading /app/test/features/goals/presentation/bloc/log_contribution/log_contribution_bloc_test.dart                                                                                        03:03 +299: /app/test/features/goals/presentation/bloc/log_contribution/log_contribution_bloc_test.dart: (setUpAll)                                                                                    03:03 +299: /app/test/features/goals/presentation/bloc/log_contribution/log_contribution_bloc_test.dart: LogContributionBloc initial state is correct                                                  03:03 +299: /app/test/features/goals/presentation/bloc/log_contribution/log_contribution_bloc_test.dart: LogContributionBloc initial state is correct                                                  
👻 INFO 2026-03-04 05:44:43.211572 [caller info not available] [LogContributionBloc] Initialized.
03:03 +300: /app/test/features/goals/presentation/bloc/log_contribution/log_contribution_bloc_test.dart: LogContributionBloc initial state is correct                                                  03:03 +300: /app/test/features/goals/presentation/bloc/log_contribution/log_contribution_bloc_test.dart: LogContributionBloc InitializeContribution sets state correctly                               03:03 +300: /app/test/features/goals/presentation/bloc/log_contribution/log_contribution_bloc_test.dart: LogContributionBloc InitializeContribution sets state correctly                               
👻 INFO 2026-03-04 05:44:43.247540 [caller info not available] [LogContributionBloc] Initialized.
👻 INFO 2026-03-04 05:44:43.260491 [caller info not available] [LogContributionBloc] Initializing form for Goal ID: g1, Editing: false
03:03 +301: /app/test/features/goals/presentation/bloc/log_contribution/log_contribution_bloc_test.dart: LogContributionBloc InitializeContribution sets state correctly                               03:03 +301: /app/test/features/goals/presentation/bloc/log_contribution/log_contribution_bloc_test.dart: LogContributionBloc SaveContribution (Add) emits [loading, success] on success                03:03 +301: /app/test/features/goals/presentation/bloc/log_contribution/log_contribution_bloc_test.dart: LogContributionBloc SaveContribution (Add) emits [loading, success] on success                
👻 INFO 2026-03-04 05:44:43.291861 [caller info not available] [LogContributionBloc] Initialized.
👻 INFO 2026-03-04 05:44:43.306162 [caller info not available] [LogContributionBloc] SaveContribution received for Goal ID: g1. Editing: false
👻 INFO 2026-03-04 05:44:43.317533 [caller info not available] [LogContributionBloc] Contribution saved/updated successfully (ID: c1). Checking goal achievement...
03:03 +302: /app/test/features/goals/presentation/bloc/log_contribution/log_contribution_bloc_test.dart: LogContributionBloc SaveContribution (Add) emits [loading, success] on success                03:03 +302: /app/test/features/goals/presentation/bloc/log_contribution/log_contribution_bloc_test.dart: LogContributionBloc SaveContribution (Edit) emits [loading, success] on success               03:03 +302: /app/test/features/goals/presentation/bloc/log_contribution/log_contribution_bloc_test.dart: LogContributionBloc SaveContribution (Edit) emits [loading, success] on success               
👻 INFO 2026-03-04 05:44:43.349382 [caller info not available] [LogContributionBloc] Initialized.
👻 INFO 2026-03-04 05:44:43.352426 [caller info not available] [LogContributionBloc] SaveContribution received for Goal ID: g1. Editing: true
👻 INFO 2026-03-04 05:44:43.354593 [caller info not available] [LogContributionBloc] Contribution saved/updated successfully (ID: c1). Checking goal achievement...
03:03 +303: /app/test/features/goals/presentation/bloc/log_contribution/log_contribution_bloc_test.dart: LogContributionBloc SaveContribution (Edit) emits [loading, success] on success               03:03 +303: /app/test/features/goals/presentation/bloc/log_contribution/log_contribution_bloc_test.dart: LogContributionBloc DeleteContribution emits [loading, success] on success                    03:03 +303: /app/test/features/goals/presentation/bloc/log_contribution/log_contribution_bloc_test.dart: LogContributionBloc DeleteContribution emits [loading, success] on success                    
👻 INFO 2026-03-04 05:44:43.371840 [caller info not available] [LogContributionBloc] Initialized.
👻 INFO 2026-03-04 05:44:43.374701 [caller info not available] [LogContributionBloc] DeleteContribution received for Contribution ID: c1
👻 INFO 2026-03-04 05:44:43.376263 [caller info not available] [LogContributionBloc] Contribution deleted successfully (ID: c1). Checking goal status...
03:03 +304: /app/test/features/goals/presentation/bloc/log_contribution/log_contribution_bloc_test.dart: LogContributionBloc DeleteContribution emits [loading, success] on success                    03:03 +304: /app/test/features/goals/presentation/bloc/log_contribution/log_contribution_bloc_test.dart: LogContributionBloc DeleteContribution emits error if not editing                             03:03 +304: /app/test/features/goals/presentation/bloc/log_contribution/log_contribution_bloc_test.dart: LogContributionBloc DeleteContribution emits error if not editing                             
👻 INFO 2026-03-04 05:44:43.384047 [caller info not available] [LogContributionBloc] Initialized.
⚠️ WARNING 2026-03-04 05:44:43.385866 [caller info not available] [LogContributionBloc] DeleteContribution called but not in editing state or initialContribution is null.
03:03 +305: /app/test/features/goals/presentation/bloc/log_contribution/log_contribution_bloc_test.dart: LogContributionBloc DeleteContribution emits error if not editing                             03:03 +305: /app/test/features/goals/presentation/bloc/log_contribution/log_contribution_bloc_test.dart: (tearDownAll)                                                                                 03:04 +305: /app/test/features/goals/presentation/bloc/log_contribution/log_contribution_bloc_test.dart: (tearDownAll)                                                                                 03:05 +305: /app/test/features/goals/presentation/bloc/log_contribution/log_contribution_bloc_test.dart: (tearDownAll)                                                                                 03:05 +305: loading /app/test/features/goals/presentation/bloc/add_edit_goal/add_edit_goal_bloc_test.dart                                                                                              03:05 +305: /app/test/features/goals/presentation/bloc/add_edit_goal/add_edit_goal_bloc_test.dart: (setUpAll)                                                                                          03:05 +305: /app/test/features/goals/presentation/bloc/add_edit_goal/add_edit_goal_bloc_test.dart: AddEditGoalBloc initial state is correct                                                            03:05 +305: /app/test/features/goals/presentation/bloc/add_edit_goal/add_edit_goal_bloc_test.dart: AddEditGoalBloc initial state is correct                                                            
👻 INFO 2026-03-04 05:44:44.987687 [caller info not available] [AddEditGoalBloc] Initialized. Editing: false
03:05 +306: /app/test/features/goals/presentation/bloc/add_edit_goal/add_edit_goal_bloc_test.dart: AddEditGoalBloc initial state is correct                                                            03:05 +306: /app/test/features/goals/presentation/bloc/add_edit_goal/add_edit_goal_bloc_test.dart: AddEditGoalBloc emits [loading, success] when SaveGoal succeeds (Add Mode)                          03:05 +306: /app/test/features/goals/presentation/bloc/add_edit_goal/add_edit_goal_bloc_test.dart: AddEditGoalBloc emits [loading, success] when SaveGoal succeeds (Add Mode)                          
👻 INFO 2026-03-04 05:44:45.014303 [caller info not available] [AddEditGoalBloc] Initialized. Editing: false
👻 INFO 2026-03-04 05:44:45.033613 [caller info not available] [AddEditGoalBloc] SaveGoal received: New Car
👻 INFO 2026-03-04 05:44:45.046355 [caller info not available] [AddEditGoalBloc] Save successful for 'New Car'.
03:05 +307: /app/test/features/goals/presentation/bloc/add_edit_goal/add_edit_goal_bloc_test.dart: AddEditGoalBloc emits [loading, success] when SaveGoal succeeds (Add Mode)                          03:05 +307: /app/test/features/goals/presentation/bloc/add_edit_goal/add_edit_goal_bloc_test.dart: AddEditGoalBloc emits [loading, error, initial] when SaveGoal fails (Add Mode)                      03:05 +307: /app/test/features/goals/presentation/bloc/add_edit_goal/add_edit_goal_bloc_test.dart: AddEditGoalBloc emits [loading, error, initial] when SaveGoal fails (Add Mode)                      
👻 INFO 2026-03-04 05:44:45.069305 [caller info not available] [AddEditGoalBloc] Initialized. Editing: false
👻 INFO 2026-03-04 05:44:45.071436 [caller info not available] [AddEditGoalBloc] SaveGoal received: New Car
⚠️ WARNING 2026-03-04 05:44:45.074539 [caller info not available] [AddEditGoalBloc] Save failed: DB Error
⚠️ WARNING 2026-03-04 05:44:45.075468 [caller info not available] [AddEditGoalBloc] Mapping failure: CacheFailure - DB Error
03:05 +308: /app/test/features/goals/presentation/bloc/add_edit_goal/add_edit_goal_bloc_test.dart: AddEditGoalBloc emits [loading, error, initial] when SaveGoal fails (Add Mode)                      03:05 +308: /app/test/features/goals/presentation/bloc/add_edit_goal/add_edit_goal_bloc_test.dart: AddEditGoalBloc emits [loading, success] when SaveGoal succeeds (Edit Mode)                         03:05 +308: /app/test/features/goals/presentation/bloc/add_edit_goal/add_edit_goal_bloc_test.dart: AddEditGoalBloc emits [loading, success] when SaveGoal succeeds (Edit Mode)                         
👻 INFO 2026-03-04 05:44:45.087079 [caller info not available] [AddEditGoalBloc] Initialized. Editing: false
👻 INFO 2026-03-04 05:44:45.089132 [caller info not available] [AddEditGoalBloc] Initialized. Editing: true
👻 INFO 2026-03-04 05:44:45.090141 [caller info not available] [AddEditGoalBloc] SaveGoal received: Updated Name
👻 INFO 2026-03-04 05:44:45.091605 [caller info not available] [AddEditGoalBloc] Save successful for 'New Car'.
03:05 +309: /app/test/features/goals/presentation/bloc/add_edit_goal/add_edit_goal_bloc_test.dart: AddEditGoalBloc emits [loading, success] when SaveGoal succeeds (Edit Mode)                         03:05 +309: /app/test/features/goals/presentation/bloc/add_edit_goal/add_edit_goal_bloc_test.dart: AddEditGoalBloc clears error message when ClearGoalFormMessage is added                             03:05 +309: /app/test/features/goals/presentation/bloc/add_edit_goal/add_edit_goal_bloc_test.dart: AddEditGoalBloc clears error message when ClearGoalFormMessage is added                             
👻 INFO 2026-03-04 05:44:45.099300 [caller info not available] [AddEditGoalBloc] Initialized. Editing: false
03:05 +310: /app/test/features/goals/presentation/bloc/add_edit_goal/add_edit_goal_bloc_test.dart: AddEditGoalBloc clears error message when ClearGoalFormMessage is added                             03:05 +310: /app/test/features/goals/presentation/bloc/add_edit_goal/add_edit_goal_bloc_test.dart: (tearDownAll)                                                                                       03:05 +310: loading /app/test/features/goals/presentation/bloc/log_contribution_bloc_test.dart                                                                                                         03:06 +310: loading /app/test/features/goals/presentation/bloc/log_contribution_bloc_test.dart                                                                                                         03:07 +310: loading /app/test/features/goals/presentation/bloc/log_contribution_bloc_test.dart                                                                                                         03:07 +310: /app/test/features/goals/presentation/bloc/log_contribution_bloc_test.dart: (setUpAll)                                                                                                     03:07 +310: /app/test/features/goals/presentation/bloc/log_contribution_bloc_test.dart: emits success only after achievement check completes when saving contribution                                  03:07 +310: /app/test/features/goals/presentation/bloc/log_contribution_bloc_test.dart: emits success only after achievement check completes when saving contribution                                  
👻 INFO 2026-03-04 05:44:47.108913 [caller info not available] [LogContributionBloc] Initialized.
👻 INFO 2026-03-04 05:44:47.132561 [caller info not available] [LogContributionBloc] Initializing form for Goal ID: goal-1, Editing: false
👻 INFO 2026-03-04 05:44:47.154604 [caller info not available] [LogContributionBloc] SaveContribution received for Goal ID: goal-1. Editing: false
👻 INFO 2026-03-04 05:44:47.166395 [caller info not available] [LogContributionBloc] Contribution saved/updated successfully (ID: c1). Checking goal achievement...
03:07 +311: /app/test/features/goals/presentation/bloc/log_contribution_bloc_test.dart: emits success only after achievement check completes when saving contribution                                  03:07 +311: /app/test/features/goals/presentation/bloc/log_contribution_bloc_test.dart: (tearDownAll)                                                                                                  03:08 +311: /app/test/features/goals/presentation/bloc/log_contribution_bloc_test.dart: (tearDownAll)                                                                                                  03:09 +311: /app/test/features/goals/presentation/bloc/log_contribution_bloc_test.dart: (tearDownAll)                                                                                                  03:09 +311: loading /app/test/features/goals/presentation/bloc/goal_list_bloc_test.dart                                                                                                                03:09 +311: /app/test/features/goals/presentation/bloc/goal_list_bloc_test.dart: emits [loading, success] when LoadGoals is added and succeeds                                                         03:09 +311: /app/test/features/goals/presentation/bloc/goal_list_bloc_test.dart: emits [loading, success] when LoadGoals is added and succeeds                                                         
👻 INFO 2026-03-04 05:44:48.976809 [caller info not available] [GoalListBloc] Initialized.
👻 INFO 2026-03-04 05:44:48.990605 [caller info not available] [GoalListBloc] LoadGoals triggered. ForceReload: false
👻 INFO 2026-03-04 05:44:49.000868 [caller info not available] [GoalListBloc] Loaded 1 active goals.
👻 INFO 2026-03-04 05:44:49.005576 [caller info not available] [GoalListBloc] Closed and cancelled data stream subscription.
03:09 +312: /app/test/features/goals/presentation/bloc/goal_list_bloc_test.dart: emits [loading, success] when LoadGoals is added and succeeds                                                         03:09 +312: /app/test/features/goals/presentation/bloc/goal_list_bloc_test.dart: emits optimistic delete and then success (via stream) when DeleteGoal is added                                        03:09 +312: /app/test/features/goals/presentation/bloc/goal_list_bloc_test.dart: emits optimistic delete and then success (via stream) when DeleteGoal is added                                        
👻 INFO 2026-03-04 05:44:49.033421 [caller info not available] [GoalListBloc] Initialized.
👻 INFO 2026-03-04 05:44:49.035656 [caller info not available] [GoalListBloc] DeleteGoal triggered for ID: 1
👻 INFO 2026-03-04 05:44:49.038014 [caller info not available] [GoalListBloc] Delete successful for 1.
👻 INFO 2026-03-04 05:44:49.043376 [caller info not available] [GoalListBloc] Closed and cancelled data stream subscription.
03:09 +313: /app/test/features/goals/presentation/bloc/goal_list_bloc_test.dart: emits optimistic delete and then success (via stream) when DeleteGoal is added                                        03:09 +313: loading /app/test/features/goals/presentation/bloc/goal_list/goal_list_bloc_test.dart                                                                                                      03:10 +313: loading /app/test/features/goals/presentation/bloc/goal_list/goal_list_bloc_test.dart                                                                                                      03:11 +313: loading /app/test/features/goals/presentation/bloc/goal_list/goal_list_bloc_test.dart                                                                                                      03:11 +313: /app/test/features/goals/presentation/bloc/goal_list/goal_list_bloc_test.dart: (setUpAll)                                                                                                  03:11 +313: /app/test/features/goals/presentation/bloc/goal_list/goal_list_bloc_test.dart: LoadGoals emits [loading, success] when successful                                                          03:11 +313: /app/test/features/goals/presentation/bloc/goal_list/goal_list_bloc_test.dart: LoadGoals emits [loading, success] when successful                                                          
👻 INFO 2026-03-04 05:44:50.844034 [caller info not available] [GoalListBloc] Initialized.
👻 INFO 2026-03-04 05:44:50.875612 [caller info not available] [GoalListBloc] LoadGoals triggered. ForceReload: false
👻 INFO 2026-03-04 05:44:50.891074 [caller info not available] [GoalListBloc] Loaded 1 active goals.
👻 INFO 2026-03-04 05:44:50.896066 [caller info not available] [GoalListBloc] Closed and cancelled data stream subscription.
👻 INFO 2026-03-04 05:44:50.907985 [caller info not available] [GoalListBloc] Closed and cancelled data stream subscription.
03:11 +314: /app/test/features/goals/presentation/bloc/goal_list/goal_list_bloc_test.dart: LoadGoals emits [loading, success] when successful                                                          03:11 +314: /app/test/features/goals/presentation/bloc/goal_list/goal_list_bloc_test.dart: LoadGoals emits [loading, error] when failure                                                               03:11 +314: /app/test/features/goals/presentation/bloc/goal_list/goal_list_bloc_test.dart: LoadGoals emits [loading, error] when failure                                                               
👻 INFO 2026-03-04 05:44:50.920577 [caller info not available] [GoalListBloc] Initialized.
👻 INFO 2026-03-04 05:44:50.922454 [caller info not available] [GoalListBloc] LoadGoals triggered. ForceReload: false
⚠️ WARNING 2026-03-04 05:44:50.924129 [caller info not available] [GoalListBloc] Failed to load goals: Error
⚠️ WARNING 2026-03-04 05:44:50.924889 [caller info not available] [GoalListBloc] Mapping failure: CacheFailure - Error
👻 INFO 2026-03-04 05:44:50.925549 [caller info not available] [GoalListBloc] Closed and cancelled data stream subscription.
👻 INFO 2026-03-04 05:44:50.932039 [caller info not available] [GoalListBloc] Closed and cancelled data stream subscription.
03:11 +315: /app/test/features/goals/presentation/bloc/goal_list/goal_list_bloc_test.dart: LoadGoals emits [loading, error] when failure                                                               03:11 +315: /app/test/features/goals/presentation/bloc/goal_list/goal_list_bloc_test.dart: ArchiveGoal emits optimistic update and then success                                                        03:11 +315: /app/test/features/goals/presentation/bloc/goal_list/goal_list_bloc_test.dart: ArchiveGoal emits optimistic update and then success                                                        
👻 INFO 2026-03-04 05:44:50.936961 [caller info not available] [GoalListBloc] Initialized.
👻 INFO 2026-03-04 05:44:50.939817 [caller info not available] [GoalListBloc] ArchiveGoal triggered for ID: 1
👻 INFO 2026-03-04 05:44:50.941882 [caller info not available] [GoalListBloc] Archive successful for 1.
👻 INFO 2026-03-04 05:44:50.947051 [caller info not available] [GoalListBloc] Closed and cancelled data stream subscription.
👻 INFO 2026-03-04 05:44:50.955008 [caller info not available] [GoalListBloc] Closed and cancelled data stream subscription.
03:11 +316: /app/test/features/goals/presentation/bloc/goal_list/goal_list_bloc_test.dart: ArchiveGoal emits optimistic update and then success                                                        03:11 +316: /app/test/features/goals/presentation/bloc/goal_list/goal_list_bloc_test.dart: ArchiveGoal emits optimistic update and then reverts on failure                                             03:11 +316: /app/test/features/goals/presentation/bloc/goal_list/goal_list_bloc_test.dart: ArchiveGoal emits optimistic update and then reverts on failure                                             
👻 INFO 2026-03-04 05:44:50.985584 [caller info not available] [GoalListBloc] Initialized.
👻 INFO 2026-03-04 05:44:50.987682 [caller info not available] [GoalListBloc] ArchiveGoal triggered for ID: 1
⚠️ WARNING 2026-03-04 05:44:50.989152 [caller info not available] [GoalListBloc] Archive failed: Fail
⚠️ WARNING 2026-03-04 05:44:50.989659 [caller info not available] [GoalListBloc] Mapping failure: CacheFailure - Fail
👻 INFO 2026-03-04 05:44:50.990253 [caller info not available] [GoalListBloc] LoadGoals triggered. ForceReload: true
👻 INFO 2026-03-04 05:44:50.991042 [caller info not available] [GoalListBloc] Loaded 1 active goals.
👻 INFO 2026-03-04 05:44:50.991802 [caller info not available] [GoalListBloc] Closed and cancelled data stream subscription.
👻 INFO 2026-03-04 05:44:50.994426 [caller info not available] [GoalListBloc] Closed and cancelled data stream subscription.
03:11 +317: /app/test/features/goals/presentation/bloc/goal_list/goal_list_bloc_test.dart: ArchiveGoal emits optimistic update and then reverts on failure                                             03:11 +317: /app/test/features/goals/presentation/bloc/goal_list/goal_list_bloc_test.dart: DeleteGoal emits optimistic update and then success                                                         03:11 +317: /app/test/features/goals/presentation/bloc/goal_list/goal_list_bloc_test.dart: DeleteGoal emits optimistic update and then success                                                         
👻 INFO 2026-03-04 05:44:50.999036 [caller info not available] [GoalListBloc] Initialized.
👻 INFO 2026-03-04 05:44:51.001632 [caller info not available] [GoalListBloc] DeleteGoal triggered for ID: 1
👻 INFO 2026-03-04 05:44:51.003090 [caller info not available] [GoalListBloc] Delete successful for 1.
👻 INFO 2026-03-04 05:44:51.003673 [caller info not available] [GoalListBloc] Closed and cancelled data stream subscription.
👻 INFO 2026-03-04 05:44:51.005735 [caller info not available] [GoalListBloc] Closed and cancelled data stream subscription.
03:11 +318: /app/test/features/goals/presentation/bloc/goal_list/goal_list_bloc_test.dart: DeleteGoal emits optimistic update and then success                                                         03:11 +318: /app/test/features/goals/presentation/bloc/goal_list/goal_list_bloc_test.dart: DataChangedEvent triggers reload on goal change                                                             03:11 +318: /app/test/features/goals/presentation/bloc/goal_list/goal_list_bloc_test.dart: DataChangedEvent triggers reload on goal change                                                             
👻 INFO 2026-03-04 05:44:51.011500 [caller info not available] [GoalListBloc] Initialized.
👻 INFO 2026-03-04 05:44:51.013569 [caller info not available] [GoalListBloc] Relevant DataChangedEvent (DataChangedEvent(type: DataChangeType.goal, reason: DataChangeReason.updated)). Triggering reload.
👻 INFO 2026-03-04 05:44:51.015749 [caller info not available] [GoalListBloc] LoadGoals triggered. ForceReload: true
👻 INFO 2026-03-04 05:44:51.016880 [caller info not available] [GoalListBloc] Loaded 1 active goals.
👻 INFO 2026-03-04 05:44:51.017585 [caller info not available] [GoalListBloc] Closed and cancelled data stream subscription.
👻 INFO 2026-03-04 05:44:51.021754 [caller info not available] [GoalListBloc] Closed and cancelled data stream subscription.
03:11 +319: /app/test/features/goals/presentation/bloc/goal_list/goal_list_bloc_test.dart: DataChangedEvent triggers reload on goal change                                                             03:11 +319: /app/test/features/goals/presentation/bloc/goal_list/goal_list_bloc_test.dart: DataChangedEvent resets state on system reset                                                               03:11 +319: /app/test/features/goals/presentation/bloc/goal_list/goal_list_bloc_test.dart: DataChangedEvent resets state on system reset                                                               
👻 INFO 2026-03-04 05:44:51.029550 [caller info not available] [GoalListBloc] Initialized.
👻 INFO 2026-03-04 05:44:51.031026 [caller info not available] [GoalListBloc] System Reset event received. Adding ResetState.
👻 INFO 2026-03-04 05:44:51.032163 [caller info not available] [GoalListBloc] Resetting state to initial.
👻 INFO 2026-03-04 05:44:51.033516 [caller info not available] [GoalListBloc] LoadGoals triggered. ForceReload: false
👻 INFO 2026-03-04 05:44:51.034559 [caller info not available] [GoalListBloc] Loaded 1 active goals.
👻 INFO 2026-03-04 05:44:51.035207 [caller info not available] [GoalListBloc] Closed and cancelled data stream subscription.
👻 INFO 2026-03-04 05:44:51.036829 [caller info not available] [GoalListBloc] Closed and cancelled data stream subscription.
03:11 +320: /app/test/features/goals/presentation/bloc/goal_list/goal_list_bloc_test.dart: DataChangedEvent resets state on system reset                                                               03:11 +320: /app/test/features/goals/presentation/bloc/goal_list/goal_list_bloc_test.dart: (tearDownAll)                                                                                               03:12 +320: /app/test/features/goals/presentation/bloc/goal_list/goal_list_bloc_test.dart: (tearDownAll)                                                                                               03:13 +320: /app/test/features/goals/presentation/bloc/goal_list/goal_list_bloc_test.dart: (tearDownAll)                                                                                               03:13 +320: loading /app/test/features/goals/presentation/goal_card_test.dart                                                                                                                          03:13 +320: /app/test/features/goals/presentation/goal_card_test.dart: pacing info uses onSurface color with opacity                                                                                   03:13 +321: /app/test/features/goals/presentation/goal_card_test.dart: pacing info uses onSurface color with opacity                                                                                   03:14 +321: /app/test/features/goals/presentation/goal_card_test.dart: pacing info uses onSurface color with opacity                                                                                   03:15 +321: /app/test/features/goals/presentation/goal_card_test.dart: pacing info uses onSurface color with opacity                                                                                   03:15 +321: loading /app/test/features/goals/presentation/widgets/log_contribution_sheet_test.dart                                                                                                     03:15 +321: /app/test/features/goals/presentation/widgets/log_contribution_sheet_test.dart: LogContributionSheet renders                                                                               03:15 +321: /app/test/features/goals/presentation/widgets/log_contribution_sheet_test.dart: LogContributionSheet renders                                                                               
👻 INFO 2026-03-04 05:44:55.730047 [caller info not available] [LogContribSheet] initState. Editing: false
03:16 +322: /app/test/features/goals/presentation/widgets/log_contribution_sheet_test.dart: LogContributionSheet renders                                                                               03:17 +322: /app/test/features/goals/presentation/widgets/log_contribution_sheet_test.dart: LogContributionSheet renders                                                                               03:17 +322: loading /app/test/features/goals/presentation/widgets/goal_form_test.dart                                                                                                                  03:17 +322: /app/test/features/goals/presentation/widgets/goal_form_test.dart: GoalForm initializes correctly in "add" mode                                                                            03:18 +322: /app/test/features/goals/presentation/widgets/goal_form_test.dart: GoalForm initializes correctly in "add" mode                                                                            03:18 +322: /app/test/features/goals/presentation/widgets/goal_form_test.dart: GoalForm initializes correctly in "add" mode                                                                            
👻 INFO 2026-03-04 05:44:58.364617 [caller info not available] [GoalForm] initState. Icon: savings_outlined, Date: null
03:19 +323: /app/test/features/goals/presentation/widgets/goal_form_test.dart: GoalForm initializes correctly in "add" mode                                                                            03:19 +323: /app/test/features/goals/presentation/widgets/goal_form_test.dart: GoalForm initializes correctly in "edit" mode                                                                           03:19 +323: /app/test/features/goals/presentation/widgets/goal_form_test.dart: GoalForm initializes correctly in "edit" mode                                                                           
👻 INFO 2026-03-04 05:44:59.286384 [caller info not available] [GoalForm] initState. Icon: savings, Date: 2025-01-01 00:00:00.000
03:19 +324: /app/test/features/goals/presentation/widgets/goal_form_test.dart: GoalForm initializes correctly in "edit" mode                                                                           03:19 +324: /app/test/features/goals/presentation/widgets/goal_form_test.dart: GoalForm onSubmit is called with correct data when form is valid                                                        03:19 +324: /app/test/features/goals/presentation/widgets/goal_form_test.dart: GoalForm onSubmit is called with correct data when form is valid                                                        
👻 INFO 2026-03-04 05:44:59.623870 [caller info not available] [GoalForm] initState. Icon: savings_outlined, Date: null
👻 INFO 2026-03-04 05:44:59.986508 [caller info not available] [GoalForm] Form validated, calling onSubmit.
03:20 +325: /app/test/features/goals/presentation/widgets/goal_card_test.dart: GoalCard renders goal name, amounts, and target date                                                                    03:21 +325: /app/test/features/goals/presentation/widgets/goal_card_test.dart: GoalCard renders goal name, amounts, and target date                                                                    03:21 +326: /app/test/features/goals/presentation/widgets/goal_card_test.dart: GoalCard renders goal name, amounts, and target date                                                                    03:21 +326: /app/test/features/goals/presentation/widgets/goal_card_test.dart: GoalCard onTap callback is called when tapped                                                                           03:21 +327: /app/test/features/goals/presentation/widgets/goal_card_test.dart: GoalCard onTap callback is called when tapped                                                                           03:21 +327: /app/test/features/goals/presentation/widgets/goal_card_test.dart: GoalCard shows achieved chip when goal is achieved                                                                      03:21 +328: /app/test/features/goals/presentation/widgets/goal_card_test.dart: GoalCard shows achieved chip when goal is achieved                                                                      03:22 +328: loading /app/test/features/goals/presentation/widgets/contribution_list_item_test.dart                                                                                                     03:23 +328: loading /app/test/features/goals/presentation/widgets/contribution_list_item_test.dart                                                                                                     03:23 +328: /app/test/features/goals/presentation/widgets/contribution_list_item_test.dart: ContributionListItem renders amount, date, and note                                                        03:24 +328: /app/test/features/goals/presentation/widgets/contribution_list_item_test.dart: ContributionListItem renders amount, date, and note                                                        03:25 +328: /app/test/features/goals/presentation/widgets/contribution_list_item_test.dart: ContributionListItem renders amount, date, and note                                                        03:25 +329: /app/test/features/goals/presentation/widgets/contribution_list_item_test.dart: ContributionListItem renders amount, date, and note                                                        03:25 +329: /app/test/features/goals/presentation/widgets/contribution_list_item_test.dart: ContributionListItem edit button is present                                                                03:25 +330: /app/test/features/goals/presentation/widgets/contribution_list_item_test.dart: ContributionListItem edit button is present                                                                03:25 +330: loading /app/test/features/goals/presentation/pages/goals_sub_tab_test.dart                                                                                                                03:25 +330: /app/test/features/goals/presentation/pages/goals_sub_tab_test.dart: GoalsSubTab shows loading indicator                                                                                   03:26 +330: /app/test/features/goals/presentation/pages/goals_sub_tab_test.dart: GoalsSubTab shows loading indicator                                                                                   03:26 +331: /app/test/features/goals/presentation/pages/goals_sub_tab_test.dart: GoalsSubTab shows loading indicator                                                                                   03:26 +331: /app/test/features/goals/presentation/pages/goals_sub_tab_test.dart: GoalsSubTab shows empty state and handles button tap                                                                  03:27 +331: /app/test/features/goals/presentation/pages/goals_sub_tab_test.dart: GoalsSubTab shows empty state and handles button tap                                                                  03:27 +332: /app/test/features/goals/presentation/pages/goals_sub_tab_test.dart: GoalsSubTab shows empty state and handles button tap                                                                  03:27 +332: /app/test/features/goals/presentation/pages/goals_sub_tab_test.dart: GoalsSubTab renders a list of GoalCards                                                                               03:27 +333: /app/test/features/goals/presentation/pages/goals_sub_tab_test.dart: GoalsSubTab renders a list of GoalCards                                                                               03:27 +333: /app/test/features/goals/presentation/pages/goals_sub_tab_test.dart: GoalsSubTab FAB navigates to add page                                                                                 03:27 +334: /app/test/features/goals/presentation/pages/goals_sub_tab_test.dart: GoalsSubTab FAB navigates to add page                                                                                 03:28 +334: /app/test/features/goals/presentation/pages/goals_sub_tab_test.dart: GoalsSubTab FAB navigates to add page                                                                                 03:28 +334: loading /app/test/features/goals/presentation/pages/goal_detail_page_test.dart                                                                                                             03:28 +334: /app/test/features/goals/presentation/pages/goal_detail_page_test.dart: (setUpAll)                                                                                                         03:28 +334: /app/test/features/goals/presentation/pages/goal_detail_page_test.dart: GoalDetailPage shows loading and then displays details                                                             03:29 +334: /app/test/features/goals/presentation/pages/goal_detail_page_test.dart: GoalDetailPage shows loading and then displays details                                                             03:30 +334: /app/test/features/goals/presentation/pages/goal_detail_page_test.dart: GoalDetailPage shows loading and then displays details                                                             03:30 +334: /app/test/features/goals/presentation/pages/goal_detail_page_test.dart: GoalDetailPage shows loading and then displays details                                                             
👻 INFO 2026-03-04 05:45:10.384524 [caller info not available] [GoalDetail] Loaded 0 contributions.
03:30 +335: /app/test/features/goals/presentation/pages/goal_detail_page_test.dart: GoalDetailPage shows loading and then displays details                                                             03:30 +335: /app/test/features/goals/presentation/pages/goal_detail_page_test.dart: GoalDetailPage tapping Edit button navigates                                                                       03:31 +335: /app/test/features/goals/presentation/pages/goal_detail_page_test.dart: GoalDetailPage tapping Edit button navigates                                                                       03:31 +335: /app/test/features/goals/presentation/pages/goal_detail_page_test.dart: GoalDetailPage tapping Edit button navigates                                                                       
👻 INFO 2026-03-04 05:45:10.827786 [caller info not available] [GoalDetail] Loaded 0 contributions.
03:31 +336: /app/test/features/goals/presentation/pages/add_edit_goal_page_test.dart: AddEditGoalPage renders GoalForm and correct title for "Add" mode                                                03:31 +336: /app/test/features/goals/presentation/pages/goal_detail_page_test.dart: GoalDetailPage tapping Archive shows dialog and dispatches event                                                   
👻 INFO 2026-03-04 05:45:11.112673 [caller info not available] [GoalDetail] Loaded 0 contributions.
03:31 +337: /app/test/features/goals/presentation/pages/add_edit_goal_page_test.dart: AddEditGoalPage renders GoalForm and correct title for "Add" mode                                                03:32 +337: /app/test/features/goals/presentation/pages/add_edit_goal_page_test.dart: AddEditGoalPage renders GoalForm and correct title for "Add" mode                                                03:32 +337: /app/test/features/goals/presentation/pages/add_edit_goal_page_test.dart: AddEditGoalPage renders GoalForm and correct title for "Add" mode                                                
👻 INFO 2026-03-04 05:45:11.970805 [caller info not available] [AddEditGoalPage] Building. Editing: false. Goal: null
👻 INFO 2026-03-04 05:45:12.016766 [caller info not available] [GoalForm] initState. Icon: savings_outlined, Date: null
03:33 +338: /app/test/features/goals/presentation/pages/add_edit_goal_page_test.dart: AddEditGoalPage renders GoalForm and correct title for "Add" mode                                                03:33 +338: /app/test/features/goals/presentation/pages/add_edit_goal_page_test.dart: AddEditGoalPage shows loading indicator when state is loading                                                    03:33 +338: /app/test/features/goals/presentation/pages/add_edit_goal_page_test.dart: AddEditGoalPage shows loading indicator when state is loading                                                    
👻 INFO 2026-03-04 05:45:12.976650 [caller info not available] [AddEditGoalPage] Building. Editing: false. Goal: null
03:33 +339: /app/test/features/goals/presentation/pages/add_edit_goal_page_test.dart: AddEditGoalPage shows loading indicator when state is loading                                                    03:33 +339: /app/test/features/goals/presentation/pages/add_edit_goal_page_test.dart: AddEditGoalPage shows success snackbar when state is success                                                     03:33 +339: /app/test/features/goals/presentation/pages/add_edit_goal_page_test.dart: AddEditGoalPage shows success snackbar when state is success                                                     
👻 INFO 2026-03-04 05:45:13.108060 [caller info not available] [AddEditGoalPage] Building. Editing: false. Goal: null
👻 INFO 2026-03-04 05:45:13.115097 [caller info not available] [GoalForm] initState. Icon: savings_outlined, Date: null
👻 INFO 2026-03-04 05:45:13.199622 [caller info not available] [AddEditGoalPage] Save successful. Popping.
03:33 +340: /app/test/features/goals/presentation/pages/add_edit_goal_page_test.dart: AddEditGoalPage shows success snackbar when state is success                                                     03:34 +340: /app/test/features/goals/presentation/pages/add_edit_goal_page_test.dart: AddEditGoalPage shows success snackbar when state is success                                                     03:35 +340: /app/test/features/goals/presentation/pages/add_edit_goal_page_test.dart: AddEditGoalPage shows success snackbar when state is success                                                     03:35 +340: loading /app/test/features/analytics/domain/usecases/get_expense_summary_test.dart                                                                                                         03:35 +340: /app/test/features/analytics/domain/usecases/get_expense_summary_test.dart: should return ExpenseSummary from the repository when successful                                               03:35 +340: /app/test/features/analytics/domain/usecases/get_expense_summary_test.dart: should return ExpenseSummary from the repository when successful                                               
👻 INFO 2026-03-04 05:45:14.937732 [caller info not available] Executing GetExpenseSummaryUseCase. Start: 2023-01-01 00:00:00.000, End: 2023-01-31 00:00:00.000
👻 INFO 2026-03-04 05:45:14.948673 [caller info not available] [GetExpenseSummaryUseCase] Succeeded. Total: 100.0, Categories: 2
03:35 +341: /app/test/features/analytics/domain/usecases/get_expense_summary_test.dart: should return ExpenseSummary from the repository when successful                                               03:35 +341: /app/test/features/analytics/domain/usecases/get_expense_summary_test.dart: should return Failure from the repository when it fails                                                        03:35 +341: /app/test/features/analytics/domain/usecases/get_expense_summary_test.dart: should return Failure from the repository when it fails                                                        
👻 INFO 2026-03-04 05:45:14.965612 [caller info not available] Executing GetExpenseSummaryUseCase. Start: 2023-01-01 00:00:00.000, End: 2023-01-31 00:00:00.000
⚠️ WARNING 2026-03-04 05:45:14.967260 [caller info not available] [GetExpenseSummaryUseCase] Failed: Server Error
03:35 +342: /app/test/features/analytics/domain/usecases/get_expense_summary_test.dart: should return Failure from the repository when it fails                                                        03:35 +342: loading /app/test/features/analytics/domain/entities/expense_summary_test.dart                                                                                                             03:36 +342: loading /app/test/features/analytics/domain/entities/expense_summary_test.dart                                                                                                             03:36 +342: /app/test/features/analytics/domain/entities/expense_summary_test.dart: ExpenseSummary supports equality                                                                                   03:37 +342: /app/test/features/analytics/domain/entities/expense_summary_test.dart: ExpenseSummary supports equality                                                                                   03:37 +343: /app/test/features/analytics/domain/entities/expense_summary_test.dart: ExpenseSummary supports equality                                                                                   03:37 +343: loading /app/test/features/analytics/presentation/bloc/summary_bloc_test.dart                                                                                                              03:38 +343: loading /app/test/features/analytics/presentation/bloc/summary_bloc_test.dart                                                                                                              03:38 +343: /app/test/features/analytics/presentation/bloc/summary_bloc_test.dart: (setUpAll)                                                                                                          03:38 +343: /app/test/features/analytics/presentation/bloc/summary_bloc_test.dart: initial state is SummaryInitial                                                                                     03:38 +343: /app/test/features/analytics/presentation/bloc/summary_bloc_test.dart: initial state is SummaryInitial                                                                                     
👻 INFO 2026-03-04 05:45:18.661162 [caller info not available] [SummaryBloc] Initialized and subscribed to data changes.
👻 INFO 2026-03-04 05:45:18.671868 [caller info not available] [SummaryBloc] Canceled data change subscription and closing.
03:38 +344: /app/test/features/analytics/presentation/bloc/summary_bloc_test.dart: initial state is SummaryInitial                                                                                     03:38 +344: /app/test/features/analytics/presentation/bloc/summary_bloc_test.dart: LoadSummary emits [SummaryLoading, SummaryLoaded] when usecase succeeds                                             03:38 +344: /app/test/features/analytics/presentation/bloc/summary_bloc_test.dart: LoadSummary emits [SummaryLoading, SummaryLoaded] when usecase succeeds                                             
👻 INFO 2026-03-04 05:45:18.695023 [caller info not available] [SummaryBloc] Initialized and subscribed to data changes.
👻 INFO 2026-03-04 05:45:18.738013 [caller info not available] [SummaryBloc] Received LoadSummary event (forceReload: false, updateFilters: true). Current state: SummaryInitial
👻 INFO 2026-03-04 05:45:18.741113 [caller info not available] [SummaryBloc] Filters updated from event: Start=null, End=null
👻 INFO 2026-03-04 05:45:18.751861 [caller info not available] [SummaryBloc] Emitting SummaryLoading (isReloading: false).
👻 INFO 2026-03-04 05:45:18.752549 [caller info not available] [SummaryBloc] Calling GetExpenseSummaryUseCase with params: Start=null, End=null
👻 INFO 2026-03-04 05:45:18.765471 [caller info not available] [SummaryBloc] GetExpenseSummaryUseCase returned. isLeft: false
👻 INFO 2026-03-04 05:45:18.766954 [caller info not available] [SummaryBloc] Load successful. Emitting SummaryLoaded.
👻 INFO 2026-03-04 05:45:18.768979 [caller info not available] [SummaryBloc] Canceled data change subscription and closing.
👻 INFO 2026-03-04 05:45:18.777123 [caller info not available] [SummaryBloc] Canceled data change subscription and closing.
03:38 +345: /app/test/features/analytics/presentation/bloc/summary_bloc_test.dart: LoadSummary emits [SummaryLoading, SummaryLoaded] when usecase succeeds                                             03:38 +345: /app/test/features/analytics/presentation/bloc/summary_bloc_test.dart: LoadSummary emits [SummaryLoading, SummaryError] when usecase fails                                                 03:38 +345: /app/test/features/analytics/presentation/bloc/summary_bloc_test.dart: LoadSummary emits [SummaryLoading, SummaryError] when usecase fails                                                 
👻 INFO 2026-03-04 05:45:18.783808 [caller info not available] [SummaryBloc] Initialized and subscribed to data changes.
👻 INFO 2026-03-04 05:45:18.786224 [caller info not available] [SummaryBloc] Received LoadSummary event (forceReload: false, updateFilters: true). Current state: SummaryInitial
👻 INFO 2026-03-04 05:45:18.788280 [caller info not available] [SummaryBloc] Filters updated from event: Start=null, End=null
👻 INFO 2026-03-04 05:45:18.788845 [caller info not available] [SummaryBloc] Emitting SummaryLoading (isReloading: false).
👻 INFO 2026-03-04 05:45:18.789253 [caller info not available] [SummaryBloc] Calling GetExpenseSummaryUseCase with params: Start=null, End=null
👻 INFO 2026-03-04 05:45:18.791609 [caller info not available] [SummaryBloc] GetExpenseSummaryUseCase returned. isLeft: true
⚠️ WARNING 2026-03-04 05:45:18.792377 [caller info not available] [SummaryBloc] Load failed: Server Error. Emitting SummaryError.
⚠️ WARNING 2026-03-04 05:45:18.793474 [caller info not available] [SummaryBloc] Mapping failure: ServerFailure - Server Error
👻 INFO 2026-03-04 05:45:18.794747 [caller info not available] [SummaryBloc] Canceled data change subscription and closing.
👻 INFO 2026-03-04 05:45:18.796920 [caller info not available] [SummaryBloc] Canceled data change subscription and closing.
03:39 +346: /app/test/features/analytics/presentation/bloc/summary_bloc_test.dart: LoadSummary emits [SummaryLoading, SummaryError] when usecase fails                                                 03:39 +346: /app/test/features/analytics/presentation/bloc/summary_bloc_test.dart: LoadSummary emits [SummaryLoading, SummaryLoaded] with isReloading=true when already loaded and forced              03:39 +346: /app/test/features/analytics/presentation/bloc/summary_bloc_test.dart: LoadSummary emits [SummaryLoading, SummaryLoaded] with isReloading=true when already loaded and forced              
👻 INFO 2026-03-04 05:45:18.804316 [caller info not available] [SummaryBloc] Initialized and subscribed to data changes.
👻 INFO 2026-03-04 05:45:18.805718 [caller info not available] [SummaryBloc] Received LoadSummary event (forceReload: true, updateFilters: true). Current state: SummaryLoaded
👻 INFO 2026-03-04 05:45:18.806130 [caller info not available] [SummaryBloc] Filters updated from event: Start=null, End=null
👻 INFO 2026-03-04 05:45:18.806514 [caller info not available] [SummaryBloc] Emitting SummaryLoading (isReloading: false).
👻 INFO 2026-03-04 05:45:18.806865 [caller info not available] [SummaryBloc] Calling GetExpenseSummaryUseCase with params: Start=null, End=null
👻 INFO 2026-03-04 05:45:18.807565 [caller info not available] [SummaryBloc] GetExpenseSummaryUseCase returned. isLeft: false
👻 INFO 2026-03-04 05:45:18.807848 [caller info not available] [SummaryBloc] Load successful. Emitting SummaryLoaded.
👻 INFO 2026-03-04 05:45:18.808344 [caller info not available] [SummaryBloc] Canceled data change subscription and closing.
👻 INFO 2026-03-04 05:45:18.809511 [caller info not available] [SummaryBloc] Canceled data change subscription and closing.
03:39 +347: /app/test/features/analytics/presentation/bloc/summary_bloc_test.dart: LoadSummary emits [SummaryLoading, SummaryLoaded] with isReloading=true when already loaded and forced              03:39 +347: /app/test/features/analytics/presentation/bloc/summary_bloc_test.dart: DataChangedEvent triggers reload when expense data changes                                                          03:39 +347: /app/test/features/analytics/presentation/bloc/summary_bloc_test.dart: DataChangedEvent triggers reload when expense data changes                                                          
👻 INFO 2026-03-04 05:45:18.815776 [caller info not available] [SummaryBloc] Initialized and subscribed to data changes.
👻 INFO 2026-03-04 05:45:18.836243 [caller info not available] [SummaryBloc] Relevant DataChangedEvent: DataChangedEvent(type: DataChangeType.expense, reason: DataChangeReason.updated). Triggering reload.
👻 INFO 2026-03-04 05:45:18.837250 [caller info not available] [SummaryBloc] Handling _DataChanged event. Dispatching LoadSummary with current filters.
👻 INFO 2026-03-04 05:45:18.838247 [caller info not available] [SummaryBloc] Received LoadSummary event (forceReload: true, updateFilters: false). Current state: SummaryInitial
👻 INFO 2026-03-04 05:45:18.838698 [caller info not available] [SummaryBloc] Emitting SummaryLoading (isReloading: false).
👻 INFO 2026-03-04 05:45:18.839033 [caller info not available] [SummaryBloc] Calling GetExpenseSummaryUseCase with params: Start=null, End=null
👻 INFO 2026-03-04 05:45:18.841099 [caller info not available] [SummaryBloc] GetExpenseSummaryUseCase returned. isLeft: false
👻 INFO 2026-03-04 05:45:18.841413 [caller info not available] [SummaryBloc] Load successful. Emitting SummaryLoaded.
👻 INFO 2026-03-04 05:45:18.849091 [caller info not available] [SummaryBloc] Canceled data change subscription and closing.
03:39 +348: /app/test/features/analytics/presentation/bloc/summary_bloc_test.dart: DataChangedEvent triggers reload when expense data changes                                                          03:39 +348: /app/test/features/analytics/presentation/bloc/summary_bloc_test.dart: DataChangedEvent triggers ResetState when system reset happens                                                      03:39 +348: /app/test/features/analytics/presentation/bloc/summary_bloc_test.dart: DataChangedEvent triggers ResetState when system reset happens                                                      
👻 INFO 2026-03-04 05:45:18.855534 [caller info not available] [SummaryBloc] Initialized and subscribed to data changes.
👻 INFO 2026-03-04 05:45:18.859942 [caller info not available] [SummaryBloc] System Reset event received. Adding ResetState.
👻 INFO 2026-03-04 05:45:18.861194 [caller info not available] [SummaryBloc] Resetting state to initial.
👻 INFO 2026-03-04 05:45:18.862367 [caller info not available] [SummaryBloc] Received LoadSummary event (forceReload: false, updateFilters: true). Current state: SummaryInitial
👻 INFO 2026-03-04 05:45:18.862930 [caller info not available] [SummaryBloc] Filters updated from event: Start=null, End=null
👻 INFO 2026-03-04 05:45:18.863878 [caller info not available] [SummaryBloc] Emitting SummaryLoading (isReloading: false).
👻 INFO 2026-03-04 05:45:18.864168 [caller info not available] [SummaryBloc] Calling GetExpenseSummaryUseCase with params: Start=null, End=null
👻 INFO 2026-03-04 05:45:18.864976 [caller info not available] [SummaryBloc] GetExpenseSummaryUseCase returned. isLeft: false
👻 INFO 2026-03-04 05:45:18.865209 [caller info not available] [SummaryBloc] Load successful. Emitting SummaryLoaded.
👻 INFO 2026-03-04 05:45:18.867028 [caller info not available] [SummaryBloc] Canceled data change subscription and closing.
03:39 +349: /app/test/features/analytics/presentation/bloc/summary_bloc_test.dart: DataChangedEvent triggers ResetState when system reset happens                                                      03:39 +349: /app/test/features/analytics/presentation/bloc/summary_bloc_test.dart: (tearDownAll)                                                                                                       03:40 +349: /app/test/features/analytics/presentation/bloc/summary_bloc_test.dart: (tearDownAll)                                                                                                       03:40 +349: loading /app/test/features/analytics/presentation/widgets/stitch/budget_adherence_card_test.dart                                                                                           03:40 +349: /app/test/features/analytics/presentation/widgets/stitch/budget_adherence_card_test.dart: BudgetAdherenceCard renders correctly                                                            03:41 +349: /app/test/features/analytics/presentation/widgets/stitch/budget_adherence_card_test.dart: BudgetAdherenceCard renders correctly                                                            03:41 +350: /app/test/features/analytics/presentation/widgets/stitch/budget_adherence_card_test.dart: BudgetAdherenceCard renders correctly                                                            03:42 +350: /app/test/features/analytics/presentation/widgets/stitch/budget_adherence_card_test.dart: BudgetAdherenceCard renders correctly                                                            03:43 +350: /app/test/features/analytics/presentation/widgets/stitch/budget_adherence_card_test.dart: BudgetAdherenceCard renders correctly                                                            03:43 +350: loading /app/test/features/analytics/presentation/widgets/stitch/spending_trends_chart_test.dart                                                                                           03:43 +350: /app/test/features/analytics/presentation/widgets/stitch/spending_trends_chart_test.dart: SpendingTrendsChart renders correctly                                                            03:44 +351: /app/test/features/analytics/presentation/widgets/stitch/spending_trends_chart_test.dart: SpendingTrendsChart renders correctly                                                            03:45 +351: /app/test/features/analytics/presentation/widgets/stitch/spending_trends_chart_test.dart: SpendingTrendsChart renders correctly                                                            03:45 +351: loading /app/test/features/analytics/presentation/widgets/stitch/top_categories_list_test.dart                                                                                             03:45 +351: /app/test/features/analytics/presentation/widgets/stitch/top_categories_list_test.dart: TopCategoriesList renders correctly                                                                03:45 +352: /app/test/features/analytics/presentation/widgets/stitch/top_categories_list_test.dart: TopCategoriesList renders correctly                                                                03:46 +352: /app/test/features/analytics/presentation/widgets/stitch/top_categories_list_test.dart: TopCategoriesList renders correctly                                                                03:47 +352: /app/test/features/analytics/presentation/widgets/stitch/top_categories_list_test.dart: TopCategoriesList renders correctly                                                                03:47 +352: loading /app/test/features/analytics/presentation/widgets/summary_card_test.dart                                                                                                           03:47 +352: /app/test/features/analytics/presentation/widgets/summary_card_test.dart: SummaryCard renders loading state                                                                                03:48 +352: /app/test/features/analytics/presentation/widgets/summary_card_test.dart: SummaryCard renders loading state                                                                                03:48 +352: /app/test/features/analytics/presentation/widgets/summary_card_test.dart: SummaryCard renders loading state                                                                                
👻 INFO 2026-03-04 05:45:28.638327 [caller info not available] [SummaryCard] BlocBuilder running for state: SummaryInitial
👻 INFO 2026-03-04 05:45:28.642193 [caller info not available] [SummaryCard UI] State is SummaryInitial or Unknown. Showing loading indicator.
👻 INFO 2026-03-04 05:45:28.796377 [caller info not available] [SummaryCard] BlocBuilder running for state: SummaryInitial
👻 INFO 2026-03-04 05:45:28.796939 [caller info not available] [SummaryCard UI] State is SummaryInitial or Unknown. Showing loading indicator.
03:49 +353: /app/test/features/analytics/presentation/widgets/summary_card_test.dart: SummaryCard renders loading state                                                                                03:49 +353: /app/test/features/analytics/presentation/widgets/summary_card_test.dart: SummaryCard renders loaded state with categories                                                                 03:49 +353: /app/test/features/analytics/presentation/widgets/summary_card_test.dart: SummaryCard renders loaded state with categories                                                                 
👻 INFO 2026-03-04 05:45:28.954309 [caller info not available] [SummaryCard] BlocBuilder running for state: SummaryLoaded
👻 INFO 2026-03-04 05:45:28.954774 [caller info not available] [SummaryCard UI] State is SummaryLoaded or reloading. Building card content.
👻 INFO 2026-03-04 05:45:29.011623 [caller info not available] [SummaryCard] BlocBuilder running for state: SummaryLoaded
👻 INFO 2026-03-04 05:45:29.012149 [caller info not available] [SummaryCard UI] State is SummaryLoaded or reloading. Building card content.
03:49 +354: /app/test/features/analytics/presentation/widgets/summary_card_test.dart: SummaryCard renders loaded state with categories                                                                 03:49 +354: loading /app/test/features/expenses/data/expense_local_data_source_test.dart                                                                                                               03:49 +354: /app/test/features/expenses/data/expense_local_data_source_test.dart: applies filters in HiveExpenseLocalDataSource                                                                        03:49 +354: /app/test/features/expenses/data/expense_local_data_source_test.dart: applies filters in HiveExpenseLocalDataSource                                                                        
👻 INFO 2026-03-04 05:45:29.439144 [caller info not available] Retrieved 1 expenses from Hive after applying filters.
03:49 +355: /app/test/features/expenses/data/expense_local_data_source_test.dart: applies filters in HiveExpenseLocalDataSource                                                                        03:50 +355: /app/test/features/expenses/data/expense_local_data_source_test.dart: applies filters in HiveExpenseLocalDataSource                                                                        03:51 +355: loading /app/test/features/expenses/data/datasources/expense_local_data_source_test.dart                                                                                                   03:52 +355: loading /app/test/features/expenses/data/datasources/expense_local_data_source_test.dart                                                                                                   03:52 +355: /app/test/features/expenses/data/datasources/expense_local_data_source_test.dart: (setUpAll)                                                                                               03:52 +355: /app/test/features/expenses/data/datasources/expense_local_data_source_test.dart: addExpense should add expense to Hive box                                                                03:53 +355: /app/test/features/expenses/data/datasources/expense_local_data_source_test.dart: addExpense should add expense to Hive box                                                                03:53 +355: /app/test/features/expenses/data/datasources/expense_local_data_source_test.dart: addExpense should add expense to Hive box                                                                
👻 INFO 2026-03-04 05:45:32.806841 [caller info not available] Added expense 'Test Expense' (ID: 1) to Hive.
03:53 +356: /app/test/features/expenses/data/datasources/expense_local_data_source_test.dart: addExpense should add expense to Hive box                                                                03:53 +356: /app/test/features/expenses/data/datasources/expense_local_data_source_test.dart: addExpense should throw CacheFailure when adding fails                                                   03:53 +356: /app/test/features/expenses/data/datasources/expense_local_data_source_test.dart: addExpense should throw CacheFailure when adding fails                                                   
‼️ SEVERE 2026-03-04 05:45:32.826272 [caller info not available] Failed to add expense 'Test Expense' to cacheException: Hive Error#0      When.thenThrow.<anonymous closure> (package:mocktail/src/mocktail.dart:249:7)
#1      Mock.noSuchMethod (package:mocktail/src/mocktail.dart:131:37)
#2      MockBox.put (file:///app/test/features/expenses/data/datasources/expense_local_data_source_test.dart:8:7)
#3      HiveExpenseLocalDataSource.addExpense (package:expense_tracker/features/expenses/data/datasources/expense_local_data_source.dart:28:24)
#4      main.<anonymous closure>.<anonymous closure>.<anonymous closure> (file:///app/test/features/expenses/data/datasources/expense_local_data_source_test.dart:54:26)
#5      Throws.matchAsync (package:matcher/src/expect/throws_matcher.dart:86:23)
#6      _expect (package:matcher/src/expect/expect.dart:109:26)
#7      expectLater (package:matcher/src/expect/expect.dart:73:5)
#8      expectLater (package:flutter_test/src/widget_tester.dart:507:8)
#9      main.<anonymous closure>.<anonymous closure> (file:///app/test/features/expenses/data/datasources/expense_local_data_source_test.dart:53:13)
#10     Declarer.test.<anonymous closure>.<anonymous closure> (package:test_api/src/backend/declarer.dart:242:19)
<asynchronous suspension>
#11     Declarer.test.<anonymous closure> (package:test_api/src/backend/declarer.dart:240:7)
<asynchronous suspension>
#12     Invoker._waitForOutstandingCallbacks.<anonymous closure> (package:test_api/src/backend/invoker.dart:282:9)
<asynchronous suspension>

03:53 +357: /app/test/features/expenses/data/datasources/expense_local_data_source_test.dart: addExpense should throw CacheFailure when adding fails                                                   03:53 +357: /app/test/features/expenses/data/datasources/expense_local_data_source_test.dart: deleteExpense should delete expense from Hive box                                                        03:53 +357: /app/test/features/expenses/data/datasources/expense_local_data_source_test.dart: deleteExpense should delete expense from Hive box                                                        
👻 INFO 2026-03-04 05:45:32.839297 [caller info not available] Deleted expense (ID: 1) from Hive.
03:53 +358: /app/test/features/expenses/data/datasources/expense_local_data_source_test.dart: deleteExpense should delete expense from Hive box                                                        03:53 +358: /app/test/features/expenses/data/datasources/expense_local_data_source_test.dart: deleteExpense should throw CacheFailure when deletion fails                                              03:53 +358: /app/test/features/expenses/data/datasources/expense_local_data_source_test.dart: deleteExpense should throw CacheFailure when deletion fails                                              
‼️ SEVERE 2026-03-04 05:45:32.845522 [caller info not available] Failed to delete expense (ID: 1) from cacheException: Hive Error#0      When.thenThrow.<anonymous closure> (package:mocktail/src/mocktail.dart:249:7)
#1      Mock.noSuchMethod (package:mocktail/src/mocktail.dart:131:37)
#2      MockBox.delete (file:///app/test/features/expenses/data/datasources/expense_local_data_source_test.dart:8:7)
#3      HiveExpenseLocalDataSource.deleteExpense (package:expense_tracker/features/expenses/data/datasources/expense_local_data_source.dart:40:24)
#4      main.<anonymous closure>.<anonymous closure>.<anonymous closure> (file:///app/test/features/expenses/data/datasources/expense_local_data_source_test.dart:78:26)
#5      Throws.matchAsync (package:matcher/src/expect/throws_matcher.dart:86:23)
#6      _expect (package:matcher/src/expect/expect.dart:109:26)
#7      expectLater (package:matcher/src/expect/expect.dart:73:5)
#8      expectLater (package:flutter_test/src/widget_tester.dart:507:8)
#9      main.<anonymous closure>.<anonymous closure> (file:///app/test/features/expenses/data/datasources/expense_local_data_source_test.dart:77:13)
#10     Declarer.test.<anonymous closure>.<anonymous closure> (package:test_api/src/backend/declarer.dart:242:19)
<asynchronous suspension>
#11     Declarer.test.<anonymous closure> (package:test_api/src/backend/declarer.dart:240:7)
<asynchronous suspension>
#12     Invoker._waitForOutstandingCallbacks.<anonymous closure> (package:test_api/src/backend/invoker.dart:282:9)
<asynchronous suspension>

03:53 +359: /app/test/features/expenses/data/datasources/expense_local_data_source_test.dart: deleteExpense should throw CacheFailure when deletion fails                                              03:53 +359: /app/test/features/expenses/data/datasources/expense_local_data_source_test.dart: getExpenses should return all expenses when no filters                                                   03:53 +359: /app/test/features/expenses/data/datasources/expense_local_data_source_test.dart: getExpenses should return all expenses when no filters                                                   
👻 INFO 2026-03-04 05:45:32.852815 [caller info not available] Retrieved 1 expenses from Hive after applying filters.
03:53 +360: /app/test/features/expenses/data/datasources/expense_local_data_source_test.dart: getExpenses should return all expenses when no filters                                                   03:53 +360: /app/test/features/expenses/data/datasources/expense_local_data_source_test.dart: getExpenses should return filtered expenses by date                                                      03:53 +360: /app/test/features/expenses/data/datasources/expense_local_data_source_test.dart: getExpenses should return filtered expenses by date                                                      
👻 INFO 2026-03-04 05:45:32.862174 [caller info not available] Retrieved 1 expenses from Hive after applying filters.
03:53 +361: /app/test/features/expenses/data/datasources/expense_local_data_source_test.dart: getExpenses should return filtered expenses by date                                                      03:53 +361: /app/test/features/expenses/data/datasources/expense_local_data_source_test.dart: getExpenses should throw CacheFailure when retrieval fails                                               03:53 +361: /app/test/features/expenses/data/datasources/expense_local_data_source_test.dart: getExpenses should throw CacheFailure when retrieval fails                                               
‼️ SEVERE 2026-03-04 05:45:32.881906 [caller info not available] Failed to get expenses from cacheException: Hive Error#0      When.thenThrow.<anonymous closure> (package:mocktail/src/mocktail.dart:249:7)
#1      Mock.noSuchMethod (package:mocktail/src/mocktail.dart:131:37)
#2      MockBox.values (file:///app/test/features/expenses/data/datasources/expense_local_data_source_test.dart:8:7)
#3      HiveExpenseLocalDataSource.getExpenses (package:expense_tracker/features/expenses/data/datasources/expense_local_data_source.dart:73:40)
#4      main.<anonymous closure>.<anonymous closure>.<anonymous closure> (file:///app/test/features/expenses/data/datasources/expense_local_data_source_test.dart:123:26)
#5      Throws.matchAsync (package:matcher/src/expect/throws_matcher.dart:86:23)
#6      _expect (package:matcher/src/expect/expect.dart:109:26)
#7      expectLater (package:matcher/src/expect/expect.dart:73:5)
#8      expectLater (package:flutter_test/src/widget_tester.dart:507:8)
#9      main.<anonymous closure>.<anonymous closure> (file:///app/test/features/expenses/data/datasources/expense_local_data_source_test.dart:122:13)
#10     Declarer.test.<anonymous closure>.<anonymous closure> (package:test_api/src/backend/declarer.dart:242:19)
<asynchronous suspension>
#11     Declarer.test.<anonymous closure> (package:test_api/src/backend/declarer.dart:240:7)
<asynchronous suspension>
#12     Invoker._waitForOutstandingCallbacks.<anonymous closure> (package:test_api/src/backend/invoker.dart:282:9)
<asynchronous suspension>

03:53 +362: /app/test/features/expenses/data/datasources/expense_local_data_source_test.dart: getExpenses should throw CacheFailure when retrieval fails                                               03:53 +362: /app/test/features/expenses/data/datasources/expense_local_data_source_test.dart: getExpenseById should return expense when found                                                          03:53 +363: /app/test/features/expenses/data/datasources/expense_local_data_source_test.dart: getExpenseById should return expense when found                                                          03:53 +363: /app/test/features/expenses/data/datasources/expense_local_data_source_test.dart: getExpenseById should return null when not found                                                         03:53 +363: /app/test/features/expenses/data/datasources/expense_local_data_source_test.dart: getExpenseById should return null when not found                                                         
⚠️ WARNING 2026-03-04 05:45:32.906332 [caller info not available] Expense with ID 1 not found in Hive.
03:53 +364: /app/test/features/expenses/data/datasources/expense_local_data_source_test.dart: getExpenseById should return null when not found                                                         03:53 +364: /app/test/features/expenses/data/datasources/expense_local_data_source_test.dart: getExpenseById should throw CacheFailure when retrieval fails                                            03:53 +364: /app/test/features/expenses/data/datasources/expense_local_data_source_test.dart: getExpenseById should throw CacheFailure when retrieval fails                                            
‼️ SEVERE 2026-03-04 05:45:32.915449 [caller info not available] Failed to get expense by ID 1 from cacheException: Hive Error#0      When.thenThrow.<anonymous closure> (package:mocktail/src/mocktail.dart:249:7)
#1      Mock.noSuchMethod (package:mocktail/src/mocktail.dart:131:37)
#2      MockBox.get (file:///app/test/features/expenses/data/datasources/expense_local_data_source_test.dart:8:7)
#3      HiveExpenseLocalDataSource.getExpenseById (package:expense_tracker/features/expenses/data/datasources/expense_local_data_source.dart:105:34)
#4      main.<anonymous closure>.<anonymous closure>.<anonymous closure> (file:///app/test/features/expenses/data/datasources/expense_local_data_source_test.dart:159:26)
#5      Throws.matchAsync (package:matcher/src/expect/throws_matcher.dart:86:23)
#6      _expect (package:matcher/src/expect/expect.dart:109:26)
#7      expectLater (package:matcher/src/expect/expect.dart:73:5)
#8      expectLater (package:flutter_test/src/widget_tester.dart:507:8)
#9      main.<anonymous closure>.<anonymous closure> (file:///app/test/features/expenses/data/datasources/expense_local_data_source_test.dart:158:13)
#10     Declarer.test.<anonymous closure>.<anonymous closure> (package:test_api/src/backend/declarer.dart:242:19)
<asynchronous suspension>
#11     Declarer.test.<anonymous closure> (package:test_api/src/backend/declarer.dart:240:7)
<asynchronous suspension>
#12     Invoker._waitForOutstandingCallbacks.<anonymous closure> (package:test_api/src/backend/invoker.dart:282:9)
<asynchronous suspension>

03:53 +365: /app/test/features/expenses/data/datasources/expense_local_data_source_test.dart: getExpenseById should throw CacheFailure when retrieval fails                                            03:53 +365: /app/test/features/expenses/data/datasources/expense_local_data_source_test.dart: updateExpense should update expense if it exists                                                         03:53 +365: /app/test/features/expenses/data/datasources/expense_local_data_source_test.dart: updateExpense should update expense if it exists                                                         
👻 INFO 2026-03-04 05:45:32.935190 [caller info not available] Updated expense 'Test Expense' (ID: 1) in Hive.
03:53 +366: /app/test/features/expenses/data/datasources/expense_local_data_source_test.dart: updateExpense should update expense if it exists                                                         03:53 +366: /app/test/features/expenses/data/datasources/expense_local_data_source_test.dart: updateExpense should throw CacheFailure if expense does not exist                                        03:53 +366: /app/test/features/expenses/data/datasources/expense_local_data_source_test.dart: updateExpense should throw CacheFailure if expense does not exist                                        
⚠️ WARNING 2026-03-04 05:45:32.941107 [caller info not available] Attempted to update non-existent expense ID: 1
03:53 +367: /app/test/features/expenses/data/datasources/expense_local_data_source_test.dart: updateExpense should throw CacheFailure if expense does not exist                                        03:53 +367: /app/test/features/expenses/data/datasources/expense_local_data_source_test.dart: clearAll should clear Hive box                                                                           03:53 +367: /app/test/features/expenses/data/datasources/expense_local_data_source_test.dart: clearAll should clear Hive box                                                                           
👻 INFO 2026-03-04 05:45:32.951149 [caller info not available] Cleared expenses box in Hive (0 items removed).
03:53 +368: /app/test/features/expenses/data/datasources/expense_local_data_source_test.dart: clearAll should clear Hive box                                                                           03:53 +368: /app/test/features/expenses/data/datasources/expense_local_data_source_test.dart: (tearDownAll)                                                                                            03:53 +368: loading /app/test/features/expenses/data/datasources/expense_local_data_source_proxy_test.dart                                                                                             03:53 +368: /app/test/features/expenses/data/datasources/expense_local_data_source_proxy_test.dart: (setUpAll)                                                                                         03:53 +368: /app/test/features/expenses/data/datasources/expense_local_data_source_proxy_test.dart: addExpense should forward to Hive when demo mode is inactive                                       03:53 +369: /app/test/features/expenses/data/datasources/expense_local_data_source_proxy_test.dart: addExpense should forward to Hive when demo mode is inactive                                       03:53 +369: /app/test/features/expenses/data/datasources/expense_local_data_source_proxy_test.dart: addExpense should forward to DemoService when demo mode is active                                  03:53 +370: /app/test/features/expenses/data/datasources/expense_local_data_source_proxy_test.dart: addExpense should forward to DemoService when demo mode is active                                  03:53 +370: /app/test/features/expenses/data/datasources/expense_local_data_source_proxy_test.dart: (tearDownAll)                                                                                      03:54 +370: /app/test/features/expenses/data/datasources/expense_local_data_source_proxy_test.dart: (tearDownAll)                                                                                      03:55 +370: /app/test/features/expenses/data/datasources/expense_local_data_source_proxy_test.dart: (tearDownAll)                                                                                      03:55 +370: loading /app/test/features/expenses/data/models/expense_model_test.dart                                                                                                                    03:56 +370: loading /app/test/features/expenses/data/models/expense_model_test.dart                                                                                                                    03:56 +370: /app/test/features/expenses/data/models/expense_model_test.dart: ExpenseModel toRpcJson generates correct payload                                                                          03:56 +371: /app/test/features/expenses/data/models/expense_model_test.dart: ExpenseModel toRpcJson generates correct payload                                                                          03:56 +371: /app/test/features/expenses/data/models/expense_model_test.dart: ExpenseModel fromEntity creates correct model                                                                             03:56 +372: /app/test/features/expenses/data/models/expense_model_test.dart: ExpenseModel fromEntity creates correct model                                                                             03:56 +372: /app/test/features/expenses/data/models/expense_model_test.dart: ExpenseModel toEntity creates correct entity                                                                              03:56 +373: /app/test/features/expenses/data/models/expense_model_test.dart: ExpenseModel toEntity creates correct entity                                                                              03:57 +373: /app/test/features/expenses/data/models/expense_model_test.dart: ExpenseModel toEntity creates correct entity                                                                              03:57 +373: loading /app/test/features/expenses/data/repositories/expense_repository_impl_test.dart                                                                                                    03:57 +373: /app/test/features/expenses/data/repositories/expense_repository_impl_test.dart: (setUpAll)                                                                                                03:57 +373: /app/test/features/expenses/data/repositories/expense_repository_impl_test.dart: createExpenseTransaction should call Supabase RPC and return updated expense on success                   03:57 +373: /app/test/features/expenses/data/repositories/expense_repository_impl_test.dart: createExpenseTransaction should call Supabase RPC and return updated expense on success                   
👻 INFO 2026-03-04 05:45:37.359784 [caller info not available] [ExpenseRepo] creating expense transaction via RPC
👻 INFO 2026-03-04 05:45:37.363408 [caller info not available] [ExpenseRepo] Validating splits locally...
👻 INFO 2026-03-04 05:45:37.368931 [caller info not available] [ExpenseRepo] Calling create_expense_transaction RPC...
👻 INFO 2026-03-04 05:45:37.375376 [caller info not available] [ExpenseRepo] RPC success. New ID: new-uuid
03:57 +374: /app/test/features/expenses/data/repositories/expense_repository_impl_test.dart: createExpenseTransaction should call Supabase RPC and return updated expense on success                   03:57 +374: /app/test/features/expenses/data/repositories/expense_repository_impl_test.dart: createExpenseTransaction should return Failure when validation fails locally                              03:57 +374: /app/test/features/expenses/data/repositories/expense_repository_impl_test.dart: createExpenseTransaction should return Failure when validation fails locally                              
👻 INFO 2026-03-04 05:45:37.390217 [caller info not available] [ExpenseRepo] creating expense transaction via RPC
👻 INFO 2026-03-04 05:45:37.390526 [caller info not available] [ExpenseRepo] Validating splits locally...
👻 INFO 2026-03-04 05:45:37.391024 [caller info not available] [ExpenseRepo] Calling create_expense_transaction RPC...
‼️ SEVERE 2026-03-04 05:45:37.392469 [caller info not available] [ExpenseRepo] Unexpected error in transaction: type 'Null' is not a subtype of type 'PostgrestFilterBuilder<String>'
#0      MockSupabaseClient.rpc (file:///app/test/features/expenses/data/repositories/expense_repository_impl_test.dart:17:7)
#1      ExpenseRepositoryImpl.createExpenseTransaction (package:expense_tracker/features/expenses/data/repositories/expense_repository_impl.dart:313:53)
#2      main.<anonymous closure>.<anonymous closure> (file:///app/test/features/expenses/data/repositories/expense_repository_impl_test.dart:126:39)
#3      Declarer.test.<anonymous closure>.<anonymous closure> (package:test_api/src/backend/declarer.dart:242:19)
<asynchronous suspension>
#4      Declarer.test.<anonymous closure> (package:test_api/src/backend/declarer.dart:240:7)
<asynchronous suspension>
#5      Invoker._waitForOutstandingCallbacks.<anonymous closure> (package:test_api/src/backend/invoker.dart:282:9)
<asynchronous suspension>

03:57 +375: /app/test/features/expenses/data/repositories/expense_repository_impl_test.dart: createExpenseTransaction should return Failure when validation fails locally                              03:57 +375: /app/test/features/expenses/data/repositories/expense_repository_impl_test.dart: createExpenseTransaction should return Failure when RPC fails                                             03:57 +375: /app/test/features/expenses/data/repositories/expense_repository_impl_test.dart: createExpenseTransaction should return Failure when RPC fails                                             
👻 INFO 2026-03-04 05:45:37.406890 [caller info not available] [ExpenseRepo] creating expense transaction via RPC
👻 INFO 2026-03-04 05:45:37.407677 [caller info not available] [ExpenseRepo] Validating splits locally...
👻 INFO 2026-03-04 05:45:37.408132 [caller info not available] [ExpenseRepo] Calling create_expense_transaction RPC...
‼️ SEVERE 2026-03-04 05:45:37.408995 [caller info not available] [ExpenseRepo] RPC Failed: RPC Error
03:57 +376: /app/test/features/expenses/data/repositories/expense_repository_impl_test.dart: createExpenseTransaction should return Failure when RPC fails                                             03:57 +376: /app/test/features/expenses/data/repositories/expense_repository_impl_test.dart: (tearDownAll)                                                                                             03:58 +376: /app/test/features/expenses/data/repositories/expense_repository_impl_test.dart: (tearDownAll)                                                                                             03:58 +376: loading /app/test/features/expenses/data/repositories/expense_repository_impl_legacy_test.dart                                                                                             03:59 +376: loading /app/test/features/expenses/data/repositories/expense_repository_impl_legacy_test.dart                                                                                             04:00 +376: loading /app/test/features/expenses/data/repositories/expense_repository_impl_legacy_test.dart                                                                                             04:00 +376: /app/test/features/expenses/data/repositories/expense_repository_impl_legacy_test.dart: returns sorted expenses from data source                                                           04:00 +376: /app/test/features/expenses/data/repositories/expense_repository_impl_legacy_test.dart: returns sorted expenses from data source                                                           
👻 INFO 2026-03-04 05:45:40.463124 [caller info not available] [ExpenseRepo] Getting expense models. Filters: AccID=a1
04:00 +377: /app/test/features/expenses/data/repositories/expense_repository_impl_legacy_test.dart: returns sorted expenses from data source                                                           04:00 +377: /app/test/features/expenses/data/repositories/expense_repository_impl_legacy_test.dart: propagates CacheFailure from data source                                                           04:00 +377: /app/test/features/expenses/data/repositories/expense_repository_impl_legacy_test.dart: propagates CacheFailure from data source                                                           
👻 INFO 2026-03-04 05:45:40.501694 [caller info not available] [ExpenseRepo] Getting expense models. Filters: AccID=null
⚠️ WARNING 2026-03-04 05:45:40.503119 [caller info not available] [ExpenseRepo] CacheFailure getting expense models: cache error
04:00 +378: /app/test/features/expenses/data/repositories/expense_repository_impl_legacy_test.dart: propagates CacheFailure from data source                                                           04:00 +378: /app/test/features/expenses/data/repositories/expense_repository_impl_legacy_test.dart: passes category filter to data source                                                              04:00 +378: /app/test/features/expenses/data/repositories/expense_repository_impl_legacy_test.dart: passes category filter to data source                                                              
👻 INFO 2026-03-04 05:45:40.510164 [caller info not available] [ExpenseRepo] Getting expense models. Filters: AccID=null
04:00 +379: /app/test/features/expenses/data/repositories/expense_repository_impl_legacy_test.dart: passes category filter to data source                                                              04:00 +379: /app/test/features/expenses/data/repositories/expense_repository_impl_legacy_test.dart: passes account filter to data source                                                               04:00 +379: /app/test/features/expenses/data/repositories/expense_repository_impl_legacy_test.dart: passes account filter to data source                                                               
👻 INFO 2026-03-04 05:45:40.515834 [caller info not available] [ExpenseRepo] Getting expense models. Filters: AccID=a1
04:00 +380: /app/test/features/expenses/data/repositories/expense_repository_impl_legacy_test.dart: passes account filter to data source                                                               04:00 +380: /app/test/features/expenses/data/repositories/expense_repository_impl_legacy_test.dart: passes date range to data source                                                                   04:00 +380: /app/test/features/expenses/data/repositories/expense_repository_impl_legacy_test.dart: passes date range to data source                                                                   
👻 INFO 2026-03-04 05:45:40.525775 [caller info not available] [ExpenseRepo] Getting expense models. Filters: AccID=null
04:00 +381: /app/test/features/expenses/data/repositories/expense_repository_impl_legacy_test.dart: passes date range to data source                                                                   04:01 +381: /app/test/features/expenses/data/repositories/expense_repository_impl_legacy_test.dart: passes date range to data source                                                                   04:01 +381: loading /app/test/features/expenses/domain/utils/split_engine_test.dart                                                                                                                    04:01 +381: /app/test/features/expenses/domain/utils/split_engine_test.dart: SplitEngine EQUAL splits: 100 / 3                                                                                         04:01 +382: /app/test/features/expenses/domain/utils/split_engine_test.dart: SplitEngine EQUAL splits: 100 / 3                                                                                         04:01 +382: /app/test/features/expenses/domain/utils/split_engine_test.dart: SplitEngine EQUAL splits: 10 / 3                                                                                          04:01 +383: /app/test/features/expenses/domain/utils/split_engine_test.dart: SplitEngine EQUAL splits: 10 / 3                                                                                          04:01 +383: /app/test/features/expenses/domain/utils/split_engine_test.dart: SplitEngine EQUAL splits: 0.01 / 2                                                                                        04:01 +384: /app/test/features/expenses/domain/utils/split_engine_test.dart: SplitEngine EQUAL splits: 0.01 / 2                                                                                        04:01 +384: /app/test/features/expenses/domain/utils/split_engine_test.dart: SplitEngine EXACT splits: exact match                                                                                     04:01 +385: /app/test/features/expenses/domain/utils/split_engine_test.dart: SplitEngine EXACT splits: exact match                                                                                     04:01 +385: /app/test/features/expenses/domain/utils/split_engine_test.dart: SplitEngine EXACT splits: mismatch throws exception                                                                       04:01 +386: /app/test/features/expenses/domain/utils/split_engine_test.dart: SplitEngine EXACT splits: mismatch throws exception                                                                       04:01 +386: /app/test/features/expenses/domain/utils/split_engine_test.dart: SplitEngine PERCENT splits: 40% + 60% of 100                                                                              04:01 +387: /app/test/features/expenses/domain/utils/split_engine_test.dart: SplitEngine PERCENT splits: 40% + 60% of 100                                                                              04:01 +387: /app/test/features/expenses/domain/utils/split_engine_test.dart: SplitEngine PERCENT splits: rounding 33.33% of 100                                                                        04:01 +388: /app/test/features/expenses/domain/utils/split_engine_test.dart: SplitEngine PERCENT splits: rounding 33.33% of 100                                                                        04:01 +388: /app/test/features/expenses/domain/utils/split_engine_test.dart: SplitEngine PERCENT splits: not 100% throws                                                                               04:01 +389: /app/test/features/expenses/domain/utils/split_engine_test.dart: SplitEngine PERCENT splits: not 100% throws                                                                               04:01 +389: /app/test/features/expenses/domain/utils/split_engine_test.dart: SplitEngine SHARE splits: 2 shares + 1 share of 100                                                                       04:01 +390: /app/test/features/expenses/domain/utils/split_engine_test.dart: SplitEngine SHARE splits: 2 shares + 1 share of 100                                                                       04:01 +390: /app/test/features/expenses/domain/utils/split_engine_test.dart: SplitEngine SHARE splits: 1 share each (like equal) of 100                                                                04:01 +391: /app/test/features/expenses/domain/utils/split_engine_test.dart: SplitEngine SHARE splits: 1 share each (like equal) of 100                                                                04:01 +391: /app/test/features/expenses/domain/utils/split_engine_test.dart: SplitEngine Mixed split types throws                                                                                      04:01 +392: /app/test/features/expenses/domain/utils/split_engine_test.dart: SplitEngine Mixed split types throws                                                                                      04:01 +392: /app/test/features/expenses/domain/utils/split_engine_test.dart: SplitEngine Zero total returns zero splits                                                                                04:01 +393: /app/test/features/expenses/domain/utils/split_engine_test.dart: SplitEngine Zero total returns zero splits                                                                                04:01 +393: /app/test/features/expenses/domain/utils/split_engine_test.dart: SplitEngine Negative total throws                                                                                         04:01 +394: /app/test/features/expenses/domain/utils/split_engine_test.dart: SplitEngine Negative total throws                                                                                         04:01 +394: /app/test/features/expenses/domain/utils/split_engine_test.dart: SplitEngine Validate Payers: Success                                                                                      04:01 +395: /app/test/features/expenses/domain/utils/split_engine_test.dart: SplitEngine Validate Payers: Success                                                                                      04:01 +395: /app/test/features/expenses/domain/utils/split_engine_test.dart: SplitEngine Validate Payers: Mismatch throws                                                                              04:01 +396: /app/test/features/expenses/domain/utils/split_engine_test.dart: SplitEngine Validate Payers: Mismatch throws                                                                              04:02 +396: /app/test/features/expenses/domain/utils/split_engine_test.dart: SplitEngine Validate Payers: Mismatch throws                                                                              04:02 +396: loading /app/test/features/expenses/domain/usecases/update_expense_test.dart                                                                                                               04:03 +396: loading /app/test/features/expenses/domain/usecases/update_expense_test.dart                                                                                                               04:04 +396: loading /app/test/features/expenses/domain/usecases/update_expense_test.dart                                                                                                               04:04 +396: /app/test/features/expenses/domain/usecases/update_expense_test.dart: (setUpAll)                                                                                                           04:04 +396: /app/test/features/expenses/domain/usecases/update_expense_test.dart: should update expense in repository when validation passes                                                           04:04 +396: /app/test/features/expenses/domain/usecases/update_expense_test.dart: should update expense in repository when validation passes                                                           
👻 INFO 2026-03-04 05:45:44.355669 [caller info not available] Executing UpdateExpenseUseCase for 'Groceries' (ID: 1).
04:04 +397: /app/test/features/expenses/domain/usecases/update_expense_test.dart: should update expense in repository when validation passes                                                           04:04 +397: /app/test/features/expenses/domain/usecases/update_expense_test.dart: should return ValidationFailure when title is empty                                                                  04:04 +397: /app/test/features/expenses/domain/usecases/update_expense_test.dart: should return ValidationFailure when title is empty                                                                  
👻 INFO 2026-03-04 05:45:44.380550 [caller info not available] Executing UpdateExpenseUseCase for '' (ID: 1).
⚠️ WARNING 2026-03-04 05:45:44.381520 [caller info not available] Validation failed: Expense title cannot be empty.
04:04 +398: /app/test/features/expenses/domain/usecases/update_expense_test.dart: should return ValidationFailure when title is empty                                                                  04:04 +398: /app/test/features/expenses/domain/usecases/update_expense_test.dart: should return ValidationFailure when amount is zero or negative                                                      04:04 +398: /app/test/features/expenses/domain/usecases/update_expense_test.dart: should return ValidationFailure when amount is zero or negative                                                      
👻 INFO 2026-03-04 05:45:44.387042 [caller info not available] Executing UpdateExpenseUseCase for 'Groceries' (ID: 1).
⚠️ WARNING 2026-03-04 05:45:44.387899 [caller info not available] Validation failed: Expense amount must be positive.
04:04 +399: /app/test/features/expenses/domain/usecases/update_expense_test.dart: should return ValidationFailure when amount is zero or negative                                                      04:04 +399: /app/test/features/expenses/domain/usecases/update_expense_test.dart: should return ValidationFailure when accountId is empty                                                              04:04 +399: /app/test/features/expenses/domain/usecases/update_expense_test.dart: should return ValidationFailure when accountId is empty                                                              
👻 INFO 2026-03-04 05:45:44.394446 [caller info not available] Executing UpdateExpenseUseCase for 'Groceries' (ID: 1).
⚠️ WARNING 2026-03-04 05:45:44.395263 [caller info not available] Validation failed: Account selection is required.
04:04 +400: /app/test/features/expenses/domain/usecases/update_expense_test.dart: should return ValidationFailure when accountId is empty                                                              04:04 +400: /app/test/features/expenses/domain/usecases/update_expense_test.dart: should return Failure when repository fails                                                                          04:04 +400: /app/test/features/expenses/domain/usecases/update_expense_test.dart: should return Failure when repository fails                                                                          
👻 INFO 2026-03-04 05:45:44.402300 [caller info not available] Executing UpdateExpenseUseCase for 'Groceries' (ID: 1).
04:04 +401: /app/test/features/expenses/domain/usecases/update_expense_test.dart: should return Failure when repository fails                                                                          04:04 +401: /app/test/features/expenses/domain/usecases/update_expense_test.dart: (tearDownAll)                                                                                                        04:05 +401: /app/test/features/expenses/domain/usecases/update_expense_test.dart: (tearDownAll)                                                                                                        04:05 +401: loading /app/test/features/expenses/domain/usecases/get_expenses_test.dart                                                                                                                 04:05 +401: /app/test/features/expenses/domain/usecases/get_expenses_test.dart: should get expenses from the repository                                                                                04:05 +402: /app/test/features/expenses/domain/usecases/get_expenses_test.dart: should get expenses from the repository                                                                                04:06 +402: /app/test/features/expenses/domain/usecases/get_expenses_test.dart: should get expenses from the repository                                                                                04:06 +402: loading /app/test/features/expenses/domain/usecases/delete_expense_test.dart                                                                                                               04:07 +402: loading /app/test/features/expenses/domain/usecases/delete_expense_test.dart                                                                                                               04:08 +402: loading /app/test/features/expenses/domain/usecases/delete_expense_test.dart                                                                                                               04:08 +402: /app/test/features/expenses/domain/usecases/delete_expense_test.dart: should delete expense from repository                                                                                04:08 +402: /app/test/features/expenses/domain/usecases/delete_expense_test.dart: should delete expense from repository                                                                                
👻 INFO 2026-03-04 05:45:48.075243 [caller info not available] Executing DeleteExpenseUseCase for ID: 1.
04:08 +403: /app/test/features/expenses/domain/usecases/delete_expense_test.dart: should delete expense from repository                                                                                04:08 +403: /app/test/features/expenses/domain/usecases/delete_expense_test.dart: should return Failure when repository fails                                                                          04:08 +403: /app/test/features/expenses/domain/usecases/delete_expense_test.dart: should return Failure when repository fails                                                                          
👻 INFO 2026-03-04 05:45:48.102175 [caller info not available] Executing DeleteExpenseUseCase for ID: 1.
04:08 +404: /app/test/features/expenses/domain/usecases/delete_expense_test.dart: should return Failure when repository fails                                                                          04:09 +404: /app/test/features/expenses/domain/usecases/delete_expense_test.dart: should return Failure when repository fails                                                                          04:09 +404: loading /app/test/features/expenses/domain/usecases/add_expense_test.dart                                                                                                                  04:09 +404: /app/test/features/expenses/domain/usecases/add_expense_test.dart: (setUpAll)                                                                                                              04:09 +404: /app/test/features/expenses/domain/usecases/add_expense_test.dart: should add expense to repository when validation passes                                                                 04:09 +404: /app/test/features/expenses/domain/usecases/add_expense_test.dart: should add expense to repository when validation passes                                                                 
👻 INFO 2026-03-04 05:45:48.958177 [caller info not available] Executing AddExpenseUseCase for 'Groceries'.
04:09 +405: /app/test/features/expenses/domain/usecases/add_expense_test.dart: should add expense to repository when validation passes                                                                 04:09 +405: /app/test/features/expenses/domain/usecases/add_expense_test.dart: should return ValidationFailure when title is empty                                                                     04:09 +405: /app/test/features/expenses/domain/usecases/add_expense_test.dart: should return ValidationFailure when title is empty                                                                     
👻 INFO 2026-03-04 05:45:48.984929 [caller info not available] Executing AddExpenseUseCase for ''.
⚠️ WARNING 2026-03-04 05:45:48.986253 [caller info not available] Validation failed: Expense title cannot be empty.
04:09 +406: /app/test/features/expenses/domain/usecases/add_expense_test.dart: should return ValidationFailure when title is empty                                                                     04:09 +406: /app/test/features/expenses/domain/usecases/add_expense_test.dart: should return ValidationFailure when amount is zero or negative                                                         04:09 +406: /app/test/features/expenses/domain/usecases/add_expense_test.dart: should return ValidationFailure when amount is zero or negative                                                         
👻 INFO 2026-03-04 05:45:48.991585 [caller info not available] Executing AddExpenseUseCase for 'Groceries'.
⚠️ WARNING 2026-03-04 05:45:48.992869 [caller info not available] Validation failed: Expense amount must be positive.
04:09 +407: /app/test/features/expenses/domain/usecases/add_expense_test.dart: should return ValidationFailure when amount is zero or negative                                                         04:09 +407: /app/test/features/expenses/domain/usecases/add_expense_test.dart: should return ValidationFailure when accountId is empty                                                                 04:09 +407: /app/test/features/expenses/domain/usecases/add_expense_test.dart: should return ValidationFailure when accountId is empty                                                                 
👻 INFO 2026-03-04 05:45:49.002663 [caller info not available] Executing AddExpenseUseCase for 'Groceries'.
⚠️ WARNING 2026-03-04 05:45:49.003688 [caller info not available] Validation failed: Account selection is required.
04:09 +408: /app/test/features/expenses/domain/usecases/add_expense_test.dart: should return ValidationFailure when accountId is empty                                                                 04:09 +408: /app/test/features/expenses/domain/usecases/add_expense_test.dart: should return Failure when repository fails                                                                             04:09 +408: /app/test/features/expenses/domain/usecases/add_expense_test.dart: should return Failure when repository fails                                                                             
👻 INFO 2026-03-04 05:45:49.010671 [caller info not available] Executing AddExpenseUseCase for 'Groceries'.
04:09 +409: /app/test/features/expenses/domain/usecases/add_expense_test.dart: should return Failure when repository fails                                                                             04:09 +409: /app/test/features/expenses/domain/usecases/add_expense_test.dart: (tearDownAll)                                                                                                           04:10 +409: /app/test/features/expenses/domain/usecases/add_expense_test.dart: (tearDownAll)                                                                                                           04:10 +409: loading /app/test/features/expenses/domain/entities/expense_payer_test.dart                                                                                                                04:11 +409: loading /app/test/features/expenses/domain/entities/expense_payer_test.dart                                                                                                                04:12 +409: loading /app/test/features/expenses/domain/entities/expense_payer_test.dart                                                                                                                04:12 +409: /app/test/features/expenses/domain/entities/expense_payer_test.dart: ExpensePayer supports value equality                                                                                  04:12 +410: /app/test/features/expenses/domain/entities/expense_payer_test.dart: ExpensePayer supports value equality                                                                                  04:13 +410: /app/test/features/expenses/domain/entities/expense_payer_test.dart: ExpensePayer supports value equality                                                                                  04:13 +410: loading /app/test/features/expenses/domain/entities/expense_split_test.dart                                                                                                                04:13 +410: /app/test/features/expenses/domain/entities/expense_split_test.dart: ExpenseSplit supports value equality                                                                                  04:13 +411: /app/test/features/expenses/domain/entities/expense_split_test.dart: ExpenseSplit supports value equality                                                                                  04:13 +411: /app/test/features/expenses/domain/entities/expense_split_test.dart: ExpenseSplit copyWith updates fields                                                                                  04:13 +412: /app/test/features/expenses/domain/entities/expense_split_test.dart: ExpenseSplit copyWith updates fields                                                                                  04:14 +412: /app/test/features/expenses/domain/entities/expense_split_test.dart: ExpenseSplit copyWith updates fields                                                                                  04:14 +412: loading /app/test/features/expenses/domain/entities/expense_test.dart                                                                                                                      04:15 +412: loading /app/test/features/expenses/domain/entities/expense_test.dart                                                                                                                      04:16 +412: loading /app/test/features/expenses/domain/entities/expense_test.dart                                                                                                                      04:16 +412: /app/test/features/expenses/domain/entities/expense_test.dart: Expense supports value equality                                                                                             04:16 +413: /app/test/features/expenses/domain/entities/expense_test.dart: Expense supports value equality                                                                                             04:16 +413: /app/test/features/expenses/domain/entities/expense_test.dart: Expense copyWith updates fields                                                                                             04:16 +414: /app/test/features/expenses/domain/entities/expense_test.dart: Expense copyWith updates fields                                                                                             04:16 +414: /app/test/features/expenses/domain/entities/expense_test.dart: Expense copyWith can clear nullable fields                                                                                  04:16 +415: /app/test/features/expenses/domain/entities/expense_test.dart: Expense copyWith can clear nullable fields                                                                                  04:17 +415: /app/test/features/expenses/domain/entities/expense_test.dart: Expense copyWith can clear nullable fields                                                                                  04:17 +415: loading /app/test/features/expenses/presentation/widgets/expense_card_test.dart                                                                                                            04:17 +415: /app/test/features/expenses/presentation/widgets/expense_card_test.dart: ExpenseCard displays expense details correctly                                                                    04:18 +415: /app/test/features/expenses/presentation/widgets/expense_card_test.dart: ExpenseCard displays expense details correctly                                                                    04:18 +416: /app/test/features/expenses/presentation/widgets/expense_card_test.dart: ExpenseCard displays expense details correctly                                                                    04:18 +416: /app/test/features/expenses/presentation/widgets/expense_card_test.dart: ExpenseCard displays provided account name                                                                        04:18 +417: /app/test/features/expenses/presentation/widgets/expense_card_test.dart: ExpenseCard displays provided account name                                                                        04:18 +417: /app/test/features/expenses/presentation/widgets/expense_card_test.dart: ExpenseCard renders correct icon for category                                                                     04:18 +418: /app/test/features/expenses/presentation/widgets/expense_card_test.dart: ExpenseCard renders correct icon for category                                                                     04:19 +418: /app/test/features/expenses/presentation/widgets/expense_card_test.dart: ExpenseCard renders correct icon for category                                                                     04:20 +418: /app/test/features/expenses/presentation/widgets/expense_card_test.dart: ExpenseCard renders correct icon for category                                                                     04:20 +418: loading /app/test/features/aether_themes/presentation/widgets/financial_garden_widget_test.dart                                                                                            04:20 +418: /app/test/features/aether_themes/presentation/widgets/financial_garden_widget_test.dart: FinancialGardenWidget renders placeholder text                                                    04:21 +418: /app/test/features/aether_themes/presentation/widgets/financial_garden_widget_test.dart: FinancialGardenWidget renders placeholder text                                                    04:21 +419: /app/test/features/aether_themes/presentation/widgets/financial_garden_widget_test.dart: FinancialGardenWidget renders placeholder text                                                    04:22 +419: /app/test/features/aether_themes/presentation/widgets/financial_garden_widget_test.dart: FinancialGardenWidget renders placeholder text                                                    04:22 +419: loading /app/test/features/aether_themes/presentation/widgets/personal_constellation_widget_test.dart                                                                                      04:22 +419: /app/test/features/aether_themes/presentation/widgets/personal_constellation_widget_test.dart: PersonalConstellationWidget renders placeholder text                                        04:23 +419: /app/test/features/aether_themes/presentation/widgets/personal_constellation_widget_test.dart: PersonalConstellationWidget renders placeholder text                                        04:23 +420: /app/test/features/aether_themes/presentation/widgets/personal_constellation_widget_test.dart: PersonalConstellationWidget renders placeholder text                                        04:24 +420: /app/test/features/aether_themes/presentation/widgets/personal_constellation_widget_test.dart: PersonalConstellationWidget renders placeholder text                                        04:24 +420: loading /app/test/features/auth/data/datasources/auth_remote_data_source_test.dart                                                                                                         04:24 +420: /app/test/features/auth/data/datasources/auth_remote_data_source_test.dart: (setUpAll)                                                                                                     04:24 +420: /app/test/features/auth/data/datasources/auth_remote_data_source_test.dart: signInWithOtp should call auth.signInWithOtp                                                                   04:24 +421: /app/test/features/auth/data/datasources/auth_remote_data_source_test.dart: signInWithOtp should call auth.signInWithOtp                                                                   04:24 +421: /app/test/features/auth/data/datasources/auth_remote_data_source_test.dart: verifyOtp should call auth.verifyOTP                                                                           04:24 +422: /app/test/features/auth/data/datasources/auth_remote_data_source_test.dart: verifyOtp should call auth.verifyOTP                                                                           04:24 +422: /app/test/features/auth/data/datasources/auth_remote_data_source_test.dart: signOut should call auth.signOut                                                                               04:24 +423: /app/test/features/auth/data/datasources/auth_remote_data_source_test.dart: signOut should call auth.signOut                                                                               04:24 +423: /app/test/features/auth/data/datasources/auth_remote_data_source_test.dart: getCurrentUser should return auth.currentUser                                                                  04:24 +424: /app/test/features/auth/data/datasources/auth_remote_data_source_test.dart: getCurrentUser should return auth.currentUser                                                                  04:24 +424: /app/test/features/auth/data/datasources/auth_remote_data_source_test.dart: authStateChanges should return auth.onAuthStateChange                                                          04:24 +425: /app/test/features/auth/data/datasources/auth_remote_data_source_test.dart: authStateChanges should return auth.onAuthStateChange                                                          04:24 +425: /app/test/features/auth/data/datasources/auth_remote_data_source_test.dart: (tearDownAll)                                                                                                  04:25 +425: /app/test/features/auth/data/datasources/auth_remote_data_source_test.dart: (tearDownAll)                                                                                                  04:25 +425: loading /app/test/features/auth/data/repositories/auth_repository_impl_test.dart                                                                                                           04:26 +425: loading /app/test/features/auth/data/repositories/auth_repository_impl_test.dart                                                                                                           04:27 +425: loading /app/test/features/auth/data/repositories/auth_repository_impl_test.dart                                                                                                           04:27 +425: /app/test/features/auth/data/repositories/auth_repository_impl_test.dart: (setUpAll)                                                                                                       04:27 +425: /app/test/features/auth/data/repositories/auth_repository_impl_test.dart: signInWithOtp should return Right(null) when successful                                                          04:27 +426: /app/test/features/auth/data/repositories/auth_repository_impl_test.dart: signInWithOtp should return Right(null) when successful                                                          04:27 +426: /app/test/features/auth/data/repositories/auth_repository_impl_test.dart: signInWithOtp should return ServerFailure when call fails                                                        04:27 +427: /app/test/features/auth/data/repositories/auth_repository_impl_test.dart: signInWithOtp should return ServerFailure when call fails                                                        04:27 +427: /app/test/features/auth/data/repositories/auth_repository_impl_test.dart: signInAnonymously should return Right(AuthResponse) when successful                                              04:27 +428: /app/test/features/auth/data/repositories/auth_repository_impl_test.dart: signInAnonymously should return Right(AuthResponse) when successful                                              04:27 +428: /app/test/features/auth/data/repositories/auth_repository_impl_test.dart: signInAnonymously should return ServerFailure when call fails                                                    04:27 +429: /app/test/features/auth/data/repositories/auth_repository_impl_test.dart: signInAnonymously should return ServerFailure when call fails                                                    04:27 +429: /app/test/features/auth/data/repositories/auth_repository_impl_test.dart: verifyOtp should return Right(AuthResponse) when successful                                                      04:27 +430: /app/test/features/auth/data/repositories/auth_repository_impl_test.dart: verifyOtp should return Right(AuthResponse) when successful                                                      04:27 +430: /app/test/features/auth/data/repositories/auth_repository_impl_test.dart: verifyOtp should return ServerFailure when call fails                                                            04:27 +431: /app/test/features/auth/data/repositories/auth_repository_impl_test.dart: verifyOtp should return ServerFailure when call fails                                                            04:27 +431: /app/test/features/auth/data/repositories/auth_repository_impl_test.dart: signOut should return Right(null) when successful                                                                04:27 +432: /app/test/features/auth/data/repositories/auth_repository_impl_test.dart: signOut should return Right(null) when successful                                                                04:27 +432: /app/test/features/auth/data/repositories/auth_repository_impl_test.dart: getCurrentUser should return Right(User) when user exists                                                        04:27 +433: /app/test/features/auth/data/repositories/auth_repository_impl_test.dart: getCurrentUser should return Right(User) when user exists                                                        04:27 +433: /app/test/features/auth/data/repositories/auth_repository_impl_test.dart: getCurrentUser should return Right(null) when user does not exist                                                04:27 +434: /app/test/features/auth/data/repositories/auth_repository_impl_test.dart: getCurrentUser should return Right(null) when user does not exist                                                04:27 +434: /app/test/features/auth/data/repositories/auth_repository_impl_test.dart: (tearDownAll)                                                                                                    04:28 +434: /app/test/features/auth/data/repositories/auth_repository_impl_test.dart: (tearDownAll)                                                                                                    04:28 +434: loading /app/test/features/auth/domain/usecases/logout_usecase_test.dart                                                                                                                   04:28 +434: /app/test/features/auth/domain/usecases/logout_usecase_test.dart: should call repository.signOut                                                                                           04:28 +435: /app/test/features/auth/domain/usecases/logout_usecase_test.dart: should call repository.signOut                                                                                           04:29 +435: /app/test/features/auth/domain/usecases/logout_usecase_test.dart: should call repository.signOut                                                                                           04:29 +435: loading /app/test/features/auth/domain/usecases/verify_otp_usecase_test.dart                                                                                                               04:30 +435: loading /app/test/features/auth/domain/usecases/verify_otp_usecase_test.dart                                                                                                               04:31 +435: loading /app/test/features/auth/domain/usecases/verify_otp_usecase_test.dart                                                                                                               04:31 +435: /app/test/features/auth/domain/usecases/verify_otp_usecase_test.dart: should call repository.verifyOtp                                                                                     04:31 +436: /app/test/features/auth/domain/usecases/verify_otp_usecase_test.dart: should call repository.verifyOtp                                                                                     04:32 +436: /app/test/features/auth/domain/usecases/verify_otp_usecase_test.dart: should call repository.verifyOtp                                                                                     04:32 +436: loading /app/test/features/auth/domain/usecases/login_with_otp_usecase_test.dart                                                                                                           04:32 +436: /app/test/features/auth/domain/usecases/login_with_otp_usecase_test.dart: should call repository.signInWithOtp                                                                             04:32 +437: /app/test/features/auth/domain/usecases/login_with_otp_usecase_test.dart: should call repository.signInWithOtp                                                                             04:32 +437: loading /app/test/features/auth/presentation/bloc/auth_bloc_test.dart                                                                                                                      04:33 +437: loading /app/test/features/auth/presentation/bloc/auth_bloc_test.dart                                                                                                                      04:34 +437: loading /app/test/features/auth/presentation/bloc/auth_bloc_test.dart                                                                                                                      04:34 +437: /app/test/features/auth/presentation/bloc/auth_bloc_test.dart: AuthBloc initial state is AuthInitial                                                                                       04:34 +438: /app/test/features/auth/presentation/bloc/auth_bloc_test.dart: AuthBloc initial state is AuthInitial                                                                                       04:34 +438: /app/test/features/auth/presentation/bloc/auth_bloc_test.dart: AuthBloc emits [AuthAuthenticated] when check status returns user                                                           04:34 +439: /app/test/features/auth/presentation/bloc/auth_bloc_test.dart: AuthBloc emits [AuthAuthenticated] when check status returns user                                                           04:34 +439: /app/test/features/auth/presentation/bloc/auth_bloc_test.dart: AuthBloc emits [AuthUnauthenticated] when check status returns null                                                         04:34 +440: /app/test/features/auth/presentation/bloc/auth_bloc_test.dart: AuthBloc emits [AuthUnauthenticated] when check status returns null                                                         04:34 +440: /app/test/features/auth/presentation/bloc/auth_bloc_test.dart: AuthBloc emits [AuthLoading, AuthOtpSent] on successful login                                                               04:34 +441: /app/test/features/auth/presentation/bloc/auth_bloc_test.dart: AuthBloc emits [AuthLoading, AuthOtpSent] on successful login                                                               04:34 +441: /app/test/features/auth/presentation/bloc/auth_bloc_test.dart: AuthBloc emits [AuthLoading, AuthAuthenticated] on successful verify otp                                                    04:34 +442: /app/test/features/auth/presentation/bloc/auth_bloc_test.dart: AuthBloc emits [AuthLoading, AuthAuthenticated] on successful verify otp                                                    04:34 +442: /app/test/features/auth/presentation/bloc/auth_bloc_test.dart: AuthBloc emits [AuthLoading, AuthUnauthenticated] on logout                                                                 04:34 +443: /app/test/features/auth/presentation/bloc/auth_bloc_test.dart: AuthBloc emits [AuthLoading, AuthUnauthenticated] on logout                                                                 04:35 +443: /app/test/features/auth/presentation/bloc/auth_bloc_test.dart: AuthBloc emits [AuthLoading, AuthUnauthenticated] on logout                                                                 04:36 +443: /app/test/features/auth/presentation/bloc/auth_bloc_test.dart: AuthBloc emits [AuthLoading, AuthUnauthenticated] on logout                                                                 04:36 +443: loading /app/test/features/auth/presentation/pages/login_page_test.dart                                                                                                                    04:36 +443: /app/test/features/auth/presentation/pages/login_page_test.dart: (setUpAll)                                                                                                                04:36 +443: /app/test/features/auth/presentation/pages/login_page_test.dart: LoginPage renders login page with tabs and correct initial state                                                          04:37 +443: /app/test/features/auth/presentation/pages/login_page_test.dart: LoginPage renders login page with tabs and correct initial state                                                          04:37 +444: /app/test/features/auth/presentation/pages/login_page_test.dart: LoginPage renders login page with tabs and correct initial state                                                          04:37 +444: /app/test/features/auth/presentation/pages/login_page_test.dart: LoginPage switches between phone and email tabs                                                                           04:37 +445: /app/test/features/auth/presentation/pages/login_page_test.dart: LoginPage switches between phone and email tabs                                                                           04:37 +445: /app/test/features/auth/presentation/pages/login_page_test.dart: LoginPage Phone Login Formatting submits with default country code (+91)                                                  04:38 +445: /app/test/features/auth/presentation/pages/login_page_test.dart: LoginPage Phone Login Formatting submits with default country code (+91)                                                  04:38 +446: /app/test/features/auth/presentation/pages/login_page_test.dart: LoginPage Phone Login Formatting submits with default country code (+91)                                                  04:38 +446: /app/test/features/auth/presentation/pages/login_page_test.dart: LoginPage Phone Login Formatting strips leading zero from local number                                                    04:38 +447: /app/test/features/auth/presentation/pages/login_page_test.dart: LoginPage Phone Login Formatting strips leading zero from local number                                                    04:38 +447: /app/test/features/auth/presentation/pages/login_page_test.dart: LoginPage Phone Login Formatting uses manual plus code (+1) correctly                                                     04:38 +448: /app/test/features/auth/presentation/pages/login_page_test.dart: LoginPage Phone Login Formatting uses manual plus code (+1) correctly                                                     04:38 +448: /app/test/features/auth/presentation/pages/login_page_test.dart: LoginPage submits email login                                                                                             04:38 +449: /app/test/features/auth/presentation/pages/verify_otp_page_test.dart: VerifyOtpPage renders input and button                                                                               04:39 +449: /app/test/features/auth/presentation/pages/verify_otp_page_test.dart: VerifyOtpPage renders input and button                                                                               04:39 +450: /app/test/features/auth/presentation/pages/verify_otp_page_test.dart: VerifyOtpPage renders input and button                                                                               04:39 +451: /app/test/features/auth/presentation/pages/verify_otp_page_test.dart: VerifyOtpPage renders input and button                                                                               04:39 +451: /app/test/features/auth/presentation/pages/verify_otp_page_test.dart: VerifyOtpPage calls verify on button press                                                                           04:40 +451: /app/test/features/auth/presentation/pages/verify_otp_page_test.dart: VerifyOtpPage calls verify on button press                                                                           04:40 +452: /app/test/features/auth/presentation/pages/verify_otp_page_test.dart: VerifyOtpPage calls verify on button press                                                                           04:41 +452: /app/test/features/auth/presentation/pages/verify_otp_page_test.dart: VerifyOtpPage calls verify on button press                                                                           04:41 +452: loading /app/test/features/auth/presentation/pages/lock_screen_test.dart                                                                                                                   04:42 +452: loading /app/test/features/auth/presentation/pages/lock_screen_test.dart                                                                                                                   04:42 +452: /app/test/features/auth/presentation/pages/lock_screen_test.dart: shows reset dialog when PIN is missing and user enters 4 digits                                                          04:43 +452: /app/test/features/auth/presentation/pages/lock_screen_test.dart: shows reset dialog when PIN is missing and user enters 4 digits                                                          04:43 +453: /app/test/features/auth/presentation/pages/lock_screen_test.dart: shows reset dialog when PIN is missing and user enters 4 digits                                                          04:43 +453: /app/test/features/deep_link/presentation/bloc/deep_link_bloc_test.dart: DeepLinkBloc ignores invalid URI in arguments                                                                     
⚠️ WARNING 2026-03-04 05:46:23.561613 [caller info not available] Invalid deep link argument: io.supabase.expensetracker://host:abc
04:43 +454: /app/test/features/auth/presentation/pages/lock_screen_test.dart: shows reset dialog when PIN is missing and user enters 4 digits                                                          04:43 +454: /app/test/features/deep_link/presentation/bloc/deep_link_bloc_test.dart: DeepLinkBloc requires login for join links instead of auto-creating anonymous account                             
👻 INFO 2026-03-04 05:46:23.597569 [caller info not available] Deep link received: io.supabase.expensetracker://join?#
04:43 +455: /app/test/features/auth/presentation/pages/lock_screen_test.dart: shows reset dialog when PIN is missing and user enters 4 digits                                                          04:44 +455: /app/test/features/auth/presentation/pages/lock_screen_test.dart: shows reset dialog when PIN is missing and user enters 4 digits                                                          04:44 +455: /app/test/features/auth/presentation/pages/lock_screen_test.dart: shows reset dialog when PIN is missing and user enters 4 digits                                                          
‼️ SEVERE 2026-03-04 05:46:24.027409 [caller info not available] PIN verification attempted but saved PIN is null.
04:44 +456: /app/test/features/auth/presentation/pages/lock_screen_test.dart: shows reset dialog when PIN is missing and user enters 4 digits                                                          04:45 +456: /app/test/features/auth/presentation/pages/lock_screen_test.dart: shows reset dialog when PIN is missing and user enters 4 digits                                                          04:45 +456: loading /app/test/features/transactions/domain/usecases/get_transactions_usecase_large_test.dart                                                                                           04:46 +456: loading /app/test/features/transactions/domain/usecases/get_transactions_usecase_large_test.dart                                                                                           04:47 +456: loading /app/test/features/transactions/domain/usecases/get_transactions_usecase_large_test.dart                                                                                           04:47 +456: /app/test/features/transactions/domain/usecases/get_transactions_usecase_large_test.dart: can be instantiated                                                                              04:47 +457: /app/test/features/transactions/domain/usecases/get_transactions_usecase_large_test.dart: can be instantiated                                                                              04:48 +457: /app/test/features/transactions/domain/usecases/get_transactions_usecase_large_test.dart: can be instantiated                                                                              04:48 +457: loading /app/test/features/transactions/domain/usecases/get_transactions_usecase_test.dart                                                                                                 04:48 +457: /app/test/features/transactions/domain/usecases/get_transactions_usecase_test.dart: should return combined list of transactions                                                            04:48 +457: /app/test/features/transactions/domain/usecases/get_transactions_usecase_test.dart: should return combined list of transactions                                                            
👻 INFO 2026-03-04 05:46:28.758321 [caller info not available] [GetTransactionsUseCase] Executing. Filters: Type=All, Acc=All, Cat=All, Search='', Sort=date.descending
👻 INFO 2026-03-04 05:46:28.782849 [caller info not available] [GetTransactionsUseCase] Combined 2 hydrated transactions before filtering/sorting.
👻 INFO 2026-03-04 05:46:28.785338 [caller info not available] [GetTransactionsUseCase] Sorted list. Returning 2 transactions.
04:49 +458: /app/test/features/transactions/domain/usecases/get_transactions_usecase_test.dart: should return combined list of transactions                                                            04:49 +458: /app/test/features/transactions/domain/usecases/get_transactions_usecase_test.dart: should return filtered transactions (Expense only)                                                     04:49 +458: /app/test/features/transactions/domain/usecases/get_transactions_usecase_test.dart: should return filtered transactions (Expense only)                                                     
👻 INFO 2026-03-04 05:46:28.800201 [caller info not available] [GetTransactionsUseCase] Executing. Filters: Type=expense, Acc=All, Cat=All, Search='', Sort=date.descending
👻 INFO 2026-03-04 05:46:28.802130 [caller info not available] [GetTransactionsUseCase] Combined 1 hydrated transactions before filtering/sorting.
👻 INFO 2026-03-04 05:46:28.802878 [caller info not available] [GetTransactionsUseCase] Sorted list. Returning 1 transactions.
04:49 +459: /app/test/features/transactions/domain/usecases/get_transactions_usecase_test.dart: should return filtered transactions (Expense only)                                                     04:49 +459: /app/test/features/transactions/domain/usecases/get_transactions_usecase_test.dart: should return filtered transactions (Search term)                                                      04:49 +459: /app/test/features/transactions/domain/usecases/get_transactions_usecase_test.dart: should return filtered transactions (Search term)                                                      
👻 INFO 2026-03-04 05:46:28.810272 [caller info not available] [GetTransactionsUseCase] Executing. Filters: Type=All, Acc=All, Cat=All, Search='Expense', Sort=date.descending
👻 INFO 2026-03-04 05:46:28.811860 [caller info not available] [GetTransactionsUseCase] Combined 2 hydrated transactions before filtering/sorting.
👻 INFO 2026-03-04 05:46:28.816502 [caller info not available] [GetTransactionsUseCase] Filtered by search 'Expense': 1 items remaining.
👻 INFO 2026-03-04 05:46:28.817421 [caller info not available] [GetTransactionsUseCase] Sorted list. Returning 1 transactions.
04:49 +460: /app/test/features/transactions/domain/usecases/get_transactions_usecase_test.dart: should return filtered transactions (Search term)                                                      04:49 +460: /app/test/features/transactions/domain/usecases/get_transactions_usecase_test.dart: should handle repository failure (Categories)                                                          04:49 +460: /app/test/features/transactions/domain/usecases/get_transactions_usecase_test.dart: should handle repository failure (Categories)                                                          
👻 INFO 2026-03-04 05:46:28.823910 [caller info not available] [GetTransactionsUseCase] Executing. Filters: Type=All, Acc=All, Cat=All, Search='', Sort=date.descending
‼️ SEVERE 2026-03-04 05:46:28.826542 [caller info not available] [GetTransactionsUseCase] Failed to fetch categories: A local data storage error occurred.
04:49 +461: /app/test/features/transactions/domain/usecases/get_transactions_usecase_test.dart: should handle repository failure (Categories)                                                          04:49 +461: /app/test/features/transactions/domain/usecases/get_transactions_usecase_test.dart: should handle repository failure (Expenses)                                                            04:49 +461: /app/test/features/transactions/domain/usecases/get_transactions_usecase_test.dart: should handle repository failure (Expenses)                                                            
👻 INFO 2026-03-04 05:46:28.834070 [caller info not available] [GetTransactionsUseCase] Executing. Filters: Type=All, Acc=All, Cat=All, Search='', Sort=date.descending
⚠️ WARNING 2026-03-04 05:46:28.835826 [caller info not available] [GetTransactionsUseCase] Failed to fetch transaction models: A local data storage error occurred.
04:49 +462: /app/test/features/transactions/domain/usecases/get_transactions_usecase_test.dart: should handle repository failure (Expenses)                                                            04:49 +462: loading /app/test/features/transactions/domain/entities/transaction_entity_test.dart                                                                                                       04:50 +462: loading /app/test/features/transactions/domain/entities/transaction_entity_test.dart                                                                                                       04:51 +462: loading /app/test/features/transactions/domain/entities/transaction_entity_test.dart                                                                                                       04:51 +462: /app/test/features/transactions/domain/entities/transaction_entity_test.dart: TransactionEntity props should contain all fields                                                            04:51 +463: /app/test/features/transactions/domain/entities/transaction_entity_test.dart: TransactionEntity props should contain all fields                                                            04:51 +463: /app/test/features/transactions/domain/entities/transaction_entity_test.dart: TransactionEntity supports value equality                                                                    04:51 +464: /app/test/features/transactions/domain/entities/transaction_entity_test.dart: TransactionEntity supports value equality                                                                    04:51 +464: /app/test/features/transactions/domain/entities/transaction_entity_test.dart: TransactionEntity fromExpense should create a valid TransactionEntity from Expense                           04:51 +465: /app/test/features/transactions/domain/entities/transaction_entity_test.dart: TransactionEntity fromExpense should create a valid TransactionEntity from Expense                           04:51 +465: /app/test/features/transactions/domain/entities/transaction_entity_test.dart: TransactionEntity fromIncome should create a valid TransactionEntity from Income                             04:51 +466: /app/test/features/transactions/domain/entities/transaction_entity_test.dart: TransactionEntity fromIncome should create a valid TransactionEntity from Income                             04:51 +466: /app/test/features/transactions/domain/entities/transaction_entity_test.dart: TransactionEntity copyWith should return a copy with updated fields                                          04:51 +467: /app/test/features/transactions/domain/entities/transaction_entity_test.dart: TransactionEntity copyWith should return a copy with updated fields                                          04:51 +467: /app/test/features/transactions/domain/entities/transaction_entity_test.dart: TransactionEntity copyWith should return the same object if no fields are provided                           04:51 +468: /app/test/features/transactions/domain/entities/transaction_entity_test.dart: TransactionEntity copyWith should return the same object if no fields are provided                           04:52 +468: /app/test/features/transactions/domain/entities/transaction_entity_test.dart: TransactionEntity copyWith should return the same object if no fields are provided                           04:52 +468: loading /app/test/features/transactions/presentation/bloc/add_edit_transaction_bloc_test.dart                                                                                              04:52 +468: /app/test/features/transactions/presentation/bloc/add_edit_transaction_bloc_test.dart: (setUpAll)                                                                                          04:52 +468: /app/test/features/transactions/presentation/bloc/add_edit_transaction_bloc_test.dart: AddEditTransactionBloc save failure retains form data when save fails                               04:52 +468: /app/test/features/transactions/presentation/bloc/add_edit_transaction_bloc_test.dart: AddEditTransactionBloc save failure retains form data when save fails                               
👻 INFO 2026-03-04 05:46:32.659213 [caller info not available] [AddEditTransactionBloc] Initialized.
👻 INFO 2026-03-04 05:46:32.671844 [caller info not available] [AddEditTransactionBloc] SaveRequested. Category selected: c (ID: c1)
👻 INFO 2026-03-04 05:46:32.675753 [caller info not available] [AddEditTransactionBloc] User selected specific category 'c'. Saving.
👻 INFO 2026-03-04 05:46:32.684787 [caller info not available] [AddEditTransactionBloc] _performSave called. Category To Use: c, Status: CategorizationStatus.categorized
👻 INFO 2026-03-04 05:46:32.688780 [caller info not available] [AddEditTransactionBloc] Saving Expense (ID: d415238b-9423-407d-9564-de67a96df8da) with Category ID: c1
⚠️ WARNING 2026-03-04 05:46:32.700839 [caller info not available] [AddEditTransactionBloc] Save failed: fail
⚠️ WARNING 2026-03-04 05:46:32.701914 [caller info not available] [AddEditTransactionBloc] Mapping failure: ServerFailure - fail
04:52 +469: /app/test/features/transactions/presentation/bloc/add_edit_transaction_bloc_test.dart: AddEditTransactionBloc save failure retains form data when save fails                               04:52 +469: /app/test/features/transactions/presentation/bloc/add_edit_transaction_bloc_test.dart: AddEditTransactionBloc initialization maps existing transaction into temp fields and clears original04:52 +469: /app/test/features/transactions/presentation/bloc/add_edit_transaction_bloc_test.dart: AddEditTransactionBloc initialization maps existing transaction into temp fields and clears original
👻 INFO 2026-03-04 05:46:32.727265 [caller info not available] [AddEditTransactionBloc] Initialized.
👻 INFO 2026-03-04 05:46:32.730451 [caller info not available] [AddEditTransactionBloc] Initializing. Has initial data: true
04:52 +470: /app/test/features/transactions/presentation/bloc/add_edit_transaction_bloc_test.dart: AddEditTransactionBloc initialization maps existing transaction into temp fields and clears original04:52 +470: /app/test/features/transactions/presentation/bloc/add_edit_transaction_bloc_test.dart: CreateCustomCategoryRequested persists form fields when navigating to create category               04:52 +470: /app/test/features/transactions/presentation/bloc/add_edit_transaction_bloc_test.dart: CreateCustomCategoryRequested persists form fields when navigating to create category               
👻 INFO 2026-03-04 05:46:32.739685 [caller info not available] [AddEditTransactionBloc] Initialized.
👻 INFO 2026-03-04 05:46:32.741760 [caller info not available] [AddEditTransactionBloc] User requested to create custom category. Emitting navigation state.
04:52 +471: /app/test/features/transactions/presentation/bloc/add_edit_transaction_bloc_test.dart: CreateCustomCategoryRequested persists form fields when navigating to create category               04:52 +471: /app/test/features/transactions/presentation/bloc/add_edit_transaction_bloc_test.dart: AutoCategorization uses merchantId when available for categorization                                04:52 +471: /app/test/features/transactions/presentation/bloc/add_edit_transaction_bloc_test.dart: AutoCategorization uses merchantId when available for categorization                                
👻 INFO 2026-03-04 05:46:32.751409 [caller info not available] [AddEditTransactionBloc] Initialized.
👻 INFO 2026-03-04 05:46:32.752647 [caller info not available] [AddEditTransactionBloc] Initializing. Has initial data: false
👻 INFO 2026-03-04 05:46:32.754106 [caller info not available] [AddEditTransactionBloc] SaveRequested. Category selected: Uncategorized (ID: uncategorized)
👻 INFO 2026-03-04 05:46:32.754934 [caller info not available] [AddEditTransactionBloc] No specific category selected. Attempting auto-categorization...
👻 INFO 2026-03-04 05:46:32.757198 [caller info not available] [AddEditTransactionBloc] No suggestion or direct categorization. Emitting AskingCreateCategory state.
04:52 +472: /app/test/features/transactions/presentation/bloc/add_edit_transaction_bloc_test.dart: AutoCategorization uses merchantId when available for categorization                                04:52 +472: /app/test/features/transactions/presentation/bloc/add_edit_transaction_bloc_test.dart: (tearDownAll)                                                                                       04:53 +472: /app/test/features/transactions/presentation/bloc/add_edit_transaction_bloc_test.dart: (tearDownAll)                                                                                       04:53 +472: loading /app/test/features/transactions/presentation/bloc/transaction_list_state_test.dart                                                                                                 04:54 +472: loading /app/test/features/transactions/presentation/bloc/transaction_list_state_test.dart                                                                                                 04:55 +472: loading /app/test/features/transactions/presentation/bloc/transaction_list_state_test.dart                                                                                                 04:55 +472: /app/test/features/transactions/presentation/bloc/transaction_list_state_test.dart: TransactionListState supports equality                                                                 04:55 +473: /app/test/features/transactions/presentation/bloc/transaction_list_state_test.dart: TransactionListState supports equality                                                                 04:56 +473: /app/test/features/transactions/presentation/bloc/transaction_list_state_test.dart: TransactionListState supports equality                                                                 04:56 +473: loading /app/test/features/transactions/presentation/bloc/transaction_list_event_test.dart                                                                                                 04:56 +473: /app/test/features/transactions/presentation/bloc/transaction_list_event_test.dart: LoadTransactions supports equality                                                                     04:56 +474: /app/test/features/transactions/presentation/bloc/transaction_list_event_test.dart: LoadTransactions supports equality                                                                     04:57 +474: /app/test/features/transactions/presentation/bloc/transaction_list_event_test.dart: LoadTransactions supports equality                                                                     04:57 +474: loading /app/test/features/transactions/presentation/bloc/add_edit_transaction/add_edit_transaction_bloc_test.dart                                                                         04:58 +474: loading /app/test/features/transactions/presentation/bloc/add_edit_transaction/add_edit_transaction_bloc_test.dart                                                                         04:58 +474: /app/test/features/transactions/presentation/bloc/add_edit_transaction/add_edit_transaction_bloc_test.dart: (setUpAll)                                                                     04:58 +474: /app/test/features/transactions/presentation/bloc/add_edit_transaction/add_edit_transaction_bloc_test.dart: ... initializes with default state when no transaction provided                04:58 +474: /app/test/features/transactions/presentation/bloc/add_edit_transaction/add_edit_transaction_bloc_test.dart: InitializeTransaction initializes with default state when no transaction provided
👻 INFO 2026-03-04 05:46:38.760325 [caller info not available] [AddEditTransactionBloc] Initialized.
👻 INFO 2026-03-04 05:46:38.793917 [caller info not available] [AddEditTransactionBloc] Initializing. Has initial data: false
04:59 +475: /app/test/features/transactions/presentation/bloc/add_edit_transaction/add_edit_transaction_bloc_test.dart: ... initializes with default state when no transaction provided                04:59 +475: /app/test/features/transactions/presentation/bloc/add_edit_transaction/add_edit_transaction_bloc_test.dart: InitializeTransaction initializes with transaction data when provided          04:59 +475: /app/test/features/transactions/presentation/bloc/add_edit_transaction/add_edit_transaction_bloc_test.dart: InitializeTransaction initializes with transaction data when provided          
👻 INFO 2026-03-04 05:46:38.827668 [caller info not available] [AddEditTransactionBloc] Initialized.
👻 INFO 2026-03-04 05:46:38.834504 [caller info not available] [AddEditTransactionBloc] Initializing. Has initial data: true
04:59 +476: /app/test/features/transactions/presentation/bloc/add_edit_transaction/add_edit_transaction_bloc_test.dart: InitializeTransaction initializes with transaction data when provided          04:59 +476: /app/test/features/transactions/presentation/bloc/add_edit_transaction/add_edit_transaction_bloc_test.dart: TransactionTypeChanged emits state with new transaction type                   04:59 +476: /app/test/features/transactions/presentation/bloc/add_edit_transaction/add_edit_transaction_bloc_test.dart: TransactionTypeChanged emits state with new transaction type                   
👻 INFO 2026-03-04 05:46:38.844247 [caller info not available] [AddEditTransactionBloc] Initialized.
👻 INFO 2026-03-04 05:46:38.847626 [caller info not available] [AddEditTransactionBloc] Transaction Type Changed to: income
04:59 +477: /app/test/features/transactions/presentation/bloc/add_edit_transaction/add_edit_transaction_bloc_test.dart: TransactionTypeChanged emits state with new transaction type                   04:59 +477: /app/test/features/transactions/presentation/bloc/add_edit_transaction/add_edit_transaction_bloc_test.dart: SaveTransactionRequested saves expense successfully                            04:59 +477: /app/test/features/transactions/presentation/bloc/add_edit_transaction/add_edit_transaction_bloc_test.dart: SaveTransactionRequested saves expense successfully                            
👻 INFO 2026-03-04 05:46:38.858963 [caller info not available] [AddEditTransactionBloc] Initialized.
👻 INFO 2026-03-04 05:46:38.871021 [caller info not available] [AddEditTransactionBloc] SaveRequested. Category selected: Food (ID: cat1)
👻 INFO 2026-03-04 05:46:38.871725 [caller info not available] [AddEditTransactionBloc] User selected specific category 'Food'. Saving.
👻 INFO 2026-03-04 05:46:38.878936 [caller info not available] [AddEditTransactionBloc] _performSave called. Category To Use: Food, Status: CategorizationStatus.categorized
👻 INFO 2026-03-04 05:46:38.881633 [caller info not available] [AddEditTransactionBloc] Saving Expense (ID: 45fa67c4-c136-4810-8859-b587378fe774) with Category ID: cat1
👻 INFO 2026-03-04 05:46:38.889498 [caller info not available] [AddEditTransactionBloc] Save successful for ID: 1.
04:59 +478: /app/test/features/transactions/presentation/bloc/add_edit_transaction/add_edit_transaction_bloc_test.dart: SaveTransactionRequested saves expense successfully                            04:59 +478: /app/test/features/transactions/presentation/bloc/add_edit_transaction/add_edit_transaction_bloc_test.dart: SaveTransactionRequested saves income successfully                             04:59 +478: /app/test/features/transactions/presentation/bloc/add_edit_transaction/add_edit_transaction_bloc_test.dart: SaveTransactionRequested saves income successfully                             
👻 INFO 2026-03-04 05:46:39.005700 [caller info not available] [AddEditTransactionBloc] Initialized.
👻 INFO 2026-03-04 05:46:39.008415 [caller info not available] [AddEditTransactionBloc] SaveRequested. Category selected: Food (ID: cat1)
👻 INFO 2026-03-04 05:46:39.009312 [caller info not available] [AddEditTransactionBloc] User selected specific category 'Food'. Saving.
👻 INFO 2026-03-04 05:46:39.010140 [caller info not available] [AddEditTransactionBloc] _performSave called. Category To Use: Food, Status: CategorizationStatus.categorized
👻 INFO 2026-03-04 05:46:39.010826 [caller info not available] [AddEditTransactionBloc] Saving Income (ID: f968777d-4974-40b1-a9c4-3f53ff25a01e) with Category ID: cat1
👻 INFO 2026-03-04 05:46:39.012578 [caller info not available] [AddEditTransactionBloc] Save successful for ID: 2.
04:59 +479: /app/test/features/transactions/presentation/bloc/add_edit_transaction/add_edit_transaction_bloc_test.dart: SaveTransactionRequested saves income successfully                             04:59 +479: /app/test/features/transactions/presentation/bloc/add_edit_transaction/add_edit_transaction_bloc_test.dart: SaveTransactionRequested emits error when validation fails (empty title)       04:59 +479: /app/test/features/transactions/presentation/bloc/add_edit_transaction/add_edit_transaction_bloc_test.dart: SaveTransactionRequested emits error when validation fails (empty title)       
👻 INFO 2026-03-04 05:46:39.132496 [caller info not available] [AddEditTransactionBloc] Initialized.
👻 INFO 2026-03-04 05:46:39.134480 [caller info not available] [AddEditTransactionBloc] SaveRequested. Category selected: Food (ID: cat1)
👻 INFO 2026-03-04 05:46:39.134926 [caller info not available] [AddEditTransactionBloc] User selected specific category 'Food'. Saving.
👻 INFO 2026-03-04 05:46:39.135269 [caller info not available] [AddEditTransactionBloc] _performSave called. Category To Use: Food, Status: CategorizationStatus.categorized
⚠️ WARNING 2026-03-04 05:46:39.135883 [caller info not available] [AddEditTransactionBloc] Invalid data during _performSave. Aborting.
04:59 +480: /app/test/features/transactions/presentation/bloc/add_edit_transaction/add_edit_transaction_bloc_test.dart: SaveTransactionRequested emits error when validation fails (empty title)       04:59 +480: /app/test/features/transactions/presentation/bloc/add_edit_transaction/add_edit_transaction_bloc_test.dart: SaveTransactionRequested emits error when repository fails                     04:59 +480: /app/test/features/transactions/presentation/bloc/add_edit_transaction/add_edit_transaction_bloc_test.dart: SaveTransactionRequested emits error when repository fails                     
👻 INFO 2026-03-04 05:46:39.152901 [caller info not available] [AddEditTransactionBloc] Initialized.
👻 INFO 2026-03-04 05:46:39.154493 [caller info not available] [AddEditTransactionBloc] SaveRequested. Category selected: Food (ID: cat1)
👻 INFO 2026-03-04 05:46:39.154816 [caller info not available] [AddEditTransactionBloc] User selected specific category 'Food'. Saving.
👻 INFO 2026-03-04 05:46:39.155039 [caller info not available] [AddEditTransactionBloc] _performSave called. Category To Use: Food, Status: CategorizationStatus.categorized
👻 INFO 2026-03-04 05:46:39.155367 [caller info not available] [AddEditTransactionBloc] Saving Expense (ID: 80e5c45b-a955-447d-b8ad-b91226a66270) with Category ID: cat1
⚠️ WARNING 2026-03-04 05:46:39.159580 [caller info not available] [AddEditTransactionBloc] Save failed: Hive Error
⚠️ WARNING 2026-03-04 05:46:39.160506 [caller info not available] [AddEditTransactionBloc] Mapping failure: CacheFailure - Hive Error
04:59 +481: /app/test/features/transactions/presentation/bloc/add_edit_transaction/add_edit_transaction_bloc_test.dart: SaveTransactionRequested emits error when repository fails                     04:59 +481: /app/test/features/transactions/presentation/bloc/add_edit_transaction/add_edit_transaction_bloc_test.dart: (tearDownAll)                                                                  05:00 +481: /app/test/features/transactions/presentation/bloc/add_edit_transaction/add_edit_transaction_bloc_test.dart: (tearDownAll)                                                                  05:00 +481: loading /app/test/features/transactions/presentation/bloc/add_edit_transaction/add_edit_transaction_bloc_large_test.dart                                                                   05:00 +481: /app/test/features/transactions/presentation/bloc/add_edit_transaction/add_edit_transaction_bloc_large_test.dart: AddEditTransactionState supports equality                                05:00 +482: /app/test/features/transactions/presentation/bloc/add_edit_transaction/add_edit_transaction_bloc_large_test.dart: AddEditTransactionState supports equality                                05:01 +482: /app/test/features/transactions/presentation/bloc/add_edit_transaction/add_edit_transaction_bloc_large_test.dart: AddEditTransactionState supports equality                                05:01 +482: loading /app/test/features/transactions/presentation/bloc/transaction_list_bloc_large_test.dart                                                                                            05:02 +482: loading /app/test/features/transactions/presentation/bloc/transaction_list_bloc_large_test.dart                                                                                            05:03 +482: loading /app/test/features/transactions/presentation/bloc/transaction_list_bloc_large_test.dart                                                                                            05:03 +482: /app/test/features/transactions/presentation/bloc/transaction_list_bloc_large_test.dart: TransactionListState supports equality                                                            05:03 +483: /app/test/features/transactions/presentation/bloc/transaction_list_bloc_large_test.dart: TransactionListState supports equality                                                            05:04 +483: /app/test/features/transactions/presentation/bloc/transaction_list_bloc_large_test.dart: TransactionListState supports equality                                                            05:04 +483: loading /app/test/features/transactions/presentation/bloc/transaction_list_bloc_test.dart                                                                                                  05:04 +483: /app/test/features/transactions/presentation/bloc/transaction_list_bloc_test.dart: (setUpAll)                                                                                              05:04 +483: /app/test/features/transactions/presentation/bloc/transaction_list_bloc_test.dart: TransactionListBloc emits [loading, success] when LoadTransactions succeeds                             05:04 +483: /app/test/features/transactions/presentation/bloc/transaction_list_bloc_test.dart: TransactionListBloc emits [loading, success] when LoadTransactions succeeds                             
👻 INFO 2026-03-04 05:46:44.724705 [caller info not available] [TransactionListBloc] Initialized and subscribed to data changes.
👻 INFO 2026-03-04 05:46:44.793082 [caller info not available] [TransactionListBloc] LoadTransactions triggered. ForceReload: false, Incoming Filters: null
👻 INFO 2026-03-04 05:46:44.816631 [caller info not available] [TransactionListBloc] Load successful with 1 transactions.
👻 INFO 2026-03-04 05:46:44.824050 [caller info not available] [TransactionListBloc] Closed and cancelled data stream subscription.
👻 INFO 2026-03-04 05:46:44.871308 [caller info not available] [TransactionListBloc] Closed and cancelled data stream subscription.
05:05 +484: /app/test/features/transactions/presentation/bloc/transaction_list_bloc_test.dart: TransactionListBloc emits [loading, success] when LoadTransactions succeeds                             05:05 +484: /app/test/features/transactions/presentation/bloc/transaction_list_bloc_test.dart: TransactionListBloc emits [loading, error] when LoadTransactions fails                                  05:05 +484: /app/test/features/transactions/presentation/bloc/transaction_list_bloc_test.dart: TransactionListBloc emits [loading, error] when LoadTransactions fails                                  
👻 INFO 2026-03-04 05:46:44.890198 [caller info not available] [TransactionListBloc] Initialized and subscribed to data changes.
👻 INFO 2026-03-04 05:46:44.893765 [caller info not available] [TransactionListBloc] LoadTransactions triggered. ForceReload: false, Incoming Filters: null
⚠️ WARNING 2026-03-04 05:46:44.896991 [caller info not available] [TransactionListBloc] Load failed: DB Error
⚠️ WARNING 2026-03-04 05:46:44.898499 [caller info not available] [TransactionListBloc] Mapping failure: CacheFailure - DB Error
👻 INFO 2026-03-04 05:46:44.899896 [caller info not available] [TransactionListBloc] Closed and cancelled data stream subscription.
👻 INFO 2026-03-04 05:46:44.908054 [caller info not available] [TransactionListBloc] Closed and cancelled data stream subscription.
05:05 +485: /app/test/features/transactions/presentation/bloc/transaction_list_bloc_test.dart: TransactionListBloc emits [loading, error] when LoadTransactions fails                                  05:05 +485: /app/test/features/transactions/presentation/bloc/transaction_list_bloc_test.dart: TransactionListBloc FilterChanged triggers LoadTransactions                                             05:05 +485: /app/test/features/transactions/presentation/bloc/transaction_list_bloc_test.dart: TransactionListBloc FilterChanged triggers LoadTransactions                                             
👻 INFO 2026-03-04 05:46:44.926406 [caller info not available] [TransactionListBloc] Initialized and subscribed to data changes.
👻 INFO 2026-03-04 05:46:44.932470 [caller info not available] [TransactionListBloc] FilterChanged triggered.
👻 INFO 2026-03-04 05:46:44.935850 [caller info not available] [TransactionListBloc] LoadTransactions triggered. ForceReload: true, Incoming Filters: null
👻 INFO 2026-03-04 05:46:44.937601 [caller info not available] [TransactionListBloc] Load successful with 0 transactions.
👻 INFO 2026-03-04 05:46:44.938806 [caller info not available] [TransactionListBloc] Closed and cancelled data stream subscription.
👻 INFO 2026-03-04 05:46:44.944756 [caller info not available] [TransactionListBloc] Closed and cancelled data stream subscription.
05:05 +486: /app/test/features/transactions/presentation/bloc/transaction_list_bloc_test.dart: TransactionListBloc FilterChanged triggers LoadTransactions                                             05:05 +486: /app/test/features/transactions/presentation/bloc/transaction_list_bloc_test.dart: TransactionListBloc SortChanged triggers LoadTransactions                                               05:05 +486: /app/test/features/transactions/presentation/bloc/transaction_list_bloc_test.dart: TransactionListBloc SortChanged triggers LoadTransactions                                               
👻 INFO 2026-03-04 05:46:44.959584 [caller info not available] [TransactionListBloc] Initialized and subscribed to data changes.
👻 INFO 2026-03-04 05:46:44.964028 [caller info not available] [TransactionListBloc] SortChanged triggered: TransactionSortBy.amount.SortDirection.descending
👻 INFO 2026-03-04 05:46:44.966440 [caller info not available] [TransactionListBloc] LoadTransactions triggered. ForceReload: true, Incoming Filters: null
👻 INFO 2026-03-04 05:46:44.968057 [caller info not available] [TransactionListBloc] Load successful with 0 transactions.
👻 INFO 2026-03-04 05:46:44.969188 [caller info not available] [TransactionListBloc] Closed and cancelled data stream subscription.
👻 INFO 2026-03-04 05:46:44.973985 [caller info not available] [TransactionListBloc] Closed and cancelled data stream subscription.
05:05 +487: /app/test/features/transactions/presentation/bloc/transaction_list_bloc_test.dart: TransactionListBloc SortChanged triggers LoadTransactions                                               05:05 +487: /app/test/features/transactions/presentation/bloc/transaction_list_bloc_test.dart: TransactionListBloc DeleteTransaction optimistically removes item and calls usecase                     05:05 +487: /app/test/features/transactions/presentation/bloc/transaction_list_bloc_test.dart: TransactionListBloc DeleteTransaction optimistically removes item and calls usecase                     
👻 INFO 2026-03-04 05:46:44.990563 [caller info not available] [TransactionListBloc] Initialized and subscribed to data changes.
👻 INFO 2026-03-04 05:46:44.996296 [caller info not available] [TransactionListBloc] DeleteTransaction requested: ID=1, Type=TransactionType.expense
👻 INFO 2026-03-04 05:46:45.006143 [caller info not available] [TransactionListBloc] DeleteTransaction successful for 1. State already updated optimistically.
👻 INFO 2026-03-04 05:46:45.007551 [caller info not available] [TransactionListBloc] Closed and cancelled data stream subscription.
👻 INFO 2026-03-04 05:46:45.043557 [caller info not available] [TransactionListBloc] Closed and cancelled data stream subscription.
05:05 +488: /app/test/features/transactions/presentation/bloc/transaction_list_bloc_test.dart: TransactionListBloc DeleteTransaction optimistically removes item and calls usecase                     05:05 +488: /app/test/features/transactions/presentation/bloc/transaction_list_bloc_test.dart: TransactionListBloc reacts to DataChangedEvent from stream                                              05:05 +488: /app/test/features/transactions/presentation/bloc/transaction_list_bloc_test.dart: TransactionListBloc reacts to DataChangedEvent from stream                                              
👻 INFO 2026-03-04 05:46:45.060356 [caller info not available] [TransactionListBloc] Initialized and subscribed to data changes.
👻 INFO 2026-03-04 05:46:45.064734 [caller info not available] [TransactionListBloc] Relevant DataChangedEvent: DataChangedEvent(type: DataChangeType.expense, reason: DataChangeReason.added). Triggering reload.
👻 INFO 2026-03-04 05:46:45.067823 [caller info not available] [TransactionListBloc] _DataChanged received. Triggering LoadTransactions.
👻 INFO 2026-03-04 05:46:45.069489 [caller info not available] [TransactionListBloc] LoadTransactions triggered. ForceReload: true, Incoming Filters: null
👻 INFO 2026-03-04 05:46:45.071332 [caller info not available] [TransactionListBloc] Load successful with 0 transactions.
👻 INFO 2026-03-04 05:46:45.072448 [caller info not available] [TransactionListBloc] Closed and cancelled data stream subscription.
👻 INFO 2026-03-04 05:46:45.077611 [caller info not available] [TransactionListBloc] Closed and cancelled data stream subscription.
05:05 +489: /app/test/features/transactions/presentation/bloc/transaction_list_bloc_test.dart: TransactionListBloc reacts to DataChangedEvent from stream                                              05:05 +489: /app/test/features/transactions/presentation/bloc/transaction_list_bloc_test.dart: TransactionListBloc TransactionListBloc ResetState ResetState emits initial state                       05:05 +489: /app/test/features/transactions/presentation/bloc/transaction_list_bloc_test.dart: TransactionListBloc TransactionListBloc ResetState ResetState emits initial state                       
👻 INFO 2026-03-04 05:46:45.089979 [caller info not available] [TransactionListBloc] Initialized and subscribed to data changes.
👻 INFO 2026-03-04 05:46:45.092829 [caller info not available] [TransactionListBloc] Resetting state to initial.
👻 INFO 2026-03-04 05:46:45.094405 [caller info not available] [TransactionListBloc] Closed and cancelled data stream subscription.
👻 INFO 2026-03-04 05:46:45.098643 [caller info not available] [TransactionListBloc] Closed and cancelled data stream subscription.
05:05 +490: /app/test/features/transactions/presentation/bloc/transaction_list_bloc_test.dart: TransactionListBloc TransactionListBloc ResetState ResetState emits initial state                       05:05 +490: /app/test/features/transactions/presentation/bloc/transaction_list_bloc_test.dart: (tearDownAll)                                                                                           05:06 +490: /app/test/features/transactions/presentation/bloc/transaction_list_bloc_test.dart: (tearDownAll)                                                                                           05:07 +490: /app/test/features/transactions/presentation/bloc/transaction_list_bloc_test.dart: (tearDownAll)                                                                                           05:07 +490: loading /app/test/features/transactions/presentation/transaction_list_page_test.dart                                                                                                       05:08 +490: loading /app/test/features/transactions/presentation/transaction_list_page_test.dart                                                                                                       05:09 +490: loading /app/test/features/transactions/presentation/transaction_list_page_test.dart                                                                                                       05:09 +490: loading /app/test/features/transactions/presentation/widgets/transaction_list_header_test.dart                                                                                             05:09 +490: /app/test/features/transactions/presentation/widgets/transaction_list_header_test.dart: (suite)                                                                                            05:09 +490: /app/test/features/transactions/presentation/widgets/transaction_list_header_test.dart: (suite)                                                                                            
  Skip: Needs stabilization
05:09 +490 ~1: /app/test/features/transactions/presentation/widgets/transaction_list_header_test.dart: (suite)                                                                                         05:10 +490 ~1: /app/test/features/transactions/presentation/widgets/transaction_list_header_test.dart: (suite)                                                                                         05:10 +490 ~1: loading /app/test/features/transactions/presentation/transaction_list_page_test.dart                                                                                                    05:10 +490 ~1: /app/test/features/transactions/presentation/transaction_list_page_test.dart: (setUpAll)                                                                                                05:10 +490 ~1: /app/test/features/transactions/presentation/transaction_list_page_test.dart: initially shows loading then displays transactions when success state is emitted                          05:11 +490 ~1: /app/test/features/transactions/presentation/transaction_list_page_test.dart: initially shows loading then displays transactions when success state is emitted                          05:12 +490 ~1: /app/test/features/transactions/presentation/transaction_list_page_test.dart: initially shows loading then displays transactions when success state is emitted                          05:13 +490 ~1: /app/test/features/transactions/presentation/transaction_list_page_test.dart: initially shows loading then displays transactions when success state is emitted                          05:13 +491 ~1: /app/test/features/transactions/presentation/widgets/stitch/stitch_amount_input_test.dart: StitchAmountInput renders and accepts input                                                  05:13 +492 ~1: /app/test/features/transactions/presentation/widgets/stitch/stitch_amount_input_test.dart: StitchAmountInput renders and accepts input                                                  05:13 +493 ~1: /app/test/features/transactions/presentation/widgets/stitch/stitch_amount_input_test.dart: StitchAmountInput renders and accepts input                                                  05:13 +494 ~1: /app/test/features/transactions/presentation/transaction_list_page_test.dart: filters transactions by account                                                                           05:13 +494 ~1: /app/test/features/transactions/presentation/transaction_list_page_test.dart: filters transactions by account                                                                           
👻 INFO 2026-03-04 05:46:53.648586 [caller info not available] [TxnListPage] Showing filter dialog.
👻 INFO 2026-03-04 05:46:53.830036 [caller info not available] [AccountSelector] BlocBuilder running for state: AccountListLoaded
👻 INFO 2026-03-04 05:46:54.267679 [caller info not available] [AccountSelector] Dropdown changed. New value: a1
👻 INFO 2026-03-04 05:46:54.314829 [caller info not available] [AccountSelector] BlocBuilder running for state: AccountListLoaded
05:14 +495 ~1: /app/test/features/transactions/presentation/transaction_list_page_test.dart: filters transactions by account                                                                           05:14 +495 ~1: /app/test/features/transactions/presentation/transaction_list_page_test.dart: batch categorization flow applies category and exits mode                                                 05:15 +495 ~1: /app/test/features/transactions/presentation/transaction_list_page_test.dart: batch categorization flow applies category and exits mode                                                 05:15 +495 ~1: /app/test/features/transactions/presentation/transaction_list_page_test.dart: batch categorization flow applies category and exits mode                                                 
👻 INFO 2026-03-04 05:46:54.947080 [caller info not available] [TxnListPage] Batch categorize button pressed.

Warning: A call to tap() with finder "Found 1 widget with text "Travel" (ignoring all but first): [
  Text("Travel", debugLabel: ((englishLike bodySmall 2021).merge((blackMountainView bodySmall).apply)).copyWith, inherit: false, color: Color(alpha: 1.0000, red: 0.2863, green: 0.2706, blue: 0.3098, colorSpace: ColorSpace.sRGB), family: Roboto, size: 12.0, weight: 400, letterSpacing: 0.4, baseline: alphabetic, height: 1.3x, leadingDistribution: even, decoration: Color(alpha: 1.0000, red: 0.1137, green: 0.1059, blue: 0.1255, colorSpace: ColorSpace.sRGB) TextDecoration.none, overflow: ellipsis, maxLines: 1, dependencies: [DefaultSelectionStyle, DefaultTextStyle, MediaQuery]),
]" derived an Offset (Offset(125.2, 295.0)) that would not hit test on the specified widget.
Maybe the widget is actually off-screen, or another widget is obscuring it, or the widget cannot receive pointer events.
The finder corresponds to this RenderBox: RenderParagraph#fac47 relayoutBoundary=up30
The hit test result at that offset is: HitTestResult(_RenderInkFeatures#5f0f0@Offset(45.2, 115.0), RenderCustomPaint#48562@Offset(45.2, 115.0), RenderPhysicalShape#fc9ea@Offset(45.2, 115.0), RenderConstrainedBox#730d0@Offset(45.2, 115.0), RenderPositionedBox#a44b0@Offset(125.2, 115.0), RenderPointerListener#911aa@Offset(125.2, 115.0), _RenderBottomSheetLayoutWithSizeListener#a9b79@Offset(125.2, 295.0), RenderClipRect#9f751@Offset(125.2, 295.0), RenderSemanticsAnnotations#c6b7a@Offset(125.2, 295.0), RenderPadding#b25fd@Offset(125.2, 295.0), RenderRepaintBoundary#fcdf0@Offset(125.2, 295.0), RenderIgnorePointer#67f47@Offset(125.2, 295.0), RenderRepaintBoundary#1700b@Offset(125.2, 295.0), RenderSemanticsAnnotations#035af@Offset(125.2, 295.0), RenderOffstage#db1f9@Offset(125.2, 295.0), RenderSemanticsAnnotations#5a5c1@Offset(125.2, 295.0), _RenderTheater#e042c@Offset(125.2, 295.0), RenderAbsorbPointer#68778@Offset(125.2, 295.0), RenderPointerListener#b64a8@Offset(125.2, 295.0), RenderSemanticsAnnotations#6a5ea@Offset(125.2, 295.0), RenderCustomPaint#d6c80@Offset(125.2, 295.0), RenderSemanticsAnnotations#f681d@Offset(125.2, 295.0), RenderSemanticsAnnotations#8ae82@Offset(125.2, 295.0), RenderTapRegionSurface#2197b@Offset(125.2, 295.0), RenderSemanticsAnnotations#c022a@Offset(125.2, 295.0), RenderSemanticsAnnotations#ca9ca@Offset(125.2, 295.0), RenderSemanticsAnnotations#43b2e@Offset(125.2, 295.0), HitTestEntry<HitTestTarget>#6b98b(_ReusableRenderView#cfe21), HitTestEntry<HitTestTarget>#74b57(<AutomatedTestWidgetsFlutterBinding>))
#0      WidgetController._getElementPoint (package:flutter_test/src/controller.dart:2081:25)
#1      WidgetController.getCenter (package:flutter_test/src/controller.dart:1865:12)
#2      WidgetController.tap (package:flutter_test/src/controller.dart:1045:7)
#3      main.<anonymous closure> (file:///app/test/features/transactions/presentation/transaction_list_page_test.dart:580:18)
<asynchronous suspension>
#4      testWidgets.<anonymous closure>.<anonymous closure> (package:flutter_test/src/widget_tester.dart:192:15)
<asynchronous suspension>
#5      TestWidgetsFlutterBinding._runTestBody (package:flutter_test/src/binding.dart:1059:5)
<asynchronous suspension>
#6      StackZoneSpecification._registerCallback.<anonymous closure> (package:stack_trace/src/stack_zone_specification.dart:114:42)
<asynchronous suspension>
To silence this warning, pass "warnIfMissed: false" to "tap()".
To make this warning fatal, set WidgetController.hitTestWarningShouldBeFatal to true.

05:15 +496 ~1: /app/test/features/transactions/presentation/transaction_list_page_test.dart: batch categorization flow applies category and exits mode                                                 05:15 +496 ~1: /app/test/features/transactions/presentation/transaction_list_page_test.dart: tapping card selects in batch mode                                                                        05:15 +497 ~1: /app/test/features/transactions/presentation/transaction_list_page_test.dart: tapping card selects in batch mode                                                                        05:15 +497 ~1: /app/test/features/transactions/presentation/transaction_list_page_test.dart: tapping card navigates in normal mode                                                                     05:15 +497 ~1: /app/test/features/transactions/presentation/transaction_list_page_test.dart: tapping card navigates in normal mode                                                                     
👻 INFO 2026-03-04 05:46:55.645480 [caller info not available] [TxnListPage] _navigateToDetailOrEdit called for expense ID: t1
👻 INFO 2026-03-04 05:46:55.646091 [caller info not available] [TxnListPage] Attempting navigation via pushNamed:
👻 INFO 2026-03-04 05:46:55.646444 [caller info not available]   Route Name: edit
👻 INFO 2026-03-04 05:46:55.647304 [caller info not available]   Path Params: {transactionId: t1}
👻 INFO 2026-03-04 05:46:55.647604 [caller info not available]   Extra Data Type: TransactionEntity
👻 INFO 2026-03-04 05:46:55.656801 [caller info not available] [TxnListPage] pushNamed executed.
05:15 +498 ~1: /app/test/features/transactions/presentation/transaction_list_page_test.dart: tapping card navigates in normal mode                                                                     05:15 +498 ~1: /app/test/features/transactions/presentation/transaction_list_page_test.dart: getDominantTransactionType returns null when selected IDs contain a stale entry                           05:15 +498 ~1: /app/test/features/transactions/presentation/transaction_list_page_test.dart: getDominantTransactionType returns null when selected IDs contain a stale entry                           
⚠️ WARNING 2026-03-04 05:46:55.771840 [caller info not available] [TxnListPage] Selected ID stale-id not found in state during dominant type check.
05:15 +499 ~1: /app/test/features/transactions/presentation/transaction_list_page_test.dart: getDominantTransactionType returns null when selected IDs contain a stale entry                           05:15 +499 ~1: /app/test/features/transactions/presentation/transaction_list_page_test.dart: (tearDownAll)                                                                                             05:16 +499 ~1: /app/test/features/transactions/presentation/transaction_list_page_test.dart: (tearDownAll)                                                                                             05:17 +499 ~1: /app/test/features/transactions/presentation/transaction_list_page_test.dart: (tearDownAll)                                                                                             05:17 +499 ~1: loading /app/test/features/transactions/presentation/widgets/stitch/stitch_type_selector_test.dart                                                                                      05:17 +499 ~1: /app/test/features/transactions/presentation/widgets/stitch/stitch_type_selector_test.dart: StitchTypeSelector renders options and handles selection                                    05:18 +499 ~1: /app/test/features/transactions/presentation/widgets/stitch/stitch_type_selector_test.dart: StitchTypeSelector renders options and handles selection                                    05:18 +500 ~1: /app/test/features/transactions/presentation/widgets/stitch/stitch_type_selector_test.dart: StitchTypeSelector renders options and handles selection                                    05:19 +500 ~1: /app/test/features/transactions/presentation/widgets/stitch/stitch_type_selector_test.dart: StitchTypeSelector renders options and handles selection                                    05:19 +500 ~1: loading /app/test/features/transactions/presentation/widgets/transaction_list_view_test.dart                                                                                            05:19 +500 ~1: /app/test/features/transactions/presentation/widgets/transaction_list_view_test.dart: TransactionListView shows loading indicator when state is loading                                 05:20 +500 ~1: /app/test/features/transactions/presentation/widgets/transaction_list_view_test.dart: TransactionListView shows loading indicator when state is loading                                 05:20 +501 ~1: /app/test/features/transactions/presentation/widgets/transaction_list_view_test.dart: TransactionListView shows loading indicator when state is loading                                 05:20 +501 ~1: /app/test/features/transactions/presentation/widgets/transaction_list_view_test.dart: TransactionListView shows error message when state is error                                       05:20 +502 ~1: /app/test/features/transactions/presentation/widgets/transaction_list_view_test.dart: TransactionListView shows error message when state is error                                       05:20 +502 ~1: /app/test/features/transactions/presentation/widgets/transaction_list_view_test.dart: TransactionListView shows empty state when no transactions exist                                  05:20 +503 ~1: /app/test/features/transactions/presentation/widgets/transaction_list_view_test.dart: TransactionListView shows empty state when no transactions exist                                  05:20 +503 ~1: /app/test/features/transactions/presentation/widgets/transaction_list_view_test.dart: TransactionListView shows filtered empty state when filters are applied                           05:20 +504 ~1: /app/test/features/transactions/presentation/widgets/transaction_list_view_test.dart: TransactionListView shows filtered empty state when filters are applied                           05:20 +504 ~1: /app/test/features/transactions/presentation/widgets/transaction_list_view_test.dart: TransactionListView renders a list of ExpenseCard and IncomeCard                                  05:21 +504 ~1: /app/test/features/transactions/presentation/widgets/transaction_list_view_test.dart: TransactionListView renders a list of ExpenseCard and IncomeCard                                  05:21 +505 ~1: /app/test/features/transactions/presentation/widgets/transaction_list_view_test.dart: TransactionListView renders a list of ExpenseCard and IncomeCard                                  05:21 +505 ~1: /app/test/features/transactions/presentation/widgets/transaction_list_view_test.dart: TransactionListView tapping card navigates when not in batch mode                                 05:21 +506 ~1: /app/test/features/transactions/presentation/widgets/transaction_list_view_test.dart: TransactionListView tapping card navigates when not in batch mode                                 05:21 +506 ~1: /app/test/features/transactions/presentation/widgets/transaction_list_view_test.dart: TransactionListView tapping card dispatches event when in batch mode                              05:21 +507 ~1: /app/test/features/transactions/presentation/widgets/transaction_list_view_test.dart: TransactionListView tapping card dispatches event when in batch mode                              05:21 +507 ~1: /app/test/features/transactions/presentation/widgets/transaction_list_view_test.dart: TransactionListView swiping a card calls confirmDeletion                                          05:21 +508 ~1: /app/test/features/transactions/presentation/widgets/transaction_list_view_test.dart: TransactionListView swiping a card calls confirmDeletion                                          05:22 +508 ~1: /app/test/features/transactions/presentation/widgets/transaction_list_view_test.dart: TransactionListView swiping a card calls confirmDeletion                                          05:22 +508 ~1: loading /app/test/features/transactions/presentation/widgets/transaction_form_test.dart                                                                                                 05:22 +508 ~1: /app/test/features/transactions/presentation/widgets/transaction_form_test.dart: TransactionForm renders                                                                                05:23 +508 ~1: /app/test/features/transactions/presentation/widgets/transaction_form_test.dart: TransactionForm renders                                                                                05:23 +508 ~1: /app/test/features/transactions/presentation/widgets/transaction_form_test.dart: TransactionForm renders                                                                                
👻 INFO 2026-03-04 05:47:02.943594 [caller info not available] [TransactionForm] Initial Category set in form state: null (ID: null)
👻 INFO 2026-03-04 05:47:03.377218 [caller info not available] [AccountSelector] BlocBuilder running for state: AccountListLoaded
05:24 +509 ~1: /app/test/features/transactions/presentation/widgets/transaction_form_test.dart: TransactionForm renders                                                                                05:25 +509 ~1: /app/test/features/transactions/presentation/widgets/transaction_form_test.dart: TransactionForm renders                                                                                05:25 +509 ~1: loading /app/test/features/transactions/presentation/widgets/transaction_sort_sheet_test.dart                                                                                           05:25 +509 ~1: /app/test/features/transactions/presentation/widgets/transaction_sort_sheet_test.dart: TransactionSortSheet renders all options and highlights the current one                          05:26 +509 ~1: /app/test/features/transactions/presentation/widgets/transaction_sort_sheet_test.dart: TransactionSortSheet renders all options and highlights the current one                          05:26 +510 ~1: /app/test/features/transactions/presentation/widgets/transaction_sort_sheet_test.dart: TransactionSortSheet renders all options and highlights the current one                          05:26 +510 ~1: /app/test/features/transactions/presentation/widgets/transaction_sort_sheet_test.dart: ... tapping a new sort option calls onApplySort with new option and default direction            05:26 +511 ~1: /app/test/features/transactions/presentation/widgets/transaction_sort_sheet_test.dart: ... tapping a new sort option calls onApplySort with new option and default direction            05:26 +511 ~1: /app/test/features/transactions/presentation/widgets/transaction_sort_sheet_test.dart: TransactionSortSheet tapping the current sort option does not call onApplySort                   05:27 +511 ~1: /app/test/features/transactions/presentation/widgets/transaction_sort_sheet_test.dart: TransactionSortSheet tapping the current sort option does not call onApplySort                   05:27 +512 ~1: /app/test/features/transactions/presentation/widgets/transaction_sort_sheet_test.dart: TransactionSortSheet tapping the current sort option does not call onApplySort                   05:27 +512 ~1: loading /app/test/features/transactions/presentation/widgets/transaction_calendar_view_test.dart                                                                                        05:27 +512 ~1: /app/test/features/transactions/presentation/widgets/transaction_calendar_view_test.dart: TransactionCalendarView renders TableCalendar and list of transactions                        05:28 +512 ~1: /app/test/features/transactions/presentation/widgets/transaction_calendar_view_test.dart: TransactionCalendarView renders TableCalendar and list of transactions                        05:29 +512 ~1: /app/test/features/transactions/presentation/widgets/transaction_calendar_view_test.dart: TransactionCalendarView renders TableCalendar and list of transactions                        05:29 +513 ~1: /app/test/features/transactions/presentation/widgets/transaction_calendar_view_test.dart: TransactionCalendarView renders TableCalendar and list of transactions                        05:29 +513 ~1: /app/test/features/transactions/presentation/widgets/transaction_calendar_view_test.dart: TransactionCalendarView shows empty message when no transactions on selected day              05:29 +514 ~1: /app/test/features/transactions/presentation/widgets/transaction_calendar_view_test.dart: TransactionCalendarView shows empty message when no transactions on selected day              05:29 +514 ~1: /app/test/features/transactions/presentation/widgets/transaction_calendar_view_test.dart: TransactionCalendarView calls onDaySelected when a day is tapped                              05:29 +515 ~1: /app/test/features/transactions/presentation/widgets/transaction_calendar_view_test.dart: TransactionCalendarView calls onDaySelected when a day is tapped                              05:29 +515 ~1: /app/test/features/transactions/presentation/widgets/transaction_calendar_view_test.dart: TransactionCalendarView calls navigateToDetailOrEdit when a transaction is tapped             05:30 +515 ~1: /app/test/features/transactions/presentation/widgets/transaction_calendar_view_test.dart: TransactionCalendarView calls navigateToDetailOrEdit when a transaction is tapped             05:30 +516 ~1: /app/test/features/transactions/presentation/widgets/transaction_calendar_view_test.dart: TransactionCalendarView calls navigateToDetailOrEdit when a transaction is tapped             05:30 +516 ~1: loading /app/test/features/transactions/presentation/widgets/transaction_filter_dialog_test.dart                                                                                        05:30 +516 ~1: /app/test/features/transactions/presentation/widgets/transaction_filter_dialog_test.dart: renders TransactionFilterDialog                                                               05:31 +516 ~1: /app/test/features/transactions/presentation/widgets/transaction_filter_dialog_test.dart: renders TransactionFilterDialog                                                               05:31 +517 ~1: /app/test/features/transactions/presentation/widgets/transaction_filter_dialog_test.dart: renders TransactionFilterDialog                                                               05:32 +517 ~1: /app/test/features/transactions/presentation/widgets/transaction_filter_dialog_test.dart: renders TransactionFilterDialog                                                               05:33 +517 ~1: /app/test/features/transactions/presentation/widgets/transaction_filter_dialog_test.dart: renders TransactionFilterDialog                                                               05:33 +517 ~1: loading /app/test/features/transactions/presentation/widgets/transaction_list_item_test.dart                                                                                            05:33 +517 ~1: /app/test/features/transactions/presentation/widgets/transaction_list_item_test.dart: TransactionListItem renders correctly for expense                                                 05:34 +517 ~1: /app/test/features/transactions/presentation/widgets/transaction_list_item_test.dart: TransactionListItem renders correctly for expense                                                 05:34 +518 ~1: /app/test/features/transactions/presentation/widgets/transaction_list_item_test.dart: TransactionListItem renders correctly for expense                                                 05:34 +518 ~1: /app/test/features/transactions/presentation/widgets/transaction_list_item_test.dart: TransactionListItem renders correctly for income                                                  05:34 +519 ~1: /app/test/features/transactions/presentation/widgets/transaction_list_item_test.dart: TransactionListItem renders correctly for income                                                  05:34 +519 ~1: /app/test/features/transactions/presentation/widgets/transaction_list_item_test.dart: TransactionListItem handles tap                                                                   05:35 +519 ~1: /app/test/features/transactions/presentation/widgets/transaction_list_item_test.dart: TransactionListItem handles tap                                                                   05:35 +520 ~1: /app/test/features/transactions/presentation/widgets/transaction_list_item_test.dart: TransactionListItem handles tap                                                                   05:35 +520 ~1: loading /app/test/features/transactions/presentation/widgets/categorization_status_widget_test.dart                                                                                     05:35 +520 ~1: /app/test/features/transactions/presentation/widgets/categorization_status_widget_test.dart: CategorizationStatusWidget renders "needsReview" state and buttons correctly               05:36 +520 ~1: /app/test/features/transactions/presentation/widgets/categorization_status_widget_test.dart: CategorizationStatusWidget renders "needsReview" state and buttons correctly               05:36 +521 ~1: /app/test/features/transactions/presentation/widgets/categorization_status_widget_test.dart: CategorizationStatusWidget renders "needsReview" state and buttons correctly               05:36 +521 ~1: /app/test/features/transactions/presentation/widgets/categorization_status_widget_test.dart: CategorizationStatusWidget renders "uncategorized" state and button correctly              05:36 +522 ~1: /app/test/features/transactions/presentation/widgets/categorization_status_widget_test.dart: CategorizationStatusWidget renders "uncategorized" state and button correctly              05:36 +522 ~1: /app/test/features/transactions/presentation/widgets/categorization_status_widget_test.dart: CategorizationStatusWidget renders "categorized" state correctly                           05:37 +522 ~1: /app/test/features/transactions/presentation/widgets/categorization_status_widget_test.dart: CategorizationStatusWidget renders "categorized" state correctly                           05:37 +523 ~1: /app/test/features/transactions/presentation/widgets/categorization_status_widget_test.dart: CategorizationStatusWidget renders "categorized" state correctly                           05:37 +523 ~1: /app/test/features/transactions/presentation/widgets/categorization_status_widget_test.dart: CategorizationStatusWidget "Confirm" button calls onUserCategorized                        05:37 +523 ~1: /app/test/features/transactions/presentation/widgets/categorization_status_widget_test.dart: CategorizationStatusWidget "Confirm" button calls onUserCategorized                        
👻 INFO 2026-03-04 05:47:16.983870 [caller info not available] [CategorizationStatus] Suggestion confirmed for 1
05:37 +524 ~1: /app/test/features/transactions/presentation/widgets/categorization_status_widget_test.dart: CategorizationStatusWidget "Confirm" button calls onUserCategorized                        05:37 +524 ~1: /app/test/features/transactions/presentation/widgets/categorization_status_widget_test.dart: CategorizationStatusWidget "Change" and "Categorize" buttons call onChangeCategoryRequest  05:37 +524 ~1: /app/test/features/transactions/presentation/widgets/categorization_status_widget_test.dart: CategorizationStatusWidget "Change" and "Categorize" buttons call onChangeCategoryRequest  
👻 INFO 2026-03-04 05:47:17.143508 [caller info not available] [CategorizationStatus] Change requested for suggested 1
👻 INFO 2026-03-04 05:47:17.312823 [caller info not available] [CategorizationStatus] Change requested for uncategorized 1
05:37 +525 ~1: /app/test/features/transactions/presentation/widgets/categorization_status_widget_test.dart: CategorizationStatusWidget "Change" and "Categorize" buttons call onChangeCategoryRequest  05:37 +525 ~1: /app/test/features/transactions/presentation/widgets/categorization_status_widget_test.dart: CategorizationStatusWidget Tapping categorized text calls onChangeCategoryRequest          05:37 +525 ~1: /app/test/features/transactions/presentation/widgets/categorization_status_widget_test.dart: CategorizationStatusWidget Tapping categorized text calls onChangeCategoryRequest          
👻 INFO 2026-03-04 05:47:17.364776 [caller info not available] [CategorizationStatus] Change requested for categorized 1
05:37 +526 ~1: /app/test/features/transactions/presentation/widgets/categorization_status_widget_test.dart: CategorizationStatusWidget Tapping categorized text calls onChangeCategoryRequest          05:38 +526 ~1: /app/test/features/transactions/presentation/widgets/categorization_status_widget_test.dart: CategorizationStatusWidget Tapping categorized text calls onChangeCategoryRequest          05:38 +526 ~1: loading /app/test/features/transactions/presentation/pages/transaction_detail_page_test.dart                                                                                            05:38 +526 ~1: /app/test/features/transactions/presentation/pages/transaction_detail_page_test.dart: (setUpAll)                                                                                        05:38 +526 ~1: /app/test/features/transactions/presentation/pages/transaction_detail_page_test.dart: TransactionDetailPage renders all transaction details correctly when provided                     05:39 +526 ~1: /app/test/features/transactions/presentation/pages/transaction_detail_page_test.dart: TransactionDetailPage renders all transaction details correctly when provided                     05:40 +526 ~1: /app/test/features/transactions/presentation/pages/transaction_detail_page_test.dart: TransactionDetailPage renders all transaction details correctly when provided                     05:40 +527 ~1: /app/test/features/transactions/presentation/pages/transaction_detail_page_test.dart: TransactionDetailPage renders all transaction details correctly when provided                     05:40 +527 ~1: /app/test/features/transactions/presentation/pages/transaction_detail_page_test.dart: TransactionDetailPage fetches transaction from Bloc when not provided (deep link scenario)        05:40 +528 ~1: /app/test/features/transactions/presentation/pages/transaction_detail_page_test.dart: TransactionDetailPage fetches transaction from Bloc when not provided (deep link scenario)        05:40 +528 ~1: /app/test/features/transactions/presentation/pages/transaction_detail_page_test.dart: TransactionDetailPage shows Not Found when transaction is missing in Bloc                         05:40 +529 ~1: /app/test/features/transactions/presentation/pages/transaction_detail_page_test.dart: TransactionDetailPage shows Not Found when transaction is missing in Bloc                         05:40 +529 ~1: /app/test/features/transactions/presentation/pages/transaction_detail_page_test.dart: TransactionDetailPage shows Loading when Bloc is loading                                          05:40 +530 ~1: /app/test/features/transactions/presentation/pages/transaction_detail_page_test.dart: TransactionDetailPage shows Loading when Bloc is loading                                          05:40 +530 ~1: /app/test/features/transactions/presentation/pages/transaction_detail_page_test.dart: TransactionDetailPage tapping Edit button does not throw                                          05:41 +530 ~1: /app/test/features/transactions/presentation/pages/transaction_detail_page_test.dart: TransactionDetailPage tapping Edit button does not throw                                          05:41 +530 ~1: /app/test/features/transactions/presentation/pages/transaction_detail_page_test.dart: TransactionDetailPage tapping Edit button does not throw                                          
👻 INFO 2026-03-04 05:47:20.880640 [caller info not available] [TxnDetailPage] Navigate to Edit requested for TXN ID: 1
👻 INFO 2026-03-04 05:47:20.884237 [caller info not available] [TxnDetailPage] Navigating via pushNamed:
👻 INFO 2026-03-04 05:47:20.886182 [caller info not available]   Route Name: edit
👻 INFO 2026-03-04 05:47:20.888043 [caller info not available]   Path Params: {transactionId: 1}
👻 INFO 2026-03-04 05:47:20.888436 [caller info not available]   Extra Data Type: TransactionEntity
05:41 +531 ~1: /app/test/features/transactions/presentation/pages/transaction_detail_page_test.dart: TransactionDetailPage tapping Edit button does not throw                                          05:41 +531 ~1: /app/test/features/transactions/presentation/pages/transaction_detail_page_test.dart: TransactionDetailPage tapping Delete button shows dialog and dispatches event                     05:41 +531 ~1: /app/test/features/transactions/presentation/pages/transaction_detail_page_test.dart: TransactionDetailPage tapping Delete button shows dialog and dispatches event                     
👻 INFO 2026-03-04 05:47:21.087462 [caller info not available] [TxnDetailPage] Delete requested for TXN ID: 1
👻 INFO 2026-03-04 05:47:21.222695 [caller info not available] [TxnDetailPage] Delete confirmed.
05:41 +532 ~1: /app/test/features/transactions/presentation/pages/transaction_list_page_test.dart: TransactionListPage renders Header and ListView by default                                          05:42 +532 ~1: /app/test/features/transactions/presentation/pages/transaction_list_page_test.dart: TransactionListPage renders Header and ListView by default                                          05:43 +532 ~1: /app/test/features/transactions/presentation/pages/transaction_list_page_test.dart: TransactionListPage renders Header and ListView by default                                          05:43 +533 ~1: /app/test/features/transactions/presentation/pages/transaction_list_page_test.dart: TransactionListPage renders Header and ListView by default                                          05:43 +533 ~1: /app/test/features/transactions/presentation/pages/transaction_list_page_test.dart: TransactionListPage switches to CalendarView when toggle is tapped                                  05:44 +533 ~1: /app/test/features/transactions/presentation/pages/transaction_list_page_test.dart: TransactionListPage switches to CalendarView when toggle is tapped                                  05:44 +534 ~1: /app/test/features/transactions/presentation/pages/transaction_list_page_test.dart: TransactionListPage switches to CalendarView when toggle is tapped                                  05:44 +534 ~1: /app/test/features/transactions/presentation/pages/transaction_list_page_test.dart: TransactionListPage shows FilterDialog when filter button is tapped                                 05:44 +534 ~1: /app/test/features/transactions/presentation/pages/transaction_list_page_test.dart: TransactionListPage shows FilterDialog when filter button is tapped                                 
👻 INFO 2026-03-04 05:47:23.946090 [caller info not available] [TxnListPage] Showing filter dialog.
👻 INFO 2026-03-04 05:47:24.075959 [caller info not available] [AccountSelector] BlocBuilder running for state: AccountListInitial
05:44 +535 ~1: /app/test/features/transactions/presentation/pages/transaction_list_page_test.dart: TransactionListPage shows FilterDialog when filter button is tapped                                 05:44 +535 ~1: /app/test/features/transactions/presentation/pages/transaction_list_page_test.dart: TransactionListPage shows SortSheet when sort button is tapped                                      05:44 +535 ~1: /app/test/features/transactions/presentation/pages/transaction_list_page_test.dart: TransactionListPage shows SortSheet when sort button is tapped                                      
👻 INFO 2026-03-04 05:47:24.633500 [caller info not available] [TxnListPage] Showing sort bottom sheet.
05:45 +536 ~1: /app/test/features/transactions/presentation/pages/transaction_list_page_test.dart: TransactionListPage shows SortSheet when sort button is tapped                                      05:45 +536 ~1: /app/test/features/transactions/presentation/pages/transaction_list_page_test.dart: TransactionListPage shows batch FAB when in batch edit mode                                         05:45 +537 ~1: /app/test/features/transactions/presentation/pages/transaction_list_page_test.dart: TransactionListPage shows batch FAB when in batch edit mode                                         05:45 +537 ~1: /app/test/features/transactions/presentation/pages/transaction_list_page_test.dart: TransactionListPage search input triggers SearchChanged event                                       05:45 +538 ~1: /app/test/features/transactions/presentation/pages/add_edit_transaction_page_test.dart: renders AddEditTransactionPage                                                                  05:46 +538 ~1: /app/test/features/transactions/presentation/pages/add_edit_transaction_page_test.dart: renders AddEditTransactionPage                                                                  05:46 +538 ~1: /app/test/features/transactions/presentation/pages/add_edit_transaction_page_test.dart: renders AddEditTransactionPage                                                                  
👻 INFO 2026-03-04 05:47:25.966014 [caller info not available] [AddEditTxnPage] initState complete. Initial Entity ID: null
👻 INFO 2026-03-04 05:47:26.028717 [caller info not available] [TransactionForm] Initial Category set in form state: null (ID: null)
👻 INFO 2026-03-04 05:47:26.516642 [caller info not available] [AccountSelector] BlocBuilder running for state: AccountListLoaded
05:47 +539 ~1: /app/test/features/transactions/presentation/pages/add_edit_transaction_page_test.dart: renders AddEditTransactionPage                                                                  05:47 +539 ~1: /app/test/features/transactions/presentation/pages/add_edit_transaction_page_test.dart: (tearDownAll)                                                                                   05:47 +539 ~1: loading /app/test/features/categories/data/datasources/user_history_local_data_source_test.dart                                                                                         05:48 +539 ~1: loading /app/test/features/categories/data/datasources/user_history_local_data_source_test.dart                                                                                         05:49 +539 ~1: loading /app/test/features/categories/data/datasources/user_history_local_data_source_test.dart                                                                                         05:49 +539 ~1: /app/test/features/categories/data/datasources/user_history_local_data_source_test.dart: (setUpAll)                                                                                     05:49 +539 ~1: /app/test/features/categories/data/datasources/user_history_local_data_source_test.dart: findRule returns rule if found                                                                 05:49 +539 ~1: /app/test/features/categories/data/datasources/user_history_local_data_source_test.dart: findRule returns rule if found                                                                 
👻 INFO 2026-03-04 05:47:28.913250 [caller info not available] Found matching user history rule. Type: merchant, Matcher: matcher, CategoryId: cat1
05:49 +540 ~1: /app/test/features/categories/data/datasources/user_history_local_data_source_test.dart: findRule returns rule if found                                                                 05:49 +540 ~1: /app/test/features/categories/data/datasources/user_history_local_data_source_test.dart: saveRule calls box.put                                                                         05:49 +540 ~1: /app/test/features/categories/data/datasources/user_history_local_data_source_test.dart: saveRule calls box.put                                                                         
👻 INFO 2026-03-04 05:47:28.935915 [caller info not available] Saved/Updated user history rule (ID: 1, Type: merchant, Matcher: matcher) to Hive.
05:49 +541 ~1: /app/test/features/categories/data/datasources/user_history_local_data_source_test.dart: saveRule calls box.put                                                                         05:49 +541 ~1: /app/test/features/categories/data/datasources/user_history_local_data_source_test.dart: (tearDownAll)                                                                                  05:50 +541 ~1: /app/test/features/categories/data/datasources/user_history_local_data_source_test.dart: (tearDownAll)                                                                                  05:50 +541 ~1: loading /app/test/features/categories/data/datasources/category_local_data_source_test.dart                                                                                             05:50 +541 ~1: /app/test/features/categories/data/datasources/category_local_data_source_test.dart: (setUpAll)                                                                                         05:50 +541 ~1: /app/test/features/categories/data/datasources/category_local_data_source_test.dart: getCustomCategories should return list of CategoryModel from Hive                                  05:50 +541 ~1: /app/test/features/categories/data/datasources/category_local_data_source_test.dart: getCustomCategories should return list of CategoryModel from Hive                                  
👻 INFO 2026-03-04 05:47:30.570964 [caller info not available] Retrieved 1 custom categories from Hive.
05:50 +542 ~1: /app/test/features/categories/data/datasources/category_local_data_source_test.dart: getCustomCategories should return list of CategoryModel from Hive                                  05:50 +542 ~1: /app/test/features/categories/data/datasources/category_local_data_source_test.dart: getCustomCategories should throw CacheFailure when Hive access fails                               05:50 +542 ~1: /app/test/features/categories/data/datasources/category_local_data_source_test.dart: getCustomCategories should throw CacheFailure when Hive access fails                               
‼️ SEVERE 2026-03-04 05:47:30.589247 [caller info not available] Failed to get custom categories from cacheException#0      When.thenThrow.<anonymous closure> (package:mocktail/src/mocktail.dart:249:7)
#1      Mock.noSuchMethod (package:mocktail/src/mocktail.dart:131:37)
#2      MockBox.values (file:///app/test/features/categories/data/datasources/category_local_data_source_test.dart:8:7)
#3      HiveCategoryLocalDataSource.getCustomCategories (package:expense_tracker/features/categories/data/datasources/category_local_data_source.dart:43:44)
#4      main.<anonymous closure>.<anonymous closure>.<anonymous closure> (file:///app/test/features/categories/data/datasources/category_local_data_source_test.dart:52:26)
#5      Throws.matchAsync (package:matcher/src/expect/throws_matcher.dart:86:23)
#6      _expect (package:matcher/src/expect/expect.dart:109:26)
#7      expect (package:matcher/src/expect/expect.dart:56:3)
#8      expect (package:flutter_test/src/widget_tester.dart:473:18)
#9      main.<anonymous closure>.<anonymous closure> (file:///app/test/features/categories/data/datasources/category_local_data_source_test.dart:51:7)
#10     Declarer.test.<anonymous closure>.<anonymous closure> (package:test_api/src/backend/declarer.dart:242:19)
<asynchronous suspension>
#11     Declarer.test.<anonymous closure> (package:test_api/src/backend/declarer.dart:240:7)
<asynchronous suspension>
#12     Invoker._waitForOutstandingCallbacks.<anonymous closure> (package:test_api/src/backend/invoker.dart:282:9)
<asynchronous suspension>

05:50 +543 ~1: /app/test/features/categories/data/datasources/category_local_data_source_test.dart: getCustomCategories should throw CacheFailure when Hive access fails                               05:50 +543 ~1: /app/test/features/categories/data/datasources/category_local_data_source_test.dart: saveCustomCategory should save custom category to Hive                                             05:50 +543 ~1: /app/test/features/categories/data/datasources/category_local_data_source_test.dart: saveCustomCategory should save custom category to Hive                                             
👻 INFO 2026-03-04 05:47:30.613961 [caller info not available] Saved custom category 'Custom Cat' (ID: 1) to Hive.
05:50 +544 ~1: /app/test/features/categories/data/datasources/category_local_data_source_test.dart: saveCustomCategory should save custom category to Hive                                             05:50 +544 ~1: /app/test/features/categories/data/datasources/category_local_data_source_test.dart: saveCustomCategory should NOT save non-custom category                                             05:50 +544 ~1: /app/test/features/categories/data/datasources/category_local_data_source_test.dart: saveCustomCategory should NOT save non-custom category                                             
⚠️ WARNING 2026-03-04 05:47:30.624639 [caller info not available] Attempted to save a non-custom category via local source. ID: 2
05:50 +545 ~1: /app/test/features/categories/data/datasources/category_local_data_source_test.dart: saveCustomCategory should NOT save non-custom category                                             05:50 +545 ~1: /app/test/features/categories/data/datasources/category_local_data_source_test.dart: saveCustomCategory should throw CacheFailure when saving fails                                     05:50 +545 ~1: /app/test/features/categories/data/datasources/category_local_data_source_test.dart: saveCustomCategory should throw CacheFailure when saving fails                                     
‼️ SEVERE 2026-03-04 05:47:30.631019 [caller info not available] Failed to save custom category 'Custom Cat' to cacheException#0      When.thenThrow.<anonymous closure> (package:mocktail/src/mocktail.dart:249:7)
#1      Mock.noSuchMethod (package:mocktail/src/mocktail.dart:131:37)
#2      MockBox.put (file:///app/test/features/categories/data/datasources/category_local_data_source_test.dart:8:7)
#3      HiveCategoryLocalDataSource.saveCustomCategory (package:expense_tracker/features/categories/data/datasources/category_local_data_source.dart:63:25)
#4      main.<anonymous closure>.<anonymous closure>.<anonymous closure> (file:///app/test/features/categories/data/datasources/category_local_data_source_test.dart:96:26)
#5      Throws.matchAsync (package:matcher/src/expect/throws_matcher.dart:86:23)
#6      _expect (package:matcher/src/expect/expect.dart:109:26)
#7      expect (package:matcher/src/expect/expect.dart:56:3)
#8      expect (package:flutter_test/src/widget_tester.dart:473:18)
#9      main.<anonymous closure>.<anonymous closure> (file:///app/test/features/categories/data/datasources/category_local_data_source_test.dart:95:7)
#10     Declarer.test.<anonymous closure>.<anonymous closure> (package:test_api/src/backend/declarer.dart:242:19)
<asynchronous suspension>
#11     Declarer.test.<anonymous closure> (package:test_api/src/backend/declarer.dart:240:7)
<asynchronous suspension>
#12     Invoker._waitForOutstandingCallbacks.<anonymous closure> (package:test_api/src/backend/invoker.dart:282:9)
<asynchronous suspension>

05:50 +546 ~1: /app/test/features/categories/data/datasources/category_local_data_source_test.dart: saveCustomCategory should throw CacheFailure when saving fails                                     05:50 +546 ~1: /app/test/features/categories/data/datasources/category_local_data_source_test.dart: updateCustomCategory should update existing custom category                                        05:50 +546 ~1: /app/test/features/categories/data/datasources/category_local_data_source_test.dart: updateCustomCategory should update existing custom category                                        
👻 INFO 2026-03-04 05:47:30.642940 [caller info not available] Updated custom category 'Custom Cat' (ID: 1) in Hive.
05:50 +547 ~1: /app/test/features/categories/data/datasources/category_local_data_source_test.dart: updateCustomCategory should update existing custom category                                        05:50 +547 ~1: /app/test/features/categories/data/datasources/category_local_data_source_test.dart: updateCustomCategory should throw CacheFailure if category does not exist                          05:50 +547 ~1: /app/test/features/categories/data/datasources/category_local_data_source_test.dart: updateCustomCategory should throw CacheFailure if category does not exist                          
⚠️ WARNING 2026-03-04 05:47:30.649109 [caller info not available] Attempted to update non-existent custom category ID: 1
05:50 +548 ~1: /app/test/features/categories/data/datasources/category_local_data_source_test.dart: updateCustomCategory should throw CacheFailure if category does not exist                          05:50 +548 ~1: /app/test/features/categories/data/datasources/category_local_data_source_test.dart: deleteCustomCategory should delete category from Hive                                              05:50 +548 ~1: /app/test/features/categories/data/datasources/category_local_data_source_test.dart: deleteCustomCategory should delete category from Hive                                              
👻 INFO 2026-03-04 05:47:30.655314 [caller info not available] Deleted custom category (ID: 1) from Hive.
05:50 +549 ~1: /app/test/features/categories/data/datasources/category_local_data_source_test.dart: deleteCustomCategory should delete category from Hive                                              05:50 +549 ~1: /app/test/features/categories/data/datasources/category_local_data_source_test.dart: deleteCustomCategory should throw CacheFailure when deletion fails                                 05:50 +549 ~1: /app/test/features/categories/data/datasources/category_local_data_source_test.dart: deleteCustomCategory should throw CacheFailure when deletion fails                                 
‼️ SEVERE 2026-03-04 05:47:30.660811 [caller info not available] Failed to delete custom category (ID: 1) from cacheException#0      When.thenThrow.<anonymous closure> (package:mocktail/src/mocktail.dart:249:7)
#1      Mock.noSuchMethod (package:mocktail/src/mocktail.dart:131:37)
#2      MockBox.delete (file:///app/test/features/categories/data/datasources/category_local_data_source_test.dart:8:7)
#3      HiveCategoryLocalDataSource.deleteCustomCategory (package:expense_tracker/features/categories/data/datasources/category_local_data_source.dart:32:25)
#4      main.<anonymous closure>.<anonymous closure>.<anonymous closure> (file:///app/test/features/categories/data/datasources/category_local_data_source_test.dart:148:26)
#5      Throws.matchAsync (package:matcher/src/expect/throws_matcher.dart:86:23)
#6      _expect (package:matcher/src/expect/expect.dart:109:26)
#7      expect (package:matcher/src/expect/expect.dart:56:3)
#8      expect (package:flutter_test/src/widget_tester.dart:473:18)
#9      main.<anonymous closure>.<anonymous closure> (file:///app/test/features/categories/data/datasources/category_local_data_source_test.dart:147:7)
#10     Declarer.test.<anonymous closure>.<anonymous closure> (package:test_api/src/backend/declarer.dart:242:19)
<asynchronous suspension>
#11     Declarer.test.<anonymous closure> (package:test_api/src/backend/declarer.dart:240:7)
<asynchronous suspension>
#12     Invoker._waitForOutstandingCallbacks.<anonymous closure> (package:test_api/src/backend/invoker.dart:282:9)
<asynchronous suspension>

05:50 +550 ~1: /app/test/features/categories/data/datasources/category_local_data_source_test.dart: deleteCustomCategory should throw CacheFailure when deletion fails                                 05:50 +550 ~1: /app/test/features/categories/data/datasources/category_local_data_source_test.dart: (tearDownAll)                                                                                      05:51 +550 ~1: /app/test/features/categories/data/datasources/category_local_data_source_test.dart: (tearDownAll)                                                                                      05:51 +550 ~1: loading /app/test/features/categories/data/datasources/category_predefined_data_source_test.dart                                                                                        05:52 +550 ~1: loading /app/test/features/categories/data/datasources/category_predefined_data_source_test.dart                                                                                        05:52 +550 ~1: /app/test/features/categories/data/datasources/category_predefined_data_source_test.dart: AssetExpenseCategoryDataSource getPredefinedCategories loads categories from asset            05:52 +550 ~1: /app/test/features/categories/data/datasources/category_predefined_data_source_test.dart: AssetExpenseCategoryDataSource getPredefinedCategories loads categories from asset            
👻 INFO 2026-03-04 05:47:32.632257 [caller info not available] Loading predefined EXPENSE categories from asset: assets/data/predefined_expense_categories.json
👻 INFO 2026-03-04 05:47:32.645370 [caller info not available] Successfully loaded and cached 1 predefined EXPENSE categories.
05:52 +551 ~1: /app/test/features/categories/data/datasources/category_predefined_data_source_test.dart: AssetExpenseCategoryDataSource getPredefinedCategories loads categories from asset            05:52 +551 ~1: /app/test/features/categories/data/datasources/category_predefined_data_source_test.dart: AssetIncomeCategoryDataSource getPredefinedCategories loads categories from asset             05:52 +551 ~1: /app/test/features/categories/data/datasources/category_predefined_data_source_test.dart: AssetIncomeCategoryDataSource getPredefinedCategories loads categories from asset             
👻 INFO 2026-03-04 05:47:32.658553 [caller info not available] Loading predefined INCOME categories from asset: assets/data/predefined_income_categories.json
👻 INFO 2026-03-04 05:47:32.659576 [caller info not available] Successfully loaded and cached 1 predefined INCOME categories.
05:52 +552 ~1: /app/test/features/categories/data/datasources/category_predefined_data_source_test.dart: AssetIncomeCategoryDataSource getPredefinedCategories loads categories from asset             05:53 +552 ~1: /app/test/features/categories/data/datasources/category_predefined_data_source_test.dart: AssetIncomeCategoryDataSource getPredefinedCategories loads categories from asset             05:54 +552 ~1: /app/test/features/categories/data/datasources/category_predefined_data_source_test.dart: AssetIncomeCategoryDataSource getPredefinedCategories loads categories from asset             05:54 +552 ~1: loading /app/test/features/categories/data/datasources/merchant_category_data_source_test.dart                                                                                          05:54 +552 ~1: /app/test/features/categories/data/datasources/merchant_category_data_source_test.dart: AssetMerchantCategoryDataSource getDefaultCategoryId loads data and returns category ID         05:54 +552 ~1: /app/test/features/categories/data/datasources/merchant_category_data_source_test.dart: AssetMerchantCategoryDataSource getDefaultCategoryId loads data and returns category ID         
👻 INFO 2026-03-04 05:47:34.198498 [caller info not available] Loading merchant category database from asset: assets/data/merchant_categories.json
👻 INFO 2026-03-04 05:47:34.209148 [caller info not available] Successfully loaded and cached 2 merchant categories.
05:54 +553 ~1: /app/test/features/categories/data/datasources/merchant_category_data_source_test.dart: AssetMerchantCategoryDataSource getDefaultCategoryId loads data and returns category ID         05:54 +553 ~1: /app/test/features/categories/data/datasources/merchant_category_data_source_test.dart: AssetMerchantCategoryDataSource getDefaultCategoryId is case insensitive                        05:54 +553 ~1: /app/test/features/categories/data/datasources/merchant_category_data_source_test.dart: AssetMerchantCategoryDataSource getDefaultCategoryId is case insensitive                        
👻 INFO 2026-03-04 05:47:34.224597 [caller info not available] Loading merchant category database from asset: assets/data/merchant_categories.json
👻 INFO 2026-03-04 05:47:34.225514 [caller info not available] Successfully loaded and cached 2 merchant categories.
05:54 +554 ~1: /app/test/features/categories/data/datasources/merchant_category_data_source_test.dart: AssetMerchantCategoryDataSource getDefaultCategoryId is case insensitive                        05:54 +554 ~1: /app/test/features/categories/data/datasources/merchant_category_data_source_test.dart: AssetMerchantCategoryDataSource getDefaultCategoryId returns null for unknown merchant          05:54 +554 ~1: /app/test/features/categories/data/datasources/merchant_category_data_source_test.dart: AssetMerchantCategoryDataSource getDefaultCategoryId returns null for unknown merchant          
👻 INFO 2026-03-04 05:47:34.229693 [caller info not available] Loading merchant category database from asset: assets/data/merchant_categories.json
👻 INFO 2026-03-04 05:47:34.230495 [caller info not available] Successfully loaded and cached 1 merchant categories.
05:54 +555 ~1: /app/test/features/categories/data/datasources/merchant_category_data_source_test.dart: AssetMerchantCategoryDataSource getDefaultCategoryId returns null for unknown merchant          05:54 +555 ~1: loading /app/test/features/categories/data/models/category_model_test.dart                                                                                                              05:55 +555 ~1: loading /app/test/features/categories/data/models/category_model_test.dart                                                                                                              05:56 +555 ~1: loading /app/test/features/categories/data/models/category_model_test.dart                                                                                                              05:56 +555 ~1: /app/test/features/categories/data/models/category_model_test.dart: CategoryModel toEntity should return valid entity                                                                   05:56 +556 ~1: /app/test/features/categories/data/models/category_model_test.dart: CategoryModel toEntity should return valid entity                                                                   05:56 +556 ~1: /app/test/features/categories/data/models/category_model_test.dart: CategoryModel fromEntity should return valid model                                                                  05:56 +557 ~1: /app/test/features/categories/data/models/category_model_test.dart: CategoryModel fromEntity should return valid model                                                                  05:57 +557 ~1: /app/test/features/categories/data/models/category_model_test.dart: CategoryModel fromEntity should return valid model                                                                  05:58 +557 ~1: /app/test/features/categories/data/models/category_model_test.dart: CategoryModel fromEntity should return valid model                                                                  05:58 +557 ~1: loading /app/test/features/categories/data/category_model_test.dart                                                                                                                     05:58 +557 ~1: /app/test/features/categories/data/category_model_test.dart: toEntity defaults to expense when typeIndex is invalid                                                                     05:58 +557 ~1: /app/test/features/categories/data/category_model_test.dart: toEntity defaults to expense when typeIndex is invalid                                                                     
⚠️ WARNING 2026-03-04 05:47:37.818482 [caller info not available] [CategoryModel] Invalid typeIndex '99' for category '1'. Defaulting to expense.
05:58 +558 ~1: /app/test/features/categories/data/category_model_test.dart: toEntity defaults to expense when typeIndex is invalid                                                                     05:58 +558 ~1: loading /app/test/features/categories/data/repositories/category_repository_impl_test.dart                                                                                              05:59 +558 ~1: loading /app/test/features/categories/data/repositories/category_repository_impl_test.dart                                                                                              06:00 +558 ~1: loading /app/test/features/categories/data/repositories/category_repository_impl_test.dart                                                                                              06:00 +558 ~1: /app/test/features/categories/data/repositories/category_repository_impl_test.dart: getAllCategories should aggregate all sources                                                       06:00 +559 ~1: /app/test/features/categories/data/repositories/category_repository_impl_test.dart: getAllCategories should aggregate all sources                                                       06:00 +559 ~1: /app/test/features/categories/data/repositories/category_repository_impl_test.dart: getAllCategories should return cached data on subsequent calls                                      06:00 +560 ~1: /app/test/features/categories/data/repositories/category_repository_impl_test.dart: getAllCategories should return cached data on subsequent calls                                      06:00 +560 ~1: /app/test/features/categories/data/repositories/category_repository_impl_test.dart: addCustomCategory should save custom category                                                       06:00 +560 ~1: /app/test/features/categories/data/repositories/category_repository_impl_test.dart: addCustomCategory should save custom category                                                       
👻 INFO 2026-03-04 05:47:40.081593 [caller info not available] [CategoryRepo] addCustomCategory called for 'Food', Type: expense.
👻 INFO 2026-03-04 05:47:40.087745 [caller info not available] [CategoryRepo] Cache invalidated explicitly.
👻 INFO 2026-03-04 05:47:40.088823 [caller info not available] [CategoryRepo] Custom category 'Food' added successfully.
06:00 +561 ~1: /app/test/features/categories/data/repositories/category_repository_impl_test.dart: addCustomCategory should save custom category                                                       06:00 +561 ~1: /app/test/features/categories/data/repositories/category_repository_impl_test.dart: addCustomCategory should fail if category is not custom                                             06:00 +561 ~1: /app/test/features/categories/data/repositories/category_repository_impl_test.dart: addCustomCategory should fail if category is not custom                                             
👻 INFO 2026-03-04 05:47:40.101493 [caller info not available] [CategoryRepo] addCustomCategory called for 'Food', Type: expense.
⚠️ WARNING 2026-03-04 05:47:40.102600 [caller info not available] [CategoryRepo] Attempted to add a non-custom category.
06:00 +562 ~1: /app/test/features/categories/data/repositories/category_repository_impl_test.dart: addCustomCategory should fail if category is not custom                                             06:01 +562 ~1: /app/test/features/categories/data/repositories/category_repository_impl_test.dart: addCustomCategory should fail if category is not custom                                             06:01 +562 ~1: loading /app/test/features/categories/data/repositories/merchant_category_repository_impl_test.dart                                                                                     06:01 +562 ~1: /app/test/features/categories/data/repositories/merchant_category_repository_impl_test.dart: should return categoryId from dataSource when success                                      06:01 +563 ~1: /app/test/features/categories/data/repositories/merchant_category_repository_impl_test.dart: should return categoryId from dataSource when success                                      06:01 +563 ~1: /app/test/features/categories/data/repositories/merchant_category_repository_impl_test.dart: should return CacheFailure when dataSource throws CacheFailure                             06:01 +563 ~1: /app/test/features/categories/data/repositories/merchant_category_repository_impl_test.dart: should return CacheFailure when dataSource throws CacheFailure                             
⚠️ WARNING 2026-03-04 05:47:41.420277 [caller info not available] [MerchantCategoryRepo] CacheFailure during getDefaultCategoryId: Failed
06:01 +564 ~1: /app/test/features/categories/data/repositories/merchant_category_repository_impl_test.dart: should return CacheFailure when dataSource throws CacheFailure                             06:02 +564 ~1: /app/test/features/categories/data/repositories/merchant_category_repository_impl_test.dart: should return CacheFailure when dataSource throws CacheFailure                             06:02 +564 ~1: loading /app/test/features/categories/data/repositories/user_history_repository_impl_test.dart                                                                                          06:03 +564 ~1: loading /app/test/features/categories/data/repositories/user_history_repository_impl_test.dart                                                                                          06:03 +564 ~1: /app/test/features/categories/data/repositories/user_history_repository_impl_test.dart: (setUpAll)                                                                                      06:03 +564 ~1: /app/test/features/categories/data/repositories/user_history_repository_impl_test.dart: should return rule from dataSource when found                                                   06:03 +565 ~1: /app/test/features/categories/data/repositories/user_history_repository_impl_test.dart: should return rule from dataSource when found                                                   06:03 +565 ~1: /app/test/features/categories/data/repositories/user_history_repository_impl_test.dart: should save rule to dataSource                                                                  06:03 +565 ~1: /app/test/features/categories/data/repositories/user_history_repository_impl_test.dart: should save rule to dataSource                                                                  
👻 INFO 2026-03-04 05:47:43.770037 [caller info not available] [UserHistoryRepo] saveRule called for rule ID: 1, Type: merchant
👻 INFO 2026-03-04 05:47:43.781542 [caller info not available] [UserHistoryRepo] Rule saved successfully.
06:03 +566 ~1: /app/test/features/categories/data/repositories/user_history_repository_impl_test.dart: should save rule to dataSource                                                                  06:03 +566 ~1: /app/test/features/categories/data/repositories/user_history_repository_impl_test.dart: (tearDownAll)                                                                                   06:04 +566 ~1: /app/test/features/categories/data/repositories/user_history_repository_impl_test.dart: (tearDownAll)                                                                                   06:05 +566 ~1: /app/test/features/categories/data/repositories/user_history_repository_impl_test.dart: (tearDownAll)                                                                                   06:05 +566 ~1: loading /app/test/features/categories/domain/usecases/get_income_categories_test.dart                                                                                                   06:05 +566 ~1: /app/test/features/categories/domain/usecases/get_income_categories_test.dart: should get income categories from the repository                                                         06:05 +566 ~1: /app/test/features/categories/domain/usecases/get_income_categories_test.dart: should get income categories from the repository                                                         
👻 INFO 2026-03-04 05:47:45.054853 [caller info not available] [GetIncomeCategoriesUseCase] Executing.
06:05 +567 ~1: /app/test/features/categories/domain/usecases/get_income_categories_test.dart: should get income categories from the repository                                                         06:05 +567 ~1: /app/test/features/categories/domain/usecases/get_income_categories_test.dart: should return a failure when the repository call is unsuccessful                                         06:05 +567 ~1: /app/test/features/categories/domain/usecases/get_income_categories_test.dart: should return a failure when the repository call is unsuccessful                                         
👻 INFO 2026-03-04 05:47:45.082341 [caller info not available] [GetIncomeCategoriesUseCase] Executing.
06:05 +568 ~1: /app/test/features/categories/domain/usecases/get_income_categories_test.dart: should return a failure when the repository call is unsuccessful                                         06:06 +568 ~1: /app/test/features/categories/domain/usecases/get_income_categories_test.dart: should return a failure when the repository call is unsuccessful                                         06:06 +568 ~1: loading /app/test/features/categories/domain/usecases/delete_custom_category_test.dart                                                                                                  06:07 +568 ~1: loading /app/test/features/categories/domain/usecases/delete_custom_category_test.dart                                                                                                  06:07 +568 ~1: /app/test/features/categories/domain/usecases/delete_custom_category_test.dart: should delete category and reassign transactions                                                        06:07 +568 ~1: /app/test/features/categories/domain/usecases/delete_custom_category_test.dart: should delete category and reassign transactions                                                        
👻 INFO 2026-03-04 05:47:47.519605 [caller info not available] [DeleteCustomCategoryUseCase] Executing for category ID: cat1. Fallback Expense: default_expense, Fallback Income: default_income
👻 INFO 2026-03-04 05:47:47.523204 [caller info not available] [DeleteCustomCategoryUseCase] Reassigning expenses from cat1 to default_expense...
👻 INFO 2026-03-04 05:47:47.528358 [caller info not available] [DeleteCustomCategoryUseCase] Reassigning income from cat1 to default_income...
👻 INFO 2026-03-04 05:47:47.529185 [caller info not available] [DeleteCustomCategoryUseCase] Reassignment complete. Deleting category cat1...
06:07 +569 ~1: /app/test/features/categories/domain/usecases/delete_custom_category_test.dart: should delete category and reassign transactions                                                        06:07 +569 ~1: /app/test/features/categories/domain/usecases/delete_custom_category_test.dart: should fail gracefully if income reassignment fails (no rollback)                                       06:07 +569 ~1: /app/test/features/categories/domain/usecases/delete_custom_category_test.dart: should fail gracefully if income reassignment fails (no rollback)                                       
👻 INFO 2026-03-04 05:47:47.545056 [caller info not available] [DeleteCustomCategoryUseCase] Executing for category ID: cat1. Fallback Expense: default_expense, Fallback Income: default_income
👻 INFO 2026-03-04 05:47:47.545480 [caller info not available] [DeleteCustomCategoryUseCase] Reassigning expenses from cat1 to default_expense...
👻 INFO 2026-03-04 05:47:47.546 [caller info not available] [DeleteCustomCategoryUseCase] Reassigning income from cat1 to default_income...
⚠️ WARNING 2026-03-04 05:47:47.546981 [caller info not available] [DeleteCustomCategoryUseCase] Failed to reassign income: Fail. NOT rolling back expenses to prevent data corruption.
06:07 +570 ~1: /app/test/features/categories/domain/usecases/delete_custom_category_test.dart: should fail gracefully if income reassignment fails (no rollback)                                       06:08 +570 ~1: /app/test/features/categories/domain/usecases/delete_custom_category_test.dart: should fail gracefully if income reassignment fails (no rollback)                                       06:08 +570 ~1: loading /app/test/features/categories/domain/usecases/add_custom_category_test.dart                                                                                                     06:08 +570 ~1: /app/test/features/categories/domain/usecases/add_custom_category_test.dart: should add custom category when validation passes                                                          06:08 +570 ~1: /app/test/features/categories/domain/usecases/add_custom_category_test.dart: should add custom category when validation passes                                                          
👻 INFO 2026-03-04 05:47:48.675448 [caller info not available] [AddCustomCategoryUseCase] Executing for name: 'New Cat', Type: expense.
👻 INFO 2026-03-04 05:47:48.690705 [caller info not available] [AddCustomCategoryUseCase] Calling repository to add category ID: new-id
06:08 +571 ~1: /app/test/features/categories/domain/usecases/add_custom_category_test.dart: should add custom category when validation passes                                                          06:08 +571 ~1: /app/test/features/categories/domain/usecases/add_custom_category_test.dart: should return ValidationFailure when name is empty                                                         06:08 +571 ~1: /app/test/features/categories/domain/usecases/add_custom_category_test.dart: should return ValidationFailure when name is empty                                                         
👻 INFO 2026-03-04 05:47:48.708282 [caller info not available] [AddCustomCategoryUseCase] Executing for name: '', Type: expense.
⚠️ WARNING 2026-03-04 05:47:48.709632 [caller info not available] [AddCustomCategoryUseCase] Validation failed: Name cannot be empty.
06:08 +572 ~1: /app/test/features/categories/domain/usecases/add_custom_category_test.dart: should return ValidationFailure when name is empty                                                         06:08 +572 ~1: /app/test/features/categories/domain/usecases/add_custom_category_test.dart: should return ValidationFailure when category already exists                                               06:08 +572 ~1: /app/test/features/categories/domain/usecases/add_custom_category_test.dart: should return ValidationFailure when category already exists                                               
👻 INFO 2026-03-04 05:47:48.716571 [caller info not available] [AddCustomCategoryUseCase] Executing for name: 'New Cat', Type: expense.
⚠️ WARNING 2026-03-04 05:47:48.718346 [caller info not available] [AddCustomCategoryUseCase] Validation failed: A category with the name 'New Cat' already exists for this type/parent.
06:08 +573 ~1: /app/test/features/categories/domain/usecases/add_custom_category_test.dart: should return ValidationFailure when category already exists                                               06:09 +573 ~1: /app/test/features/categories/domain/usecases/add_custom_category_test.dart: should return ValidationFailure when category already exists                                               06:09 +573 ~1: loading /app/test/features/categories/domain/usecases/save_user_categorization_history_test.dart                                                                                        06:10 +573 ~1: loading /app/test/features/categories/domain/usecases/save_user_categorization_history_test.dart                                                                                        06:11 +573 ~1: loading /app/test/features/categories/domain/usecases/save_user_categorization_history_test.dart                                                                                        06:11 +573 ~1: /app/test/features/categories/domain/usecases/save_user_categorization_history_test.dart: (setUpAll)                                                                                    06:11 +573 ~1: /app/test/features/categories/domain/usecases/save_user_categorization_history_test.dart: should save merchant rule when merchantId is provided                                         06:11 +573 ~1: /app/test/features/categories/domain/usecases/save_user_categorization_history_test.dart: should save merchant rule when merchantId is provided                                         
👻 INFO 2026-03-04 05:47:51.353170 [caller info not available] [SaveUserHistoryUseCase] Executing. Category: Test Category
👻 INFO 2026-03-04 05:47:51.356845 [caller info not available] [SaveUserHistoryUseCase] Creating rule based on Merchant ID: merch1
👻 INFO 2026-03-04 05:47:51.362474 [caller info not available] [SaveUserHistoryUseCase] Calling repository to save rule ID: rule1
06:11 +574 ~1: /app/test/features/categories/domain/usecases/save_user_categorization_history_test.dart: should save merchant rule when merchantId is provided                                         06:11 +574 ~1: /app/test/features/categories/domain/usecases/save_user_categorization_history_test.dart: should save description rule when merchantId is missing                                       06:11 +574 ~1: /app/test/features/categories/domain/usecases/save_user_categorization_history_test.dart: should save description rule when merchantId is missing                                       
👻 INFO 2026-03-04 05:47:51.378495 [caller info not available] [SaveUserHistoryUseCase] Executing. Category: Test Category
👻 INFO 2026-03-04 05:47:51.378975 [caller info not available] [SaveUserHistoryUseCase] Creating rule based on Description: Test Desc
👻 INFO 2026-03-04 05:47:51.379474 [caller info not available] [SaveUserHistoryUseCase] Calling repository to save rule ID: rule2
06:11 +575 ~1: /app/test/features/categories/domain/usecases/save_user_categorization_history_test.dart: should save description rule when merchantId is missing                                       06:11 +575 ~1: /app/test/features/categories/domain/usecases/save_user_categorization_history_test.dart: (tearDownAll)                                                                                 06:12 +575 ~1: /app/test/features/categories/domain/usecases/save_user_categorization_history_test.dart: (tearDownAll)                                                                                 06:12 +575 ~1: loading /app/test/features/categories/domain/usecases/update_custom_category_test.dart                                                                                                  06:12 +575 ~1: /app/test/features/categories/domain/usecases/update_custom_category_test.dart: (setUpAll)                                                                                              06:12 +575 ~1: /app/test/features/categories/domain/usecases/update_custom_category_test.dart: should update category when validation passes                                                           06:12 +575 ~1: /app/test/features/categories/domain/usecases/update_custom_category_test.dart: should update category when validation passes                                                           
👻 INFO 2026-03-04 05:47:52.541039 [caller info not available] [UpdateCustomCategoryUseCase] Executing for category ID: 1, Name: 'Updated Name'.
👻 INFO 2026-03-04 05:47:52.554152 [caller info not available] [UpdateCustomCategoryUseCase] Calling repository to update category ID: 1
06:12 +576 ~1: /app/test/features/categories/domain/usecases/update_custom_category_test.dart: should update category when validation passes                                                           06:12 +576 ~1: /app/test/features/categories/domain/usecases/update_custom_category_test.dart: should return ValidationFailure when category is not custom                                             06:12 +576 ~1: /app/test/features/categories/domain/usecases/update_custom_category_test.dart: should return ValidationFailure when category is not custom                                             
👻 INFO 2026-03-04 05:47:52.569389 [caller info not available] [UpdateCustomCategoryUseCase] Executing for category ID: 1, Name: 'Updated Name'.
⚠️ WARNING 2026-03-04 05:47:52.569897 [caller info not available] [UpdateCustomCategoryUseCase] Validation failed: Only custom categories can be updated.
06:12 +577 ~1: /app/test/features/categories/domain/usecases/update_custom_category_test.dart: should return ValidationFailure when category is not custom                                             06:12 +577 ~1: /app/test/features/categories/domain/usecases/update_custom_category_test.dart: (tearDownAll)                                                                                           06:13 +577 ~1: /app/test/features/categories/domain/usecases/update_custom_category_test.dart: (tearDownAll)                                                                                           06:13 +577 ~1: loading /app/test/features/categories/domain/usecases/get_categories_test.dart                                                                                                          06:14 +577 ~1: loading /app/test/features/categories/domain/usecases/get_categories_test.dart                                                                                                          06:15 +577 ~1: loading /app/test/features/categories/domain/usecases/get_categories_test.dart                                                                                                          06:15 +577 ~1: /app/test/features/categories/domain/usecases/get_categories_test.dart: should return categories from repository                                                                        06:15 +577 ~1: /app/test/features/categories/domain/usecases/get_categories_test.dart: should return categories from repository                                                                        
👻 INFO 2026-03-04 05:47:54.937441 [caller info not available] [GetCategoriesUseCase] Executing.
👻 INFO 2026-03-04 05:47:54.946400 [caller info not available] [GetCategoriesUseCase] Succeeded with 1 categories.
06:15 +578 ~1: /app/test/features/categories/domain/usecases/get_categories_test.dart: should return categories from repository                                                                        06:15 +578 ~1: /app/test/features/categories/domain/usecases/get_categories_test.dart: should return Failure when repository fails                                                                     06:15 +578 ~1: /app/test/features/categories/domain/usecases/get_categories_test.dart: should return Failure when repository fails                                                                     
👻 INFO 2026-03-04 05:47:54.961669 [caller info not available] [GetCategoriesUseCase] Executing.
⚠️ WARNING 2026-03-04 05:47:54.962670 [caller info not available] [GetCategoriesUseCase] Failed: A server error occurred.
06:15 +579 ~1: /app/test/features/categories/domain/usecases/get_categories_test.dart: should return Failure when repository fails                                                                     06:16 +579 ~1: /app/test/features/categories/domain/usecases/get_categories_test.dart: should return Failure when repository fails                                                                     06:16 +579 ~1: loading /app/test/features/categories/domain/usecases/categorize_transaction_large_test.dart                                                                                            06:16 +579 ~1: /app/test/features/categories/domain/usecases/categorize_transaction_large_test.dart: can be instantiated                                                                               06:16 +580 ~1: /app/test/features/categories/domain/usecases/categorize_transaction_large_test.dart: can be instantiated                                                                               06:17 +580 ~1: /app/test/features/categories/domain/usecases/categorize_transaction_large_test.dart: can be instantiated                                                                               06:17 +580 ~1: loading /app/test/features/categories/domain/usecases/apply_category_to_batch_test.dart                                                                                                 06:18 +580 ~1: loading /app/test/features/categories/domain/usecases/apply_category_to_batch_test.dart                                                                                                 06:18 +580 ~1: /app/test/features/categories/domain/usecases/apply_category_to_batch_test.dart: (setUpAll)                                                                                             06:18 +580 ~1: /app/test/features/categories/domain/usecases/apply_category_to_batch_test.dart: should update expense categorization for expense type                                                  06:18 +580 ~1: /app/test/features/categories/domain/usecases/apply_category_to_batch_test.dart: should update expense categorization for expense type                                                  
👻 INFO 2026-03-04 05:47:58.686402 [caller info not available] [ApplyCategoryBatchUseCase] Executing for 2 expense transactions. Category ID: cat1
👻 INFO 2026-03-04 05:47:58.695476 [caller info not available] [ApplyCategoryBatchUseCase] Awaiting 2 update futures...
👻 INFO 2026-03-04 05:47:58.697447 [caller info not available] [ApplyCategoryBatchUseCase] All 2 batch updates successful.
06:18 +581 ~1: /app/test/features/categories/domain/usecases/apply_category_to_batch_test.dart: should update expense categorization for expense type                                                  06:18 +581 ~1: /app/test/features/categories/domain/usecases/apply_category_to_batch_test.dart: should update income categorization for income type                                                    06:18 +581 ~1: /app/test/features/categories/domain/usecases/apply_category_to_batch_test.dart: should update income categorization for income type                                                    
👻 INFO 2026-03-04 05:47:58.713681 [caller info not available] [ApplyCategoryBatchUseCase] Executing for 1 income transactions. Category ID: cat1
👻 INFO 2026-03-04 05:47:58.714870 [caller info not available] [ApplyCategoryBatchUseCase] Awaiting 1 update futures...
👻 INFO 2026-03-04 05:47:58.715733 [caller info not available] [ApplyCategoryBatchUseCase] All 1 batch updates successful.
06:18 +582 ~1: /app/test/features/categories/domain/usecases/apply_category_to_batch_test.dart: should update income categorization for income type                                                    06:18 +582 ~1: /app/test/features/categories/domain/usecases/apply_category_to_batch_test.dart: should return failure if any update fails                                                              06:18 +582 ~1: /app/test/features/categories/domain/usecases/apply_category_to_batch_test.dart: should return failure if any update fails                                                              
👻 INFO 2026-03-04 05:47:58.720910 [caller info not available] [ApplyCategoryBatchUseCase] Executing for 2 expense transactions. Category ID: cat1
👻 INFO 2026-03-04 05:47:58.722678 [caller info not available] [ApplyCategoryBatchUseCase] Awaiting 2 update futures...
⚠️ WARNING 2026-03-04 05:47:58.727204 [caller info not available] [ApplyCategoryBatchUseCase] Some updates failed (1 / 2). IDs: txn2. First error: Failed
06:18 +583 ~1: /app/test/features/categories/domain/usecases/apply_category_to_batch_test.dart: should return failure if any update fails                                                              06:18 +583 ~1: /app/test/features/categories/domain/usecases/apply_category_to_batch_test.dart: (tearDownAll)                                                                                          06:19 +583 ~1: /app/test/features/categories/domain/usecases/apply_category_to_batch_test.dart: (tearDownAll)                                                                                          06:19 +583 ~1: loading /app/test/features/categories/domain/usecases/get_categories_usecase_test.dart                                                                                                  06:19 +583 ~1: /app/test/features/categories/domain/usecases/get_categories_usecase_test.dart: should call repository.getAllCategories                                                                 06:19 +583 ~1: /app/test/features/categories/domain/usecases/get_categories_usecase_test.dart: should call repository.getAllCategories                                                                 
👻 INFO 2026-03-04 05:47:59.615217 [caller info not available] [GetCategoriesUseCase] Executing.
👻 INFO 2026-03-04 05:47:59.624854 [caller info not available] [GetCategoriesUseCase] Succeeded with 0 categories.
06:19 +584 ~1: /app/test/features/categories/domain/usecases/get_categories_usecase_test.dart: should call repository.getAllCategories                                                                 06:20 +584 ~1: /app/test/features/categories/domain/usecases/get_categories_usecase_test.dart: should call repository.getAllCategories                                                                 06:20 +584 ~1: loading /app/test/features/categories/domain/usecases/get_expense_categories_test.dart                                                                                                  06:21 +584 ~1: loading /app/test/features/categories/domain/usecases/get_expense_categories_test.dart                                                                                                  06:22 +584 ~1: loading /app/test/features/categories/domain/usecases/get_expense_categories_test.dart                                                                                                  06:22 +584 ~1: /app/test/features/categories/domain/usecases/get_expense_categories_test.dart: should get expense categories from the repository                                                       06:22 +584 ~1: /app/test/features/categories/domain/usecases/get_expense_categories_test.dart: should get expense categories from the repository                                                       
👻 INFO 2026-03-04 05:48:02.313470 [caller info not available] [GetExpenseCategoriesUseCase] Executing.
06:22 +585 ~1: /app/test/features/categories/domain/usecases/get_expense_categories_test.dart: should get expense categories from the repository                                                       06:22 +585 ~1: /app/test/features/categories/domain/usecases/get_expense_categories_test.dart: should return a failure when the repository call is unsuccessful                                        06:22 +585 ~1: /app/test/features/categories/domain/usecases/get_expense_categories_test.dart: should return a failure when the repository call is unsuccessful                                        
👻 INFO 2026-03-04 05:48:02.344112 [caller info not available] [GetExpenseCategoriesUseCase] Executing.
06:22 +586 ~1: /app/test/features/categories/domain/usecases/get_expense_categories_test.dart: should return a failure when the repository call is unsuccessful                                        06:23 +586 ~1: /app/test/features/categories/domain/usecases/get_expense_categories_test.dart: should return a failure when the repository call is unsuccessful                                        06:23 +586 ~1: loading /app/test/features/categories/domain/usecases/categorize_transaction_test.dart                                                                                                  06:23 +586 ~1: /app/test/features/categories/domain/usecases/categorize_transaction_test.dart: (setUpAll)                                                                                              06:23 +586 ~1: /app/test/features/categories/domain/usecases/categorize_transaction_test.dart: should return High confidence match if found in Merchant History                                        06:23 +586 ~1: /app/test/features/categories/domain/usecases/categorize_transaction_test.dart: should return High confidence match if found in Merchant History                                        
👻 INFO 2026-03-04 05:48:03.389115 [caller info not available] [CategorizeUseCase] Executing for Merchant: 'merchant_id', Desc: 'desc'
👻 INFO 2026-03-04 05:48:03.393389 [caller info not available] [CategorizeUseCase] Loading keywords from asset: assets/data/category_keywords.json
👻 INFO 2026-03-04 05:48:03.409991 [caller info not available] [CategorizeUseCase] Loaded and cached 16 keyword categories.
👻 INFO 2026-03-04 05:48:03.421999 [caller info not available] [CategorizeUseCase] Found HIGH confidence match via Merchant History: CatID 1
06:23 +587 ~1: /app/test/features/categories/domain/usecases/categorize_transaction_test.dart: should return High confidence match if found in Merchant History                                        06:23 +587 ~1: /app/test/features/categories/domain/usecases/categorize_transaction_test.dart: (tearDownAll)                                                                                           06:24 +587 ~1: /app/test/features/categories/domain/usecases/categorize_transaction_test.dart: (tearDownAll)                                                                                           06:24 +587 ~1: loading /app/test/features/categories/domain/entities/categorization_suggestion_test.dart                                                                                               06:25 +587 ~1: loading /app/test/features/categories/domain/entities/categorization_suggestion_test.dart                                                                                               06:26 +587 ~1: loading /app/test/features/categories/domain/entities/categorization_suggestion_test.dart                                                                                               06:26 +587 ~1: /app/test/features/categories/domain/entities/categorization_suggestion_test.dart: CategorizationSuggestion props should contain suggestedCategory and confidenceScore                  06:26 +588 ~1: /app/test/features/categories/domain/entities/categorization_suggestion_test.dart: CategorizationSuggestion props should contain suggestedCategory and confidenceScore                  06:26 +588 ~1: /app/test/features/categories/domain/entities/categorization_suggestion_test.dart: CategorizationSuggestion supports value equality                                                     06:26 +589 ~1: /app/test/features/categories/domain/entities/categorization_suggestion_test.dart: CategorizationSuggestion supports value equality                                                     06:27 +589 ~1: /app/test/features/categories/domain/entities/categorization_suggestion_test.dart: CategorizationSuggestion supports value equality                                                     06:27 +589 ~1: loading /app/test/features/categories/domain/entities/categorization_status_test.dart                                                                                                   06:27 +589 ~1: /app/test/features/categories/domain/entities/categorization_status_test.dart: CategorizationStatus values should return correct string representations                                 06:27 +590 ~1: /app/test/features/categories/domain/entities/categorization_status_test.dart: CategorizationStatus values should return correct string representations                                 06:27 +590 ~1: /app/test/features/categories/domain/entities/categorization_status_test.dart: CategorizationStatus fromValue should return correct enum from string                                    06:27 +591 ~1: /app/test/features/categories/domain/entities/categorization_status_test.dart: CategorizationStatus fromValue should return correct enum from string                                    06:27 +591 ~1: /app/test/features/categories/domain/entities/categorization_status_test.dart: CategorizationStatus fromValue should return uncategorized for unknown strings                           06:27 +592 ~1: /app/test/features/categories/domain/entities/categorization_status_test.dart: CategorizationStatus fromValue should return uncategorized for unknown strings                           06:28 +592 ~1: loading /app/test/features/categories/domain/entities/user_history_rule_test.dart                                                                                                       06:29 +592 ~1: loading /app/test/features/categories/domain/entities/user_history_rule_test.dart                                                                                                       06:29 +592 ~1: /app/test/features/categories/domain/entities/user_history_rule_test.dart: UserHistoryRule props should contain all fields                                                              06:29 +593 ~1: /app/test/features/categories/domain/entities/user_history_rule_test.dart: UserHistoryRule props should contain all fields                                                              06:29 +593 ~1: /app/test/features/categories/domain/entities/user_history_rule_test.dart: UserHistoryRule supports value equality                                                                      06:29 +594 ~1: /app/test/features/categories/domain/entities/user_history_rule_test.dart: UserHistoryRule supports value equality                                                                      06:30 +594 ~1: /app/test/features/categories/domain/entities/user_history_rule_test.dart: UserHistoryRule supports value equality                                                                      06:30 +594 ~1: loading /app/test/features/categories/domain/entities/category_test.dart                                                                                                                06:30 +594 ~1: /app/test/features/categories/domain/entities/category_test.dart: Category supports value equality                                                                                      06:30 +595 ~1: /app/test/features/categories/domain/entities/category_test.dart: Category supports value equality                                                                                      06:30 +595 ~1: /app/test/features/categories/domain/entities/category_test.dart: Category cachedDisplayColor returns correct Color and caches it                                                       06:30 +596 ~1: /app/test/features/categories/domain/entities/category_test.dart: Category cachedDisplayColor returns correct Color and caches it                                                       06:31 +596 ~1: /app/test/features/categories/domain/entities/category_test.dart: Category cachedDisplayColor returns correct Color and caches it                                                       06:31 +596 ~1: loading /app/test/features/categories/domain/entities/category_type_test.dart                                                                                                           06:32 +596 ~1: loading /app/test/features/categories/domain/entities/category_type_test.dart                                                                                                           06:33 +596 ~1: loading /app/test/features/categories/domain/entities/category_type_test.dart                                                                                                           06:33 +596 ~1: /app/test/features/categories/domain/entities/category_type_test.dart: CategoryType toJson should return enum name                                                                      06:33 +597 ~1: /app/test/features/categories/domain/entities/category_type_test.dart: CategoryType toJson should return enum name                                                                      06:33 +597 ~1: /app/test/features/categories/domain/entities/category_type_test.dart: CategoryType fromJson should return correct enum                                                                 06:33 +598 ~1: /app/test/features/categories/domain/entities/category_type_test.dart: CategoryType fromJson should return correct enum                                                                 06:33 +598 ~1: /app/test/features/categories/domain/entities/category_type_test.dart: CategoryType fromJson should return default (expense) for unknown string                                         06:33 +599 ~1: /app/test/features/categories/domain/entities/category_type_test.dart: CategoryType fromJson should return default (expense) for unknown string                                         06:34 +599 ~1: /app/test/features/categories/domain/entities/category_type_test.dart: CategoryType fromJson should return default (expense) for unknown string                                         06:34 +599 ~1: loading /app/test/features/categories/presentation/bloc/category_management/category_management_bloc_test.dart                                                                          06:34 +599 ~1: /app/test/features/categories/presentation/bloc/category_management/category_management_bloc_test.dart: (setUpAll)                                                                      06:34 +599 ~1: /app/test/features/categories/presentation/bloc/category_management/category_management_bloc_test.dart: CategoryManagementBloc initial state is correct                                 06:34 +599 ~1: /app/test/features/categories/presentation/bloc/category_management/category_management_bloc_test.dart: CategoryManagementBloc initial state is correct                                 
👻 INFO 2026-03-04 05:48:14.183343 [caller info not available] [CategoryManagementBloc] Initialized.
06:34 +600 ~1: /app/test/features/categories/presentation/bloc/category_management/category_management_bloc_test.dart: CategoryManagementBloc initial state is correct                                 06:34 +600 ~1: /app/test/features/categories/presentation/bloc/category_management/category_management_bloc_test.dart: ... LoadCategories emits [loading, loaded] with sorted categories on success    06:34 +600 ~1: /app/test/features/categories/presentation/bloc/category_management/category_management_bloc_test.dart: CategoryManagementBloc LoadCategories emits [loading, loaded] with sorted categories on success
👻 INFO 2026-03-04 05:48:14.226547 [caller info not available] [CategoryManagementBloc] Initialized.
👻 INFO 2026-03-04 05:48:14.246195 [caller info not available] [CategoryManagementBloc] Received LoadCategories event. ForceReload: true
👻 INFO 2026-03-04 05:48:14.256474 [caller info not available] [CategoryManagementBloc] Load successful. CustomExp: 1, CustomInc: 0, PredefExp: 0, PredefInc: 1
06:34 +601 ~1: /app/test/features/categories/presentation/bloc/category_management/category_management_bloc_test.dart: ... LoadCategories emits [loading, loaded] with sorted categories on success    06:34 +601 ~1: /app/test/features/categories/presentation/bloc/category_management/category_management_bloc_test.dart: ... AddCategory emits [loading] then triggers reload on success                 06:34 +601 ~1: /app/test/features/categories/presentation/bloc/category_management/category_management_bloc_test.dart: CategoryManagementBloc AddCategory emits [loading] then triggers reload on success
👻 INFO 2026-03-04 05:48:14.271825 [caller info not available] [CategoryManagementBloc] Initialized.
👻 INFO 2026-03-04 05:48:14.275131 [caller info not available] [CategoryManagementBloc] Received AddCategory event: New Cat, Type: expense
👻 INFO 2026-03-04 05:48:14.277168 [caller info not available] [CategoryManagementBloc] AddCategory successful. Reloading categories and publishing event.
👻 INFO 2026-03-04 05:48:14.283987 [caller info not available] [CategoryManagementBloc] Received LoadCategories event. ForceReload: true
👻 INFO 2026-03-04 05:48:14.284920 [caller info not available] [CategoryManagementBloc] Load successful. CustomExp: 0, CustomInc: 0, PredefExp: 0, PredefInc: 0
06:34 +602 ~1: /app/test/features/categories/presentation/bloc/category_management/category_management_bloc_test.dart: ... AddCategory emits [loading] then triggers reload on success                 06:34 +602 ~1: /app/test/features/categories/presentation/bloc/category_management/category_management_bloc_test.dart: CategoryManagementBloc UpdateCategory emits [loading] then reload on success    06:34 +602 ~1: /app/test/features/categories/presentation/bloc/category_management/category_management_bloc_test.dart: CategoryManagementBloc UpdateCategory emits [loading] then reload on success    
👻 INFO 2026-03-04 05:48:14.296951 [caller info not available] [CategoryManagementBloc] Initialized.
👻 INFO 2026-03-04 05:48:14.300288 [caller info not available] [CategoryManagementBloc] Received UpdateCategory event: Food (ID: 1)
👻 INFO 2026-03-04 05:48:14.301486 [caller info not available] [CategoryManagementBloc] UpdateCategory successful. Reloading categories and publishing event.
👻 INFO 2026-03-04 05:48:14.302217 [caller info not available] [CategoryManagementBloc] Received LoadCategories event. ForceReload: true
👻 INFO 2026-03-04 05:48:14.302967 [caller info not available] [CategoryManagementBloc] Load successful. CustomExp: 0, CustomInc: 0, PredefExp: 0, PredefInc: 0
06:34 +603 ~1: /app/test/features/categories/presentation/bloc/category_management/category_management_bloc_test.dart: CategoryManagementBloc UpdateCategory emits [loading] then reload on success    06:34 +603 ~1: /app/test/features/categories/presentation/bloc/category_management/category_management_bloc_test.dart: CategoryManagementBloc DeleteCategory emits [loading] then reload on success    06:34 +603 ~1: /app/test/features/categories/presentation/bloc/category_management/category_management_bloc_test.dart: CategoryManagementBloc DeleteCategory emits [loading] then reload on success    
👻 INFO 2026-03-04 05:48:14.313052 [caller info not available] [CategoryManagementBloc] Initialized.
👻 INFO 2026-03-04 05:48:14.317440 [caller info not available] [CategoryManagementBloc] Received DeleteCategory event: cat-id
👻 INFO 2026-03-04 05:48:14.319386 [caller info not available] [CategoryManagementBloc] DeleteCategory successful. Reloading categories and publishing events.
👻 INFO 2026-03-04 05:48:14.320466 [caller info not available] [CategoryManagementBloc] Received LoadCategories event. ForceReload: true
👻 INFO 2026-03-04 05:48:14.321584 [caller info not available] [CategoryManagementBloc] Load successful. CustomExp: 0, CustomInc: 0, PredefExp: 0, PredefInc: 0
06:34 +604 ~1: /app/test/features/categories/presentation/bloc/category_management/category_management_bloc_test.dart: CategoryManagementBloc DeleteCategory emits [loading] then reload on success    06:34 +604 ~1: /app/test/features/categories/presentation/bloc/category_management/category_management_bloc_test.dart: (tearDownAll)                                                                   06:35 +604 ~1: /app/test/features/categories/presentation/bloc/category_management/category_management_bloc_test.dart: (tearDownAll)                                                                   06:35 +604 ~1: loading /app/test/features/categories/presentation/bloc/category_management/category_management_bloc_large_test.dart                                                                    06:36 +604 ~1: loading /app/test/features/categories/presentation/bloc/category_management/category_management_bloc_large_test.dart                                                                    06:36 +604 ~1: /app/test/features/categories/presentation/bloc/category_management/category_management_bloc_large_test.dart: CategoryManagementState supports equality                                 06:36 +605 ~1: /app/test/features/categories/presentation/bloc/category_management/category_management_bloc_large_test.dart: CategoryManagementState supports equality                                 06:37 +605 ~1: /app/test/features/categories/presentation/bloc/category_management/category_management_bloc_large_test.dart: CategoryManagementState supports equality                                 06:37 +605 ~1: loading /app/test/features/categories/presentation/bloc/category_management_bloc_test.dart                                                                                              06:37 +605 ~1: /app/test/features/categories/presentation/bloc/category_management_bloc_test.dart: emits [loading, loaded] when LoadCategories succeeds                                                06:37 +605 ~1: /app/test/features/categories/presentation/bloc/category_management_bloc_test.dart: emits [loading, loaded] when LoadCategories succeeds                                                
👻 INFO 2026-03-04 05:48:17.710021 [caller info not available] [CategoryManagementBloc] Initialized.
👻 INFO 2026-03-04 05:48:17.722382 [caller info not available] [CategoryManagementBloc] Received LoadCategories event. ForceReload: false
👻 INFO 2026-03-04 05:48:17.733247 [caller info not available] [CategoryManagementBloc] Load successful. CustomExp: 1, CustomInc: 0, PredefExp: 0, PredefInc: 0
06:37 +606 ~1: /app/test/features/categories/presentation/bloc/category_management_bloc_test.dart: emits [loading, loaded] when LoadCategories succeeds                                                06:37 +606 ~1: /app/test/features/categories/presentation/bloc/category_management_bloc_test.dart: emits [loading, error, loaded] when AddCategory fails                                               06:37 +606 ~1: /app/test/features/categories/presentation/bloc/category_management_bloc_test.dart: emits [loading, error, loaded] when AddCategory fails                                               
👻 INFO 2026-03-04 05:48:17.760190 [caller info not available] [CategoryManagementBloc] Initialized.
👻 INFO 2026-03-04 05:48:17.762183 [caller info not available] [CategoryManagementBloc] Received AddCategory event: New, Type: expense
⚠️ WARNING 2026-03-04 05:48:17.764459 [caller info not available] [CategoryManagementBloc] AddCategory failed: Error
⚠️ WARNING 2026-03-04 05:48:17.765137 [caller info not available] [CategoryManagementBloc] Mapping failure: ValidationFailure - Error
06:37 +607 ~1: /app/test/features/categories/presentation/bloc/category_management_bloc_test.dart: emits [loading, error, loaded] when AddCategory fails                                               06:38 +607 ~1: /app/test/features/categories/presentation/bloc/category_management_bloc_test.dart: emits [loading, error, loaded] when AddCategory fails                                               06:38 +607 ~1: loading /app/test/features/categories/presentation/category_list_item_widget_test.dart                                                                                                  06:39 +607 ~1: loading /app/test/features/categories/presentation/category_list_item_widget_test.dart                                                                                                  06:40 +607 ~1: loading /app/test/features/categories/presentation/category_list_item_widget_test.dart                                                                                                  06:40 +607 ~1: /app/test/features/categories/presentation/category_list_item_widget_test.dart: edit and delete buttons have minimum touch size                                                         06:41 +607 ~1: /app/test/features/categories/presentation/category_list_item_widget_test.dart: edit and delete buttons have minimum touch size                                                         06:41 +608 ~1: /app/test/features/categories/presentation/category_list_item_widget_test.dart: edit and delete buttons have minimum touch size                                                         06:41 +608 ~1: loading /app/test/features/categories/presentation/widgets/category_list_item_widget_test.dart                                                                                          06:41 +608 ~1: /app/test/features/categories/presentation/widgets/category_list_item_widget_test.dart: CategoryListItemWidget renders category name and icon                                           06:42 +608 ~1: /app/test/features/categories/presentation/widgets/category_list_item_widget_test.dart: CategoryListItemWidget renders category name and icon                                           06:43 +608 ~1: /app/test/features/categories/presentation/widgets/category_list_item_widget_test.dart: CategoryListItemWidget renders category name and icon                                           06:43 +609 ~1: /app/test/features/categories/presentation/widgets/category_list_item_widget_test.dart: CategoryListItemWidget renders category name and icon                                           06:43 +609 ~1: /app/test/features/categories/presentation/widgets/category_list_item_widget_test.dart: CategoryListItemWidget shows Edit and Delete buttons for custom categories                      06:43 +610 ~1: /app/test/features/categories/presentation/widgets/category_list_item_widget_test.dart: CategoryListItemWidget shows Edit and Delete buttons for custom categories                      06:43 +610 ~1: /app/test/features/categories/presentation/widgets/category_list_item_widget_test.dart: CategoryListItemWidget shows Personalize button for predefined categories                       06:43 +611 ~1: /app/test/features/categories/presentation/widgets/category_list_item_widget_test.dart: CategoryListItemWidget shows Personalize button for predefined categories                       06:43 +611 ~1: /app/test/features/categories/presentation/widgets/category_list_item_widget_test.dart: CategoryListItemWidget calls onEdit and onDelete callbacks for custom categories                06:43 +612 ~1: /app/test/features/categories/presentation/widgets/category_list_item_widget_test.dart: CategoryListItemWidget calls onEdit and onDelete callbacks for custom categories                06:44 +612 ~1: /app/test/features/categories/presentation/widgets/category_list_item_widget_test.dart: CategoryListItemWidget calls onEdit and onDelete callbacks for custom categories                06:44 +612 ~1: loading /app/test/features/categories/presentation/widgets/stitch/add_category_button_test.dart                                                                                         06:44 +612 ~1: /app/test/features/categories/presentation/widgets/stitch/add_category_button_test.dart: AddCategoryButton renders and handles tap                                                      06:45 +612 ~1: /app/test/features/categories/presentation/widgets/stitch/add_category_button_test.dart: AddCategoryButton renders and handles tap                                                      06:45 +613 ~1: /app/test/features/categories/presentation/widgets/stitch/add_category_button_test.dart: AddCategoryButton renders and handles tap                                                      06:46 +613 ~1: /app/test/features/categories/presentation/widgets/stitch/add_category_button_test.dart: AddCategoryButton renders and handles tap                                                      06:47 +613 ~1: /app/test/features/categories/presentation/widgets/stitch/add_category_button_test.dart: AddCategoryButton renders and handles tap                                                      06:47 +613 ~1: loading /app/test/features/categories/presentation/widgets/stitch/category_list_item_test.dart                                                                                          06:47 +613 ~1: /app/test/features/categories/presentation/widgets/stitch/category_list_item_test.dart: CategoryListItem renders correctly                                                              06:48 +613 ~1: /app/test/features/categories/presentation/widgets/stitch/category_list_item_test.dart: CategoryListItem renders correctly                                                              06:48 +614 ~1: /app/test/features/categories/presentation/widgets/stitch/category_list_item_test.dart: CategoryListItem renders correctly                                                              06:49 +614 ~1: /app/test/features/categories/presentation/widgets/stitch/category_list_item_test.dart: CategoryListItem renders correctly                                                              06:49 +614 ~1: loading /app/test/features/categories/presentation/widgets/category_list_section_widget_test.dart                                                                                       06:49 +614 ~1: /app/test/features/categories/presentation/widgets/category_list_section_widget_test.dart: CategoryListSectionWidget shows empty message when categories list is empty                  06:50 +614 ~1: /app/test/features/categories/presentation/widgets/category_list_section_widget_test.dart: CategoryListSectionWidget shows empty message when categories list is empty                  06:50 +615 ~1: /app/test/features/categories/presentation/widgets/category_list_section_widget_test.dart: CategoryListSectionWidget shows empty message when categories list is empty                  06:50 +615 ~1: /app/test/features/categories/presentation/widgets/category_list_section_widget_test.dart: CategoryListSectionWidget renders a sorted list of CategoryListItemWidgets                   06:51 +615 ~1: /app/test/features/categories/presentation/widgets/category_list_section_widget_test.dart: CategoryListSectionWidget renders a sorted list of CategoryListItemWidgets                   06:51 +616 ~1: /app/test/features/categories/presentation/widgets/category_list_section_widget_test.dart: CategoryListSectionWidget renders a sorted list of CategoryListItemWidgets                   06:52 +616 ~1: /app/test/features/categories/presentation/widgets/category_list_section_widget_test.dart: CategoryListSectionWidget renders a sorted list of CategoryListItemWidgets                   06:52 +616 ~1: loading /app/test/features/categories/presentation/widgets/category_appearance_form_section_test.dart                                                                                   06:52 +616 ~1: /app/test/features/categories/presentation/widgets/category_appearance_form_section_test.dart: CategoryAppearanceFormSection renders selected icon and color                            06:53 +616 ~1: /app/test/features/categories/presentation/widgets/category_appearance_form_section_test.dart: CategoryAppearanceFormSection renders selected icon and color                            06:53 +617 ~1: /app/test/features/categories/presentation/widgets/category_appearance_form_section_test.dart: CategoryAppearanceFormSection renders selected icon and color                            06:53 +617 ~1: /app/test/features/categories/presentation/widgets/category_appearance_form_section_test.dart: CategoryAppearanceFormSection tapping icon tile shows icon picker                        06:54 +617 ~1: /app/test/features/categories/presentation/widgets/category_appearance_form_section_test.dart: CategoryAppearanceFormSection tapping icon tile shows icon picker                        06:54 +618 ~1: /app/test/features/categories/presentation/widgets/category_appearance_form_section_test.dart: CategoryAppearanceFormSection tapping icon tile shows icon picker                        06:54 +618 ~1: loading /app/test/features/categories/presentation/widgets/category_picker_dialog_test.dart                                                                                             06:54 +618 ~1: /app/test/features/categories/presentation/widgets/category_picker_dialog_test.dart: CategoryPickerDialogContent renders a list of categories                                           06:55 +618 ~1: /app/test/features/categories/presentation/widgets/category_picker_dialog_test.dart: CategoryPickerDialogContent renders a list of categories                                           06:55 +619 ~1: /app/test/features/categories/presentation/widgets/category_picker_dialog_test.dart: CategoryPickerDialogContent renders a list of categories                                           06:55 +619 ~1: /app/test/features/categories/presentation/widgets/category_picker_dialog_test.dart: CategoryPickerDialogContent filters categories based on search                                     06:56 +619 ~1: /app/test/features/categories/presentation/widgets/category_picker_dialog_test.dart: CategoryPickerDialogContent filters categories based on search                                     06:56 +620 ~1: /app/test/features/categories/presentation/widgets/category_picker_dialog_test.dart: CategoryPickerDialogContent filters categories based on search                                     06:56 +620 ~1: /app/test/features/categories/presentation/widgets/category_picker_dialog_test.dart: CategoryPickerDialogContent shows empty state when search finds nothing                            06:56 +621 ~1: /app/test/features/categories/presentation/widgets/category_picker_dialog_test.dart: CategoryPickerDialogContent shows empty state when search finds nothing                            06:56 +621 ~1: /app/test/features/categories/presentation/widgets/category_picker_dialog_test.dart: CategoryPickerDialogContent tapping a category pops with the selected category                     06:56 +621 ~1: /app/test/features/categories/presentation/widgets/category_picker_dialog_test.dart: CategoryPickerDialogContent tapping a category pops with the selected category                     
👻 INFO 2026-03-04 05:48:36.284800 [caller info not available] [CategoryPicker] Selected: Food
06:56 +622 ~1: /app/test/features/categories/presentation/widgets/category_picker_dialog_test.dart: CategoryPickerDialogContent tapping a category pops with the selected category                     06:56 +622 ~1: /app/test/features/categories/presentation/widgets/category_picker_dialog_test.dart: CategoryPickerDialogContent shows "Add New" button                                                 06:56 +623 ~1: /app/test/features/categories/presentation/widgets/category_picker_dialog_test.dart: CategoryPickerDialogContent shows "Add New" button                                                 06:57 +623 ~1: /app/test/features/categories/presentation/widgets/category_picker_dialog_test.dart: CategoryPickerDialogContent shows "Add New" button                                                 06:57 +623 ~1: loading /app/test/features/categories/presentation/widgets/icon_picker_dialog_test.dart                                                                                                 06:57 +623 ~1: /app/test/features/categories/presentation/widgets/icon_picker_dialog_test.dart: IconPickerDialogContent renders grid of icons                                                          06:58 +623 ~1: /app/test/features/categories/presentation/widgets/icon_picker_dialog_test.dart: IconPickerDialogContent renders grid of icons                                                          06:58 +624 ~1: /app/test/features/categories/presentation/widgets/icon_picker_dialog_test.dart: IconPickerDialogContent renders grid of icons                                                          06:58 +624 ~1: /app/test/features/categories/presentation/widgets/icon_picker_dialog_test.dart: IconPickerDialogContent filters icons based on search query                                            06:59 +624 ~1: /app/test/features/categories/presentation/widgets/icon_picker_dialog_test.dart: IconPickerDialogContent filters icons based on search query                                            06:59 +625 ~1: /app/test/features/categories/presentation/widgets/icon_picker_dialog_test.dart: IconPickerDialogContent filters icons based on search query                                            06:59 +625 ~1: /app/test/features/categories/presentation/widgets/icon_picker_dialog_test.dart: IconPickerDialogContent tapping an icon selects it                                                     06:59 +626 ~1: /app/test/features/categories/presentation/widgets/icon_picker_dialog_test.dart: IconPickerDialogContent tapping an icon selects it                                                     06:59 +626 ~1: /app/test/features/categories/presentation/widgets/icon_picker_dialog_test.dart: IconPickerDialogContent tapping Select button pops with selected icon                                  07:00 +626 ~1: /app/test/features/categories/presentation/widgets/icon_picker_dialog_test.dart: IconPickerDialogContent tapping Select button pops with selected icon                                  07:00 +627 ~1: /app/test/features/categories/presentation/pages/categories_sub_tab_test.dart: CategoriesSubTab shows loading indicator                                                                 07:01 +627 ~1: /app/test/features/categories/presentation/pages/categories_sub_tab_test.dart: CategoriesSubTab shows loading indicator                                                                 07:01 +628 ~1: /app/test/features/categories/presentation/pages/categories_sub_tab_test.dart: CategoriesSubTab shows loading indicator                                                                 07:01 +628 ~1: /app/test/features/categories/presentation/pages/categories_sub_tab_test.dart: CategoriesSubTab renders category lists in their respective tabs                                         07:01 +629 ~1: /app/test/features/categories/presentation/pages/categories_sub_tab_test.dart: CategoriesSubTab renders category lists in their respective tabs                                         07:01 +629 ~1: /app/test/features/categories/presentation/pages/categories_sub_tab_test.dart: CategoriesSubTab has "Manage Categories" button                                                          07:01 +630 ~1: /app/test/features/categories/presentation/pages/categories_sub_tab_test.dart: CategoriesSubTab has "Manage Categories" button                                                          07:02 +630 ~1: /app/test/features/categories/presentation/pages/categories_sub_tab_test.dart: CategoriesSubTab has "Manage Categories" button                                                          07:02 +630 ~1: loading /app/test/features/categories/presentation/pages/add_edit_category_screen_test.dart                                                                                             07:03 +630 ~1: loading /app/test/features/categories/presentation/pages/add_edit_category_screen_test.dart                                                                                             07:03 +630 ~1: /app/test/features/categories/presentation/pages/add_edit_category_screen_test.dart: AddEditCategoryScreen renders CategoryForm and correct title for "Add" mode                        07:04 +630 ~1: /app/test/features/categories/presentation/pages/add_edit_category_screen_test.dart: AddEditCategoryScreen renders CategoryForm and correct title for "Add" mode                        07:04 +630 ~1: /app/test/features/categories/presentation/pages/add_edit_category_screen_test.dart: AddEditCategoryScreen renders CategoryForm and correct title for "Add" mode                        
👻 INFO 2026-03-04 05:48:43.975771 [caller info not available] [AddEditCategoryScreen] Building. Editing: false. Category: null. Forced Initial Type: null
👻 INFO 2026-03-04 05:48:44.027789 [caller info not available] [CategoryForm] initState. Initial Type: expense, AllowChange: true
07:05 +631 ~1: /app/test/features/categories/presentation/pages/add_edit_category_screen_test.dart: AddEditCategoryScreen renders CategoryForm and correct title for "Add" mode                        07:05 +631 ~1: /app/test/features/categories/presentation/pages/add_edit_category_screen_test.dart: AddEditCategoryScreen renders correct title for "Edit" mode                                        07:05 +631 ~1: /app/test/features/categories/presentation/pages/add_edit_category_screen_test.dart: AddEditCategoryScreen renders correct title for "Edit" mode                                        
👻 INFO 2026-03-04 05:48:44.824045 [caller info not available] [AddEditCategoryScreen] Building. Editing: true. Category: Test. Forced Initial Type: null
👻 INFO 2026-03-04 05:48:44.830777 [caller info not available] [CategoryForm] initState. Initial Type: expense, AllowChange: false
07:05 +632 ~1: /app/test/features/categories/presentation/pages/category_management_screen_test.dart: CategoryManagementScreen shows loading indicator                                                 07:05 +632 ~1: /app/test/features/categories/presentation/pages/add_edit_category_screen_test.dart: AddEditCategoryScreen submit calls AddCategory event when adding                                   
👻 INFO 2026-03-04 05:48:44.984817 [caller info not available] [AddEditCategoryScreen] Building. Editing: false. Category: null. Forced Initial Type: null
👻 INFO 2026-03-04 05:48:44.990413 [caller info not available] [CategoryForm] initState. Initial Type: expense, AllowChange: true
👻 INFO 2026-03-04 05:48:45.351627 [caller info not available] [CategoryForm] Form validated. Submitting with Type: expense
👻 INFO 2026-03-04 05:48:45.356714 [caller info not available] [AddEditCategoryScreen] Form submitted. Name: New Category, Type: expense
07:05 +633 ~1: /app/test/features/categories/presentation/pages/category_management_screen_test.dart: CategoryManagementScreen shows loading indicator                                                 07:06 +633 ~1: /app/test/features/categories/presentation/pages/category_management_screen_test.dart: CategoryManagementScreen shows loading indicator                                                 07:06 +634 ~1: /app/test/features/categories/presentation/pages/category_management_screen_test.dart: CategoryManagementScreen shows loading indicator                                                 07:06 +634 ~1: /app/test/features/categories/presentation/pages/category_management_screen_test.dart: CategoryManagementScreen renders CategoryListSectionWidget when loaded                           07:07 +634 ~1: /app/test/features/categories/presentation/pages/category_management_screen_test.dart: CategoryManagementScreen renders CategoryListSectionWidget when loaded                           07:07 +635 ~1: /app/test/features/categories/presentation/pages/category_management_screen_test.dart: CategoryManagementScreen renders CategoryListSectionWidget when loaded                           07:07 +635 ~1: /app/test/features/categories/presentation/pages/category_management_screen_test.dart: CategoryManagementScreen FAB navigates to add page                                               07:07 +636 ~1: /app/test/features/categories/presentation/pages/category_management_screen_test.dart: CategoryManagementScreen FAB navigates to add page                                               07:07 +636 ~1: /app/test/features/categories/presentation/pages/category_management_screen_test.dart: CategoryManagementScreen shows error message                                                     07:07 +637 ~1: /app/test/features/categories/presentation/pages/category_management_screen_test.dart: CategoryManagementScreen shows error message                                                     07:07 +637 ~1: loading /app/test/features/income/data/datasources/income_local_data_source_test.dart                                                                                                   07:08 +637 ~1: loading /app/test/features/income/data/datasources/income_local_data_source_test.dart                                                                                                   07:09 +637 ~1: loading /app/test/features/income/data/datasources/income_local_data_source_test.dart                                                                                                   07:09 +637 ~1: /app/test/features/income/data/datasources/income_local_data_source_test.dart: (setUpAll)                                                                                               07:09 +637 ~1: /app/test/features/income/data/datasources/income_local_data_source_test.dart: addIncome should add income to Hive box                                                                  07:09 +637 ~1: /app/test/features/income/data/datasources/income_local_data_source_test.dart: addIncome should add income to Hive box                                                                  
👻 INFO 2026-03-04 05:48:49.594276 [caller info not available] Added income 'Test Income' (ID: 1) to Hive.
07:09 +638 ~1: /app/test/features/income/data/datasources/income_local_data_source_test.dart: addIncome should add income to Hive box                                                                  07:09 +638 ~1: /app/test/features/income/data/datasources/income_local_data_source_test.dart: addIncome should throw CacheFailure when adding fails                                                    07:09 +638 ~1: /app/test/features/income/data/datasources/income_local_data_source_test.dart: addIncome should throw CacheFailure when adding fails                                                    
‼️ SEVERE 2026-03-04 05:48:49.615662 [caller info not available] Failed to add income 'Test Income' to cacheException: Hive Error#0      When.thenThrow.<anonymous closure> (package:mocktail/src/mocktail.dart:249:7)
#1      Mock.noSuchMethod (package:mocktail/src/mocktail.dart:131:37)
#2      MockBox.put (file:///app/test/features/income/data/datasources/income_local_data_source_test.dart:8:7)
#3      HiveIncomeLocalDataSource.addIncome (package:expense_tracker/features/income/data/datasources/income_local_data_source.dart:28:23)
#4      main.<anonymous closure>.<anonymous closure>.<anonymous closure> (file:///app/test/features/income/data/datasources/income_local_data_source_test.dart:54:26)
#5      Throws.matchAsync (package:matcher/src/expect/throws_matcher.dart:86:23)
#6      _expect (package:matcher/src/expect/expect.dart:109:26)
#7      expect (package:matcher/src/expect/expect.dart:56:3)
#8      expect (package:flutter_test/src/widget_tester.dart:473:18)
#9      main.<anonymous closure>.<anonymous closure> (file:///app/test/features/income/data/datasources/income_local_data_source_test.dart:53:7)
#10     Declarer.test.<anonymous closure>.<anonymous closure> (package:test_api/src/backend/declarer.dart:242:19)
<asynchronous suspension>
#11     Declarer.test.<anonymous closure> (package:test_api/src/backend/declarer.dart:240:7)
<asynchronous suspension>
#12     Invoker._waitForOutstandingCallbacks.<anonymous closure> (package:test_api/src/backend/invoker.dart:282:9)
<asynchronous suspension>

07:09 +639 ~1: /app/test/features/income/data/datasources/income_local_data_source_test.dart: addIncome should throw CacheFailure when adding fails                                                    07:09 +639 ~1: /app/test/features/income/data/datasources/income_local_data_source_test.dart: deleteIncome should delete income from Hive box                                                          07:09 +639 ~1: /app/test/features/income/data/datasources/income_local_data_source_test.dart: deleteIncome should delete income from Hive box                                                          
👻 INFO 2026-03-04 05:48:49.631055 [caller info not available] Deleted income (ID: 1) from Hive.
07:09 +640 ~1: /app/test/features/income/data/datasources/income_local_data_source_test.dart: deleteIncome should delete income from Hive box                                                          07:09 +640 ~1: /app/test/features/income/data/datasources/income_local_data_source_test.dart: deleteIncome should throw CacheFailure when deletion fails                                               07:09 +640 ~1: /app/test/features/income/data/datasources/income_local_data_source_test.dart: deleteIncome should throw CacheFailure when deletion fails                                               
‼️ SEVERE 2026-03-04 05:48:49.637906 [caller info not available] Failed to delete income (ID: 1) from cacheException: Hive Error#0      When.thenThrow.<anonymous closure> (package:mocktail/src/mocktail.dart:249:7)
#1      Mock.noSuchMethod (package:mocktail/src/mocktail.dart:131:37)
#2      MockBox.delete (file:///app/test/features/income/data/datasources/income_local_data_source_test.dart:8:7)
#3      HiveIncomeLocalDataSource.deleteIncome (package:expense_tracker/features/income/data/datasources/income_local_data_source.dart:40:23)
#4      main.<anonymous closure>.<anonymous closure>.<anonymous closure> (file:///app/test/features/income/data/datasources/income_local_data_source_test.dart:77:31)
#5      Throws.matchAsync (package:matcher/src/expect/throws_matcher.dart:86:23)
#6      _expect (package:matcher/src/expect/expect.dart:109:26)
#7      expect (package:matcher/src/expect/expect.dart:56:3)
#8      expect (package:flutter_test/src/widget_tester.dart:473:18)
#9      main.<anonymous closure>.<anonymous closure> (file:///app/test/features/income/data/datasources/income_local_data_source_test.dart:77:7)
#10     Declarer.test.<anonymous closure>.<anonymous closure> (package:test_api/src/backend/declarer.dart:242:19)
<asynchronous suspension>
#11     Declarer.test.<anonymous closure> (package:test_api/src/backend/declarer.dart:240:7)
<asynchronous suspension>
#12     Invoker._waitForOutstandingCallbacks.<anonymous closure> (package:test_api/src/backend/invoker.dart:282:9)
<asynchronous suspension>

07:09 +641 ~1: /app/test/features/income/data/datasources/income_local_data_source_test.dart: deleteIncome should throw CacheFailure when deletion fails                                               07:09 +641 ~1: /app/test/features/income/data/datasources/income_local_data_source_test.dart: getIncomeById should return income when found                                                            07:09 +642 ~1: /app/test/features/income/data/datasources/income_local_data_source_test.dart: getIncomeById should return income when found                                                            07:09 +642 ~1: /app/test/features/income/data/datasources/income_local_data_source_test.dart: getIncomeById should return null when not found                                                          07:09 +642 ~1: /app/test/features/income/data/datasources/income_local_data_source_test.dart: getIncomeById should return null when not found                                                          
⚠️ WARNING 2026-03-04 05:48:49.653857 [caller info not available] Income with ID 1 not found in Hive.
07:09 +643 ~1: /app/test/features/income/data/datasources/income_local_data_source_test.dart: getIncomeById should return null when not found                                                          07:09 +643 ~1: /app/test/features/income/data/datasources/income_local_data_source_test.dart: getIncomeById should throw CacheFailure when retrieval fails                                             07:09 +643 ~1: /app/test/features/income/data/datasources/income_local_data_source_test.dart: getIncomeById should throw CacheFailure when retrieval fails                                             
‼️ SEVERE 2026-03-04 05:48:49.660793 [caller info not available] Failed to get income by ID 1 from cacheException: Hive Error#0      When.thenThrow.<anonymous closure> (package:mocktail/src/mocktail.dart:249:7)
#1      Mock.noSuchMethod (package:mocktail/src/mocktail.dart:131:37)
#2      MockBox.get (file:///app/test/features/income/data/datasources/income_local_data_source_test.dart:8:7)
#3      HiveIncomeLocalDataSource.getIncomeById (package:expense_tracker/features/income/data/datasources/income_local_data_source.dart:105:32)
#4      main.<anonymous closure>.<anonymous closure>.<anonymous closure> (file:///app/test/features/income/data/datasources/income_local_data_source_test.dart:110:31)
#5      Throws.matchAsync (package:matcher/src/expect/throws_matcher.dart:86:23)
#6      _expect (package:matcher/src/expect/expect.dart:109:26)
#7      expect (package:matcher/src/expect/expect.dart:56:3)
#8      expect (package:flutter_test/src/widget_tester.dart:473:18)
#9      main.<anonymous closure>.<anonymous closure> (file:///app/test/features/income/data/datasources/income_local_data_source_test.dart:110:7)
#10     Declarer.test.<anonymous closure>.<anonymous closure> (package:test_api/src/backend/declarer.dart:242:19)
<asynchronous suspension>
#11     Declarer.test.<anonymous closure> (package:test_api/src/backend/declarer.dart:240:7)
<asynchronous suspension>
#12     Invoker._waitForOutstandingCallbacks.<anonymous closure> (package:test_api/src/backend/invoker.dart:282:9)
<asynchronous suspension>

07:09 +644 ~1: /app/test/features/income/data/datasources/income_local_data_source_test.dart: getIncomeById should throw CacheFailure when retrieval fails                                             07:09 +644 ~1: /app/test/features/income/data/datasources/income_local_data_source_test.dart: updateIncome should update income if it exists                                                           07:09 +644 ~1: /app/test/features/income/data/datasources/income_local_data_source_test.dart: updateIncome should update income if it exists                                                           
👻 INFO 2026-03-04 05:48:49.667679 [caller info not available] Updated income 'Test Income' (ID: 1) in Hive.
07:09 +645 ~1: /app/test/features/income/data/datasources/income_local_data_source_test.dart: updateIncome should update income if it exists                                                           07:09 +645 ~1: /app/test/features/income/data/datasources/income_local_data_source_test.dart: updateIncome should throw CacheFailure if income does not exist                                          07:09 +645 ~1: /app/test/features/income/data/datasources/income_local_data_source_test.dart: updateIncome should throw CacheFailure if income does not exist                                          
⚠️ WARNING 2026-03-04 05:48:49.672682 [caller info not available] Attempted to update non-existent income ID: 1
07:09 +646 ~1: /app/test/features/income/data/datasources/income_local_data_source_test.dart: updateIncome should throw CacheFailure if income does not exist                                          07:09 +646 ~1: /app/test/features/income/data/datasources/income_local_data_source_test.dart: clearAll should clear Hive box                                                                           07:09 +646 ~1: /app/test/features/income/data/datasources/income_local_data_source_test.dart: clearAll should clear Hive box                                                                           
👻 INFO 2026-03-04 05:48:49.681632 [caller info not available] Cleared income box in Hive (0 items removed).
07:09 +647 ~1: /app/test/features/income/data/datasources/income_local_data_source_test.dart: clearAll should clear Hive box                                                                           07:09 +647 ~1: /app/test/features/income/data/datasources/income_local_data_source_test.dart: (tearDownAll)                                                                                            07:10 +647 ~1: /app/test/features/income/data/datasources/income_local_data_source_test.dart: (tearDownAll)                                                                                            07:11 +647 ~1: /app/test/features/income/data/datasources/income_local_data_source_test.dart: (tearDownAll)                                                                                            07:11 +647 ~1: loading /app/test/features/income/data/datasources/income_local_data_source_proxy_test.dart                                                                                             07:11 +647 ~1: /app/test/features/income/data/datasources/income_local_data_source_proxy_test.dart: (setUpAll)                                                                                         07:11 +647 ~1: /app/test/features/income/data/datasources/income_local_data_source_proxy_test.dart: addIncome should forward to Hive when demo mode is inactive                                        07:11 +648 ~1: /app/test/features/income/data/datasources/income_local_data_source_proxy_test.dart: addIncome should forward to Hive when demo mode is inactive                                        07:11 +648 ~1: /app/test/features/income/data/datasources/income_local_data_source_proxy_test.dart: (tearDownAll)                                                                                      07:11 +648 ~1: loading /app/test/features/income/data/models/income_model_test.dart                                                                                                                    07:12 +648 ~1: loading /app/test/features/income/data/models/income_model_test.dart                                                                                                                    07:13 +648 ~1: loading /app/test/features/income/data/models/income_model_test.dart                                                                                                                    07:13 +648 ~1: /app/test/features/income/data/models/income_model_test.dart: should return a valid model from JSON                                                                                     07:13 +649 ~1: /app/test/features/income/data/models/income_model_test.dart: should return a valid model from JSON                                                                                     07:13 +649 ~1: /app/test/features/income/data/models/income_model_test.dart: should return a JSON map containing proper data                                                                           07:13 +650 ~1: /app/test/features/income/data/models/income_model_test.dart: should return a JSON map containing proper data                                                                           07:13 +650 ~1: /app/test/features/income/data/models/income_model_test.dart: should convert from Entity to Model correctly                                                                             07:13 +651 ~1: /app/test/features/income/data/models/income_model_test.dart: should convert from Entity to Model correctly                                                                             07:13 +651 ~1: /app/test/features/income/data/models/income_model_test.dart: should convert from Model to Entity correctly (category is null)                                                          07:13 +652 ~1: /app/test/features/income/data/models/income_model_test.dart: should convert from Model to Entity correctly (category is null)                                                          07:14 +652 ~1: /app/test/features/income/data/models/income_model_test.dart: should convert from Model to Entity correctly (category is null)                                                          07:14 +652 ~1: loading /app/test/features/income/data/income_local_data_source_test.dart                                                                                                               07:14 +652 ~1: /app/test/features/income/data/income_local_data_source_test.dart: applies filters in HiveIncomeLocalDataSource                                                                         07:14 +652 ~1: /app/test/features/income/data/income_local_data_source_test.dart: applies filters in HiveIncomeLocalDataSource                                                                         
👻 INFO 2026-03-04 05:48:54.599672 [caller info not available] Retrieved 1 incomes from Hive after applying filters.
07:14 +653 ~1: /app/test/features/income/data/income_local_data_source_test.dart: applies filters in HiveIncomeLocalDataSource                                                                         07:15 +653 ~1: /app/test/features/income/data/income_local_data_source_test.dart: applies filters in HiveIncomeLocalDataSource                                                                         07:15 +653 ~1: loading /app/test/features/income/data/repositories/income_repository_impl_test.dart                                                                                                    07:16 +653 ~1: loading /app/test/features/income/data/repositories/income_repository_impl_test.dart                                                                                                    07:17 +653 ~1: loading /app/test/features/income/data/repositories/income_repository_impl_test.dart                                                                                                    07:17 +653 ~1: /app/test/features/income/data/repositories/income_repository_impl_test.dart: (setUpAll)                                                                                                07:17 +653 ~1: /app/test/features/income/data/repositories/income_repository_impl_test.dart: addIncome should return hydrated Income when data source call is successful                               07:17 +653 ~1: /app/test/features/income/data/repositories/income_repository_impl_test.dart: addIncome should return hydrated Income when data source call is successful                               
👻 INFO 2026-03-04 05:48:57.670215 [caller info not available] [IncomeRepo] Adding income 'Paycheck'.
👻 INFO 2026-03-04 05:48:57.680513 [caller info not available] [IncomeRepo] Add successful (ID: 1). Hydrating category.
07:17 +654 ~1: /app/test/features/income/data/repositories/income_repository_impl_test.dart: addIncome should return hydrated Income when data source call is successful                               07:17 +654 ~1: /app/test/features/income/data/repositories/income_repository_impl_test.dart: addIncome should return CacheFailure when data source throws CacheFailure                                 07:17 +654 ~1: /app/test/features/income/data/repositories/income_repository_impl_test.dart: addIncome should return CacheFailure when data source throws CacheFailure                                 
👻 INFO 2026-03-04 05:48:57.704229 [caller info not available] [IncomeRepo] Adding income 'Paycheck'.
07:17 +655 ~1: /app/test/features/income/data/repositories/income_repository_impl_test.dart: addIncome should return CacheFailure when data source throws CacheFailure                                 07:17 +655 ~1: /app/test/features/income/data/repositories/income_repository_impl_test.dart: deleteIncome should return void when delete is successful                                                 07:17 +655 ~1: /app/test/features/income/data/repositories/income_repository_impl_test.dart: deleteIncome should return void when delete is successful                                                 
👻 INFO 2026-03-04 05:48:57.710952 [caller info not available] [IncomeRepo] Deleting income (ID: 1).
👻 INFO 2026-03-04 05:48:57.712063 [caller info not available] [IncomeRepo] Delete successful for ID: 1.
07:17 +656 ~1: /app/test/features/income/data/repositories/income_repository_impl_test.dart: deleteIncome should return void when delete is successful                                                 07:17 +656 ~1: /app/test/features/income/data/repositories/income_repository_impl_test.dart: deleteIncome should return CacheFailure when delete fails                                                 07:17 +656 ~1: /app/test/features/income/data/repositories/income_repository_impl_test.dart: deleteIncome should return CacheFailure when delete fails                                                 
👻 INFO 2026-03-04 05:48:57.717460 [caller info not available] [IncomeRepo] Deleting income (ID: 1).
⚠️ WARNING 2026-03-04 05:48:57.718122 [caller info not available] [IncomeRepo] CacheFailure deleting income ID 1: Delete Error
07:17 +657 ~1: /app/test/features/income/data/repositories/income_repository_impl_test.dart: deleteIncome should return CacheFailure when delete fails                                                 07:17 +657 ~1: /app/test/features/income/data/repositories/income_repository_impl_test.dart: getIncomes should return list of IncomeModels from data source                                            07:17 +657 ~1: /app/test/features/income/data/repositories/income_repository_impl_test.dart: getIncomes should return list of IncomeModels from data source                                            
👻 INFO 2026-03-04 05:48:57.728850 [caller info not available] [IncomeRepo] Getting income models. Filters: AccID=null, Start=null, End=null, CatID=null
07:17 +658 ~1: /app/test/features/income/data/repositories/income_repository_impl_test.dart: getIncomes should return list of IncomeModels from data source                                            07:17 +658 ~1: /app/test/features/income/data/repositories/income_repository_impl_test.dart: getIncomes should return CacheFailure when getting incomes fails                                          07:17 +658 ~1: /app/test/features/income/data/repositories/income_repository_impl_test.dart: getIncomes should return CacheFailure when getting incomes fails                                          
👻 INFO 2026-03-04 05:48:57.738890 [caller info not available] [IncomeRepo] Getting income models. Filters: AccID=null, Start=null, End=null, CatID=null
⚠️ WARNING 2026-03-04 05:48:57.739439 [caller info not available] [IncomeRepo] CacheFailure getting income models: Fetch Error
07:17 +659 ~1: /app/test/features/income/data/repositories/income_repository_impl_test.dart: getIncomes should return CacheFailure when getting incomes fails                                          07:17 +659 ~1: /app/test/features/income/data/repositories/income_repository_impl_test.dart: updateIncome should return updated Income when successful                                                 07:17 +659 ~1: /app/test/features/income/data/repositories/income_repository_impl_test.dart: updateIncome should return updated Income when successful                                                 
👻 INFO 2026-03-04 05:48:57.745889 [caller info not available] [IncomeRepo] Updating income 'Paycheck' (ID: 1).
👻 INFO 2026-03-04 05:48:57.746614 [caller info not available] [IncomeRepo] Update successful (ID: 1). Hydrating category.
07:17 +660 ~1: /app/test/features/income/data/repositories/income_repository_impl_test.dart: updateIncome should return updated Income when successful                                                 07:17 +660 ~1: /app/test/features/income/data/repositories/income_repository_impl_test.dart: updateIncome should return CacheFailure when update fails                                                 07:17 +660 ~1: /app/test/features/income/data/repositories/income_repository_impl_test.dart: updateIncome should return CacheFailure when update fails                                                 
👻 INFO 2026-03-04 05:48:57.751429 [caller info not available] [IncomeRepo] Updating income 'Paycheck' (ID: 1).
⚠️ WARNING 2026-03-04 05:48:57.751876 [caller info not available] [IncomeRepo] CacheFailure during update: Update Error
07:17 +661 ~1: /app/test/features/income/data/repositories/income_repository_impl_test.dart: updateIncome should return CacheFailure when update fails                                                 07:17 +661 ~1: /app/test/features/income/data/repositories/income_repository_impl_test.dart: updateIncomeCategorization should update income categorization successfully                               07:17 +661 ~1: /app/test/features/income/data/repositories/income_repository_impl_test.dart: updateIncomeCategorization should update income categorization successfully                               
👻 INFO 2026-03-04 05:48:57.757136 [caller info not available] [IncomeRepo] updateIncomeCategorization called for ID: 1, CatID: cat2, Status: needsReview
👻 INFO 2026-03-04 05:48:57.759536 [caller info not available] [IncomeRepo] Income categorization updated successfully for ID: 1
07:17 +662 ~1: /app/test/features/income/data/repositories/income_repository_impl_test.dart: updateIncomeCategorization should update income categorization successfully                               07:17 +662 ~1: /app/test/features/income/data/repositories/income_repository_impl_test.dart: updateIncomeCategorization should return CacheFailure if income not found                                 07:17 +662 ~1: /app/test/features/income/data/repositories/income_repository_impl_test.dart: updateIncomeCategorization should return CacheFailure if income not found                                 
👻 INFO 2026-03-04 05:48:57.766801 [caller info not available] [IncomeRepo] updateIncomeCategorization called for ID: 1, CatID: cat2, Status: needsReview
⚠️ WARNING 2026-03-04 05:48:57.769054 [caller info not available] [IncomeRepo] Income not found for categorization update: 1
07:17 +663 ~1: /app/test/features/income/data/repositories/income_repository_impl_test.dart: updateIncomeCategorization should return CacheFailure if income not found                                 07:17 +663 ~1: /app/test/features/income/data/repositories/income_repository_impl_test.dart: (tearDownAll)                                                                                             07:18 +663 ~1: /app/test/features/income/data/repositories/income_repository_impl_test.dart: (tearDownAll)                                                                                             07:19 +663 ~1: /app/test/features/income/data/repositories/income_repository_impl_test.dart: (tearDownAll)                                                                                             07:19 +663 ~1: loading /app/test/features/income/domain/usecases/get_incomes_test.dart                                                                                                                 07:19 +663 ~1: /app/test/features/income/domain/usecases/get_incomes_test.dart: should get incomes from the repository                                                                                 07:19 +664 ~1: /app/test/features/income/domain/usecases/get_incomes_test.dart: should get incomes from the repository                                                                                 07:20 +664 ~1: /app/test/features/income/domain/usecases/get_incomes_test.dart: should get incomes from the repository                                                                                 07:20 +664 ~1: loading /app/test/features/income/domain/usecases/update_income_test.dart                                                                                                               07:21 +664 ~1: loading /app/test/features/income/domain/usecases/update_income_test.dart                                                                                                               07:22 +664 ~1: loading /app/test/features/income/domain/usecases/update_income_test.dart                                                                                                               07:22 +664 ~1: /app/test/features/income/domain/usecases/update_income_test.dart: (setUpAll)                                                                                                           07:22 +664 ~1: /app/test/features/income/domain/usecases/update_income_test.dart: should update income in repository when validation passes                                                            07:22 +664 ~1: /app/test/features/income/domain/usecases/update_income_test.dart: should update income in repository when validation passes                                                            
👻 INFO 2026-03-04 05:49:02.502415 [caller info not available] Executing UpdateIncomeUseCase for 'Salary' (ID: 1).
07:22 +665 ~1: /app/test/features/income/domain/usecases/update_income_test.dart: should update income in repository when validation passes                                                            07:22 +665 ~1: /app/test/features/income/domain/usecases/update_income_test.dart: should return ValidationFailure when title is empty                                                                  07:22 +665 ~1: /app/test/features/income/domain/usecases/update_income_test.dart: should return ValidationFailure when title is empty                                                                  
👻 INFO 2026-03-04 05:49:02.526697 [caller info not available] Executing UpdateIncomeUseCase for '' (ID: 1).
⚠️ WARNING 2026-03-04 05:49:02.527218 [caller info not available] Validation failed: Income title cannot be empty.
07:22 +666 ~1: /app/test/features/income/domain/usecases/update_income_test.dart: should return ValidationFailure when title is empty                                                                  07:22 +666 ~1: /app/test/features/income/domain/usecases/update_income_test.dart: should return ValidationFailure when amount is zero or negative                                                      07:22 +666 ~1: /app/test/features/income/domain/usecases/update_income_test.dart: should return ValidationFailure when amount is zero or negative                                                      
👻 INFO 2026-03-04 05:49:02.531404 [caller info not available] Executing UpdateIncomeUseCase for 'Salary' (ID: 1).
⚠️ WARNING 2026-03-04 05:49:02.531797 [caller info not available] Validation failed: Income amount must be positive.
07:22 +667 ~1: /app/test/features/income/domain/usecases/update_income_test.dart: should return ValidationFailure when amount is zero or negative                                                      07:22 +667 ~1: /app/test/features/income/domain/usecases/update_income_test.dart: should return ValidationFailure when accountId is empty                                                              07:22 +667 ~1: /app/test/features/income/domain/usecases/update_income_test.dart: should return ValidationFailure when accountId is empty                                                              
👻 INFO 2026-03-04 05:49:02.538109 [caller info not available] Executing UpdateIncomeUseCase for 'Salary' (ID: 1).
⚠️ WARNING 2026-03-04 05:49:02.538493 [caller info not available] Validation failed: Account selection is required.
07:22 +668 ~1: /app/test/features/income/domain/usecases/update_income_test.dart: should return ValidationFailure when accountId is empty                                                              07:22 +668 ~1: /app/test/features/income/domain/usecases/update_income_test.dart: should return Failure when repository fails                                                                          07:22 +668 ~1: /app/test/features/income/domain/usecases/update_income_test.dart: should return Failure when repository fails                                                                          
👻 INFO 2026-03-04 05:49:02.542669 [caller info not available] Executing UpdateIncomeUseCase for 'Salary' (ID: 1).
07:22 +669 ~1: /app/test/features/income/domain/usecases/update_income_test.dart: should return Failure when repository fails                                                                          07:22 +669 ~1: /app/test/features/income/domain/usecases/update_income_test.dart: (tearDownAll)                                                                                                        07:23 +669 ~1: /app/test/features/income/domain/usecases/update_income_test.dart: (tearDownAll)                                                                                                        07:23 +669 ~1: loading /app/test/features/income/domain/usecases/delete_income_test.dart                                                                                                               07:23 +669 ~1: /app/test/features/income/domain/usecases/delete_income_test.dart: should delete income from repository                                                                                 07:23 +669 ~1: /app/test/features/income/domain/usecases/delete_income_test.dart: should delete income from repository                                                                                 
👻 INFO 2026-03-04 05:49:03.108469 [caller info not available] Executing DeleteIncomeUseCase for ID: 1.
07:23 +670 ~1: /app/test/features/income/domain/usecases/delete_income_test.dart: should delete income from repository                                                                                 07:23 +670 ~1: /app/test/features/income/domain/usecases/delete_income_test.dart: should return Failure when repository fails                                                                          07:23 +670 ~1: /app/test/features/income/domain/usecases/delete_income_test.dart: should return Failure when repository fails                                                                          
👻 INFO 2026-03-04 05:49:03.134752 [caller info not available] Executing DeleteIncomeUseCase for ID: 1.
07:23 +671 ~1: /app/test/features/income/domain/usecases/delete_income_test.dart: should return Failure when repository fails                                                                          07:24 +671 ~1: /app/test/features/income/domain/usecases/delete_income_test.dart: should return Failure when repository fails                                                                          07:24 +671 ~1: loading /app/test/features/income/domain/usecases/add_income_test.dart                                                                                                                  07:25 +671 ~1: loading /app/test/features/income/domain/usecases/add_income_test.dart                                                                                                                  07:26 +671 ~1: loading /app/test/features/income/domain/usecases/add_income_test.dart                                                                                                                  07:26 +671 ~1: /app/test/features/income/domain/usecases/add_income_test.dart: (setUpAll)                                                                                                              07:26 +671 ~1: /app/test/features/income/domain/usecases/add_income_test.dart: should add income to repository when validation passes                                                                  07:26 +671 ~1: /app/test/features/income/domain/usecases/add_income_test.dart: should add income to repository when validation passes                                                                  
👻 INFO 2026-03-04 05:49:06.531157 [caller info not available] Executing AddIncomeUseCase for 'Salary'.
07:26 +672 ~1: /app/test/features/income/domain/usecases/add_income_test.dart: should add income to repository when validation passes                                                                  07:26 +672 ~1: /app/test/features/income/domain/usecases/add_income_test.dart: should return ValidationFailure when title is empty                                                                     07:26 +672 ~1: /app/test/features/income/domain/usecases/add_income_test.dart: should return ValidationFailure when title is empty                                                                     
👻 INFO 2026-03-04 05:49:06.590227 [caller info not available] Executing AddIncomeUseCase for ''.
⚠️ WARNING 2026-03-04 05:49:06.590808 [caller info not available] Validation failed: Income title cannot be empty.
07:26 +673 ~1: /app/test/features/income/domain/usecases/add_income_test.dart: should return ValidationFailure when title is empty                                                                     07:26 +673 ~1: /app/test/features/income/domain/usecases/add_income_test.dart: should return ValidationFailure when amount is zero or negative                                                         07:26 +673 ~1: /app/test/features/income/domain/usecases/add_income_test.dart: should return ValidationFailure when amount is zero or negative                                                         
👻 INFO 2026-03-04 05:49:06.602187 [caller info not available] Executing AddIncomeUseCase for 'Salary'.
⚠️ WARNING 2026-03-04 05:49:06.602571 [caller info not available] Validation failed: Income amount must be positive.
07:26 +674 ~1: /app/test/features/income/domain/usecases/add_income_test.dart: should return ValidationFailure when amount is zero or negative                                                         07:26 +674 ~1: /app/test/features/income/domain/usecases/add_income_test.dart: should return ValidationFailure when accountId is empty                                                                 07:26 +674 ~1: /app/test/features/income/domain/usecases/add_income_test.dart: should return ValidationFailure when accountId is empty                                                                 
👻 INFO 2026-03-04 05:49:06.615615 [caller info not available] Executing AddIncomeUseCase for 'Salary'.
⚠️ WARNING 2026-03-04 05:49:06.616124 [caller info not available] Validation failed: Account selection is required.
07:26 +675 ~1: /app/test/features/income/domain/usecases/add_income_test.dart: should return ValidationFailure when accountId is empty                                                                 07:26 +675 ~1: /app/test/features/income/domain/usecases/add_income_test.dart: should return Failure when repository fails                                                                             07:26 +675 ~1: /app/test/features/income/domain/usecases/add_income_test.dart: should return Failure when repository fails                                                                             
👻 INFO 2026-03-04 05:49:06.628027 [caller info not available] Executing AddIncomeUseCase for 'Salary'.
07:26 +676 ~1: /app/test/features/income/domain/usecases/add_income_test.dart: should return Failure when repository fails                                                                             07:26 +676 ~1: /app/test/features/income/domain/usecases/add_income_test.dart: (tearDownAll)                                                                                                           07:27 +676 ~1: /app/test/features/income/domain/usecases/add_income_test.dart: (tearDownAll)                                                                                                           07:27 +676 ~1: loading /app/test/features/income/presentation/widgets/income_card_test.dart                                                                                                            07:27 +676 ~1: /app/test/features/income/presentation/widgets/income_card_test.dart: IncomeCard displays income details correctly                                                                      07:28 +676 ~1: /app/test/features/income/presentation/widgets/income_card_test.dart: IncomeCard displays income details correctly                                                                      07:28 +677 ~1: /app/test/features/income/presentation/widgets/income_card_test.dart: IncomeCard displays income details correctly                                                                      07:28 +677 ~1: /app/test/features/income/presentation/widgets/income_card_test.dart: IncomeCard displays provided account name                                                                         07:29 +677 ~1: /app/test/features/income/presentation/widgets/income_card_test.dart: IncomeCard displays provided account name                                                                         07:29 +678 ~1: /app/test/features/income/presentation/widgets/income_card_test.dart: IncomeCard displays provided account name                                                                         07:30 +678 ~1: /app/test/features/income/presentation/widgets/income_card_test.dart: IncomeCard displays provided account name                                                                         07:30 +678 ~1: loading /app/test/features/reports/data/report_repository_impl_test.dart                                                                                                                07:30 +678 ~1: /app/test/features/reports/data/report_repository_impl_test.dart: getGoalProgress aggregates contributions with single fetch                                                            07:30 +678 ~1: /app/test/features/reports/data/report_repository_impl_test.dart: getGoalProgress aggregates contributions with single fetch                                                            
👻 INFO 2026-03-04 05:49:10.172666 [caller info not available] [ReportRepo] getGoalProgress: Goals=All Active
👻 INFO 2026-03-04 05:49:10.193314 [caller info not available] [ReportRepo] Goal progress report generated. Goals: 2
07:30 +679 ~1: /app/test/features/reports/data/report_repository_impl_test.dart: getGoalProgress aggregates contributions with single fetch                                                            07:30 +679 ~1: loading /app/test/features/reports/data/repositories/report_repository_impl_budget_test.dart                                                                                            07:31 +679 ~1: loading /app/test/features/reports/data/repositories/report_repository_impl_budget_test.dart                                                                                            07:32 +679 ~1: loading /app/test/features/reports/data/repositories/report_repository_impl_budget_test.dart                                                                                            07:32 +679 ~1: /app/test/features/reports/data/repositories/report_repository_impl_budget_test.dart: (setUpAll)                                                                                        07:32 +679 ~1: /app/test/features/reports/data/repositories/report_repository_impl_budget_test.dart: getBudgetPerformance correctly filters and groups expenses by category                            07:32 +679 ~1: /app/test/features/reports/data/repositories/report_repository_impl_budget_test.dart: getBudgetPerformance correctly filters and groups expenses by category                            
👻 INFO 2026-03-04 05:49:12.511919 [caller info not available] [ReportRepo] getBudgetPerformance: Start=2023-01-01 00:00:00.000, End=2023-01-31 00:00:00.000, Compare=false
07:32 +680 ~1: /app/test/features/reports/data/repositories/report_repository_impl_budget_test.dart: getBudgetPerformance correctly filters and groups expenses by category                            07:32 +680 ~1: /app/test/features/reports/data/repositories/report_repository_impl_budget_test.dart: (tearDownAll)                                                                                     07:33 +680 ~1: /app/test/features/reports/data/repositories/report_repository_impl_budget_test.dart: (tearDownAll)                                                                                     07:34 +680 ~1: /app/test/features/reports/data/repositories/report_repository_impl_budget_test.dart: (tearDownAll)                                                                                     07:34 +680 ~1: loading /app/test/features/reports/data/repositories/report_repository_impl_test.dart                                                                                                   07:34 +680 ~1: /app/test/features/reports/data/repositories/report_repository_impl_test.dart: getSpendingByCategory returns correct data                                                               07:34 +680 ~1: /app/test/features/reports/data/repositories/report_repository_impl_test.dart: getSpendingByCategory returns correct data                                                               
👻 INFO 2026-03-04 05:49:13.905220 [caller info not available] [ReportRepo] getSpendingByCategory: Start=2026-03-03 05:49:13.893178, End=2026-03-04 05:49:13.893178, Type=expense, Compare=false
07:34 +681 ~1: /app/test/features/reports/data/repositories/report_repository_impl_test.dart: getSpendingByCategory returns correct data                                                               07:34 +681 ~1: /app/test/features/reports/data/repositories/report_repository_impl_test.dart: getSpendingByCategory returns empty if no expenses                                                       07:34 +681 ~1: /app/test/features/reports/data/repositories/report_repository_impl_test.dart: getSpendingByCategory returns empty if no expenses                                                       
👻 INFO 2026-03-04 05:49:13.946173 [caller info not available] [ReportRepo] getSpendingByCategory: Start=2026-03-04 05:49:13.945980, End=2026-03-04 05:49:13.945980, Type=null, Compare=false
07:34 +682 ~1: /app/test/features/reports/data/repositories/report_repository_impl_test.dart: getSpendingByCategory returns empty if no expenses                                                       07:34 +682 ~1: loading /app/test/features/reports/data/repositories/report_repository_impl_comprehensive_test.dart                                                                                     07:35 +682 ~1: loading /app/test/features/reports/data/repositories/report_repository_impl_comprehensive_test.dart                                                                                     07:36 +682 ~1: loading /app/test/features/reports/data/repositories/report_repository_impl_comprehensive_test.dart                                                                                     07:36 +682 ~1: /app/test/features/reports/data/repositories/report_repository_impl_comprehensive_test.dart: getSpendingByCategory should return correct spending data for current period               07:36 +682 ~1: /app/test/features/reports/data/repositories/report_repository_impl_comprehensive_test.dart: getSpendingByCategory should return correct spending data for current period               
👻 INFO 2026-03-04 05:49:16.561313 [caller info not available] [ReportRepo] getSpendingByCategory: Start=2023-10-01 00:00:00.000, End=2023-10-31 00:00:00.000, Type=expense, Compare=false
07:36 +683 ~1: /app/test/features/reports/data/repositories/report_repository_impl_comprehensive_test.dart: getSpendingByCategory should return correct spending data for current period               07:36 +683 ~1: /app/test/features/reports/data/repositories/report_repository_impl_comprehensive_test.dart: getSpendingByCategory should return comparison data when compareToPrevious is true         07:36 +683 ~1: /app/test/features/reports/data/repositories/report_repository_impl_comprehensive_test.dart: getSpendingByCategory should return comparison data when compareToPrevious is true         
👻 INFO 2026-03-04 05:49:16.608235 [caller info not available] [ReportRepo] getSpendingByCategory: Start=2023-10-01 00:00:00.000, End=2023-10-31 00:00:00.000, Type=expense, Compare=true
07:36 +684 ~1: /app/test/features/reports/data/repositories/report_repository_impl_comprehensive_test.dart: getSpendingByCategory should return comparison data when compareToPrevious is true         07:36 +684 ~1: /app/test/features/reports/data/repositories/report_repository_impl_comprehensive_test.dart: ... should return empty report when transactionType is Income (as per logic)               07:36 +684 ~1: /app/test/features/reports/data/repositories/report_repository_impl_comprehensive_test.dart: getSpendingByCategory should return empty report when transactionType is Income (as per logic)
👻 INFO 2026-03-04 05:49:16.617227 [caller info not available] [ReportRepo] getSpendingByCategory: Start=2023-10-01 00:00:00.000, End=2023-10-31 00:00:00.000, Type=income, Compare=false
👻 INFO 2026-03-04 05:49:16.618250 [caller info not available] [ReportRepo:_calculateSpendingByCategory] Income type requested, returning empty report.
07:36 +685 ~1: /app/test/features/reports/data/repositories/report_repository_impl_comprehensive_test.dart: ... should return empty report when transactionType is Income (as per logic)               07:36 +685 ~1: /app/test/features/reports/data/repositories/report_repository_impl_comprehensive_test.dart: getSpendingOverTime should aggregate spending correctly for daily granularity              07:36 +685 ~1: /app/test/features/reports/data/repositories/report_repository_impl_comprehensive_test.dart: getSpendingOverTime should aggregate spending correctly for daily granularity              
👻 INFO 2026-03-04 05:49:16.643173 [caller info not available] [ReportRepo] getSpendingOverTime: Granularity=TimeSeriesGranularity.daily, Type=null, Compare=false
07:36 +686 ~1: /app/test/features/reports/data/repositories/report_repository_impl_comprehensive_test.dart: getSpendingOverTime should aggregate spending correctly for daily granularity              07:36 +686 ~1: /app/test/features/reports/data/repositories/report_repository_impl_comprehensive_test.dart: getSpendingOverTime should return comparison data when compareToPrevious is true           07:36 +686 ~1: /app/test/features/reports/data/repositories/report_repository_impl_comprehensive_test.dart: getSpendingOverTime should return comparison data when compareToPrevious is true           
👻 INFO 2026-03-04 05:49:16.662689 [caller info not available] [ReportRepo] getSpendingOverTime: Granularity=TimeSeriesGranularity.monthly, Type=null, Compare=true
07:36 +687 ~1: /app/test/features/reports/data/repositories/report_repository_impl_comprehensive_test.dart: getSpendingOverTime should return comparison data when compareToPrevious is true           07:36 +687 ~1: /app/test/features/reports/data/repositories/report_repository_impl_comprehensive_test.dart: getIncomeVsExpense should aggregate income and expense correctly                           07:36 +687 ~1: /app/test/features/reports/data/repositories/report_repository_impl_comprehensive_test.dart: getIncomeVsExpense should aggregate income and expense correctly                           
👻 INFO 2026-03-04 05:49:16.675812 [caller info not available] [ReportRepo] getIncomeVsExpense: Period=IncomeExpensePeriodType.monthly, Compare=false
07:36 +688 ~1: /app/test/features/reports/data/repositories/report_repository_impl_comprehensive_test.dart: getIncomeVsExpense should aggregate income and expense correctly                           07:36 +688 ~1: /app/test/features/reports/data/repositories/report_repository_impl_comprehensive_test.dart: getIncomeVsExpense should return comparison data when compareToPrevious is true            07:36 +688 ~1: /app/test/features/reports/data/repositories/report_repository_impl_comprehensive_test.dart: getIncomeVsExpense should return comparison data when compareToPrevious is true            
👻 INFO 2026-03-04 05:49:16.691336 [caller info not available] [ReportRepo] getIncomeVsExpense: Period=IncomeExpensePeriodType.monthly, Compare=true
07:36 +689 ~1: /app/test/features/reports/data/repositories/report_repository_impl_comprehensive_test.dart: getIncomeVsExpense should return comparison data when compareToPrevious is true            07:36 +689 ~1: /app/test/features/reports/data/repositories/report_repository_impl_comprehensive_test.dart: getBudgetPerformance should calculate budget performance correctly for multiple budgets    07:36 +689 ~1: /app/test/features/reports/data/repositories/report_repository_impl_comprehensive_test.dart: getBudgetPerformance should calculate budget performance correctly for multiple budgets    
👻 INFO 2026-03-04 05:49:16.703075 [caller info not available] [ReportRepo] getBudgetPerformance: Start=2023-10-01 00:00:00.000, End=2023-10-31 00:00:00.000, Compare=false
07:36 +690 ~1: /app/test/features/reports/data/repositories/report_repository_impl_comprehensive_test.dart: getBudgetPerformance should calculate budget performance correctly for multiple budgets    07:36 +690 ~1: /app/test/features/reports/data/repositories/report_repository_impl_comprehensive_test.dart: getBudgetPerformance should return previous performance when compareToPrevious is true     07:36 +690 ~1: /app/test/features/reports/data/repositories/report_repository_impl_comprehensive_test.dart: getBudgetPerformance should return previous performance when compareToPrevious is true     
👻 INFO 2026-03-04 05:49:16.717689 [caller info not available] [ReportRepo] getBudgetPerformance: Start=2023-10-01 00:00:00.000, End=2023-10-31 00:00:00.000, Compare=true
07:36 +691 ~1: /app/test/features/reports/data/repositories/report_repository_impl_comprehensive_test.dart: getBudgetPerformance should return previous performance when compareToPrevious is true     07:36 +691 ~1: /app/test/features/reports/data/repositories/report_repository_impl_comprehensive_test.dart: getGoalProgress should calculate goal progress and pacing                                  07:36 +691 ~1: /app/test/features/reports/data/repositories/report_repository_impl_comprehensive_test.dart: getGoalProgress should calculate goal progress and pacing                                  
👻 INFO 2026-03-04 05:49:16.736486 [caller info not available] [ReportRepo] getGoalProgress: Goals=All Active
👻 INFO 2026-03-04 05:49:16.744166 [caller info not available] [ReportRepo] Goal progress report generated. Goals: 1
07:36 +692 ~1: /app/test/features/reports/data/repositories/report_repository_impl_comprehensive_test.dart: getGoalProgress should calculate goal progress and pacing                                  07:36 +692 ~1: /app/test/features/reports/data/repositories/report_repository_impl_comprehensive_test.dart: getGoalProgress should return empty if no goals found                                      07:36 +692 ~1: /app/test/features/reports/data/repositories/report_repository_impl_comprehensive_test.dart: getGoalProgress should return empty if no goals found                                      
👻 INFO 2026-03-04 05:49:16.755524 [caller info not available] [ReportRepo] getGoalProgress: Goals=All Active
07:36 +693 ~1: /app/test/features/reports/data/repositories/report_repository_impl_comprehensive_test.dart: getGoalProgress should return empty if no goals found                                      07:36 +693 ~1: /app/test/features/reports/data/repositories/report_repository_impl_comprehensive_test.dart: getRecentDailySpending should return 7 days of spending data (filled with 0s)              07:36 +693 ~1: /app/test/features/reports/data/repositories/report_repository_impl_comprehensive_test.dart: getRecentDailySpending should return 7 days of spending data (filled with 0s)              
👻 INFO 2026-03-04 05:49:16.768881 [caller info not available] [ReportRepo] getRecentDailySpending: Days=7
07:36 +694 ~1: /app/test/features/reports/data/repositories/report_repository_impl_comprehensive_test.dart: getRecentDailySpending should return 7 days of spending data (filled with 0s)              07:37 +694 ~1: /app/test/features/reports/data/repositories/report_repository_impl_comprehensive_test.dart: getRecentDailySpending should return 7 days of spending data (filled with 0s)              07:37 +694 ~1: loading /app/test/features/reports/domain/helpers/csv_export_helper_large_test.dart                                                                                                     07:37 +694 ~1: /app/test/features/reports/domain/helpers/csv_export_helper_large_test.dart: can be instantiated                                                                                        07:37 +695 ~1: /app/test/features/reports/domain/helpers/csv_export_helper_large_test.dart: can be instantiated                                                                                        07:38 +695 ~1: /app/test/features/reports/domain/helpers/csv_export_helper_large_test.dart: can be instantiated                                                                                        07:38 +695 ~1: loading /app/test/features/reports/domain/helpers/csv_export_helper_test.dart                                                                                                           07:39 +695 ~1: loading /app/test/features/reports/domain/helpers/csv_export_helper_test.dart                                                                                                           07:40 +695 ~1: loading /app/test/features/reports/domain/helpers/csv_export_helper_test.dart                                                                                                           07:40 +695 ~1: /app/test/features/reports/domain/helpers/csv_export_helper_test.dart: exportSpendingCategoryReport should return correct CSV string on success                                         07:40 +696 ~1: /app/test/features/reports/domain/helpers/csv_export_helper_test.dart: exportSpendingCategoryReport should return correct CSV string on success                                         07:40 +696 ~1: /app/test/features/reports/domain/helpers/csv_export_helper_test.dart: exportSpendingCategoryReport should handle comparison columns when showComparison is true                        07:40 +697 ~1: /app/test/features/reports/domain/helpers/csv_export_helper_test.dart: exportSpendingCategoryReport should handle comparison columns when showComparison is true                        07:41 +697 ~1: /app/test/features/reports/domain/helpers/csv_export_helper_test.dart: exportSpendingCategoryReport should handle comparison columns when showComparison is true                        07:41 +697 ~1: loading /app/test/features/reports/domain/usecases/get_goal_progress_report_test.dart                                                                                                   07:41 +697 ~1: /app/test/features/reports/domain/usecases/get_goal_progress_report_test.dart: should get goal progress report from repository                                                          07:41 +697 ~1: /app/test/features/reports/domain/usecases/get_goal_progress_report_test.dart: should get goal progress report from repository                                                          
👻 INFO 2026-03-04 05:49:21.247642 [caller info not available] [GetGoalProgressReportUseCase] Fetching goal progress. Compare Rate: true
07:41 +698 ~1: /app/test/features/reports/domain/usecases/get_goal_progress_report_test.dart: should get goal progress report from repository                                                          07:42 +698 ~1: /app/test/features/reports/domain/usecases/get_goal_progress_report_test.dart: should get goal progress report from repository                                                          07:42 +698 ~1: loading /app/test/features/reports/domain/usecases/get_income_expense_report_test.dart                                                                                                  07:43 +698 ~1: loading /app/test/features/reports/domain/usecases/get_income_expense_report_test.dart                                                                                                  07:44 +698 ~1: loading /app/test/features/reports/domain/usecases/get_income_expense_report_test.dart                                                                                                  07:44 +698 ~1: /app/test/features/reports/domain/usecases/get_income_expense_report_test.dart: (setUpAll)                                                                                              07:44 +698 ~1: /app/test/features/reports/domain/usecases/get_income_expense_report_test.dart: should get income expense report from the repository                                                    07:44 +698 ~1: /app/test/features/reports/domain/usecases/get_income_expense_report_test.dart: should get income expense report from the repository                                                    
👻 INFO 2026-03-04 05:49:24.643856 [caller info not available] [GetIncomeExpenseReportUseCase] Period: IncomeExpensePeriodType.monthly, Start: 2023-01-01 00:00:00.000, End: 2023-01-31 00:00:00.000
07:44 +699 ~1: /app/test/features/reports/domain/usecases/get_income_expense_report_test.dart: should get income expense report from the repository                                                    07:44 +699 ~1: /app/test/features/reports/domain/usecases/get_income_expense_report_test.dart: should return a failure when repository call is unsuccessful                                            07:44 +699 ~1: /app/test/features/reports/domain/usecases/get_income_expense_report_test.dart: should return a failure when repository call is unsuccessful                                            
👻 INFO 2026-03-04 05:49:24.671607 [caller info not available] [GetIncomeExpenseReportUseCase] Period: IncomeExpensePeriodType.monthly, Start: 2023-01-01 00:00:00.000, End: 2023-01-31 00:00:00.000
07:44 +700 ~1: /app/test/features/reports/domain/usecases/get_income_expense_report_test.dart: should return a failure when repository call is unsuccessful                                            07:44 +700 ~1: /app/test/features/reports/domain/usecases/get_income_expense_report_test.dart: (tearDownAll)                                                                                           07:45 +700 ~1: /app/test/features/reports/domain/usecases/get_income_expense_report_test.dart: (tearDownAll)                                                                                           07:46 +700 ~1: /app/test/features/reports/domain/usecases/get_income_expense_report_test.dart: (tearDownAll)                                                                                           07:46 +700 ~1: loading /app/test/features/reports/domain/usecases/get_spending_time_report_test.dart                                                                                                   07:46 +700 ~1: /app/test/features/reports/domain/usecases/get_spending_time_report_test.dart: (setUpAll)                                                                                               07:46 +700 ~1: /app/test/features/reports/domain/usecases/get_spending_time_report_test.dart: should get spending over time report from the repository                                                 07:46 +700 ~1: /app/test/features/reports/domain/usecases/get_spending_time_report_test.dart: should get spending over time report from the repository                                                 
👻 INFO 2026-03-04 05:49:25.993320 [caller info not available] [GetSpendingTimeReportUseCase] Granularity: TimeSeriesGranularity.daily, Start: 2023-01-01 00:00:00.000, End: 2023-01-31 00:00:00.000
07:46 +701 ~1: /app/test/features/reports/domain/usecases/get_spending_time_report_test.dart: should get spending over time report from the repository                                                 07:46 +701 ~1: /app/test/features/reports/domain/usecases/get_spending_time_report_test.dart: should return a failure when repository call is unsuccessful                                             07:46 +701 ~1: /app/test/features/reports/domain/usecases/get_spending_time_report_test.dart: should return a failure when repository call is unsuccessful                                             
👻 INFO 2026-03-04 05:49:26.042379 [caller info not available] [GetSpendingTimeReportUseCase] Granularity: TimeSeriesGranularity.daily, Start: 2023-01-01 00:00:00.000, End: 2023-01-31 00:00:00.000
07:46 +702 ~1: /app/test/features/reports/domain/usecases/get_spending_time_report_test.dart: should return a failure when repository call is unsuccessful                                             07:46 +702 ~1: /app/test/features/reports/domain/usecases/get_spending_time_report_test.dart: (tearDownAll)                                                                                            07:47 +702 ~1: /app/test/features/reports/domain/usecases/get_spending_time_report_test.dart: (tearDownAll)                                                                                            07:47 +702 ~1: loading /app/test/features/reports/domain/usecases/get_budget_performance_report_test.dart                                                                                              07:48 +702 ~1: loading /app/test/features/reports/domain/usecases/get_budget_performance_report_test.dart                                                                                              07:49 +702 ~1: loading /app/test/features/reports/domain/usecases/get_budget_performance_report_test.dart                                                                                              07:49 +702 ~1: /app/test/features/reports/domain/usecases/get_budget_performance_report_test.dart: should get budget performance report from the repository                                            07:49 +702 ~1: /app/test/features/reports/domain/usecases/get_budget_performance_report_test.dart: should get budget performance report from the repository                                            
👻 INFO 2026-03-04 05:49:29.321382 [caller info not available] [GetBudgetPerformanceReportUseCase] Start: 2023-01-01 00:00:00.000, End: 2023-01-31 00:00:00.000, Compare: false
07:49 +703 ~1: /app/test/features/reports/domain/usecases/get_budget_performance_report_test.dart: should get budget performance report from the repository                                            07:49 +703 ~1: /app/test/features/reports/domain/usecases/get_budget_performance_report_test.dart: should return a failure when repository call is unsuccessful                                        07:49 +703 ~1: /app/test/features/reports/domain/usecases/get_budget_performance_report_test.dart: should return a failure when repository call is unsuccessful                                        
👻 INFO 2026-03-04 05:49:29.352804 [caller info not available] [GetBudgetPerformanceReportUseCase] Start: 2023-01-01 00:00:00.000, End: 2023-01-31 00:00:00.000, Compare: false
07:49 +704 ~1: /app/test/features/reports/domain/usecases/get_budget_performance_report_test.dart: should return a failure when repository call is unsuccessful                                        07:50 +704 ~1: /app/test/features/reports/domain/usecases/get_budget_performance_report_test.dart: should return a failure when repository call is unsuccessful                                        07:50 +704 ~1: loading /app/test/features/reports/domain/usecases/get_spending_category_report_test.dart                                                                                               07:50 +704 ~1: /app/test/features/reports/domain/usecases/get_spending_category_report_test.dart: should get spending category report from the repository                                              07:51 +704 ~1: /app/test/features/reports/domain/usecases/get_spending_category_report_test.dart: should get spending category report from the repository                                              07:51 +704 ~1: /app/test/features/reports/domain/usecases/get_spending_category_report_test.dart: should get spending category report from the repository                                              
👻 INFO 2026-03-04 05:49:30.828663 [caller info not available] [GetSpendingCategoryReportUseCase] Start: 2023-01-01 00:00:00.000, End: 2023-01-31 00:00:00.000
07:51 +705 ~1: /app/test/features/reports/domain/usecases/get_spending_category_report_test.dart: should get spending category report from the repository                                              07:51 +705 ~1: /app/test/features/reports/domain/usecases/get_spending_category_report_test.dart: should return a failure when repository call is unsuccessful                                         07:51 +705 ~1: /app/test/features/reports/domain/usecases/get_spending_category_report_test.dart: should return a failure when repository call is unsuccessful                                         
👻 INFO 2026-03-04 05:49:30.882462 [caller info not available] [GetSpendingCategoryReportUseCase] Start: 2023-01-01 00:00:00.000, End: 2023-01-31 00:00:00.000
07:51 +706 ~1: /app/test/features/reports/domain/usecases/get_spending_category_report_test.dart: should return a failure when repository call is unsuccessful                                         07:52 +706 ~1: /app/test/features/reports/domain/usecases/get_spending_category_report_test.dart: should return a failure when repository call is unsuccessful                                         07:52 +706 ~1: loading /app/test/features/reports/domain/entities/report_data_test.dart                                                                                                                07:53 +706 ~1: loading /app/test/features/reports/domain/entities/report_data_test.dart                                                                                                                07:54 +706 ~1: loading /app/test/features/reports/domain/entities/report_data_test.dart                                                                                                                07:55 +706 ~1: loading /app/test/features/reports/domain/entities/report_data_test.dart                                                                                                                07:56 +706 ~1: loading /app/test/features/reports/domain/entities/report_data_test.dart                                                                                                                07:56 +706 ~1: /app/test/features/reports/domain/entities/report_data_test.dart: ComparisonValue absoluteChange returns correct value                                                                  07:56 +707 ~1: /app/test/features/reports/domain/entities/report_data_test.dart: ComparisonValue absoluteChange returns correct value                                                                  07:56 +707 ~1: /app/test/features/reports/domain/entities/report_data_test.dart: ComparisonValue absoluteChange returns null when previousValue is null                                                07:56 +708 ~1: /app/test/features/reports/domain/entities/report_data_test.dart: ComparisonValue absoluteChange returns null when previousValue is null                                                07:56 +708 ~1: /app/test/features/reports/domain/entities/report_data_test.dart: ComparisonValue percentageChange returns correct value                                                                07:56 +709 ~1: /app/test/features/reports/domain/entities/report_data_test.dart: ComparisonValue percentageChange returns correct value                                                                07:56 +709 ~1: /app/test/features/reports/domain/entities/report_data_test.dart: ComparisonValue percentageChange returns correct negative value                                                       07:56 +710 ~1: /app/test/features/reports/domain/entities/report_data_test.dart: ComparisonValue percentageChange returns correct negative value                                                       07:56 +710 ~1: /app/test/features/reports/domain/entities/report_data_test.dart: ComparisonValue percentageChange handles 0 previous value (increase)                                                  07:56 +711 ~1: /app/test/features/reports/domain/entities/report_data_test.dart: ComparisonValue percentageChange handles 0 previous value (increase)                                                  07:56 +711 ~1: /app/test/features/reports/domain/entities/report_data_test.dart: ComparisonValue percentageChange handles 0 previous value (decrease/negative)                                         07:56 +712 ~1: /app/test/features/reports/domain/entities/report_data_test.dart: ComparisonValue percentageChange handles 0 previous value (decrease/negative)                                         07:56 +712 ~1: /app/test/features/reports/domain/entities/report_data_test.dart: ComparisonValue percentageChange handles 0 to 0                                                                       07:56 +713 ~1: /app/test/features/reports/domain/entities/report_data_test.dart: ComparisonValue percentageChange handles 0 to 0                                                                       07:56 +713 ~1: /app/test/features/reports/domain/entities/report_data_test.dart: ComparisonValue percentageChange returns null when previousValue is null                                              07:56 +714 ~1: /app/test/features/reports/domain/entities/report_data_test.dart: ComparisonValue percentageChange returns null when previousValue is null                                              07:56 +714 ~1: /app/test/features/reports/domain/entities/report_data_test.dart: CategorySpendingData currentTotalAmount getter works                                                                  07:56 +715 ~1: /app/test/features/reports/domain/entities/report_data_test.dart: CategorySpendingData currentTotalAmount getter works                                                                  07:56 +715 ~1: /app/test/features/reports/domain/entities/report_data_test.dart: SpendingCategoryReportData currentTotalSpending getter works                                                          07:56 +716 ~1: /app/test/features/reports/domain/entities/report_data_test.dart: SpendingCategoryReportData currentTotalSpending getter works                                                          07:56 +716 ~1: /app/test/features/reports/domain/entities/report_data_test.dart: TimeSeriesDataPoint currentAmount getter works                                                                        07:56 +717 ~1: /app/test/features/reports/domain/entities/report_data_test.dart: TimeSeriesDataPoint currentAmount getter works                                                                        07:56 +717 ~1: /app/test/features/reports/domain/entities/report_data_test.dart: IncomeExpensePeriodData netFlow calculation works with comparison                                                     07:56 +718 ~1: /app/test/features/reports/domain/entities/report_data_test.dart: IncomeExpensePeriodData netFlow calculation works with comparison                                                     07:56 +718 ~1: /app/test/features/reports/domain/entities/report_data_test.dart: IncomeExpensePeriodData netFlow calculation works without comparison                                                  07:56 +719 ~1: /app/test/features/reports/domain/entities/report_data_test.dart: IncomeExpensePeriodData netFlow calculation works without comparison                                                  07:56 +719 ~1: /app/test/features/reports/domain/entities/report_data_test.dart: IncomeExpensePeriodData getters work                                                                                  07:56 +720 ~1: /app/test/features/reports/domain/entities/report_data_test.dart: IncomeExpensePeriodData getters work                                                                                  07:56 +720 ~1: /app/test/features/reports/domain/entities/report_data_test.dart: BudgetPerformanceData getters work                                                                                    07:56 +721 ~1: /app/test/features/reports/domain/entities/report_data_test.dart: BudgetPerformanceData getters work                                                                                    07:56 +721 ~1: /app/test/features/reports/domain/entities/report_data_test.dart: BudgetPerformanceData varianceChangePercent returns correct value                                                     07:56 +722 ~1: /app/test/features/reports/domain/entities/report_data_test.dart: BudgetPerformanceData varianceChangePercent returns correct value                                                     07:56 +722 ~1: /app/test/features/reports/domain/entities/report_data_test.dart: BudgetPerformanceData varianceChangePercent returns null if previous is null                                          07:56 +723 ~1: /app/test/features/reports/domain/entities/report_data_test.dart: BudgetPerformanceData varianceChangePercent returns null if previous is null                                          07:57 +723 ~1: /app/test/features/reports/domain/entities/report_data_test.dart: BudgetPerformanceData varianceChangePercent returns null if previous is null                                          07:58 +723 ~1: /app/test/features/reports/domain/entities/report_data_test.dart: BudgetPerformanceData varianceChangePercent returns null if previous is null                                          07:59 +723 ~1: /app/test/features/reports/domain/entities/report_data_test.dart: BudgetPerformanceData varianceChangePercent returns null if previous is null                                          07:59 +723 ~1: loading /app/test/features/reports/presentation/bloc/income_expense_report/income_expense_report_bloc_test.dart                                                                         07:59 +723 ~1: /app/test/features/reports/presentation/bloc/income_expense_report/income_expense_report_bloc_test.dart: (setUpAll)                                                                     07:59 +723 ~1: /app/test/features/reports/presentation/bloc/income_expense_report/income_expense_report_bloc_test.dart: emits [Loading, Loaded] when initialized and use case succeeds                 07:59 +723 ~1: /app/test/features/reports/presentation/bloc/income_expense_report/income_expense_report_bloc_test.dart: emits [Loading, Loaded] when initialized and use case succeeds                 
👻 INFO 2026-03-04 05:49:39.051753 [caller info not available] [IncomeExpenseReportBloc] Initialized.
👻 INFO 2026-03-04 05:49:39.067524 [caller info not available] [IncomeExpenseReportBloc] Loading Income vs Expense report (Period: IncomeExpensePeriodType.monthly, Compare: false)...
👻 INFO 2026-03-04 05:49:39.073080 [caller info not available] [IncomeExpenseReportBloc] Load successful. Period: IncomeExpensePeriodType.monthly, Points: 0, Comparison: false
👻 INFO 2026-03-04 05:49:39.077740 [caller info not available] [IncomeExpenseReportBloc] Closed and cancelled subscription.
07:59 +724 ~1: /app/test/features/reports/presentation/bloc/income_expense_report/income_expense_report_bloc_test.dart: emits [Loading, Loaded] when initialized and use case succeeds                 07:59 +724 ~1: /app/test/features/reports/presentation/bloc/income_expense_report/income_expense_report_bloc_test.dart: emits [Loading, Error] when use case fails                                     07:59 +724 ~1: /app/test/features/reports/presentation/bloc/income_expense_report/income_expense_report_bloc_test.dart: emits [Loading, Error] when use case fails                                     
👻 INFO 2026-03-04 05:49:39.137475 [caller info not available] [IncomeExpenseReportBloc] Initialized.
👻 INFO 2026-03-04 05:49:39.140644 [caller info not available] [IncomeExpenseReportBloc] Loading Income vs Expense report (Period: IncomeExpensePeriodType.monthly, Compare: false)...
⚠️ WARNING 2026-03-04 05:49:39.148342 [caller info not available] [IncomeExpenseReportBloc] Load failed: Error
👻 INFO 2026-03-04 05:49:39.149651 [caller info not available] [IncomeExpenseReportBloc] Closed and cancelled subscription.
07:59 +725 ~1: /app/test/features/reports/presentation/bloc/income_expense_report/income_expense_report_bloc_test.dart: emits [Loading, Error] when use case fails                                     07:59 +725 ~1: /app/test/features/reports/presentation/bloc/income_expense_report/income_expense_report_bloc_test.dart: emits [Loading, Loaded] with new period when ChangeIncomeExpensePeriod is added07:59 +725 ~1: /app/test/features/reports/presentation/bloc/income_expense_report/income_expense_report_bloc_test.dart: emits [Loading, Loaded] with new period when ChangeIncomeExpensePeriod is added
👻 INFO 2026-03-04 05:49:39.200871 [caller info not available] [IncomeExpenseReportBloc] Initialized.
👻 INFO 2026-03-04 05:49:39.206262 [caller info not available] [IncomeExpenseReportBloc] Loading Income vs Expense report (Period: IncomeExpensePeriodType.monthly, Compare: false)...
👻 INFO 2026-03-04 05:49:39.208753 [caller info not available] [IncomeExpenseReportBloc] Load successful. Period: IncomeExpensePeriodType.monthly, Points: 0, Comparison: false
👻 INFO 2026-03-04 05:49:39.209967 [caller info not available] [IncomeExpenseReportBloc] Period changed to IncomeExpensePeriodType.yearly. Reloading.
👻 INFO 2026-03-04 05:49:39.218725 [caller info not available] [IncomeExpenseReportBloc] Loading Income vs Expense report (Period: IncomeExpensePeriodType.yearly, Compare: false)...
👻 INFO 2026-03-04 05:49:39.221210 [caller info not available] [IncomeExpenseReportBloc] Load successful. Period: IncomeExpensePeriodType.monthly, Points: 0, Comparison: false
👻 INFO 2026-03-04 05:49:39.223289 [caller info not available] [IncomeExpenseReportBloc] Closed and cancelled subscription.
07:59 +726 ~1: /app/test/features/reports/presentation/bloc/income_expense_report/income_expense_report_bloc_test.dart: emits [Loading, Loaded] with new period when ChangeIncomeExpensePeriod is added07:59 +726 ~1: /app/test/features/reports/presentation/bloc/income_expense_report/income_expense_report_bloc_test.dart: (tearDownAll)                                                                  07:59 +726 ~1: loading /app/test/features/reports/presentation/bloc/spending_category_report/spending_category_report_bloc_test.dart                                                                   08:00 +726 ~1: loading /app/test/features/reports/presentation/bloc/spending_category_report/spending_category_report_bloc_test.dart                                                                   08:01 +726 ~1: loading /app/test/features/reports/presentation/bloc/spending_category_report/spending_category_report_bloc_test.dart                                                                   08:02 +726 ~1: loading /app/test/features/reports/presentation/bloc/spending_category_report/spending_category_report_bloc_test.dart                                                                   08:03 +726 ~1: loading /app/test/features/reports/presentation/bloc/spending_category_report/spending_category_report_bloc_test.dart                                                                   08:04 +726 ~1: loading /app/test/features/reports/presentation/bloc/spending_category_report/spending_category_report_bloc_test.dart                                                                   08:05 +726 ~1: loading /app/test/features/reports/presentation/bloc/spending_category_report/spending_category_report_bloc_test.dart                                                                   08:05 +726 ~1: /app/test/features/reports/presentation/bloc/spending_category_report/spending_category_report_bloc_test.dart: (setUpAll)                                                               08:05 +726 ~1: /app/test/features/reports/presentation/bloc/spending_category_report/spending_category_report_bloc_test.dart: emits [Loading, Loaded] when initialized and use case succeeds           08:05 +726 ~1: /app/test/features/reports/presentation/bloc/spending_category_report/spending_category_report_bloc_test.dart: emits [Loading, Loaded] when initialized and use case succeeds           
👻 INFO 2026-03-04 05:49:45.160530 [caller info not available] [SpendingCategoryReportBloc] Initialized.
👻 INFO 2026-03-04 05:49:45.204463 [caller info not available] [SpendingCategoryReportBloc] Loading spending by category report (Compare: false)...
👻 INFO 2026-03-04 05:49:45.217544 [caller info not available] [SpendingCategoryReportBloc] Load successful. Total: 100.0, Categories: 0, Comparison: false
👻 INFO 2026-03-04 05:49:45.231735 [caller info not available] [SpendingCategoryReportBloc] Closed and cancelled subscription.
08:05 +727 ~1: /app/test/features/reports/presentation/bloc/spending_category_report/spending_category_report_bloc_test.dart: emits [Loading, Loaded] when initialized and use case succeeds           08:05 +727 ~1: /app/test/features/reports/presentation/bloc/spending_category_report/spending_category_report_bloc_test.dart: emits [Loading, Error] when use case fails                               08:05 +727 ~1: /app/test/features/reports/presentation/bloc/spending_category_report/spending_category_report_bloc_test.dart: emits [Loading, Error] when use case fails                               
👻 INFO 2026-03-04 05:49:45.334464 [caller info not available] [SpendingCategoryReportBloc] Initialized.
👻 INFO 2026-03-04 05:49:45.336785 [caller info not available] [SpendingCategoryReportBloc] Loading spending by category report (Compare: false)...
⚠️ WARNING 2026-03-04 05:49:45.342488 [caller info not available] [SpendingCategoryReportBloc] Load failed: Error
👻 INFO 2026-03-04 05:49:45.344743 [caller info not available] [SpendingCategoryReportBloc] Closed and cancelled subscription.
08:05 +728 ~1: /app/test/features/reports/presentation/bloc/spending_category_report/spending_category_report_bloc_test.dart: emits [Loading, Error] when use case fails                               08:05 +728 ~1: /app/test/features/reports/presentation/bloc/spending_category_report/spending_category_report_bloc_test.dart: ... Loaded] with compare=true when ToggleSpendingComparison is added     08:05 +728 ~1: /app/test/features/reports/presentation/bloc/spending_category_report/spending_category_report_bloc_test.dart: emits [Loading, Loaded] with compare=true when ToggleSpendingComparison is added
👻 INFO 2026-03-04 05:49:45.356525 [caller info not available] [SpendingCategoryReportBloc] Initialized.
👻 INFO 2026-03-04 05:49:45.363282 [caller info not available] [SpendingCategoryReportBloc] Loading spending by category report (Compare: false)...
👻 INFO 2026-03-04 05:49:45.364863 [caller info not available] [SpendingCategoryReportBloc] Load successful. Total: 100.0, Categories: 0, Comparison: false
👻 INFO 2026-03-04 05:49:45.368092 [caller info not available] [SpendingCategoryReportBloc] Comparison toggled. Reloading report.
👻 INFO 2026-03-04 05:49:45.370628 [caller info not available] [SpendingCategoryReportBloc] Loading spending by category report (Compare: true)...
👻 INFO 2026-03-04 05:49:45.384661 [caller info not available] [SpendingCategoryReportBloc] Load successful. Total: 100.0, Categories: 0, Comparison: false
👻 INFO 2026-03-04 05:49:45.386704 [caller info not available] [SpendingCategoryReportBloc] Closed and cancelled subscription.
08:05 +729 ~1: /app/test/features/reports/presentation/bloc/spending_category_report/spending_category_report_bloc_test.dart: ... Loaded] with compare=true when ToggleSpendingComparison is added     08:05 +729 ~1: /app/test/features/reports/presentation/bloc/spending_category_report/spending_category_report_bloc_test.dart: (tearDownAll)                                                            08:06 +729 ~1: /app/test/features/reports/presentation/bloc/spending_category_report/spending_category_report_bloc_test.dart: (tearDownAll)                                                            08:06 +729 ~1: loading /app/test/features/reports/presentation/bloc/spending_time_report/spending_time_report_bloc_test.dart                                                                           08:07 +729 ~1: loading /app/test/features/reports/presentation/bloc/spending_time_report/spending_time_report_bloc_test.dart                                                                           08:08 +729 ~1: loading /app/test/features/reports/presentation/bloc/spending_time_report/spending_time_report_bloc_test.dart                                                                           08:09 +729 ~1: loading /app/test/features/reports/presentation/bloc/spending_time_report/spending_time_report_bloc_test.dart                                                                           08:10 +729 ~1: loading /app/test/features/reports/presentation/bloc/spending_time_report/spending_time_report_bloc_test.dart                                                                           08:11 +729 ~1: loading /app/test/features/reports/presentation/bloc/spending_time_report/spending_time_report_bloc_test.dart                                                                           08:11 +729 ~1: /app/test/features/reports/presentation/bloc/spending_time_report/spending_time_report_bloc_test.dart: (setUpAll)                                                                       08:11 +729 ~1: /app/test/features/reports/presentation/bloc/spending_time_report/spending_time_report_bloc_test.dart: emits [Loading, Loaded] when initialized and use case succeeds                   08:11 +729 ~1: /app/test/features/reports/presentation/bloc/spending_time_report/spending_time_report_bloc_test.dart: emits [Loading, Loaded] when initialized and use case succeeds                   
👻 INFO 2026-03-04 05:49:51.107318 [caller info not available] [SpendingTimeReportBloc] Initialized.
👻 INFO 2026-03-04 05:49:51.131187 [caller info not available] [SpendingTimeReportBloc] Loading spending over time report (Granularity: TimeSeriesGranularity.daily, Compare: false)...
👻 INFO 2026-03-04 05:49:51.136986 [caller info not available] [SpendingTimeReportBloc] Load successful. Granularity: TimeSeriesGranularity.daily, Points: 0, Comparison: false
👻 INFO 2026-03-04 05:49:51.142300 [caller info not available] [SpendingTimeReportBloc] Closed and cancelled subscription.
08:11 +730 ~1: /app/test/features/reports/presentation/bloc/spending_time_report/spending_time_report_bloc_test.dart: emits [Loading, Loaded] when initialized and use case succeeds                   08:11 +730 ~1: /app/test/features/reports/presentation/bloc/spending_time_report/spending_time_report_bloc_test.dart: emits [Loading, Error] when use case fails                                       08:11 +730 ~1: /app/test/features/reports/presentation/bloc/spending_time_report/spending_time_report_bloc_test.dart: emits [Loading, Error] when use case fails                                       
👻 INFO 2026-03-04 05:49:51.172738 [caller info not available] [SpendingTimeReportBloc] Initialized.
👻 INFO 2026-03-04 05:49:51.175059 [caller info not available] [SpendingTimeReportBloc] Loading spending over time report (Granularity: TimeSeriesGranularity.daily, Compare: false)...
⚠️ WARNING 2026-03-04 05:49:51.180598 [caller info not available] [SpendingTimeReportBloc] Load failed: Error
👻 INFO 2026-03-04 05:49:51.183506 [caller info not available] [SpendingTimeReportBloc] Closed and cancelled subscription.
08:11 +731 ~1: /app/test/features/reports/presentation/bloc/spending_time_report/spending_time_report_bloc_test.dart: emits [Loading, Error] when use case fails                                       08:11 +731 ~1: /app/test/features/reports/presentation/bloc/spending_time_report/spending_time_report_bloc_test.dart: emits [Loading, Loaded] with new granularity when ChangeGranularity is added     08:11 +731 ~1: /app/test/features/reports/presentation/bloc/spending_time_report/spending_time_report_bloc_test.dart: emits [Loading, Loaded] with new granularity when ChangeGranularity is added     
👻 INFO 2026-03-04 05:49:51.201411 [caller info not available] [SpendingTimeReportBloc] Initialized.
👻 INFO 2026-03-04 05:49:51.203270 [caller info not available] [SpendingTimeReportBloc] Loading spending over time report (Granularity: TimeSeriesGranularity.daily, Compare: false)...
👻 INFO 2026-03-04 05:49:51.205913 [caller info not available] [SpendingTimeReportBloc] Load successful. Granularity: TimeSeriesGranularity.daily, Points: 0, Comparison: false
👻 INFO 2026-03-04 05:49:51.207899 [caller info not available] [SpendingTimeReportBloc] Granularity changed to TimeSeriesGranularity.weekly. Reloading.
👻 INFO 2026-03-04 05:49:51.210658 [caller info not available] [SpendingTimeReportBloc] Loading spending over time report (Granularity: TimeSeriesGranularity.weekly, Compare: false)...
👻 INFO 2026-03-04 05:49:51.214029 [caller info not available] [SpendingTimeReportBloc] Load successful. Granularity: TimeSeriesGranularity.daily, Points: 0, Comparison: false
👻 INFO 2026-03-04 05:49:51.216116 [caller info not available] [SpendingTimeReportBloc] Closed and cancelled subscription.
08:11 +732 ~1: /app/test/features/reports/presentation/bloc/spending_time_report/spending_time_report_bloc_test.dart: emits [Loading, Loaded] with new granularity when ChangeGranularity is added     08:11 +732 ~1: /app/test/features/reports/presentation/bloc/spending_time_report/spending_time_report_bloc_test.dart: (tearDownAll)                                                                    08:12 +732 ~1: /app/test/features/reports/presentation/bloc/spending_time_report/spending_time_report_bloc_test.dart: (tearDownAll)                                                                    08:13 +732 ~1: /app/test/features/reports/presentation/bloc/spending_time_report/spending_time_report_bloc_test.dart: (tearDownAll)                                                                    08:14 +732 ~1: /app/test/features/reports/presentation/bloc/spending_time_report/spending_time_report_bloc_test.dart: (tearDownAll)                                                                    08:15 +732 ~1: /app/test/features/reports/presentation/bloc/spending_time_report/spending_time_report_bloc_test.dart: (tearDownAll)                                                                    08:16 +732 ~1: /app/test/features/reports/presentation/bloc/spending_time_report/spending_time_report_bloc_test.dart: (tearDownAll)                                                                    08:16 +732 ~1: loading /app/test/features/reports/presentation/bloc/goal_progress_report/goal_progress_report_bloc_test.dart                                                                           08:16 +732 ~1: /app/test/features/reports/presentation/bloc/goal_progress_report/goal_progress_report_bloc_test.dart: (setUpAll)                                                                       08:16 +732 ~1: /app/test/features/reports/presentation/bloc/goal_progress_report/goal_progress_report_bloc_test.dart: emits [Loading, Loaded] when initialized and use case succeeds                   08:16 +732 ~1: /app/test/features/reports/presentation/bloc/goal_progress_report/goal_progress_report_bloc_test.dart: emits [Loading, Loaded] when initialized and use case succeeds                   
👻 INFO 2026-03-04 05:49:55.854844 [caller info not available] [GoalProgressReportBloc] Initialized.
👻 INFO 2026-03-04 05:49:55.868421 [caller info not available] [GoalProgressReportBloc] Loading goal progress report. Comparison: false
👻 INFO 2026-03-04 05:49:55.873153 [caller info not available] [GoalProgressReportBloc] Load successful. Goals: 0
👻 INFO 2026-03-04 05:49:55.877463 [caller info not available] [GoalProgressReportBloc] Closed and cancelled subscription.
08:16 +733 ~1: /app/test/features/reports/presentation/bloc/goal_progress_report/goal_progress_report_bloc_test.dart: emits [Loading, Loaded] when initialized and use case succeeds                   08:16 +733 ~1: /app/test/features/reports/presentation/bloc/goal_progress_report/goal_progress_report_bloc_test.dart: emits [Loading, Error] when use case fails                                       08:16 +733 ~1: /app/test/features/reports/presentation/bloc/goal_progress_report/goal_progress_report_bloc_test.dart: emits [Loading, Error] when use case fails                                       
👻 INFO 2026-03-04 05:49:55.898187 [caller info not available] [GoalProgressReportBloc] Initialized.
👻 INFO 2026-03-04 05:49:55.898883 [caller info not available] [GoalProgressReportBloc] Loading goal progress report. Comparison: false
⚠️ WARNING 2026-03-04 05:49:55.901322 [caller info not available] [GoalProgressReportBloc] Load failed: Error
👻 INFO 2026-03-04 05:49:55.902590 [caller info not available] [GoalProgressReportBloc] Closed and cancelled subscription.
08:16 +734 ~1: /app/test/features/reports/presentation/bloc/goal_progress_report/goal_progress_report_bloc_test.dart: emits [Loading, Error] when use case fails                                       08:16 +734 ~1: /app/test/features/reports/presentation/bloc/goal_progress_report/goal_progress_report_bloc_test.dart: toggles comparison enabled and reloads report                                    08:16 +734 ~1: /app/test/features/reports/presentation/bloc/goal_progress_report/goal_progress_report_bloc_test.dart: toggles comparison enabled and reloads report                                    
👻 INFO 2026-03-04 05:49:55.909941 [caller info not available] [GoalProgressReportBloc] Initialized.
👻 INFO 2026-03-04 05:49:55.910657 [caller info not available] [GoalProgressReportBloc] Loading goal progress report. Comparison: false
👻 INFO 2026-03-04 05:49:55.912505 [caller info not available] [GoalProgressReportBloc] Load successful. Goals: 0
👻 INFO 2026-03-04 05:49:55.913398 [caller info not available] [GoalProgressReportBloc] Comparison toggled to: true
👻 INFO 2026-03-04 05:49:55.917416 [caller info not available] [GoalProgressReportBloc] Loading goal progress report. Comparison: true
👻 INFO 2026-03-04 05:49:55.918951 [caller info not available] [GoalProgressReportBloc] Load successful. Goals: 0
👻 INFO 2026-03-04 05:49:55.919953 [caller info not available] [GoalProgressReportBloc] Closed and cancelled subscription.
08:16 +735 ~1: /app/test/features/reports/presentation/bloc/goal_progress_report/goal_progress_report_bloc_test.dart: toggles comparison enabled and reloads report                                    08:16 +735 ~1: /app/test/features/reports/presentation/bloc/goal_progress_report/goal_progress_report_bloc_test.dart: calls filter changed listener and reloads                                        08:16 +735 ~1: /app/test/features/reports/presentation/bloc/goal_progress_report/goal_progress_report_bloc_test.dart: calls filter changed listener and reloads                                        
👻 INFO 2026-03-04 05:49:55.932785 [caller info not available] [GoalProgressReportBloc] Initialized.
👻 INFO 2026-03-04 05:49:55.947585 [caller info not available] [GoalProgressReportBloc] Loading goal progress report. Comparison: false
👻 INFO 2026-03-04 05:49:55.950248 [caller info not available] [GoalProgressReportBloc] Load successful. Goals: 0
👻 INFO 2026-03-04 05:49:55.958523 [caller info not available] [GoalProgressReportBloc] Filter changed detected, reloading report.
👻 INFO 2026-03-04 05:49:55.959785 [caller info not available] [GoalProgressReportBloc] Loading goal progress report. Comparison: false
👻 INFO 2026-03-04 05:49:55.962453 [caller info not available] [GoalProgressReportBloc] Load successful. Goals: 0
👻 INFO 2026-03-04 05:49:55.964883 [caller info not available] [GoalProgressReportBloc] Closed and cancelled subscription.
08:16 +736 ~1: /app/test/features/reports/presentation/bloc/goal_progress_report/goal_progress_report_bloc_test.dart: calls filter changed listener and reloads                                        08:16 +736 ~1: /app/test/features/reports/presentation/bloc/goal_progress_report/goal_progress_report_bloc_test.dart: (tearDownAll)                                                                    08:17 +736 ~1: /app/test/features/reports/presentation/bloc/goal_progress_report/goal_progress_report_bloc_test.dart: (tearDownAll)                                                                    08:17 +736 ~1: loading /app/test/features/reports/presentation/bloc/budget_performance_report/budget_performance_report_bloc_test.dart                                                                 08:18 +736 ~1: loading /app/test/features/reports/presentation/bloc/budget_performance_report/budget_performance_report_bloc_test.dart                                                                 08:19 +736 ~1: loading /app/test/features/reports/presentation/bloc/budget_performance_report/budget_performance_report_bloc_test.dart                                                                 08:20 +736 ~1: loading /app/test/features/reports/presentation/bloc/budget_performance_report/budget_performance_report_bloc_test.dart                                                                 08:20 +736 ~1: /app/test/features/reports/presentation/bloc/budget_performance_report/budget_performance_report_bloc_test.dart: (setUpAll)                                                             08:20 +736 ~1: /app/test/features/reports/presentation/bloc/budget_performance_report/budget_performance_report_bloc_test.dart: emits [Loading, Loaded] when initialized and use case succeeds         08:20 +736 ~1: /app/test/features/reports/presentation/bloc/budget_performance_report/budget_performance_report_bloc_test.dart: emits [Loading, Loaded] when initialized and use case succeeds         
👻 INFO 2026-03-04 05:50:00.654044 [caller info not available] [BudgetPerformanceReportBloc] Initialized.
👻 INFO 2026-03-04 05:50:00.695101 [caller info not available] [BudgetPerformanceReportBloc] Loading budget performance report (Compare: false)...
👻 INFO 2026-03-04 05:50:00.703635 [caller info not available] [BudgetPerformanceReportBloc] Load successful. Budgets: 0, Comparison data present: true
👻 INFO 2026-03-04 05:50:00.724788 [caller info not available] [BudgetPerformanceReportBloc] Closed and cancelled subscription.
08:20 +737 ~1: /app/test/features/reports/presentation/bloc/budget_performance_report/budget_performance_report_bloc_test.dart: emits [Loading, Loaded] when initialized and use case succeeds         08:20 +737 ~1: /app/test/features/reports/presentation/bloc/budget_performance_report/budget_performance_report_bloc_test.dart: emits [Loading, Error] when use case fails                             08:21 +737 ~1: /app/test/features/reports/presentation/bloc/budget_performance_report/budget_performance_report_bloc_test.dart: emits [Loading, Error] when use case fails                             
👻 INFO 2026-03-04 05:50:00.779629 [caller info not available] [BudgetPerformanceReportBloc] Initialized.
👻 INFO 2026-03-04 05:50:00.783890 [caller info not available] [BudgetPerformanceReportBloc] Loading budget performance report (Compare: false)...
⚠️ WARNING 2026-03-04 05:50:00.789953 [caller info not available] [BudgetPerformanceReportBloc] Load failed: Error
👻 INFO 2026-03-04 05:50:00.791435 [caller info not available] [BudgetPerformanceReportBloc] Closed and cancelled subscription.
08:21 +738 ~1: /app/test/features/reports/presentation/bloc/budget_performance_report/budget_performance_report_bloc_test.dart: emits [Loading, Error] when use case fails                             08:21 +738 ~1: /app/test/features/reports/presentation/bloc/budget_performance_report/budget_performance_report_bloc_test.dart: ... Loaded] with compare=true when ToggleBudgetComparison is added     08:21 +738 ~1: /app/test/features/reports/presentation/bloc/budget_performance_report/budget_performance_report_bloc_test.dart: emits [Loading, Loaded] with compare=true when ToggleBudgetComparison is added
👻 INFO 2026-03-04 05:50:00.808799 [caller info not available] [BudgetPerformanceReportBloc] Initialized.
👻 INFO 2026-03-04 05:50:00.811613 [caller info not available] [BudgetPerformanceReportBloc] Loading budget performance report (Compare: false)...
👻 INFO 2026-03-04 05:50:00.813768 [caller info not available] [BudgetPerformanceReportBloc] Load successful. Budgets: 0, Comparison data present: true
👻 INFO 2026-03-04 05:50:00.816155 [caller info not available] [BudgetPerformanceReportBloc] Comparison toggled. Reloading report.
👻 INFO 2026-03-04 05:50:00.822233 [caller info not available] [BudgetPerformanceReportBloc] Loading budget performance report (Compare: true)...
👻 INFO 2026-03-04 05:50:00.823229 [caller info not available] [BudgetPerformanceReportBloc] Load successful. Budgets: 0, Comparison data present: true
👻 INFO 2026-03-04 05:50:00.824023 [caller info not available] [BudgetPerformanceReportBloc] Closed and cancelled subscription.
08:21 +739 ~1: /app/test/features/reports/presentation/bloc/budget_performance_report/budget_performance_report_bloc_test.dart: ... Loaded] with compare=true when ToggleBudgetComparison is added     08:21 +739 ~1: /app/test/features/reports/presentation/bloc/budget_performance_report/budget_performance_report_bloc_test.dart: (tearDownAll)                                                          08:22 +739 ~1: /app/test/features/reports/presentation/bloc/budget_performance_report/budget_performance_report_bloc_test.dart: (tearDownAll)                                                          08:23 +739 ~1: /app/test/features/reports/presentation/bloc/budget_performance_report/budget_performance_report_bloc_test.dart: (tearDownAll)                                                          08:24 +739 ~1: /app/test/features/reports/presentation/bloc/budget_performance_report/budget_performance_report_bloc_test.dart: (tearDownAll)                                                          08:24 +739 ~1: loading /app/test/features/reports/presentation/bloc/report_filter/report_filter_bloc_test.dart                                                                                         08:24 +739 ~1: /app/test/features/reports/presentation/bloc/report_filter/report_filter_bloc_test.dart: (setUpAll)                                                                                     08:24 +739 ~1: /app/test/features/reports/presentation/bloc/report_filter/report_filter_bloc_test.dart: emits [loading, loaded] when initialized and options load successfully                         08:24 +739 ~1: /app/test/features/reports/presentation/bloc/report_filter/report_filter_bloc_test.dart: emits [loading, loaded] when initialized and options load successfully                         
👻 INFO 2026-03-04 05:50:04.002095 [caller info not available] [ReportFilterBloc] Initialized.
👻 INFO 2026-03-04 05:50:04.041282 [caller info not available] [ReportFilterBloc] Loading filter options...
👻 INFO 2026-03-04 05:50:04.087729 [caller info not available] [ReportFilterBloc] Filter options loaded successfully (Cats: 1, Accs: 1, Budgets: 1, Goals: 1).
08:24 +740 ~1: /app/test/features/reports/presentation/bloc/report_filter/report_filter_bloc_test.dart: emits [loading, loaded] when initialized and options load successfully                         08:24 +740 ~1: /app/test/features/reports/presentation/bloc/report_filter/report_filter_bloc_test.dart: emits [loading, error] when loading options fails                                              08:24 +740 ~1: /app/test/features/reports/presentation/bloc/report_filter/report_filter_bloc_test.dart: emits [loading, error] when loading options fails                                              
👻 INFO 2026-03-04 05:50:04.167735 [caller info not available] [ReportFilterBloc] Initialized.
👻 INFO 2026-03-04 05:50:04.171100 [caller info not available] [ReportFilterBloc] Loading filter options...
⚠️ WARNING 2026-03-04 05:50:04.178099 [caller info not available] [ReportFilterBloc] Error loading filter options: Failed to load categories.
08:24 +741 ~1: /app/test/features/reports/presentation/bloc/report_filter/report_filter_bloc_test.dart: emits [loading, error] when loading options fails                                              08:24 +741 ~1: /app/test/features/reports/presentation/bloc/report_filter/report_filter_bloc_test.dart: UpdateReportFilters updates filters correctly                                                  08:24 +741 ~1: /app/test/features/reports/presentation/bloc/report_filter/report_filter_bloc_test.dart: UpdateReportFilters updates filters correctly                                                  
👻 INFO 2026-03-04 05:50:04.205691 [caller info not available] [ReportFilterBloc] Initialized.
👻 INFO 2026-03-04 05:50:04.208553 [caller info not available] [ReportFilterBloc] Loading filter options...
👻 INFO 2026-03-04 05:50:04.215463 [caller info not available] [ReportFilterBloc] Filter options loaded successfully (Cats: 0, Accs: 0, Budgets: 0, Goals: 0).
👻 INFO 2026-03-04 05:50:04.222413 [caller info not available] [ReportFilterBloc] Updating filters.
08:24 +742 ~1: /app/test/features/reports/presentation/bloc/report_filter/report_filter_bloc_test.dart: UpdateReportFilters updates filters correctly                                                  08:24 +742 ~1: /app/test/features/reports/presentation/bloc/report_filter/report_filter_bloc_test.dart: (tearDownAll)                                                                                  08:24 +742 ~1: loading /app/test/features/reports/presentation/widgets/report_page_wrapper_test.dart                                                                                                   08:25 +742 ~1: loading /app/test/features/reports/presentation/widgets/report_page_wrapper_test.dart                                                                                                   08:26 +742 ~1: loading /app/test/features/reports/presentation/widgets/report_page_wrapper_test.dart                                                                                                   08:27 +742 ~1: loading /app/test/features/reports/presentation/widgets/report_page_wrapper_test.dart                                                                                                   08:27 +742 ~1: /app/test/features/reports/presentation/widgets/report_page_wrapper_test.dart: ReportPageWrapper renders correctly with title and child                                                 08:28 +742 ~1: /app/test/features/reports/presentation/widgets/report_page_wrapper_test.dart: ReportPageWrapper renders correctly with title and child                                                 08:29 +742 ~1: /app/test/features/reports/presentation/widgets/report_page_wrapper_test.dart: ReportPageWrapper renders correctly with title and child                                                 08:29 +743 ~1: /app/test/features/reports/presentation/widgets/report_page_wrapper_test.dart: ReportPageWrapper renders correctly with title and child                                                 08:30 +743 ~1: /app/test/features/reports/presentation/widgets/report_page_wrapper_test.dart: ReportPageWrapper renders correctly with title and child                                                 08:30 +743 ~1: loading /app/test/features/reports/presentation/widgets/report_filter_controls_test.dart                                                                                                08:30 +743 ~1: /app/test/features/reports/presentation/widgets/report_filter_controls_test.dart: (setUpAll)                                                                                            08:30 +743 ~1: /app/test/features/reports/presentation/widgets/report_filter_controls_test.dart: renders ReportFilterControls                                                                          08:31 +743 ~1: /app/test/features/reports/presentation/widgets/report_filter_controls_test.dart: renders ReportFilterControls                                                                          08:32 +743 ~1: /app/test/features/reports/presentation/widgets/report_filter_controls_test.dart: renders ReportFilterControls                                                                          08:32 +744 ~1: /app/test/features/reports/presentation/widgets/report_filter_controls_test.dart: renders ReportFilterControls                                                                          08:32 +744 ~1: /app/test/features/reports/presentation/widgets/report_filter_controls_test.dart: (tearDownAll)                                                                                         08:33 +744 ~1: /app/test/features/reports/presentation/widgets/report_filter_controls_test.dart: (tearDownAll)                                                                                         08:34 +744 ~1: /app/test/features/reports/presentation/widgets/report_filter_controls_test.dart: (tearDownAll)                                                                                         08:34 +744 ~1: loading /app/test/features/reports/presentation/widgets/charts/chart_utils_test.dart                                                                                                    08:34 +744 ~1: /app/test/features/reports/presentation/widgets/charts/chart_utils_test.dart: ChartUtils.tooltipTitleStyle returns text style                                                           08:34 +745 ~1: /app/test/features/reports/presentation/widgets/charts/chart_utils_test.dart: ChartUtils.tooltipTitleStyle returns text style                                                           08:34 +745 ~1: /app/test/features/reports/presentation/widgets/charts/chart_utils_test.dart: ChartUtils.sparklineChartData returns valid LineChartData                                                 08:34 +746 ~1: /app/test/features/reports/presentation/widgets/charts/chart_utils_test.dart: ChartUtils.sparklineChartData returns valid LineChartData                                                 08:35 +746 ~1: /app/test/features/reports/presentation/widgets/charts/chart_utils_test.dart: ChartUtils.sparklineChartData returns valid LineChartData                                                 08:35 +746 ~1: loading /app/test/features/reports/presentation/widgets/charts/goal_contribution_chart_test.dart                                                                                        08:36 +746 ~1: loading /app/test/features/reports/presentation/widgets/charts/goal_contribution_chart_test.dart                                                                                        08:37 +746 ~1: loading /app/test/features/reports/presentation/widgets/charts/goal_contribution_chart_test.dart                                                                                        08:38 +746 ~1: loading /app/test/features/reports/presentation/widgets/charts/goal_contribution_chart_test.dart                                                                                        08:38 +746 ~1: /app/test/features/reports/presentation/widgets/charts/goal_contribution_chart_test.dart: GoalContributionChart renders LineChart                                                       08:39 +746 ~1: /app/test/features/reports/presentation/widgets/charts/goal_contribution_chart_test.dart: GoalContributionChart renders LineChart                                                       08:40 +746 ~1: /app/test/features/reports/presentation/widgets/charts/goal_contribution_chart_test.dart: GoalContributionChart renders LineChart                                                       08:41 +746 ~1: /app/test/features/reports/presentation/widgets/charts/goal_contribution_chart_test.dart: GoalContributionChart renders LineChart                                                       08:41 +747 ~1: /app/test/features/reports/presentation/widgets/charts/budget_performance_bar_chart_test.dart: BudgetPerformanceBarChart renders correctly with data                                    08:42 +747 ~1: /app/test/features/reports/presentation/widgets/charts/budget_performance_bar_chart_test.dart: BudgetPerformanceBarChart renders correctly with data                                    08:42 +748 ~1: /app/test/features/reports/presentation/widgets/charts/budget_performance_bar_chart_test.dart: BudgetPerformanceBarChart renders correctly with data                                    08:42 +748 ~1: /app/test/features/reports/presentation/widgets/charts/budget_performance_bar_chart_test.dart: BudgetPerformanceBarChart renders empty state when no data                               08:42 +749 ~1: /app/test/features/reports/presentation/widgets/charts/budget_performance_bar_chart_test.dart: BudgetPerformanceBarChart renders empty state when no data                               08:43 +749 ~1: /app/test/features/reports/presentation/widgets/charts/budget_performance_bar_chart_test.dart: BudgetPerformanceBarChart renders empty state when no data                               08:43 +749 ~1: loading /app/test/features/reports/presentation/widgets/charts/spending_pie_chart_test.dart                                                                                             08:44 +749 ~1: loading /app/test/features/reports/presentation/widgets/charts/spending_pie_chart_test.dart                                                                                             08:45 +749 ~1: loading /app/test/features/reports/presentation/widgets/charts/spending_pie_chart_test.dart                                                                                             08:46 +749 ~1: loading /app/test/features/reports/presentation/widgets/charts/spending_pie_chart_test.dart                                                                                             08:46 +749 ~1: /app/test/features/reports/presentation/widgets/charts/spending_pie_chart_test.dart: SpendingPieChart renders correctly with data                                                       08:47 +749 ~1: /app/test/features/reports/presentation/widgets/charts/spending_pie_chart_test.dart: SpendingPieChart renders correctly with data                                                       08:47 +750 ~1: /app/test/features/reports/presentation/widgets/charts/spending_pie_chart_test.dart: SpendingPieChart renders correctly with data                                                       08:47 +750 ~1: /app/test/features/reports/presentation/widgets/charts/spending_pie_chart_test.dart: SpendingPieChart renders empty state when no data                                                  08:47 +751 ~1: /app/test/features/reports/presentation/widgets/charts/spending_pie_chart_test.dart: SpendingPieChart renders empty state when no data                                                  08:48 +751 ~1: /app/test/features/reports/presentation/widgets/charts/spending_pie_chart_test.dart: SpendingPieChart renders empty state when no data                                                  08:48 +751 ~1: loading /app/test/features/reports/presentation/widgets/charts/spending_bar_chart_test.dart                                                                                             08:48 +751 ~1: /app/test/features/reports/presentation/widgets/charts/spending_bar_chart_test.dart: SpendingBarChart renders correctly with data                                                       08:49 +751 ~1: /app/test/features/reports/presentation/widgets/charts/spending_bar_chart_test.dart: SpendingBarChart renders correctly with data                                                       08:50 +751 ~1: /app/test/features/reports/presentation/widgets/charts/spending_bar_chart_test.dart: SpendingBarChart renders correctly with data                                                       08:50 +752 ~1: /app/test/features/reports/presentation/widgets/charts/spending_bar_chart_test.dart: SpendingBarChart renders correctly with data                                                       08:50 +752 ~1: /app/test/features/reports/presentation/widgets/charts/spending_bar_chart_test.dart: SpendingBarChart renders empty state when no data                                                  08:50 +753 ~1: /app/test/features/reports/presentation/widgets/charts/spending_bar_chart_test.dart: SpendingBarChart renders empty state when no data                                                  08:51 +753 ~1: /app/test/features/reports/presentation/widgets/charts/spending_bar_chart_test.dart: SpendingBarChart renders empty state when no data                                                  08:52 +753 ~1: /app/test/features/reports/presentation/widgets/charts/spending_bar_chart_test.dart: SpendingBarChart renders empty state when no data                                                  08:53 +753 ~1: /app/test/features/reports/presentation/widgets/charts/spending_bar_chart_test.dart: SpendingBarChart renders empty state when no data                                                  08:53 +753 ~1: loading /app/test/features/reports/presentation/widgets/charts/time_series_line_chart_test.dart                                                                                         08:53 +753 ~1: /app/test/features/reports/presentation/widgets/charts/time_series_line_chart_test.dart: TimeSeriesLineChart renders empty state                                                        08:54 +753 ~1: /app/test/features/reports/presentation/widgets/charts/time_series_line_chart_test.dart: TimeSeriesLineChart renders empty state                                                        08:55 +753 ~1: /app/test/features/reports/presentation/widgets/charts/time_series_line_chart_test.dart: TimeSeriesLineChart renders empty state                                                        08:55 +754 ~1: /app/test/features/reports/presentation/widgets/charts/time_series_line_chart_test.dart: TimeSeriesLineChart renders empty state                                                        08:55 +754 ~1: loading /app/test/features/reports/presentation/widgets/charts/income_expense_bar_chart_test.dart                                                                                       08:55 +754 ~1: /app/test/features/reports/presentation/widgets/charts/income_expense_bar_chart_test.dart: IncomeExpenseBarChart renders correctly with data                                            08:56 +754 ~1: /app/test/features/reports/presentation/widgets/charts/income_expense_bar_chart_test.dart: IncomeExpenseBarChart renders correctly with data                                            08:57 +754 ~1: /app/test/features/reports/presentation/widgets/charts/income_expense_bar_chart_test.dart: IncomeExpenseBarChart renders correctly with data                                            08:58 +754 ~1: /app/test/features/reports/presentation/widgets/charts/income_expense_bar_chart_test.dart: IncomeExpenseBarChart renders correctly with data                                            08:58 +755 ~1: /app/test/features/reports/presentation/widgets/charts/income_expense_bar_chart_test.dart: IncomeExpenseBarChart renders correctly with data                                            08:58 +755 ~1: /app/test/features/reports/presentation/widgets/charts/income_expense_bar_chart_test.dart: IncomeExpenseBarChart renders empty state when no data                                       08:58 +756 ~1: /app/test/features/reports/presentation/widgets/charts/income_expense_bar_chart_test.dart: IncomeExpenseBarChart renders empty state when no data                                       08:59 +756 ~1: /app/test/features/reports/presentation/widgets/charts/income_expense_bar_chart_test.dart: IncomeExpenseBarChart renders empty state when no data                                       09:00 +756 ~1: /app/test/features/reports/presentation/widgets/charts/income_expense_bar_chart_test.dart: IncomeExpenseBarChart renders empty state when no data                                       09:00 +756 ~1: loading /app/test/features/reports/presentation/pages/spending_over_time_page_test.dart                                                                                                 09:00 +756 ~1: /app/test/features/reports/presentation/pages/spending_over_time_page_test.dart: (setUpAll)                                                                                             09:00 +756 ~1: /app/test/features/reports/presentation/pages/spending_over_time_page_test.dart: renders SpendingOverTimePage                                                                           09:01 +756 ~1: /app/test/features/reports/presentation/pages/spending_over_time_page_test.dart: renders SpendingOverTimePage                                                                           09:02 +756 ~1: /app/test/features/reports/presentation/pages/spending_over_time_page_test.dart: renders SpendingOverTimePage                                                                           09:02 +757 ~1: /app/test/features/reports/presentation/pages/spending_over_time_page_test.dart: renders SpendingOverTimePage                                                                           09:02 +757 ~1: /app/test/features/reports/presentation/pages/spending_over_time_page_test.dart: shows loading indicator when loading                                                                   09:02 +758 ~1: /app/test/features/reports/presentation/pages/spending_over_time_page_test.dart: shows loading indicator when loading                                                                   09:02 +758 ~1: /app/test/features/reports/presentation/pages/spending_over_time_page_test.dart: shows error message when error                                                                         09:03 +758 ~1: /app/test/features/reports/presentation/pages/spending_over_time_page_test.dart: shows error message when error                                                                         09:03 +759 ~1: /app/test/features/reports/presentation/pages/spending_over_time_page_test.dart: shows error message when error                                                                         09:03 +759 ~1: /app/test/features/reports/presentation/pages/spending_over_time_page_test.dart: (tearDownAll)                                                                                          09:03 +759 ~1: loading /app/test/features/reports/presentation/pages/goal_progress_page_test.dart                                                                                                      09:03 +759 ~1: /app/test/features/reports/presentation/pages/goal_progress_page_test.dart: (setUpAll)                                                                                                  09:03 +759 ~1: /app/test/features/reports/presentation/pages/goal_progress_page_test.dart: renders loading state                                                                                       09:04 +759 ~1: /app/test/features/reports/presentation/pages/goal_progress_page_test.dart: renders loading state                                                                                       09:05 +759 ~1: /app/test/features/reports/presentation/pages/goal_progress_page_test.dart: renders loading state                                                                                       09:05 +760 ~1: /app/test/features/reports/presentation/pages/goal_progress_page_test.dart: renders loading state                                                                                       09:05 +760 ~1: /app/test/features/reports/presentation/pages/goal_progress_page_test.dart: renders error state                                                                                         09:05 +761 ~1: /app/test/features/reports/presentation/pages/goal_progress_page_test.dart: renders error state                                                                                         09:05 +761 ~1: /app/test/features/reports/presentation/pages/goal_progress_page_test.dart: renders empty state                                                                                         09:05 +762 ~1: /app/test/features/reports/presentation/pages/goal_progress_page_test.dart: renders empty state                                                                                         09:05 +762 ~1: /app/test/features/reports/presentation/pages/goal_progress_page_test.dart: renders report data without pacing info by default                                                          09:06 +762 ~1: /app/test/features/reports/presentation/pages/goal_progress_page_test.dart: renders report data without pacing info by default                                                          09:06 +763 ~1: /app/test/features/reports/presentation/pages/goal_progress_page_test.dart: renders report data without pacing info by default                                                          09:06 +763 ~1: /app/test/features/reports/presentation/pages/goal_progress_page_test.dart: renders report data WITH pacing info when enabled                                                           09:06 +764 ~1: /app/test/features/reports/presentation/pages/goal_progress_page_test.dart: renders report data WITH pacing info when enabled                                                           09:06 +764 ~1: /app/test/features/reports/presentation/pages/goal_progress_page_test.dart: triggers toggle comparison event                                                                            09:07 +764 ~1: /app/test/features/reports/presentation/pages/goal_progress_page_test.dart: triggers toggle comparison event                                                                            09:07 +765 ~1: /app/test/features/reports/presentation/pages/goal_progress_page_test.dart: triggers toggle comparison event                                                                            09:07 +765 ~1: /app/test/features/reports/presentation/pages/goal_progress_page_test.dart: triggers CSV export                                                                                         09:07 +765 ~1: /app/test/features/reports/presentation/pages/goal_progress_page_test.dart: triggers CSV export                                                                                         
👻 INFO 2026-03-04 05:50:47.410621 [caller info not available] [ReportWrapper] CSV Export requested for report: Goal Progress
👻 INFO 2026-03-04 05:50:47.424155 [caller info not available] [ReportWrapper] CSV data generated. Triggering download/save.
09:07 +766 ~1: /app/test/features/reports/presentation/pages/goal_progress_page_test.dart: triggers CSV export                                                                                         09:07 +766 ~1: /app/test/features/reports/presentation/pages/goal_progress_page_test.dart: (tearDownAll)                                                                                               09:08 +766 ~1: /app/test/features/reports/presentation/pages/goal_progress_page_test.dart: (tearDownAll)                                                                                               09:08 +766 ~1: loading /app/test/features/reports/presentation/pages/spending_by_category_page_test.dart                                                                                               09:08 +766 ~1: /app/test/features/reports/presentation/pages/spending_by_category_page_test.dart: (setUpAll)                                                                                           09:08 +766 ~1: /app/test/features/reports/presentation/pages/spending_by_category_page_test.dart: tapping data row plays click sound                                                                   09:09 +766 ~1: /app/test/features/reports/presentation/pages/spending_by_category_page_test.dart: tapping data row plays click sound                                                                   09:10 +766 ~1: /app/test/features/reports/presentation/pages/spending_by_category_page_test.dart: tapping data row plays click sound                                                                   09:11 +766 ~1: /app/test/features/reports/presentation/pages/spending_by_category_page_test.dart: tapping data row plays click sound                                                                   09:11 +766 ~1: /app/test/features/reports/presentation/pages/spending_by_category_page_test.dart: tapping data row plays click sound                                                                   
👻 INFO 2026-03-04 05:50:51.024751 [caller info not available] [SpendingByCategoryPage] Navigating to transactions with filters: {startDate: 2026-03-01T00:00:00.000, endDate: 2026-03-31T23:59:59.000, type: expense, categoryId: 1}
09:11 +767 ~1: /app/test/features/reports/presentation/pages/spending_by_category_page_test.dart: tapping data row plays click sound                                                                   09:11 +767 ~1: /app/test/features/reports/presentation/pages/spending_by_category_page_test.dart: (tearDownAll)                                                                                        09:12 +767 ~1: /app/test/features/reports/presentation/pages/spending_by_category_page_test.dart: (tearDownAll)                                                                                        09:13 +767 ~1: /app/test/features/reports/presentation/pages/spending_by_category_page_test.dart: (tearDownAll)                                                                                        09:13 +767 ~1: loading /app/test/features/reports/presentation/pages/income_vs_expense_page_test.dart                                                                                                  09:13 +767 ~1: /app/test/features/reports/presentation/pages/income_vs_expense_page_test.dart: (setUpAll)                                                                                              09:13 +767 ~1: /app/test/features/reports/presentation/pages/income_vs_expense_page_test.dart: renders IncomeVsExpensePage                                                                             09:14 +767 ~1: /app/test/features/reports/presentation/pages/income_vs_expense_page_test.dart: renders IncomeVsExpensePage                                                                             09:15 +767 ~1: /app/test/features/reports/presentation/pages/income_vs_expense_page_test.dart: renders IncomeVsExpensePage                                                                             09:15 +768 ~1: /app/test/features/reports/presentation/pages/income_vs_expense_page_test.dart: renders IncomeVsExpensePage                                                                             09:15 +768 ~1: /app/test/features/reports/presentation/pages/income_vs_expense_page_test.dart: shows loading indicator when loading                                                                    09:15 +769 ~1: /app/test/features/reports/presentation/pages/income_vs_expense_page_test.dart: shows loading indicator when loading                                                                    09:15 +769 ~1: /app/test/features/reports/presentation/pages/income_vs_expense_page_test.dart: shows error message when error                                                                          09:15 +770 ~1: /app/test/features/reports/presentation/pages/income_vs_expense_page_test.dart: shows error message when error                                                                          09:15 +770 ~1: /app/test/features/reports/presentation/pages/income_vs_expense_page_test.dart: (tearDownAll)                                                                                           09:15 +770 ~1: loading /app/test/features/dashboard/domain/usecases/get_financial_overview_large_test.dart                                                                                             09:15 +770 ~1: /app/test/features/dashboard/domain/usecases/get_financial_overview_large_test.dart: can be instantiated                                                                                09:16 +770 ~1: /app/test/features/dashboard/domain/usecases/get_financial_overview_large_test.dart: can be instantiated                                                                                09:16 +771 ~1: /app/test/features/dashboard/domain/usecases/get_financial_overview_large_test.dart: can be instantiated                                                                                09:17 +771 ~1: /app/test/features/dashboard/domain/usecases/get_financial_overview_large_test.dart: can be instantiated                                                                                09:18 +771 ~1: /app/test/features/dashboard/domain/usecases/get_financial_overview_large_test.dart: can be instantiated                                                                                09:18 +771 ~1: loading /app/test/features/dashboard/domain/usecases/get_financial_overview_test.dart                                                                                                   09:19 +771 ~1: loading /app/test/features/dashboard/domain/usecases/get_financial_overview_test.dart                                                                                                   09:20 +771 ~1: loading /app/test/features/dashboard/domain/usecases/get_financial_overview_test.dart                                                                                                   09:21 +771 ~1: loading /app/test/features/dashboard/domain/usecases/get_financial_overview_test.dart                                                                                                   09:22 +771 ~1: loading /app/test/features/dashboard/domain/usecases/get_financial_overview_test.dart                                                                                                   09:23 +771 ~1: loading /app/test/features/dashboard/domain/usecases/get_financial_overview_test.dart                                                                                                   09:23 +771 ~1: /app/test/features/dashboard/domain/usecases/get_financial_overview_test.dart: (setUpAll)                                                                                               09:23 +771 ~1: /app/test/features/dashboard/domain/usecases/get_financial_overview_test.dart: should get financial overview successfully                                                               09:23 +771 ~1: /app/test/features/dashboard/domain/usecases/get_financial_overview_test.dart: should get financial overview successfully                                                               
👻 INFO 2026-03-04 05:51:03.116832 [caller info not available] Executing GetFinancialOverviewUseCase. Start: 2023-01-01 00:00:00.000, End: 2023-01-31 00:00:00.000
👻 INFO 2026-03-04 05:51:03.217023 [caller info not available] [GetFinancialOverviewUseCase] Successfully created FinancialOverview. Returning Right.
09:23 +772 ~1: /app/test/features/dashboard/domain/usecases/get_financial_overview_test.dart: should get financial overview successfully                                                               09:23 +772 ~1: /app/test/features/dashboard/domain/usecases/get_financial_overview_test.dart: (tearDownAll)                                                                                            09:24 +772 ~1: /app/test/features/dashboard/domain/usecases/get_financial_overview_test.dart: (tearDownAll)                                                                                            09:24 +772 ~1: loading /app/test/features/dashboard/domain/entities/financial_overview_test.dart                                                                                                       09:24 +772 ~1: /app/test/features/dashboard/domain/entities/financial_overview_test.dart: FinancialOverview props should contain all fields                                                            09:24 +773 ~1: /app/test/features/dashboard/domain/entities/financial_overview_test.dart: FinancialOverview props should contain all fields                                                            09:24 +773 ~1: /app/test/features/dashboard/domain/entities/financial_overview_test.dart: FinancialOverview supports value equality                                                                    09:24 +774 ~1: /app/test/features/dashboard/domain/entities/financial_overview_test.dart: FinancialOverview supports value equality                                                                    09:25 +774 ~1: /app/test/features/dashboard/domain/entities/financial_overview_test.dart: FinancialOverview supports value equality                                                                    09:26 +774 ~1: /app/test/features/dashboard/domain/entities/financial_overview_test.dart: FinancialOverview supports value equality                                                                    09:27 +774 ~1: /app/test/features/dashboard/domain/entities/financial_overview_test.dart: FinancialOverview supports value equality                                                                    09:28 +774 ~1: /app/test/features/dashboard/domain/entities/financial_overview_test.dart: FinancialOverview supports value equality                                                                    09:29 +774 ~1: /app/test/features/dashboard/domain/entities/financial_overview_test.dart: FinancialOverview supports value equality                                                                    09:30 +774 ~1: /app/test/features/dashboard/domain/entities/financial_overview_test.dart: FinancialOverview supports value equality                                                                    09:30 +774 ~1: loading /app/test/features/dashboard/presentation/bloc/dashboard_bloc_test.dart                                                                                                         09:31 +774 ~1: loading /app/test/features/dashboard/presentation/bloc/dashboard_bloc_test.dart                                                                                                         09:32 +774 ~1: loading /app/test/features/dashboard/presentation/bloc/dashboard_bloc_test.dart                                                                                                         09:33 +774 ~1: loading /app/test/features/dashboard/presentation/bloc/dashboard_bloc_test.dart                                                                                                         09:33 +774 ~1: /app/test/features/dashboard/presentation/bloc/dashboard_bloc_test.dart: (setUpAll)                                                                                                     09:33 +774 ~1: /app/test/features/dashboard/presentation/bloc/dashboard_bloc_test.dart: emits [Loading, Loaded] when LoadDashboard is added and succeeds                                               09:33 +774 ~1: /app/test/features/dashboard/presentation/bloc/dashboard_bloc_test.dart: emits [Loading, Loaded] when LoadDashboard is added and succeeds                                               
👻 INFO 2026-03-04 05:51:12.939392 [caller info not available] [DashboardBloc] Initialized and subscribed to data changes.
👻 INFO 2026-03-04 05:51:12.953761 [caller info not available] [DashboardBloc] Received LoadDashboard event (forceReload: false). Current state: DashboardInitial
👻 INFO 2026-03-04 05:51:12.955902 [caller info not available] [DashboardBloc] Emitting DashboardLoading (isReloading: false).
👻 INFO 2026-03-04 05:51:12.956476 [caller info not available] [DashboardBloc] Calling GetFinancialOverviewUseCase with params: Start=2026-03-01 00:00:00.000, End=2026-03-31 23:59:59.000
👻 INFO 2026-03-04 05:51:12.963866 [caller info not available] [DashboardBloc] GetFinancialOverviewUseCase returned. isLeft: false
👻 INFO 2026-03-04 05:51:12.964514 [caller info not available] [DashboardBloc] Load successful. Emitting DashboardLoaded.
👻 INFO 2026-03-04 05:51:12.968927 [caller info not available] [DashboardBloc] Canceled data change subscription and closing.
09:33 +775 ~1: /app/test/features/dashboard/presentation/bloc/dashboard_bloc_test.dart: emits [Loading, Loaded] when LoadDashboard is added and succeeds                                               09:33 +775 ~1: /app/test/features/dashboard/presentation/bloc/dashboard_bloc_test.dart: emits [Loading, Error] when LoadDashboard fails                                                                09:33 +775 ~1: /app/test/features/dashboard/presentation/bloc/dashboard_bloc_test.dart: emits [Loading, Error] when LoadDashboard fails                                                                
👻 INFO 2026-03-04 05:51:12.995933 [caller info not available] [DashboardBloc] Initialized and subscribed to data changes.
👻 INFO 2026-03-04 05:51:12.998284 [caller info not available] [DashboardBloc] Received LoadDashboard event (forceReload: false). Current state: DashboardInitial
👻 INFO 2026-03-04 05:51:12.998994 [caller info not available] [DashboardBloc] Emitting DashboardLoading (isReloading: false).
👻 INFO 2026-03-04 05:51:13.001536 [caller info not available] [DashboardBloc] Calling GetFinancialOverviewUseCase with params: Start=2026-03-01 00:00:00.000, End=2026-03-31 23:59:59.000
👻 INFO 2026-03-04 05:51:13.007725 [caller info not available] [DashboardBloc] GetFinancialOverviewUseCase returned. isLeft: true
⚠️ WARNING 2026-03-04 05:51:13.010336 [caller info not available] [DashboardBloc] Load failed: Error. Emitting DashboardError.
👻 INFO 2026-03-04 05:51:13.012774 [caller info not available] [DashboardBloc] Canceled data change subscription and closing.
09:33 +776 ~1: /app/test/features/dashboard/presentation/bloc/dashboard_bloc_test.dart: emits [Loading, Error] when LoadDashboard fails                                                                09:33 +776 ~1: /app/test/features/dashboard/presentation/bloc/dashboard_bloc_test.dart: reloads when relevant DataChangedEvent is received                                                             09:33 +776 ~1: /app/test/features/dashboard/presentation/bloc/dashboard_bloc_test.dart: reloads when relevant DataChangedEvent is received                                                             
👻 INFO 2026-03-04 05:51:13.030988 [caller info not available] [DashboardBloc] Initialized and subscribed to data changes.
👻 INFO 2026-03-04 05:51:13.033541 [caller info not available] [DashboardBloc] Received LoadDashboard event (forceReload: false). Current state: DashboardInitial
👻 INFO 2026-03-04 05:51:13.034985 [caller info not available] [DashboardBloc] Emitting DashboardLoading (isReloading: false).
👻 INFO 2026-03-04 05:51:13.036267 [caller info not available] [DashboardBloc] Calling GetFinancialOverviewUseCase with params: Start=2026-03-01 00:00:00.000, End=2026-03-31 23:59:59.000
👻 INFO 2026-03-04 05:51:13.037744 [caller info not available] [DashboardBloc] GetFinancialOverviewUseCase returned. isLeft: false
👻 INFO 2026-03-04 05:51:13.038091 [caller info not available] [DashboardBloc] Load successful. Emitting DashboardLoaded.
👻 INFO 2026-03-04 05:51:13.041015 [caller info not available] [DashboardBloc] Relevant DataChangedEvent: DataChangedEvent(type: DataChangeType.expense, reason: DataChangeReason.added). Triggering reload.
👻 INFO 2026-03-04 05:51:13.044954 [caller info not available] [DashboardBloc] Handling _DataChanged event.
👻 INFO 2026-03-04 05:51:13.048592 [caller info not available] [DashboardBloc] Received LoadDashboard event (forceReload: true). Current state: DashboardLoaded
👻 INFO 2026-03-04 05:51:13.050490 [caller info not available] [DashboardBloc] Emitting DashboardLoading (isReloading: false).
👻 INFO 2026-03-04 05:51:13.052443 [caller info not available] [DashboardBloc] Calling GetFinancialOverviewUseCase with params: Start=2026-03-01 00:00:00.000, End=2026-03-31 23:59:59.000
👻 INFO 2026-03-04 05:51:13.055049 [caller info not available] [DashboardBloc] GetFinancialOverviewUseCase returned. isLeft: false
👻 INFO 2026-03-04 05:51:13.057099 [caller info not available] [DashboardBloc] Load successful. Emitting DashboardLoaded.
👻 INFO 2026-03-04 05:51:13.060230 [caller info not available] [DashboardBloc] Canceled data change subscription and closing.
09:33 +777 ~1: /app/test/features/dashboard/presentation/bloc/dashboard_bloc_test.dart: reloads when relevant DataChangedEvent is received                                                             09:33 +777 ~1: /app/test/features/dashboard/presentation/bloc/dashboard_bloc_test.dart: resets state when System Reset event is received                                                               09:33 +777 ~1: /app/test/features/dashboard/presentation/bloc/dashboard_bloc_test.dart: resets state when System Reset event is received                                                               
👻 INFO 2026-03-04 05:51:13.074286 [caller info not available] [DashboardBloc] Initialized and subscribed to data changes.
👻 INFO 2026-03-04 05:51:13.075814 [caller info not available] [DashboardBloc] System Reset event received. Adding ResetState.
👻 INFO 2026-03-04 05:51:13.077298 [caller info not available] [DashboardBloc] Resetting state to initial.
👻 INFO 2026-03-04 05:51:13.079201 [caller info not available] [DashboardBloc] Received LoadDashboard event (forceReload: false). Current state: DashboardInitial
👻 INFO 2026-03-04 05:51:13.086050 [caller info not available] [DashboardBloc] Emitting DashboardLoading (isReloading: false).
👻 INFO 2026-03-04 05:51:13.086394 [caller info not available] [DashboardBloc] Calling GetFinancialOverviewUseCase with params: Start=2026-03-01 00:00:00.000, End=2026-03-31 23:59:59.000
👻 INFO 2026-03-04 05:51:13.087164 [caller info not available] [DashboardBloc] GetFinancialOverviewUseCase returned. isLeft: false
👻 INFO 2026-03-04 05:51:13.087416 [caller info not available] [DashboardBloc] Load successful. Emitting DashboardLoaded.
👻 INFO 2026-03-04 05:51:13.087998 [caller info not available] [DashboardBloc] Canceled data change subscription and closing.
09:33 +778 ~1: /app/test/features/dashboard/presentation/bloc/dashboard_bloc_test.dart: resets state when System Reset event is received                                                               09:33 +778 ~1: /app/test/features/dashboard/presentation/bloc/dashboard_bloc_test.dart: (tearDownAll)                                                                                                  09:34 +778 ~1: /app/test/features/dashboard/presentation/bloc/dashboard_bloc_test.dart: (tearDownAll)                                                                                                  09:35 +778 ~1: /app/test/features/dashboard/presentation/bloc/dashboard_bloc_test.dart: (tearDownAll)                                                                                                  09:35 +778 ~1: loading /app/test/features/dashboard/presentation/widgets/recent_transactions_section_test.dart                                                                                         09:35 +778 ~1: /app/test/features/dashboard/presentation/widgets/recent_transactions_section_test.dart: RecentTransactionsSection renders list of transactions                                         09:36 +778 ~1: /app/test/features/dashboard/presentation/widgets/recent_transactions_section_test.dart: RecentTransactionsSection renders list of transactions                                         09:37 +778 ~1: /app/test/features/dashboard/presentation/widgets/recent_transactions_section_test.dart: RecentTransactionsSection renders list of transactions                                         09:37 +779 ~1: /app/test/features/dashboard/presentation/widgets/recent_transactions_section_test.dart: RecentTransactionsSection renders list of transactions                                         09:37 +779 ~1: /app/test/features/dashboard/presentation/widgets/recent_transactions_section_test.dart: RecentTransactionsSection renders loading state                                                09:37 +780 ~1: /app/test/features/dashboard/presentation/widgets/recent_transactions_section_test.dart: RecentTransactionsSection renders loading state                                                09:37 +780 ~1: /app/test/features/dashboard/presentation/widgets/recent_transactions_section_test.dart: RecentTransactionsSection renders empty state                                                  09:37 +781 ~1: /app/test/features/dashboard/presentation/widgets/recent_transactions_section_test.dart: RecentTransactionsSection renders empty state                                                  09:37 +781 ~1: /app/test/features/dashboard/presentation/widgets/recent_transactions_section_test.dart: tapping See All invokes navigation                                                             09:38 +781 ~1: /app/test/features/dashboard/presentation/widgets/recent_transactions_section_test.dart: tapping See All invokes navigation                                                             09:38 +782 ~1: /app/test/features/dashboard/presentation/widgets/recent_transactions_section_test.dart: tapping See All invokes navigation                                                             09:39 +782 ~1: /app/test/features/dashboard/presentation/widgets/recent_transactions_section_test.dart: tapping See All invokes navigation                                                             09:39 +782 ~1: loading /app/test/features/dashboard/presentation/widgets/asset_distribution_section_test.dart                                                                                          09:39 +782 ~1: /app/test/features/dashboard/presentation/widgets/asset_distribution_section_test.dart: AssetDistributionSection renders chart                                                          09:40 +782 ~1: /app/test/features/dashboard/presentation/widgets/asset_distribution_section_test.dart: AssetDistributionSection renders chart                                                          09:40 +782 ~1: /app/test/features/dashboard/presentation/widgets/asset_distribution_section_test.dart: AssetDistributionSection renders chart                                                          
👻 INFO 2026-03-04 05:51:20.024543 [caller info not available] [PieChart] Initialized with 1 accounts.
👻 INFO 2026-03-04 05:51:20.044914 [caller info not available] [PieChart] Build method. TouchedIndex: -1, Mode: UIMode.elemental
👻 INFO 2026-03-04 05:51:20.049112 [caller info not available] [PieChart] Filtered positive balances: 1 accounts.
09:40 +783 ~1: /app/test/features/dashboard/presentation/widgets/asset_distribution_section_test.dart: AssetDistributionSection renders chart                                                          09:41 +783 ~1: /app/test/features/dashboard/presentation/widgets/asset_distribution_section_test.dart: AssetDistributionSection renders chart                                                          09:41 +783 ~1: loading /app/test/features/dashboard/presentation/widgets/stitch/stitch_dashboard_body_test.dart                                                                                        09:42 +783 ~1: loading /app/test/features/dashboard/presentation/widgets/stitch/stitch_dashboard_body_test.dart                                                                                        09:43 +783 ~1: loading /app/test/features/dashboard/presentation/widgets/stitch/stitch_dashboard_body_test.dart                                                                                        09:44 +783 ~1: loading /app/test/features/dashboard/presentation/widgets/stitch/stitch_dashboard_body_test.dart                                                                                        09:44 +783 ~1: /app/test/features/dashboard/presentation/widgets/stitch/stitch_dashboard_body_test.dart: StitchDashboardBody renders                                                                   09:45 +783 ~1: /app/test/features/dashboard/presentation/widgets/stitch/stitch_dashboard_body_test.dart: StitchDashboardBody renders                                                                   09:45 +784 ~1: /app/test/features/dashboard/presentation/widgets/stitch/stitch_dashboard_body_test.dart: StitchDashboardBody renders                                                                   09:46 +784 ~1: /app/test/features/dashboard/presentation/widgets/stitch/stitch_dashboard_body_test.dart: StitchDashboardBody renders                                                                   09:46 +784 ~1: loading /app/test/features/dashboard/presentation/widgets/stitch/stitch_quick_actions_test.dart                                                                                         09:46 +784 ~1: /app/test/features/dashboard/presentation/widgets/stitch/stitch_quick_actions_test.dart: StitchQuickActions renders action buttons                                                      09:47 +784 ~1: /app/test/features/dashboard/presentation/widgets/stitch/stitch_quick_actions_test.dart: StitchQuickActions renders action buttons                                                      09:48 +784 ~1: /app/test/features/dashboard/presentation/widgets/stitch/stitch_quick_actions_test.dart: StitchQuickActions renders action buttons                                                      09:48 +785 ~1: /app/test/features/dashboard/presentation/widgets/stitch/stitch_quick_actions_test.dart: StitchQuickActions renders action buttons                                                      09:49 +785 ~1: /app/test/features/dashboard/presentation/widgets/stitch/stitch_quick_actions_test.dart: StitchQuickActions renders action buttons                                                      09:50 +785 ~1: /app/test/features/dashboard/presentation/widgets/stitch/stitch_quick_actions_test.dart: StitchQuickActions renders action buttons                                                      09:51 +785 ~1: /app/test/features/dashboard/presentation/widgets/stitch/stitch_quick_actions_test.dart: StitchQuickActions renders action buttons                                                      09:51 +785 ~1: loading /app/test/features/dashboard/presentation/widgets/stitch/stitch_goals_list_test.dart                                                                                            09:51 +785 ~1: /app/test/features/dashboard/presentation/widgets/stitch/stitch_goals_list_test.dart: StitchGoalsList renders list of goals                                                             09:52 +785 ~1: /app/test/features/dashboard/presentation/widgets/stitch/stitch_goals_list_test.dart: StitchGoalsList renders list of goals                                                             09:53 +785 ~1: /app/test/features/dashboard/presentation/widgets/stitch/stitch_goals_list_test.dart: StitchGoalsList renders list of goals                                                             09:54 +785 ~1: /app/test/features/dashboard/presentation/widgets/stitch/stitch_goals_list_test.dart: StitchGoalsList renders list of goals                                                             09:54 +786 ~1: /app/test/features/dashboard/presentation/widgets/stitch/stitch_net_balance_card_test.dart: StitchNetBalanceCard renders balance and stats correctly                                    09:54 +787 ~1: /app/test/features/dashboard/presentation/widgets/stitch/stitch_net_balance_card_test.dart: StitchNetBalanceCard renders balance and stats correctly                                    09:55 +787 ~1: /app/test/features/dashboard/presentation/widgets/stitch/stitch_net_balance_card_test.dart: StitchNetBalanceCard renders balance and stats correctly                                    09:56 +787 ~1: /app/test/features/dashboard/presentation/widgets/stitch/stitch_net_balance_card_test.dart: StitchNetBalanceCard renders balance and stats correctly                                    09:56 +788 ~1: /app/test/features/dashboard/presentation/widgets/stitch/stitch_net_balance_card_test.dart: StitchNetBalanceCard renders balance and stats correctly                                    09:56 +788 ~1: loading /app/test/features/dashboard/presentation/widgets/stitch/stitch_header_test.dart                                                                                                09:57 +788 ~1: loading /app/test/features/dashboard/presentation/widgets/stitch/stitch_header_test.dart                                                                                                09:58 +788 ~1: loading /app/test/features/dashboard/presentation/widgets/stitch/stitch_header_test.dart                                                                                                09:59 +788 ~1: loading /app/test/features/dashboard/presentation/widgets/stitch/stitch_header_test.dart                                                                                                09:59 +788 ~1: /app/test/features/dashboard/presentation/widgets/stitch/stitch_header_test.dart: StitchHeader renders welcome text and user name                                                       10:00 +788 ~1: /app/test/features/dashboard/presentation/widgets/stitch/stitch_header_test.dart: StitchHeader renders welcome text and user name                                                       10:01 +788 ~1: /app/test/features/dashboard/presentation/widgets/stitch/stitch_header_test.dart: StitchHeader renders welcome text and user name                                                       10:01 +789 ~1: /app/test/features/dashboard/presentation/widgets/stitch/stitch_header_test.dart: StitchHeader renders welcome text and user name                                                       10:02 +789 ~1: /app/test/features/dashboard/presentation/widgets/stitch/stitch_header_test.dart: StitchHeader renders welcome text and user name                                                       10:02 +789 ~1: loading /app/test/features/dashboard/presentation/widgets/asset_distribution_pie_chart_test.dart                                                                                        10:02 +789 ~1: /app/test/features/dashboard/presentation/widgets/asset_distribution_pie_chart_test.dart: AssetDistributionPieChart renders pie chart                                                   10:03 +789 ~1: /app/test/features/dashboard/presentation/widgets/asset_distribution_pie_chart_test.dart: AssetDistributionPieChart renders pie chart                                                   10:03 +789 ~1: /app/test/features/dashboard/presentation/widgets/asset_distribution_pie_chart_test.dart: AssetDistributionPieChart renders pie chart                                                   
👻 INFO 2026-03-04 05:51:43.123894 [caller info not available] [PieChart] Initialized with 2 accounts.
👻 INFO 2026-03-04 05:51:43.142688 [caller info not available] [PieChart] Build method. TouchedIndex: -1, Mode: UIMode.elemental
👻 INFO 2026-03-04 05:51:43.144408 [caller info not available] [PieChart] Filtered positive balances: 2 accounts.
10:03 +790 ~1: /app/test/features/dashboard/presentation/widgets/asset_distribution_pie_chart_test.dart: AssetDistributionPieChart renders pie chart                                                   10:04 +790 ~1: /app/test/features/dashboard/presentation/widgets/asset_distribution_pie_chart_test.dart: AssetDistributionPieChart renders pie chart                                                   10:04 +790 ~1: loading /app/test/features/dashboard/presentation/widgets/dashboard_header_test.dart                                                                                                    10:05 +790 ~1: loading /app/test/features/dashboard/presentation/widgets/dashboard_header_test.dart                                                                                                    10:06 +790 ~1: loading /app/test/features/dashboard/presentation/widgets/dashboard_header_test.dart                                                                                                    10:07 +790 ~1: loading /app/test/features/dashboard/presentation/widgets/dashboard_header_test.dart                                                                                                    10:07 +790 ~1: /app/test/features/dashboard/presentation/widgets/dashboard_header_test.dart: DashboardHeader renders OverallBalanceCard and IncomeExpenseSummaryCard                                   10:08 +790 ~1: /app/test/features/dashboard/presentation/widgets/dashboard_header_test.dart: DashboardHeader renders OverallBalanceCard and IncomeExpenseSummaryCard                                   10:09 +790 ~1: /app/test/features/dashboard/presentation/widgets/dashboard_header_test.dart: DashboardHeader renders OverallBalanceCard and IncomeExpenseSummaryCard                                   10:09 +791 ~1: /app/test/features/dashboard/presentation/widgets/budget_summary_widget_test.dart: BudgetSummaryWidget Interaction Tests renders empty state when no budgets are present                10:10 +791 ~1: /app/test/features/dashboard/presentation/widgets/budget_summary_widget_test.dart: BudgetSummaryWidget Interaction Tests renders empty state when no budgets are present                10:11 +791 ~1: /app/test/features/dashboard/presentation/widgets/budget_summary_widget_test.dart: BudgetSummaryWidget Interaction Tests renders empty state when no budgets are present                10:11 +792 ~1: /app/test/features/dashboard/presentation/widgets/budget_summary_widget_test.dart: BudgetSummaryWidget Interaction Tests renders empty state when no budgets are present                10:11 +792 ~1: /app/test/features/dashboard/presentation/widgets/budget_summary_widget_test.dart: BudgetSummaryWidget Interaction Tests renders budget cards when budgets are present                  10:11 +793 ~1: /app/test/features/dashboard/presentation/widgets/budget_summary_widget_test.dart: BudgetSummaryWidget Interaction Tests renders budget cards when budgets are present                  10:11 +793 ~1: /app/test/features/dashboard/presentation/widgets/budget_summary_widget_test.dart: BudgetSummaryWidget Interaction Tests shows "View All" button when there are 3 or more budgets       10:11 +794 ~1: /app/test/features/dashboard/presentation/widgets/budget_summary_widget_test.dart: BudgetSummaryWidget Interaction Tests shows "View All" button when there are 3 or more budgets       10:11 +794 ~1: /app/test/features/dashboard/presentation/widgets/budget_summary_widget_test.dart: BudgetSummaryWidget Interaction Tests hides "View All" button when there are fewer than 3 budgets    10:12 +794 ~1: /app/test/features/dashboard/presentation/widgets/budget_summary_widget_test.dart: BudgetSummaryWidget Interaction Tests hides "View All" button when there are fewer than 3 budgets    10:12 +795 ~1: /app/test/features/dashboard/presentation/widgets/budget_summary_widget_test.dart: BudgetSummaryWidget Interaction Tests hides "View All" button when there are fewer than 3 budgets    10:12 +795 ~1: loading /app/test/features/dashboard/presentation/widgets/overall_balance_card_test.dart                                                                                                10:13 +795 ~1: loading /app/test/features/dashboard/presentation/widgets/overall_balance_card_test.dart                                                                                                10:14 +795 ~1: loading /app/test/features/dashboard/presentation/widgets/overall_balance_card_test.dart                                                                                                10:14 +795 ~1: /app/test/features/dashboard/presentation/widgets/overall_balance_card_test.dart: OverallBalanceCard renders balance and net flow correctly                                             10:15 +795 ~1: /app/test/features/dashboard/presentation/widgets/overall_balance_card_test.dart: OverallBalanceCard renders balance and net flow correctly                                             10:16 +795 ~1: /app/test/features/dashboard/presentation/widgets/overall_balance_card_test.dart: OverallBalanceCard renders balance and net flow correctly                                             10:16 +796 ~1: /app/test/features/dashboard/presentation/widgets/overall_balance_card_test.dart: OverallBalanceCard renders balance and net flow correctly                                             10:16 +796 ~1: /app/test/features/dashboard/presentation/widgets/overall_balance_card_test.dart: OverallBalanceCard shows primary color for positive or zero balance                                   10:16 +797 ~1: /app/test/features/dashboard/presentation/widgets/overall_balance_card_test.dart: OverallBalanceCard shows primary color for positive or zero balance                                   10:16 +797 ~1: /app/test/features/dashboard/presentation/widgets/overall_balance_card_test.dart: OverallBalanceCard shows error color for negative balance                                             10:16 +798 ~1: /app/test/features/dashboard/presentation/widgets/overall_balance_card_test.dart: OverallBalanceCard shows error color for negative balance                                             10:17 +798 ~1: /app/test/features/dashboard/presentation/widgets/overall_balance_card_test.dart: OverallBalanceCard shows error color for negative balance                                             10:18 +798 ~1: /app/test/features/dashboard/presentation/widgets/overall_balance_card_test.dart: OverallBalanceCard shows error color for negative balance                                             10:18 +798 ~1: loading /app/test/features/dashboard/presentation/widgets/goal_summary_widget_test.dart                                                                                                 10:18 +798 ~1: /app/test/features/dashboard/presentation/widgets/goal_summary_widget_test.dart: GoalSummaryWidget renders empty state when goals list is empty                                         10:19 +798 ~1: /app/test/features/dashboard/presentation/widgets/goal_summary_widget_test.dart: GoalSummaryWidget renders empty state when goals list is empty                                         10:19 +799 ~1: /app/test/features/dashboard/presentation/widgets/goal_summary_widget_test.dart: GoalSummaryWidget renders empty state when goals list is empty                                         10:19 +799 ~1: /app/test/features/dashboard/presentation/widgets/goal_summary_widget_test.dart: GoalSummaryWidget renders list of goals and indicators                                                 10:20 +799 ~1: /app/test/features/dashboard/presentation/widgets/goal_summary_widget_test.dart: GoalSummaryWidget renders list of goals and indicators                                                 10:20 +800 ~1: /app/test/features/dashboard/presentation/widgets/goal_summary_widget_test.dart: GoalSummaryWidget renders list of goals and indicators                                                 10:20 +800 ~1: /app/test/features/dashboard/presentation/widgets/goal_summary_widget_test.dart: tapping Create Goal navigates                                                                          10:20 +801 ~1: /app/test/features/dashboard/presentation/widgets/goal_summary_widget_test.dart: tapping Create Goal navigates                                                                          10:21 +801 ~1: /app/test/features/dashboard/presentation/widgets/goal_summary_widget_test.dart: tapping Create Goal navigates                                                                          10:21 +801 ~1: loading /app/test/features/dashboard/presentation/widgets/income_expense_summary_card_test.dart                                                                                         10:21 +801 ~1: /app/test/features/dashboard/presentation/widgets/income_expense_summary_card_test.dart: IncomeExpenseSummaryCard renders formatted income and expense amounts                          10:22 +801 ~1: /app/test/features/dashboard/presentation/widgets/income_expense_summary_card_test.dart: IncomeExpenseSummaryCard renders formatted income and expense amounts                          10:23 +801 ~1: /app/test/features/dashboard/presentation/widgets/income_expense_summary_card_test.dart: IncomeExpenseSummaryCard renders formatted income and expense amounts                          10:24 +801 ~1: /app/test/features/dashboard/presentation/widgets/income_expense_summary_card_test.dart: IncomeExpenseSummaryCard renders formatted income and expense amounts                          10:24 +802 ~1: /app/test/features/dashboard/presentation/widgets/income_expense_summary_card_test.dart: IncomeExpenseSummaryCard renders formatted income and expense amounts                          10:24 +802 ~1: /app/test/features/dashboard/presentation/widgets/income_expense_summary_card_test.dart: IncomeExpenseSummaryCard renders correct colors and icons for income and expenses              10:24 +803 ~1: /app/test/features/dashboard/presentation/widgets/income_expense_summary_card_test.dart: IncomeExpenseSummaryCard renders correct colors and icons for income and expenses              10:25 +803 ~1: /app/test/features/dashboard/presentation/widgets/income_expense_summary_card_test.dart: IncomeExpenseSummaryCard renders correct colors and icons for income and expenses              10:26 +803 ~1: /app/test/features/dashboard/presentation/widgets/income_expense_summary_card_test.dart: IncomeExpenseSummaryCard renders correct colors and icons for income and expenses              10:26 +803 ~1: loading /app/test/features/dashboard/presentation/pages/dashboard_page_test.dart                                                                                                        10:26 +803 ~1: /app/test/features/dashboard/presentation/pages/dashboard_page_test.dart: Refresh indicator triggers LoadDashboard and completes                                                        10:27 +803 ~1: /app/test/features/dashboard/presentation/pages/dashboard_page_test.dart: Refresh indicator triggers LoadDashboard and completes                                                        10:27 +803 ~1: /app/test/features/dashboard/presentation/pages/dashboard_page_test.dart: Refresh indicator triggers LoadDashboard and completes                                                        
👻 INFO 2026-03-04 05:52:07.442594 [caller info not available] [DashboardPage] initState called.
👻 INFO 2026-03-04 05:52:07.456185 [caller info not available] [DashboardPage] Build method called.
👻 INFO 2026-03-04 05:52:07.749231 [caller info not available] [PieChart] Initialized with 0 accounts.
👻 INFO 2026-03-04 05:52:07.751504 [caller info not available] [PieChart] Build method. TouchedIndex: -1, Mode: UIMode.elemental
👻 INFO 2026-03-04 05:52:07.752415 [caller info not available] [PieChart] Filtered positive balances: 0 accounts.
👻 INFO 2026-03-04 05:52:07.752801 [caller info not available] [PieChart] No positive balances to display.
👻 INFO 2026-03-04 05:52:07.953697 [caller info not available] [PieChart] Account keys changed, regenerating color cache.
👻 INFO 2026-03-04 05:52:07.954594 [caller info not available] [PieChart] Build method. TouchedIndex: -1, Mode: UIMode.elemental
👻 INFO 2026-03-04 05:52:07.955044 [caller info not available] [PieChart] Filtered positive balances: 0 accounts.
👻 INFO 2026-03-04 05:52:07.955387 [caller info not available] [PieChart] No positive balances to display.
👻 INFO 2026-03-04 05:52:08.206142 [caller info not available] [DashboardPage] Pull-to-refresh triggered.
⚠️ WARNING 2026-03-04 05:52:08.226464 [caller info not available] [DashboardPage] Error or timeout waiting for refresh stream: Bad state: No element
10:28 +804 ~1: /app/test/features/dashboard/presentation/pages/dashboard_page_test.dart: Refresh indicator triggers LoadDashboard and completes                                                        10:29 +804 ~1: /app/test/features/dashboard/presentation/pages/dashboard_page_test.dart: Refresh indicator triggers LoadDashboard and completes                                                        10:29 +804 ~1: loading /app/test/features/group_expenses/data/datasources/group_expenses_remote_data_source_test.dart                                                                                  10:29 +804 ~1: /app/test/features/group_expenses/data/datasources/group_expenses_remote_data_source_test.dart: createExpense should insert expense, payers, and splits                                 10:30 +804 ~1: /app/test/features/group_expenses/data/datasources/group_expenses_remote_data_source_test.dart: createExpense should insert expense, payers, and splits                                 10:30 +805 ~1: /app/test/features/group_expenses/data/datasources/group_expenses_remote_data_source_test.dart: createExpense should insert expense, payers, and splits                                 10:30 +805 ~1: /app/test/features/group_expenses/data/datasources/group_expenses_remote_data_source_test.dart: getExpenses should return list of expenses with payers and splits mapped correctly      10:30 +806 ~1: /app/test/features/group_expenses/data/datasources/group_expenses_remote_data_source_test.dart: getExpenses should return list of expenses with payers and splits mapped correctly      10:31 +806 ~1: /app/test/features/group_expenses/data/datasources/group_expenses_remote_data_source_test.dart: getExpenses should return list of expenses with payers and splits mapped correctly      10:31 +806 ~1: loading /app/test/features/group_expenses/data/datasources/group_expenses_local_data_source_test.dart                                                                                   10:32 +806 ~1: loading /app/test/features/group_expenses/data/datasources/group_expenses_local_data_source_test.dart                                                                                   10:33 +806 ~1: loading /app/test/features/group_expenses/data/datasources/group_expenses_local_data_source_test.dart                                                                                   10:34 +806 ~1: loading /app/test/features/group_expenses/data/datasources/group_expenses_local_data_source_test.dart                                                                                   10:34 +806 ~1: /app/test/features/group_expenses/data/datasources/group_expenses_local_data_source_test.dart: (setUpAll)                                                                               10:34 +806 ~1: /app/test/features/group_expenses/data/datasources/group_expenses_local_data_source_test.dart: saveExpense should call box.put                                                          10:34 +807 ~1: /app/test/features/group_expenses/data/datasources/group_expenses_local_data_source_test.dart: saveExpense should call box.put                                                          10:34 +807 ~1: /app/test/features/group_expenses/data/datasources/group_expenses_local_data_source_test.dart: saveExpenses should call box.putAll                                                      10:34 +808 ~1: /app/test/features/group_expenses/data/datasources/group_expenses_local_data_source_test.dart: saveExpenses should call box.putAll                                                      10:34 +808 ~1: /app/test/features/group_expenses/data/datasources/group_expenses_local_data_source_test.dart: getExpenses should return expenses for the given groupId                                 10:34 +809 ~1: /app/test/features/group_expenses/data/datasources/group_expenses_local_data_source_test.dart: getExpenses should return expenses for the given groupId                                 10:34 +809 ~1: /app/test/features/group_expenses/data/datasources/group_expenses_local_data_source_test.dart: (tearDownAll)                                                                            10:35 +809 ~1: /app/test/features/group_expenses/data/datasources/group_expenses_local_data_source_test.dart: (tearDownAll)                                                                            10:36 +809 ~1: /app/test/features/group_expenses/data/datasources/group_expenses_local_data_source_test.dart: (tearDownAll)                                                                            10:36 +809 ~1: loading /app/test/features/group_expenses/data/models/group_expense_model_test.dart                                                                                                     10:36 +809 ~1: /app/test/features/group_expenses/data/models/group_expense_model_test.dart: GroupExpenseModel toEntity should return a valid entity                                                    10:36 +810 ~1: /app/test/features/group_expenses/data/models/group_expense_model_test.dart: GroupExpenseModel toEntity should return a valid entity                                                    10:36 +810 ~1: /app/test/features/group_expenses/data/models/group_expense_model_test.dart: GroupExpenseModel fromEntity should return a valid model                                                   10:36 +811 ~1: /app/test/features/group_expenses/data/models/group_expense_model_test.dart: GroupExpenseModel fromEntity should return a valid model                                                   10:36 +811 ~1: /app/test/features/group_expenses/data/models/group_expense_model_test.dart: GroupExpenseModel fromJson should return a valid model                                                     10:36 +812 ~1: /app/test/features/group_expenses/data/models/group_expense_model_test.dart: GroupExpenseModel fromJson should return a valid model                                                     10:36 +812 ~1: /app/test/features/group_expenses/data/models/group_expense_model_test.dart: GroupExpenseModel toJson should return a JSON map containing the proper data                               10:36 +813 ~1: /app/test/features/group_expenses/data/models/group_expense_model_test.dart: GroupExpenseModel toJson should return a JSON map containing the proper data                               10:36 +813 ~1: loading /app/test/features/group_expenses/data/repositories/group_expenses_repository_impl_test.dart                                                                                    10:37 +813 ~1: loading /app/test/features/group_expenses/data/repositories/group_expenses_repository_impl_test.dart                                                                                    10:38 +813 ~1: loading /app/test/features/group_expenses/data/repositories/group_expenses_repository_impl_test.dart                                                                                    10:39 +813 ~1: loading /app/test/features/group_expenses/data/repositories/group_expenses_repository_impl_test.dart                                                                                    10:39 +813 ~1: /app/test/features/group_expenses/data/repositories/group_expenses_repository_impl_test.dart: (setUpAll)                                                                                10:39 +813 ~1: /app/test/features/group_expenses/data/repositories/group_expenses_repository_impl_test.dart: addExpense should save expense locally, add to outbox, and trigger sync if online         10:39 +814 ~1: /app/test/features/group_expenses/data/repositories/group_expenses_repository_impl_test.dart: addExpense should save expense locally, add to outbox, and trigger sync if online         10:39 +814 ~1: /app/test/features/group_expenses/data/repositories/group_expenses_repository_impl_test.dart: addExpense should NOT trigger sync if offline                                             10:39 +815 ~1: /app/test/features/group_expenses/data/repositories/group_expenses_repository_impl_test.dart: addExpense should NOT trigger sync if offline                                             10:39 +815 ~1: /app/test/features/group_expenses/data/repositories/group_expenses_repository_impl_test.dart: getExpenses should return expenses from local data source                                 10:39 +816 ~1: /app/test/features/group_expenses/data/repositories/group_expenses_repository_impl_test.dart: getExpenses should return expenses from local data source                                 10:39 +816 ~1: /app/test/features/group_expenses/data/repositories/group_expenses_repository_impl_test.dart: syncExpenses should fetch remote expenses and save locally when online                    10:39 +817 ~1: /app/test/features/group_expenses/data/repositories/group_expenses_repository_impl_test.dart: syncExpenses should fetch remote expenses and save locally when online                    10:39 +817 ~1: /app/test/features/group_expenses/data/repositories/group_expenses_repository_impl_test.dart: syncExpenses should do nothing when offline                                               10:39 +818 ~1: /app/test/features/group_expenses/data/repositories/group_expenses_repository_impl_test.dart: syncExpenses should do nothing when offline                                               10:39 +818 ~1: /app/test/features/group_expenses/data/repositories/group_expenses_repository_impl_test.dart: (tearDownAll)                                                                             10:40 +818 ~1: /app/test/features/group_expenses/data/repositories/group_expenses_repository_impl_test.dart: (tearDownAll)                                                                             10:41 +818 ~1: /app/test/features/group_expenses/data/repositories/group_expenses_repository_impl_test.dart: (tearDownAll)                                                                             10:42 +818 ~1: /app/test/features/group_expenses/data/repositories/group_expenses_repository_impl_test.dart: (tearDownAll)                                                                             10:42 +818 ~1: loading /app/test/features/group_expenses/domain/entities/group_expense_test.dart                                                                                                       10:42 +818 ~1: /app/test/features/group_expenses/domain/entities/group_expense_test.dart: GroupExpense supports value equality                                                                         10:42 +819 ~1: /app/test/features/group_expenses/domain/entities/group_expense_test.dart: GroupExpense supports value equality                                                                         10:42 +819 ~1: loading /app/test/features/group_expenses/presentation/bloc/group_expenses_bloc_test.dart                                                                                               10:43 +819 ~1: loading /app/test/features/group_expenses/presentation/bloc/group_expenses_bloc_test.dart                                                                                               10:44 +819 ~1: loading /app/test/features/group_expenses/presentation/bloc/group_expenses_bloc_test.dart                                                                                               10:44 +819 ~1: /app/test/features/group_expenses/presentation/bloc/group_expenses_bloc_test.dart: (setUpAll)                                                                                           10:44 +819 ~1: /app/test/features/group_expenses/presentation/bloc/group_expenses_bloc_test.dart: GroupExpensesBloc initial state is GroupExpensesInitial                                              10:44 +820 ~1: /app/test/features/group_expenses/presentation/bloc/group_expenses_bloc_test.dart: GroupExpensesBloc initial state is GroupExpensesInitial                                              10:44 +820 ~1: /app/test/features/group_expenses/presentation/bloc/group_expenses_bloc_test.dart: GroupExpensesBloc emits [Loading, Loaded] when LoadGroupExpenses is added                            10:44 +821 ~1: /app/test/features/group_expenses/presentation/bloc/group_expenses_bloc_test.dart: GroupExpensesBloc emits [Loading, Loaded] when LoadGroupExpenses is added                            10:44 +821 ~1: /app/test/features/group_expenses/presentation/bloc/group_expenses_bloc_test.dart: GroupExpensesBloc emits [Loading, Error] when LoadGroupExpenses fails                                10:44 +822 ~1: /app/test/features/group_expenses/presentation/bloc/group_expenses_bloc_test.dart: GroupExpensesBloc emits [Loading, Error] when LoadGroupExpenses fails                                10:44 +822 ~1: /app/test/features/group_expenses/presentation/bloc/group_expenses_bloc_test.dart: GroupExpensesBloc emits [GroupExpensesError] when AddGroupExpenseRequested fails                     10:45 +822 ~1: /app/test/features/group_expenses/presentation/bloc/group_expenses_bloc_test.dart: GroupExpensesBloc emits [GroupExpensesError] when AddGroupExpenseRequested fails                     10:45 +823 ~1: /app/test/features/group_expenses/presentation/bloc/group_expenses_bloc_test.dart: GroupExpensesBloc emits [GroupExpensesError] when AddGroupExpenseRequested fails                     10:45 +823 ~1: /app/test/features/group_expenses/presentation/bloc/group_expenses_bloc_test.dart: (tearDownAll)                                                                                        10:45 +823 ~1: loading /app/test/features/group_expenses/presentation/pages/add_group_expense_page_test.dart                                                                                           10:46 +823 ~1: loading /app/test/features/group_expenses/presentation/pages/add_group_expense_page_test.dart                                                                                           10:47 +823 ~1: loading /app/test/features/group_expenses/presentation/pages/add_group_expense_page_test.dart                                                                                           10:48 +823 ~1: loading /app/test/features/group_expenses/presentation/pages/add_group_expense_page_test.dart                                                                                           10:48 +823 ~1: /app/test/features/group_expenses/presentation/pages/add_group_expense_page_test.dart: (setUpAll)                                                                                       10:48 +823 ~1: /app/test/features/group_expenses/presentation/pages/add_group_expense_page_test.dart: AddGroupExpensePage renders form fields                                                          10:49 +823 ~1: /app/test/features/group_expenses/presentation/pages/add_group_expense_page_test.dart: AddGroupExpensePage renders form fields                                                          10:50 +823 ~1: /app/test/features/group_expenses/presentation/pages/add_group_expense_page_test.dart: AddGroupExpensePage renders form fields                                                          10:50 +823 ~1: /app/test/features/budgets/data/datasources/budget_local_data_source_test.dart: getBudgets should return list of BudgetModel from Hive                                                  
👻 INFO 2026-03-04 05:52:30.302164 [caller info not available] [BudgetDS] Retrieved 1 budgets.
10:50 +824 ~1: /app/test/features/group_expenses/presentation/pages/add_group_expense_page_test.dart: AddGroupExpensePage renders form fields                                                          10:50 +824 ~1: /app/test/features/budgets/data/datasources/budget_local_data_source_test.dart: getBudgets should throw CacheFailure when Hive access fails                                             
‼️ SEVERE 2026-03-04 05:52:30.320421 [caller info not available] [BudgetDS] Failed to get budgetsException#0      When.thenThrow.<anonymous closure> (package:mocktail/src/mocktail.dart:249:7)
#1      Mock.noSuchMethod (package:mocktail/src/mocktail.dart:131:37)
#2      MockBox.values (file:///app/test/features/budgets/data/datasources/budget_local_data_source_test.dart:8:7)
#3      HiveBudgetLocalDataSource.getBudgets (package:expense_tracker/features/budgets/data/datasources/budget_local_data_source.dart:61:33)
#4      main.<anonymous closure>.<anonymous closure>.<anonymous closure> (file:///app/test/features/budgets/data/datasources/budget_local_data_source_test.dart:53:31)
#5      Throws.matchAsync (package:matcher/src/expect/throws_matcher.dart:86:23)
#6      _expect (package:matcher/src/expect/expect.dart:109:26)
#7      expect (package:matcher/src/expect/expect.dart:56:3)
#8      expect (package:flutter_test/src/widget_tester.dart:473:18)
#9      main.<anonymous closure>.<anonymous closure> (file:///app/test/features/budgets/data/datasources/budget_local_data_source_test.dart:53:7)
#10     Declarer.test.<anonymous closure>.<anonymous closure> (package:test_api/src/backend/declarer.dart:242:19)
<asynchronous suspension>
#11     Declarer.test.<anonymous closure> (package:test_api/src/backend/declarer.dart:240:7)
<asynchronous suspension>
#12     Invoker._waitForOutstandingCallbacks.<anonymous closure> (package:test_api/src/backend/invoker.dart:282:9)
<asynchronous suspension>

10:50 +825 ~1: /app/test/features/group_expenses/presentation/pages/add_group_expense_page_test.dart: AddGroupExpensePage renders form fields                                                          10:50 +825 ~1: /app/test/features/budgets/data/datasources/budget_local_data_source_test.dart: saveBudget should add/update budget to Hive                                                             
👻 INFO 2026-03-04 05:52:30.348507 [caller info not available] [BudgetDS] Saved/Updated budget 'Monthly Budget' (ID: 1).
10:50 +826 ~1: /app/test/features/group_expenses/presentation/pages/add_group_expense_page_test.dart: AddGroupExpensePage renders form fields                                                          10:50 +826 ~1: /app/test/features/budgets/data/datasources/budget_local_data_source_test.dart: saveBudget should throw CacheFailure when saving fails                                                  
‼️ SEVERE 2026-03-04 05:52:30.359452 [caller info not available] [BudgetDS] Failed to save budget 'Monthly Budget'Exception#0      main.<anonymous closure>.<anonymous closure>.<anonymous closure> (file:///app/test/features/budgets/data/datasources/budget_local_data_source_test.dart:75:33)
#1      Mock.noSuchMethod (package:mocktail/src/mocktail.dart:131:37)
#2      MockBox.put (file:///app/test/features/budgets/data/datasources/budget_local_data_source_test.dart:8:7)
#3      HiveBudgetLocalDataSource.saveBudget (package:expense_tracker/features/budgets/data/datasources/budget_local_data_source.dart:73:23)
#4      main.<anonymous closure>.<anonymous closure>.<anonymous closure> (file:///app/test/features/budgets/data/datasources/budget_local_data_source_test.dart:79:26)
#5      Throws.matchAsync (package:matcher/src/expect/throws_matcher.dart:86:23)
#6      _expect (package:matcher/src/expect/expect.dart:109:26)
#7      expect (package:matcher/src/expect/expect.dart:56:3)
#8      expect (package:flutter_test/src/widget_tester.dart:473:18)
#9      main.<anonymous closure>.<anonymous closure> (file:///app/test/features/budgets/data/datasources/budget_local_data_source_test.dart:78:7)
#10     Declarer.test.<anonymous closure>.<anonymous closure> (package:test_api/src/backend/declarer.dart:242:19)
<asynchronous suspension>
#11     Declarer.test.<anonymous closure> (package:test_api/src/backend/declarer.dart:240:7)
<asynchronous suspension>
#12     Invoker._waitForOutstandingCallbacks.<anonymous closure> (package:test_api/src/backend/invoker.dart:282:9)
<asynchronous suspension>

10:50 +827 ~1: /app/test/features/group_expenses/presentation/pages/add_group_expense_page_test.dart: AddGroupExpensePage renders form fields                                                          10:50 +827 ~1: /app/test/features/budgets/data/datasources/budget_local_data_source_test.dart: deleteBudget should delete budget from Hive                                                             
👻 INFO 2026-03-04 05:52:30.369014 [caller info not available] [BudgetDS] Deleted budget (ID: 1).
10:50 +828 ~1: /app/test/features/group_expenses/presentation/pages/add_group_expense_page_test.dart: AddGroupExpensePage renders form fields                                                          10:50 +828 ~1: /app/test/features/budgets/data/datasources/budget_local_data_source_test.dart: deleteBudget should throw CacheFailure when deletion fails                                              
‼️ SEVERE 2026-03-04 05:52:30.375304 [caller info not available] [BudgetDS] Failed to delete budget (ID: 1)Exception#0      main.<anonymous closure>.<anonymous closure>.<anonymous closure> (file:///app/test/features/budgets/data/datasources/budget_local_data_source_test.dart:101:33)
#1      Mock.noSuchMethod (package:mocktail/src/mocktail.dart:131:37)
#2      MockBox.delete (file:///app/test/features/budgets/data/datasources/budget_local_data_source_test.dart:8:7)
#3      HiveBudgetLocalDataSource.deleteBudget (package:expense_tracker/features/budgets/data/datasources/budget_local_data_source.dart:34:23)
#4      main.<anonymous closure>.<anonymous closure>.<anonymous closure> (file:///app/test/features/budgets/data/datasources/budget_local_data_source_test.dart:104:31)
#5      Throws.matchAsync (package:matcher/src/expect/throws_matcher.dart:86:23)
#6      _expect (package:matcher/src/expect/expect.dart:109:26)
#7      expect (package:matcher/src/expect/expect.dart:56:3)
#8      expect (package:flutter_test/src/widget_tester.dart:473:18)
#9      main.<anonymous closure>.<anonymous closure> (file:///app/test/features/budgets/data/datasources/budget_local_data_source_test.dart:104:7)
#10     Declarer.test.<anonymous closure>.<anonymous closure> (package:test_api/src/backend/declarer.dart:242:19)
<asynchronous suspension>
#11     Declarer.test.<anonymous closure> (package:test_api/src/backend/declarer.dart:240:7)
<asynchronous suspension>
#12     Invoker._waitForOutstandingCallbacks.<anonymous closure> (package:test_api/src/backend/invoker.dart:282:9)
<asynchronous suspension>

10:50 +829 ~1: /app/test/features/group_expenses/presentation/pages/add_group_expense_page_test.dart: AddGroupExpensePage renders form fields                                                          10:50 +830 ~1: /app/test/features/group_expenses/presentation/pages/add_group_expense_page_test.dart: AddGroupExpensePage renders form fields                                                          10:50 +830 ~1: /app/test/features/group_expenses/presentation/pages/add_group_expense_page_test.dart: AddGroupExpensePage adds expense when valid                                                      10:51 +830 ~1: /app/test/features/group_expenses/presentation/pages/add_group_expense_page_test.dart: AddGroupExpensePage adds expense when valid                                                      10:51 +831 ~1: /app/test/features/group_expenses/presentation/pages/add_group_expense_page_test.dart: AddGroupExpensePage adds expense when valid                                                      10:51 +831 ~1: /app/test/features/group_expenses/presentation/pages/add_group_expense_page_test.dart: (tearDownAll)                                                                                    10:52 +831 ~1: /app/test/features/group_expenses/presentation/pages/add_group_expense_page_test.dart: (tearDownAll)                                                                                    10:52 +831 ~1: loading /app/test/features/budgets/data/models/budget_model_test.dart                                                                                                                   10:53 +831 ~1: loading /app/test/features/budgets/data/models/budget_model_test.dart                                                                                                                   10:54 +831 ~1: loading /app/test/features/budgets/data/models/budget_model_test.dart                                                                                                                   10:55 +831 ~1: loading /app/test/features/budgets/data/models/budget_model_test.dart                                                                                                                   10:56 +831 ~1: loading /app/test/features/budgets/data/models/budget_model_test.dart                                                                                                                   10:56 +831 ~1: /app/test/features/budgets/data/models/budget_model_test.dart: BudgetModel should be a subclass of HiveObject                                                                           10:56 +832 ~1: /app/test/features/budgets/data/models/budget_model_test.dart: BudgetModel should be a subclass of HiveObject                                                                           10:56 +832 ~1: /app/test/features/budgets/data/models/budget_model_test.dart: BudgetModel fromEntity should return a valid Model                                                                       10:56 +833 ~1: /app/test/features/budgets/data/models/budget_model_test.dart: BudgetModel fromEntity should return a valid Model                                                                       10:56 +833 ~1: /app/test/features/budgets/data/models/budget_model_test.dart: BudgetModel toEntity should return a valid Entity                                                                        10:56 +834 ~1: /app/test/features/budgets/data/models/budget_model_test.dart: BudgetModel toEntity should return a valid Entity                                                                        10:56 +834 ~1: loading /app/test/features/budgets/data/repositories/budget_repository_impl_test.dart                                                                                                   10:56 +834 ~1: /app/test/features/budgets/data/repositories/budget_repository_impl_test.dart: addBudget should call localDataSource.saveBudget and return Right(Budget)                                10:56 +834 ~1: /app/test/features/budgets/data/repositories/budget_repository_impl_test.dart: addBudget should call localDataSource.saveBudget and return Right(Budget)                                
👻 INFO 2026-03-04 05:52:36.348116 [caller info not available] [BudgetRepo] Adding budget: Food
👻 INFO 2026-03-04 05:52:36.359768 [caller info not available] [BudgetRepo] Retrieved and sorted 0 budgets.
👻 INFO 2026-03-04 05:52:36.370040 [caller info not available] [BudgetRepo] Budget added successfully: 1
10:56 +835 ~1: /app/test/features/budgets/data/repositories/budget_repository_impl_test.dart: addBudget should call localDataSource.saveBudget and return Right(Budget)                                10:56 +835 ~1: /app/test/features/budgets/data/repositories/budget_repository_impl_test.dart: addBudget should return Left(CacheFailure) when save fails                                               10:56 +835 ~1: /app/test/features/budgets/data/repositories/budget_repository_impl_test.dart: addBudget should return Left(CacheFailure) when save fails                                               
👻 INFO 2026-03-04 05:52:36.389370 [caller info not available] [BudgetRepo] Adding budget: Food
👻 INFO 2026-03-04 05:52:36.390658 [caller info not available] [BudgetRepo] Retrieved and sorted 0 budgets.
‼️ SEVERE 2026-03-04 05:52:36.391931 [caller info not available] [BudgetRepo] Error adding budgetException: Error#0      When.thenThrow.<anonymous closure> (package:mocktail/src/mocktail.dart:249:7)
#1      Mock.noSuchMethod (package:mocktail/src/mocktail.dart:131:37)
#2      MockBudgetLocalDataSource.saveBudget (file:///app/test/features/budgets/data/repositories/budget_repository_impl_test.dart:13:7)
#3      BudgetRepositoryImpl.addBudget (package:expense_tracker/features/budgets/data/repositories/budget_repository_impl.dart:57:29)
<asynchronous suspension>
#4      main.<anonymous closure>.<anonymous closure> (file:///app/test/features/budgets/data/repositories/budget_repository_impl_test.dart:78:22)
<asynchronous suspension>
#5      Declarer.test.<anonymous closure>.<anonymous closure> (package:test_api/src/backend/declarer.dart:242:9)
<asynchronous suspension>
#6      Declarer.test.<anonymous closure> (package:test_api/src/backend/declarer.dart:240:7)
<asynchronous suspension>
#7      Invoker._waitForOutstandingCallbacks.<anonymous closure> (package:test_api/src/backend/invoker.dart:282:9)
<asynchronous suspension>

10:56 +836 ~1: /app/test/features/budgets/data/repositories/budget_repository_impl_test.dart: addBudget should return Left(CacheFailure) when save fails                                               10:56 +836 ~1: /app/test/features/budgets/data/repositories/budget_repository_impl_test.dart: getBudgets should return list of budgets from local source                                               10:56 +836 ~1: /app/test/features/budgets/data/repositories/budget_repository_impl_test.dart: getBudgets should return list of budgets from local source                                               
👻 INFO 2026-03-04 05:52:36.414534 [caller info not available] [BudgetRepo] Retrieved and sorted 1 budgets.
10:56 +837 ~1: /app/test/features/budgets/data/repositories/budget_repository_impl_test.dart: getBudgets should return list of budgets from local source                                               10:56 +837 ~1: /app/test/features/budgets/data/repositories/budget_repository_impl_test.dart: calculateAmountSpent should calculate total correctly filtering by category                              10:56 +837 ~1: /app/test/features/budgets/data/repositories/budget_repository_impl_test.dart: calculateAmountSpent should calculate total correctly filtering by category                              
👻 INFO 2026-03-04 05:52:36.432507 [caller info not available] [BudgetRepo] Calculated total spent for 'Food': 100.0
10:56 +838 ~1: /app/test/features/budgets/data/repositories/budget_repository_impl_test.dart: calculateAmountSpent should calculate total correctly filtering by category                              10:57 +838 ~1: /app/test/features/budgets/data/repositories/budget_repository_impl_test.dart: calculateAmountSpent should calculate total correctly filtering by category                              10:58 +838 ~1: /app/test/features/budgets/data/repositories/budget_repository_impl_test.dart: calculateAmountSpent should calculate total correctly filtering by category                              10:59 +838 ~1: /app/test/features/budgets/data/repositories/budget_repository_impl_test.dart: calculateAmountSpent should calculate total correctly filtering by category                              10:59 +838 ~1: loading /app/test/features/budgets/domain/usecases/delete_budget_usecase_test.dart                                                                                                      11:00 +838 ~1: loading /app/test/features/budgets/domain/usecases/delete_budget_usecase_test.dart                                                                                                      11:01 +838 ~1: loading /app/test/features/budgets/domain/usecases/delete_budget_usecase_test.dart                                                                                                      11:02 +838 ~1: loading /app/test/features/budgets/domain/usecases/delete_budget_usecase_test.dart                                                                                                      11:02 +838 ~1: /app/test/features/budgets/domain/usecases/delete_budget_usecase_test.dart: should call repository.deleteBudget                                                                         11:02 +838 ~1: /app/test/features/budgets/domain/usecases/delete_budget_usecase_test.dart: should call repository.deleteBudget                                                                         
👻 INFO 2026-03-04 05:52:42.146862 [caller info not available] [DeleteBudgetUseCase] Deleting budget ID: 1
11:02 +839 ~1: /app/test/features/budgets/domain/usecases/delete_budget_usecase_test.dart: should call repository.deleteBudget                                                                         11:02 +839 ~1: loading /app/test/features/budgets/domain/usecases/add_budget_test.dart                                                                                                                 11:02 +839 ~1: /app/test/features/budgets/domain/usecases/add_budget_test.dart: (setUpAll)                                                                                                             11:02 +839 ~1: /app/test/features/budgets/domain/usecases/add_budget_test.dart: should add budget to repository                                                                                        11:02 +839 ~1: /app/test/features/budgets/domain/usecases/add_budget_test.dart: should add budget to repository                                                                                        
👻 INFO 2026-03-04 05:52:42.663863 [caller info not available] [AddBudgetUseCase] Adding budget: Test Budget
11:02 +840 ~1: /app/test/features/budgets/domain/usecases/add_budget_test.dart: should add budget to repository                                                                                        11:02 +840 ~1: /app/test/features/budgets/domain/usecases/add_budget_test.dart: should return Failure when repository fails                                                                            11:02 +840 ~1: /app/test/features/budgets/domain/usecases/add_budget_test.dart: should return Failure when repository fails                                                                            
👻 INFO 2026-03-04 05:52:42.696173 [caller info not available] [AddBudgetUseCase] Adding budget: Test Budget
11:02 +841 ~1: /app/test/features/budgets/domain/usecases/add_budget_test.dart: should return Failure when repository fails                                                                            11:02 +841 ~1: /app/test/features/budgets/domain/usecases/add_budget_test.dart: (tearDownAll)                                                                                                          11:03 +841 ~1: /app/test/features/budgets/domain/usecases/add_budget_test.dart: (tearDownAll)                                                                                                          11:04 +841 ~1: /app/test/features/budgets/domain/usecases/add_budget_test.dart: (tearDownAll)                                                                                                          11:05 +841 ~1: /app/test/features/budgets/domain/usecases/add_budget_test.dart: (tearDownAll)                                                                                                          11:05 +841 ~1: loading /app/test/features/budgets/domain/usecases/get_budgets_test.dart                                                                                                                11:06 +841 ~1: loading /app/test/features/budgets/domain/usecases/get_budgets_test.dart                                                                                                                11:07 +841 ~1: loading /app/test/features/budgets/domain/usecases/get_budgets_test.dart                                                                                                                11:08 +841 ~1: loading /app/test/features/budgets/domain/usecases/get_budgets_test.dart                                                                                                                11:08 +841 ~1: /app/test/features/budgets/domain/usecases/get_budgets_test.dart: should get budgets from repository                                                                                    11:08 +841 ~1: /app/test/features/budgets/domain/usecases/get_budgets_test.dart: should get budgets from repository                                                                                    
👻 INFO 2026-03-04 05:52:48.129057 [caller info not available] [GetBudgetsUseCase] Fetching budgets.
11:08 +842 ~1: /app/test/features/budgets/domain/usecases/get_budgets_test.dart: should get budgets from repository                                                                                    11:09 +842 ~1: /app/test/features/budgets/domain/usecases/get_budgets_test.dart: should get budgets from repository                                                                                    11:09 +842 ~1: loading /app/test/features/budgets/domain/usecases/add_budget_usecase_test.dart                                                                                                         11:09 +842 ~1: /app/test/features/budgets/domain/usecases/add_budget_usecase_test.dart: should add budget successfully                                                                                 11:09 +842 ~1: /app/test/features/budgets/domain/usecases/add_budget_usecase_test.dart: should add budget successfully                                                                                 
👻 INFO 2026-03-04 05:52:49.609431 [caller info not available] [AddBudgetUseCase] Adding budget: Food
11:09 +843 ~1: /app/test/features/budgets/domain/usecases/add_budget_usecase_test.dart: should add budget successfully                                                                                 11:09 +843 ~1: /app/test/features/budgets/domain/usecases/add_budget_usecase_test.dart: should return failure when validation fails (empty name)                                                       11:09 +843 ~1: /app/test/features/budgets/domain/usecases/add_budget_usecase_test.dart: should return failure when validation fails (empty name)                                                       
👻 INFO 2026-03-04 05:52:49.680091 [caller info not available] [AddBudgetUseCase] Adding budget: 
11:09 +844 ~1: /app/test/features/budgets/domain/usecases/add_budget_usecase_test.dart: should return failure when validation fails (empty name)                                                       11:09 +844 ~1: /app/test/features/budgets/domain/usecases/add_budget_usecase_test.dart: should return failure when target amount is negative                                                           11:09 +844 ~1: /app/test/features/budgets/domain/usecases/add_budget_usecase_test.dart: should return failure when target amount is negative                                                           
👻 INFO 2026-03-04 05:52:49.696610 [caller info not available] [AddBudgetUseCase] Adding budget: Test
11:09 +845 ~1: /app/test/features/budgets/domain/usecases/add_budget_usecase_test.dart: should return failure when target amount is negative                                                           11:09 +845 ~1: /app/test/features/budgets/domain/usecases/add_budget_usecase_test.dart: should return failure when category specific budget has no categories                                          11:09 +845 ~1: /app/test/features/budgets/domain/usecases/add_budget_usecase_test.dart: should return failure when category specific budget has no categories                                          
👻 INFO 2026-03-04 05:52:49.706802 [caller info not available] [AddBudgetUseCase] Adding budget: Test
11:09 +846 ~1: /app/test/features/budgets/domain/usecases/add_budget_usecase_test.dart: should return failure when category specific budget has no categories                                          11:09 +846 ~1: /app/test/features/budgets/domain/usecases/add_budget_usecase_test.dart: should return failure when one-time budget has no dates                                                        11:09 +846 ~1: /app/test/features/budgets/domain/usecases/add_budget_usecase_test.dart: should return failure when one-time budget has no dates                                                        
👻 INFO 2026-03-04 05:52:49.721886 [caller info not available] [AddBudgetUseCase] Adding budget: Test
11:09 +847 ~1: /app/test/features/budgets/domain/usecases/add_budget_usecase_test.dart: should return failure when one-time budget has no dates                                                        11:09 +847 ~1: /app/test/features/budgets/domain/usecases/add_budget_usecase_test.dart: should return failure when end date is before start date                                                       11:09 +847 ~1: /app/test/features/budgets/domain/usecases/add_budget_usecase_test.dart: should return failure when end date is before start date                                                       
👻 INFO 2026-03-04 05:52:49.732842 [caller info not available] [AddBudgetUseCase] Adding budget: Test
11:09 +848 ~1: /app/test/features/budgets/domain/usecases/add_budget_usecase_test.dart: should return failure when end date is before start date                                                       11:10 +848 ~1: /app/test/features/budgets/domain/usecases/add_budget_usecase_test.dart: should return failure when end date is before start date                                                       11:11 +848 ~1: /app/test/features/budgets/domain/usecases/add_budget_usecase_test.dart: should return failure when end date is before start date                                                       11:11 +848 ~1: loading /app/test/features/budgets/domain/usecases/update_budget_test.dart                                                                                                              11:12 +848 ~1: loading /app/test/features/budgets/domain/usecases/update_budget_test.dart                                                                                                              11:13 +848 ~1: loading /app/test/features/budgets/domain/usecases/update_budget_test.dart                                                                                                              11:14 +848 ~1: loading /app/test/features/budgets/domain/usecases/update_budget_test.dart                                                                                                              11:14 +848 ~1: /app/test/features/budgets/domain/usecases/update_budget_test.dart: (setUpAll)                                                                                                          11:14 +848 ~1: /app/test/features/budgets/domain/usecases/update_budget_test.dart: should update budget in repository                                                                                  11:14 +848 ~1: /app/test/features/budgets/domain/usecases/update_budget_test.dart: should update budget in repository                                                                                  
👻 INFO 2026-03-04 05:52:54.551372 [caller info not available] [UpdateBudgetUseCase] Updating budget: Updated Budget (ID: 1)
11:14 +849 ~1: /app/test/features/budgets/domain/usecases/update_budget_test.dart: should update budget in repository                                                                                  11:14 +849 ~1: /app/test/features/budgets/domain/usecases/update_budget_test.dart: (tearDownAll)                                                                                                       11:15 +849 ~1: /app/test/features/budgets/domain/usecases/update_budget_test.dart: (tearDownAll)                                                                                                       11:16 +849 ~1: /app/test/features/budgets/domain/usecases/update_budget_test.dart: (tearDownAll)                                                                                                       11:16 +849 ~1: loading /app/test/features/budgets/domain/usecases/delete_budget_test.dart                                                                                                              11:16 +849 ~1: /app/test/features/budgets/domain/usecases/delete_budget_test.dart: should delete budget from repository                                                                                11:16 +849 ~1: /app/test/features/budgets/domain/usecases/delete_budget_test.dart: should delete budget from repository                                                                                
👻 INFO 2026-03-04 05:52:56.106764 [caller info not available] [DeleteBudgetUseCase] Deleting budget ID: 1
11:16 +850 ~1: /app/test/features/budgets/domain/usecases/delete_budget_test.dart: should delete budget from repository                                                                                11:17 +850 ~1: /app/test/features/budgets/domain/usecases/delete_budget_test.dart: should delete budget from repository                                                                                11:18 +850 ~1: /app/test/features/budgets/domain/usecases/delete_budget_test.dart: should delete budget from repository                                                                                11:18 +850 ~1: loading /app/test/features/budgets/domain/entities/budget_status_test.dart                                                                                                              11:19 +850 ~1: loading /app/test/features/budgets/domain/entities/budget_status_test.dart                                                                                                              11:20 +850 ~1: loading /app/test/features/budgets/domain/entities/budget_status_test.dart                                                                                                              11:20 +850 ~1: /app/test/features/budgets/domain/entities/budget_status_test.dart: BudgetWithStatus calculate should return correct status for thriving (<= 75%)                                       11:21 +850 ~1: /app/test/features/budgets/domain/entities/budget_status_test.dart: BudgetWithStatus calculate should return correct status for thriving (<= 75%)                                       11:21 +851 ~1: /app/test/features/budgets/domain/entities/budget_status_test.dart: BudgetWithStatus calculate should return correct status for thriving (<= 75%)                                       11:21 +851 ~1: /app/test/features/budgets/domain/entities/budget_status_test.dart: BudgetWithStatus calculate should return correct status for nearing limit (> 75% && <= 100%)                        11:21 +852 ~1: /app/test/features/budgets/domain/entities/budget_status_test.dart: BudgetWithStatus calculate should return correct status for nearing limit (> 75% && <= 100%)                        11:21 +852 ~1: /app/test/features/budgets/domain/entities/budget_status_test.dart: BudgetWithStatus calculate should return correct status for over limit (> 100%)                                     11:21 +853 ~1: /app/test/features/budgets/domain/entities/budget_status_test.dart: BudgetWithStatus calculate should return correct status for over limit (> 100%)                                     11:21 +853 ~1: /app/test/features/budgets/domain/entities/budget_status_test.dart: BudgetWithStatus calculate should handle 0 target amount                                                            11:21 +854 ~1: /app/test/features/budgets/domain/entities/budget_status_test.dart: BudgetWithStatus calculate should handle 0 target amount                                                            11:22 +854 ~1: /app/test/features/budgets/domain/entities/budget_status_test.dart: BudgetWithStatus calculate should handle 0 target amount                                                            11:22 +854 ~1: loading /app/test/features/budgets/domain/entities/budget_test.dart                                                                                                                     11:22 +854 ~1: /app/test/features/budgets/domain/entities/budget_test.dart: Budget.getPeriodDatesFor returns start and end of reference month for recurring budgets                                    11:22 +855 ~1: /app/test/features/budgets/domain/entities/budget_test.dart: Budget.getPeriodDatesFor returns start and end of reference month for recurring budgets                                    11:22 +855 ~1: /app/test/features/budgets/domain/entities/budget_test.dart: Budget.getPeriodDatesFor returns configured dates for one-time budgets                                                     11:22 +856 ~1: /app/test/features/budgets/domain/entities/budget_test.dart: Budget.getPeriodDatesFor returns configured dates for one-time budgets                                                     11:23 +856 ~1: /app/test/features/budgets/domain/entities/budget_test.dart: Budget.getPeriodDatesFor returns configured dates for one-time budgets                                                     11:23 +856 ~1: loading /app/test/features/budgets/domain/entities/budget_enums_test.dart                                                                                                               11:24 +856 ~1: loading /app/test/features/budgets/domain/entities/budget_enums_test.dart                                                                                                               11:25 +856 ~1: loading /app/test/features/budgets/domain/entities/budget_enums_test.dart                                                                                                               11:26 +856 ~1: loading /app/test/features/budgets/domain/entities/budget_enums_test.dart                                                                                                               11:26 +856 ~1: /app/test/features/budgets/domain/entities/budget_enums_test.dart: BudgetType displayName should return correct string                                                                  11:26 +857 ~1: /app/test/features/budgets/domain/entities/budget_enums_test.dart: BudgetType displayName should return correct string                                                                  11:26 +857 ~1: /app/test/features/budgets/domain/entities/budget_enums_test.dart: BudgetPeriodType displayName should return correct string                                                            11:26 +858 ~1: /app/test/features/budgets/domain/entities/budget_enums_test.dart: BudgetPeriodType displayName should return correct string                                                            11:27 +858 ~1: /app/test/features/budgets/domain/entities/budget_enums_test.dart: BudgetPeriodType displayName should return correct string                                                            11:27 +858 ~1: loading /app/test/features/budgets/presentation/bloc/budget_list/budget_list_event_test.dart                                                                                            11:27 +858 ~1: /app/test/features/budgets/presentation/bloc/budget_list/budget_list_event_test.dart: LoadBudgets supports value equality                                                               11:27 +859 ~1: /app/test/features/budgets/presentation/bloc/budget_list/budget_list_event_test.dart: LoadBudgets supports value equality                                                               11:28 +859 ~1: /app/test/features/budgets/presentation/bloc/budget_list/budget_list_event_test.dart: LoadBudgets supports value equality                                                               11:29 +859 ~1: /app/test/features/budgets/presentation/bloc/budget_list/budget_list_event_test.dart: LoadBudgets supports value equality                                                               11:29 +859 ~1: loading /app/test/features/budgets/presentation/bloc/budget_list/budget_list_bloc_large_test.dart                                                                                       11:30 +859 ~1: loading /app/test/features/budgets/presentation/bloc/budget_list/budget_list_bloc_large_test.dart                                                                                       11:31 +859 ~1: loading /app/test/features/budgets/presentation/bloc/budget_list/budget_list_bloc_large_test.dart                                                                                       11:32 +859 ~1: loading /app/test/features/budgets/presentation/bloc/budget_list/budget_list_bloc_large_test.dart                                                                                       11:32 +859 ~1: /app/test/features/budgets/presentation/bloc/budget_list/budget_list_bloc_large_test.dart: BudgetListState supports equality                                                            11:32 +860 ~1: /app/test/features/budgets/presentation/bloc/budget_list/budget_list_bloc_large_test.dart: BudgetListState supports equality                                                            11:33 +860 ~1: /app/test/features/budgets/presentation/bloc/budget_list/budget_list_bloc_large_test.dart: BudgetListState supports equality                                                            11:34 +860 ~1: /app/test/features/budgets/presentation/bloc/budget_list/budget_list_bloc_large_test.dart: BudgetListState supports equality                                                            11:35 +860 ~1: /app/test/features/budgets/presentation/bloc/budget_list/budget_list_bloc_large_test.dart: BudgetListState supports equality                                                            11:35 +860 ~1: loading /app/test/features/budgets/presentation/bloc/budget_list/budget_list_state_test.dart                                                                                            11:35 +860 ~1: /app/test/features/budgets/presentation/bloc/budget_list/budget_list_state_test.dart: BudgetListState supports value equality                                                           11:35 +861 ~1: /app/test/features/budgets/presentation/bloc/budget_list/budget_list_state_test.dart: BudgetListState supports value equality                                                           11:36 +861 ~1: /app/test/features/budgets/presentation/bloc/budget_list/budget_list_state_test.dart: BudgetListState supports value equality                                                           11:37 +861 ~1: /app/test/features/budgets/presentation/bloc/budget_list/budget_list_state_test.dart: BudgetListState supports value equality                                                           11:37 +861 ~1: loading /app/test/features/budgets/presentation/bloc/budget_list/budget_list_bloc_test.dart                                                                                             11:38 +861 ~1: loading /app/test/features/budgets/presentation/bloc/budget_list/budget_list_bloc_test.dart                                                                                             11:39 +861 ~1: loading /app/test/features/budgets/presentation/bloc/budget_list/budget_list_bloc_test.dart                                                                                             11:40 +861 ~1: loading /app/test/features/budgets/presentation/bloc/budget_list/budget_list_bloc_test.dart                                                                                             11:40 +861 ~1: /app/test/features/budgets/presentation/bloc/budget_list/budget_list_bloc_test.dart: (setUpAll)                                                                                         11:40 +861 ~1: /app/test/features/budgets/presentation/bloc/budget_list/budget_list_bloc_test.dart: LoadBudgets emits [loading, success] with calculated status when successful                        11:40 +861 ~1: /app/test/features/budgets/presentation/bloc/budget_list/budget_list_bloc_test.dart: LoadBudgets emits [loading, success] with calculated status when successful                        
👻 INFO 2026-03-04 05:53:20.247274 [caller info not available] [BudgetListBloc] Initialized.
👻 INFO 2026-03-04 05:53:20.320035 [caller info not available] [BudgetListBloc] LoadBudgets triggered. ForceReload: false
👻 INFO 2026-03-04 05:53:20.353919 [caller info not available] [BudgetListBloc] Loaded 1 budgets. Calculating status...
👻 INFO 2026-03-04 05:53:20.355046 [caller info not available] [BudgetListBloc] Fetching expenses for optimized calculation from 2026-03-01 00:00:00.000 to 2026-03-31 23:59:59.000
👻 INFO 2026-03-04 05:53:20.364890 [caller info not available] [BudgetListBloc] Successfully calculated status for all budgets.
👻 INFO 2026-03-04 05:53:20.372089 [caller info not available] [BudgetListBloc] Closed and cancelled data stream subscription.
👻 INFO 2026-03-04 05:53:20.418037 [caller info not available] [BudgetListBloc] Closed and cancelled data stream subscription.
11:40 +862 ~1: /app/test/features/budgets/presentation/bloc/budget_list/budget_list_bloc_test.dart: LoadBudgets emits [loading, success] with calculated status when successful                        11:40 +862 ~1: /app/test/features/budgets/presentation/bloc/budget_list/budget_list_bloc_test.dart: LoadBudgets emits [loading, error] when fetch fails                                                11:40 +862 ~1: /app/test/features/budgets/presentation/bloc/budget_list/budget_list_bloc_test.dart: LoadBudgets emits [loading, error] when fetch fails                                                
👻 INFO 2026-03-04 05:53:20.432043 [caller info not available] [BudgetListBloc] Initialized.
👻 INFO 2026-03-04 05:53:20.438824 [caller info not available] [BudgetListBloc] LoadBudgets triggered. ForceReload: false
⚠️ WARNING 2026-03-04 05:53:20.440358 [caller info not available] [BudgetListBloc] Failed to load budgets: Error
👻 INFO 2026-03-04 05:53:20.441313 [caller info not available] [BudgetListBloc] Closed and cancelled data stream subscription.
👻 INFO 2026-03-04 05:53:20.446240 [caller info not available] [BudgetListBloc] Closed and cancelled data stream subscription.
11:40 +863 ~1: /app/test/features/budgets/presentation/bloc/budget_list/budget_list_bloc_test.dart: LoadBudgets emits [loading, error] when fetch fails                                                11:40 +863 ~1: /app/test/features/budgets/presentation/bloc/budget_list/budget_list_bloc_test.dart: DeleteBudget emits optimistic update and then success                                              11:40 +863 ~1: /app/test/features/budgets/presentation/bloc/budget_list/budget_list_bloc_test.dart: DeleteBudget emits optimistic update and then success                                              
👻 INFO 2026-03-04 05:53:20.450322 [caller info not available] [BudgetListBloc] Initialized.
👻 INFO 2026-03-04 05:53:20.454668 [caller info not available] [BudgetListBloc] DeleteBudget triggered for ID: 1
👻 INFO 2026-03-04 05:53:20.458984 [caller info not available] [BudgetListBloc] Delete successful for 1.
👻 INFO 2026-03-04 05:53:20.464455 [caller info not available] [BudgetListBloc] Closed and cancelled data stream subscription.
👻 INFO 2026-03-04 05:53:20.475970 [caller info not available] [BudgetListBloc] Closed and cancelled data stream subscription.
11:40 +864 ~1: /app/test/features/budgets/presentation/bloc/budget_list/budget_list_bloc_test.dart: DeleteBudget emits optimistic update and then success                                              11:40 +864 ~1: /app/test/features/budgets/presentation/bloc/budget_list/budget_list_bloc_test.dart: DataChangedEvent triggers reload on budget change                                                  11:40 +864 ~1: /app/test/features/budgets/presentation/bloc/budget_list/budget_list_bloc_test.dart: DataChangedEvent triggers reload on budget change                                                  
👻 INFO 2026-03-04 05:53:20.481566 [caller info not available] [BudgetListBloc] Initialized.
👻 INFO 2026-03-04 05:53:20.487828 [caller info not available] [BudgetListBloc] Relevant DataChangedEvent (DataChangedEvent(type: DataChangeType.budget, reason: DataChangeReason.updated)). Triggering reload.
👻 INFO 2026-03-04 05:53:20.491734 [caller info not available] [BudgetListBloc] LoadBudgets triggered. ForceReload: true
👻 INFO 2026-03-04 05:53:20.492618 [caller info not available] [BudgetListBloc] Loaded 1 budgets. Calculating status...
👻 INFO 2026-03-04 05:53:20.493011 [caller info not available] [BudgetListBloc] Fetching expenses for optimized calculation from 2026-03-01 00:00:00.000 to 2026-03-31 23:59:59.000
👻 INFO 2026-03-04 05:53:20.494740 [caller info not available] [BudgetListBloc] Successfully calculated status for all budgets.
👻 INFO 2026-03-04 05:53:20.495267 [caller info not available] [BudgetListBloc] Closed and cancelled data stream subscription.
👻 INFO 2026-03-04 05:53:20.496799 [caller info not available] [BudgetListBloc] Closed and cancelled data stream subscription.
11:40 +865 ~1: /app/test/features/budgets/presentation/bloc/budget_list/budget_list_bloc_test.dart: DataChangedEvent triggers reload on budget change                                                  11:40 +865 ~1: /app/test/features/budgets/presentation/bloc/budget_list/budget_list_bloc_test.dart: (tearDownAll)                                                                                      11:41 +865 ~1: /app/test/features/budgets/presentation/bloc/budget_list/budget_list_bloc_test.dart: (tearDownAll)                                                                                      11:42 +865 ~1: /app/test/features/budgets/presentation/bloc/budget_list/budget_list_bloc_test.dart: (tearDownAll)                                                                                      11:42 +865 ~1: loading /app/test/features/budgets/presentation/bloc/add_edit_budget/add_edit_budget_state_test.dart                                                                                    11:42 +865 ~1: /app/test/features/budgets/presentation/bloc/add_edit_budget/add_edit_budget_state_test.dart: AddEditBudgetInitial supports equality                                                    11:42 +866 ~1: /app/test/features/budgets/presentation/bloc/add_edit_budget/add_edit_budget_state_test.dart: AddEditBudgetInitial supports equality                                                    11:43 +866 ~1: /app/test/features/budgets/presentation/bloc/add_edit_budget/add_edit_budget_state_test.dart: AddEditBudgetInitial supports equality                                                    11:43 +866 ~1: loading /app/test/features/budgets/presentation/bloc/add_edit_budget/add_edit_budget_event_test.dart                                                                                    11:44 +866 ~1: loading /app/test/features/budgets/presentation/bloc/add_edit_budget/add_edit_budget_event_test.dart                                                                                    11:45 +866 ~1: loading /app/test/features/budgets/presentation/bloc/add_edit_budget/add_edit_budget_event_test.dart                                                                                    11:46 +866 ~1: loading /app/test/features/budgets/presentation/bloc/add_edit_budget/add_edit_budget_event_test.dart                                                                                    11:46 +866 ~1: /app/test/features/budgets/presentation/bloc/add_edit_budget/add_edit_budget_event_test.dart: SaveBudget supports equality                                                              11:46 +867 ~1: /app/test/features/budgets/presentation/bloc/add_edit_budget/add_edit_budget_event_test.dart: SaveBudget supports equality                                                              11:47 +867 ~1: /app/test/features/budgets/presentation/bloc/add_edit_budget/add_edit_budget_event_test.dart: SaveBudget supports equality                                                              11:48 +867 ~1: /app/test/features/budgets/presentation/bloc/add_edit_budget/add_edit_budget_event_test.dart: SaveBudget supports equality                                                              11:48 +867 ~1: loading /app/test/features/budgets/presentation/bloc/add_edit_budget/add_edit_budget_bloc_test.dart                                                                                     11:48 +867 ~1: /app/test/features/budgets/presentation/bloc/add_edit_budget/add_edit_budget_bloc_test.dart: (setUpAll)                                                                                 11:48 +867 ~1: /app/test/features/budgets/presentation/bloc/add_edit_budget/add_edit_budget_bloc_test.dart: AddEditBudgetBloc initial state should be initial (ready) or loading                       11:48 +867 ~1: /app/test/features/budgets/presentation/bloc/add_edit_budget/add_edit_budget_bloc_test.dart: AddEditBudgetBloc initial state should be initial (ready) or loading                       
👻 INFO 2026-03-04 05:53:27.870622 [caller info not available] [AddEditBudgetBloc] Initialized. Editing: false
11:48 +868 ~1: /app/test/features/budgets/presentation/bloc/add_edit_budget/add_edit_budget_bloc_test.dart: AddEditBudgetBloc initial state should be initial (ready) or loading                       11:48 +868 ~1: /app/test/features/budgets/presentation/bloc/add_edit_budget/add_edit_budget_bloc_test.dart: ... should emit [loading, initial] with categories when InitializeBudgetForm is called     11:48 +868 ~1: /app/test/features/budgets/presentation/bloc/add_edit_budget/add_edit_budget_bloc_test.dart: AddEditBudgetBloc should emit [loading, initial] with categories when InitializeBudgetForm is called
👻 INFO 2026-03-04 05:53:27.915644 [caller info not available] [AddEditBudgetBloc] Initialized. Editing: false
11:48 +869 ~1: /app/test/features/budgets/presentation/bloc/add_edit_budget/add_edit_budget_bloc_test.dart: ... should emit [loading, initial] with categories when InitializeBudgetForm is called     11:48 +869 ~1: /app/test/features/budgets/presentation/bloc/add_edit_budget/add_edit_budget_bloc_test.dart: ... should emit [loading, initial, loading, success] when SaveBudget (Add) is successful   11:48 +869 ~1: /app/test/features/budgets/presentation/bloc/add_edit_budget/add_edit_budget_bloc_test.dart: AddEditBudgetBloc should emit [loading, initial, loading, success] when SaveBudget (Add) is successful
👻 INFO 2026-03-04 05:53:27.929511 [caller info not available] [AddEditBudgetBloc] Initialized. Editing: false
👻 INFO 2026-03-04 05:53:27.933735 [caller info not available] [AddEditBudgetBloc] Initialized. Editing: false
👻 INFO 2026-03-04 05:53:27.936581 [caller info not available] [AddEditBudgetBloc] SaveBudget received: New Budget
👻 INFO 2026-03-04 05:53:27.940812 [caller info not available] [AddEditBudgetBloc] Save successful for 'Test Budget'.
11:48 +870 ~1: /app/test/features/budgets/presentation/bloc/add_edit_budget/add_edit_budget_bloc_test.dart: ... should emit [loading, initial, loading, success] when SaveBudget (Add) is successful   11:48 +870 ~1: /app/test/features/budgets/presentation/bloc/add_edit_budget/add_edit_budget_bloc_test.dart: ... should emit [loading, initial, loading, success] when SaveBudget (Update) is successful11:48 +870 ~1: /app/test/features/budgets/presentation/bloc/add_edit_budget/add_edit_budget_bloc_test.dart: AddEditBudgetBloc should emit [loading, initial, loading, success] when SaveBudget (Update) is successful
👻 INFO 2026-03-04 05:53:27.951128 [caller info not available] [AddEditBudgetBloc] Initialized. Editing: false
👻 INFO 2026-03-04 05:53:27.953702 [caller info not available] [AddEditBudgetBloc] Initialized. Editing: true
👻 INFO 2026-03-04 05:53:27.955543 [caller info not available] [AddEditBudgetBloc] SaveBudget received: Updated Name
👻 INFO 2026-03-04 05:53:27.956670 [caller info not available] [AddEditBudgetBloc] Save successful for 'Test Budget'.
11:48 +871 ~1: /app/test/features/budgets/presentation/bloc/add_edit_budget/add_edit_budget_bloc_test.dart: ... should emit [loading, initial, loading, success] when SaveBudget (Update) is successful11:48 +871 ~1: /app/test/features/budgets/presentation/bloc/add_edit_budget/add_edit_budget_bloc_test.dart: AddEditBudgetBloc should emit [loading, initial, loading, error] when SaveBudget fails     11:48 +871 ~1: /app/test/features/budgets/presentation/bloc/add_edit_budget/add_edit_budget_bloc_test.dart: AddEditBudgetBloc should emit [loading, initial, loading, error] when SaveBudget fails     
👻 INFO 2026-03-04 05:53:27.964567 [caller info not available] [AddEditBudgetBloc] Initialized. Editing: false
👻 INFO 2026-03-04 05:53:27.967085 [caller info not available] [AddEditBudgetBloc] Initialized. Editing: false
👻 INFO 2026-03-04 05:53:27.968548 [caller info not available] [AddEditBudgetBloc] SaveBudget received: Fail Budget
⚠️ WARNING 2026-03-04 05:53:27.970917 [caller info not available] [AddEditBudgetBloc] Save failed: Save failed
⚠️ WARNING 2026-03-04 05:53:27.971866 [caller info not available] [AddEditBudgetBloc] Mapping failure: CacheFailure - Save failed
11:48 +872 ~1: /app/test/features/budgets/presentation/bloc/add_edit_budget/add_edit_budget_bloc_test.dart: AddEditBudgetBloc should emit [loading, initial, loading, error] when SaveBudget fails     11:48 +872 ~1: /app/test/features/budgets/presentation/bloc/add_edit_budget/add_edit_budget_bloc_test.dart: AddEditBudgetBloc should reset status when ClearBudgetFormMessage is called                11:48 +872 ~1: /app/test/features/budgets/presentation/bloc/add_edit_budget/add_edit_budget_bloc_test.dart: AddEditBudgetBloc should reset status when ClearBudgetFormMessage is called                
👻 INFO 2026-03-04 05:53:27.981958 [caller info not available] [AddEditBudgetBloc] Initialized. Editing: false
11:48 +873 ~1: /app/test/features/budgets/presentation/bloc/add_edit_budget/add_edit_budget_bloc_test.dart: AddEditBudgetBloc should reset status when ClearBudgetFormMessage is called                11:48 +873 ~1: /app/test/features/budgets/presentation/bloc/add_edit_budget/add_edit_budget_bloc_test.dart: (tearDownAll)                                                                              11:49 +873 ~1: /app/test/features/budgets/presentation/bloc/add_edit_budget/add_edit_budget_bloc_test.dart: (tearDownAll)                                                                              11:49 +873 ~1: loading /app/test/features/budgets/presentation/bloc/budget_list_bloc_test.dart                                                                                                         11:50 +873 ~1: loading /app/test/features/budgets/presentation/bloc/budget_list_bloc_test.dart                                                                                                         11:51 +873 ~1: loading /app/test/features/budgets/presentation/bloc/budget_list_bloc_test.dart                                                                                                         11:52 +873 ~1: loading /app/test/features/budgets/presentation/bloc/budget_list_bloc_test.dart                                                                                                         11:52 +873 ~1: /app/test/features/budgets/presentation/bloc/budget_list_bloc_test.dart: emits [loading, success] when LoadBudgets is added and succeeds                                                11:52 +873 ~1: /app/test/features/budgets/presentation/bloc/budget_list_bloc_test.dart: emits [loading, success] when LoadBudgets is added and succeeds                                                
👻 INFO 2026-03-04 05:53:32.205004 [caller info not available] [BudgetListBloc] Initialized.
👻 INFO 2026-03-04 05:53:32.225205 [caller info not available] [BudgetListBloc] LoadBudgets triggered. ForceReload: false
👻 INFO 2026-03-04 05:53:32.248675 [caller info not available] [BudgetListBloc] Loaded 1 budgets. Calculating status...
👻 INFO 2026-03-04 05:53:32.250793 [caller info not available] [BudgetListBloc] Fetching expenses for optimized calculation from 2026-03-04 05:53:32.022687 to 2026-03-04 23:59:59.000
👻 INFO 2026-03-04 05:53:32.255506 [caller info not available] [BudgetListBloc] Successfully calculated status for all budgets.
👻 INFO 2026-03-04 05:53:32.260506 [caller info not available] [BudgetListBloc] Closed and cancelled data stream subscription.
11:52 +874 ~1: /app/test/features/budgets/presentation/bloc/budget_list_bloc_test.dart: emits [loading, success] when LoadBudgets is added and succeeds                                                11:52 +874 ~1: /app/test/features/budgets/presentation/bloc/budget_list_bloc_test.dart: calculates status correctly with expenses                                                                      11:52 +874 ~1: /app/test/features/budgets/presentation/bloc/budget_list_bloc_test.dart: calculates status correctly with expenses                                                                      
👻 INFO 2026-03-04 05:53:32.299117 [caller info not available] [BudgetListBloc] Initialized.
👻 INFO 2026-03-04 05:53:32.301308 [caller info not available] [BudgetListBloc] LoadBudgets triggered. ForceReload: false
👻 INFO 2026-03-04 05:53:32.302976 [caller info not available] [BudgetListBloc] Loaded 1 budgets. Calculating status...
👻 INFO 2026-03-04 05:53:32.303969 [caller info not available] [BudgetListBloc] Fetching expenses for optimized calculation from 2026-03-03 05:53:32.296079 to 2026-03-05 23:59:59.000
👻 INFO 2026-03-04 05:53:32.305662 [caller info not available] [BudgetListBloc] Successfully calculated status for all budgets.
👻 INFO 2026-03-04 05:53:32.307072 [caller info not available] [BudgetListBloc] Closed and cancelled data stream subscription.
11:52 +875 ~1: /app/test/features/budgets/presentation/bloc/budget_list_bloc_test.dart: calculates status correctly with expenses                                                                      11:53 +875 ~1: /app/test/features/budgets/presentation/bloc/budget_list_bloc_test.dart: calculates status correctly with expenses                                                                      11:54 +875 ~1: /app/test/features/budgets/presentation/bloc/budget_list_bloc_test.dart: calculates status correctly with expenses                                                                      11:55 +875 ~1: /app/test/features/budgets/presentation/bloc/budget_list_bloc_test.dart: calculates status correctly with expenses                                                                      11:55 +875 ~1: loading /app/test/features/budgets/presentation/widgets/budget_form_test.dart                                                                                                           11:55 +875 ~1: /app/test/features/budgets/presentation/widgets/budget_form_test.dart: BudgetForm initializes correctly in "add" mode                                                                   11:56 +875 ~1: /app/test/features/budgets/presentation/widgets/budget_form_test.dart: BudgetForm initializes correctly in "add" mode                                                                   11:56 +875 ~1: /app/test/features/budgets/presentation/widgets/budget_form_test.dart: BudgetForm initializes correctly in "add" mode                                                                   
👻 INFO 2026-03-04 05:53:36.471970 [caller info not available] [BudgetForm] initState. Type: BudgetType.overall, Period: BudgetPeriodType.recurringMonthly, Initial Categories: 0
11:58 +876 ~1: /app/test/features/budgets/presentation/widgets/budget_form_test.dart: BudgetForm initializes correctly in "add" mode                                                                   11:58 +876 ~1: /app/test/features/budgets/presentation/widgets/budget_form_test.dart: BudgetForm initializes correctly in "edit" mode                                                                  11:58 +876 ~1: /app/test/features/budgets/presentation/widgets/budget_form_test.dart: BudgetForm initializes correctly in "edit" mode                                                                  
👻 INFO 2026-03-04 05:53:37.974018 [caller info not available] [BudgetForm] initState. Type: BudgetType.overall, Period: BudgetPeriodType.recurringMonthly, Initial Categories: 0
11:58 +877 ~1: /app/test/features/budgets/presentation/widgets/budget_form_test.dart: BudgetForm initializes correctly in "edit" mode                                                                  11:58 +877 ~1: /app/test/features/budgets/presentation/widgets/budget_form_test.dart: BudgetForm onSubmit is called with correct data when form is valid                                               11:58 +877 ~1: /app/test/features/budgets/presentation/widgets/budget_form_test.dart: BudgetForm onSubmit is called with correct data when form is valid                                               
👻 INFO 2026-03-04 05:53:38.624739 [caller info not available] [BudgetForm] initState. Type: BudgetType.overall, Period: BudgetPeriodType.recurringMonthly, Initial Categories: 0
👻 INFO 2026-03-04 05:53:39.162985 [caller info not available] [BudgetForm] Submit button pressed.
👻 INFO 2026-03-04 05:53:39.171980 [caller info not available] [BudgetForm] Form validated, calling onSubmit.
11:59 +878 ~1: /app/test/features/budgets/presentation/widgets/budget_card_test.dart: BudgetCard renders budget name, period, and amounts                                                              11:59 +878 ~2: /app/test/features/budgets/presentation/widgets/budget_card_test.dart: BudgetCard renders budget name, period, and amounts                                                              12:00 +878 ~2: /app/test/features/budgets/presentation/widgets/budget_card_test.dart: BudgetCard renders budget name, period, and amounts                                                              12:01 +878 ~2: /app/test/features/budgets/presentation/widgets/budget_card_test.dart: BudgetCard renders budget name, period, and amounts                                                              12:01 +879 ~2: /app/test/features/budgets/presentation/widgets/budget_card_test.dart: BudgetCard renders budget name, period, and amounts                                                              12:01 +879 ~2: /app/test/features/budgets/presentation/widgets/budget_card_test.dart: BudgetCard calls onTap when tapped                                                                               12:01 +880 ~2: /app/test/features/budgets/presentation/widgets/budget_card_test.dart: BudgetCard calls onTap when tapped                                                                               12:01 +880 ~2: /app/test/features/budgets/presentation/widgets/budget_card_test.dart: BudgetCard renders category icons for category specific budget                                                   12:02 +880 ~2: /app/test/features/budgets/presentation/widgets/budget_card_test.dart: BudgetCard renders category icons for category specific budget                                                   12:02 +881 ~2: /app/test/features/budgets/presentation/widgets/budget_card_test.dart: BudgetCard renders category icons for category specific budget                                                   12:02 +881 ~2: loading /app/test/features/budgets/presentation/pages/add_edit_budget_page_test.dart                                                                                                    12:03 +881 ~2: loading /app/test/features/budgets/presentation/pages/add_edit_budget_page_test.dart                                                                                                    12:04 +881 ~2: loading /app/test/features/budgets/presentation/pages/add_edit_budget_page_test.dart                                                                                                    12:05 +881 ~2: loading /app/test/features/budgets/presentation/pages/add_edit_budget_page_test.dart                                                                                                    12:05 +881 ~2: /app/test/features/budgets/presentation/pages/add_edit_budget_page_test.dart: AddEditBudgetPage renders correct AppBar title for "Add" mode                                             12:06 +881 ~2: /app/test/features/budgets/presentation/pages/add_edit_budget_page_test.dart: AddEditBudgetPage renders correct AppBar title for "Add" mode                                             12:07 +881 ~2: /app/test/features/budgets/presentation/pages/add_edit_budget_page_test.dart: AddEditBudgetPage renders correct AppBar title for "Add" mode                                             12:07 +881 ~2: /app/test/features/budgets/presentation/pages/add_edit_budget_page_test.dart: AddEditBudgetPage renders correct AppBar title for "Add" mode                                             
👻 INFO 2026-03-04 05:53:47.008678 [caller info not available] [AddEditBudgetPage] Building. Editing: false. Budget: null
👻 INFO 2026-03-04 05:53:47.080356 [caller info not available] [BudgetForm] initState. Type: BudgetType.overall, Period: BudgetPeriodType.recurringMonthly, Initial Categories: 0
12:08 +882 ~2: /app/test/features/budgets/presentation/pages/budget_detail_page_test.dart: BudgetDetailPage shows loading indicator and then displays details                                          12:08 +882 ~2: /app/test/features/budgets/presentation/pages/add_edit_budget_page_test.dart: AddEditBudgetPage renders correct AppBar title for "Edit" mode                                            
👻 INFO 2026-03-04 05:53:48.545788 [caller info not available] [AddEditBudgetPage] Building. Editing: true. Budget: Test
👻 INFO 2026-03-04 05:53:48.553662 [caller info not available] [BudgetForm] initState. Type: BudgetType.overall, Period: BudgetPeriodType.recurringMonthly, Initial Categories: 0
12:09 +883 ~2: /app/test/features/budgets/presentation/pages/budget_detail_page_test.dart: BudgetDetailPage shows loading indicator and then displays details                                          12:09 +883 ~2: /app/test/features/budgets/presentation/pages/add_edit_budget_page_test.dart: AddEditBudgetPage renders BudgetForm when categories are loaded                                           
👻 INFO 2026-03-04 05:53:49.064438 [caller info not available] [AddEditBudgetPage] Building. Editing: false. Budget: null
👻 INFO 2026-03-04 05:53:49.080934 [caller info not available] [BudgetForm] initState. Type: BudgetType.overall, Period: BudgetPeriodType.recurringMonthly, Initial Categories: 0
12:09 +884 ~2: /app/test/features/budgets/presentation/pages/budget_detail_page_test.dart: BudgetDetailPage shows loading indicator and then displays details                                          12:09 +884 ~2: /app/test/features/budgets/presentation/pages/add_edit_budget_page_test.dart: AddEditBudgetPage shows loading indicator when loading categories                                         
👻 INFO 2026-03-04 05:53:49.606725 [caller info not available] [AddEditBudgetPage] Building. Editing: false. Budget: null
12:10 +885 ~2: /app/test/features/budgets/presentation/pages/budget_detail_page_test.dart: BudgetDetailPage shows loading indicator and then displays details                                          12:10 +885 ~2: /app/test/features/budgets/presentation/pages/add_edit_budget_page_test.dart: AddEditBudgetPage shows success SnackBar when state is success                                            
👻 INFO 2026-03-04 05:53:49.869449 [caller info not available] [AddEditBudgetPage] Building. Editing: false. Budget: null
👻 INFO 2026-03-04 05:53:49.875999 [caller info not available] [BudgetForm] initState. Type: BudgetType.overall, Period: BudgetPeriodType.recurringMonthly, Initial Categories: 0
👻 INFO 2026-03-04 05:53:50.045227 [caller info not available] [AddEditBudgetPage] Save successful. Popping.
12:10 +886 ~2: /app/test/features/budgets/presentation/pages/budget_detail_page_test.dart: BudgetDetailPage shows loading indicator and then displays details                                          12:10 +887 ~2: /app/test/features/budgets/presentation/pages/budget_detail_page_test.dart: BudgetDetailPage shows loading indicator and then displays details                                          12:10 +887 ~2: /app/test/features/budgets/presentation/pages/budget_detail_page_test.dart: BudgetDetailPage tapping Edit button navigates to edit page                                                 12:10 +887 ~3: /app/test/features/budgets/presentation/pages/budget_detail_page_test.dart: BudgetDetailPage tapping Edit button navigates to edit page                                                 12:10 +887 ~3: /app/test/features/budgets/presentation/pages/budget_detail_page_test.dart: BudgetDetailPage tapping Delete button shows dialog and dispatches event                                    12:10 +887 ~3: /app/test/features/budgets/presentation/pages/budget_detail_page_test.dart: BudgetDetailPage tapping Delete button shows dialog and dispatches event                                    
👻 INFO 2026-03-04 05:53:50.727838 [caller info not available] [BudgetDetail] Delete requested for budget: Groceries
12:11 +888 ~3: /app/test/features/budgets/presentation/pages/budget_detail_page_test.dart: BudgetDetailPage tapping Delete button shows dialog and dispatches event                                    12:11 +888 ~3: /app/test/features/budgets/presentation/pages/budget_detail_page_test.dart: (tearDownAll)                                                                                               12:12 +888 ~3: /app/test/features/budgets/presentation/pages/budget_detail_page_test.dart: (tearDownAll)                                                                                               12:13 +888 ~3: /app/test/features/budgets/presentation/pages/budget_detail_page_test.dart: (tearDownAll)                                                                                               12:13 +888 ~3: loading /app/test/features/budgets/presentation/pages/budgets_sub_tab_test.dart                                                                                                         12:14 +888 ~3: loading /app/test/features/budgets/presentation/pages/budgets_sub_tab_test.dart                                                                                                         12:15 +888 ~3: loading /app/test/features/budgets/presentation/pages/budgets_sub_tab_test.dart                                                                                                         12:15 +888 ~3: /app/test/features/budgets/presentation/pages/budgets_sub_tab_test.dart: BudgetsSubTab shows loading indicator                                                                          12:16 +888 ~3: /app/test/features/budgets/presentation/pages/budgets_sub_tab_test.dart: BudgetsSubTab shows loading indicator                                                                          12:17 +888 ~3: /app/test/features/budgets/presentation/pages/budgets_sub_tab_test.dart: BudgetsSubTab shows loading indicator                                                                          12:18 +888 ~3: /app/test/features/budgets/presentation/pages/budgets_sub_tab_test.dart: BudgetsSubTab shows loading indicator                                                                          12:18 +889 ~3: /app/test/features/settlements/presentation/widgets/settlement_dialog_test.dart: SettlementDialog shows Pay via UPI button when upiId is present                                        12:18 +889 ~4: /app/test/features/settlements/presentation/widgets/settlement_dialog_test.dart: SettlementDialog shows Pay via UPI button when upiId is present                                        12:18 +890 ~4: /app/test/features/settlements/presentation/widgets/settlement_dialog_test.dart: SettlementDialog shows Pay via UPI button when upiId is present                                        12:19 +890 ~4: /app/test/features/settlements/presentation/widgets/settlement_dialog_test.dart: SettlementDialog shows Pay via UPI button when upiId is present                                        12:19 +891 ~4: /app/test/features/settlements/presentation/widgets/settlement_dialog_test.dart: SettlementDialog shows Pay via UPI button when upiId is present                                        12:19 +891 ~5: /app/test/features/settlements/presentation/widgets/settlement_dialog_test.dart: SettlementDialog shows Pay via UPI button when upiId is present                                        12:19 +892 ~5: /app/test/features/settlements/presentation/widgets/settlement_dialog_test.dart: SettlementDialog shows Pay via UPI button when upiId is present                                        12:19 +892 ~5: /app/test/features/settlements/presentation/widgets/settlement_dialog_test.dart: SettlementDialog hides Pay via UPI button when upiId is missing                                        12:19 +893 ~5: /app/test/features/settlements/presentation/widgets/settlement_dialog_test.dart: SettlementDialog hides Pay via UPI button when upiId is missing                                        12:19 +893 ~5: /app/test/features/settlements/presentation/widgets/settlement_dialog_test.dart: Tapping Pay via UPI launches URL and shows confirmation dialog                                         12:20 +893 ~5: /app/test/features/settlements/presentation/widgets/settlement_dialog_test.dart: Tapping Pay via UPI launches URL and shows confirmation dialog                                         12:20 +894 ~5: /app/test/features/settlements/presentation/widgets/settlement_dialog_test.dart: Tapping Pay via UPI launches URL and shows confirmation dialog                                         12:21 +894 ~5: /app/test/features/settlements/presentation/widgets/settlement_dialog_test.dart: Tapping Pay via UPI launches URL and shows confirmation dialog                                         12:21 +894 ~5: loading /app/test/features/budgets_cats/presentation/pages/budgets_cats_tab_page_test.dart                                                                                              12:22 +894 ~5: loading /app/test/features/budgets_cats/presentation/pages/budgets_cats_tab_page_test.dart                                                                                              12:23 +894 ~5: loading /app/test/features/budgets_cats/presentation/pages/budgets_cats_tab_page_test.dart                                                                                              12:24 +894 ~5: loading /app/test/features/budgets_cats/presentation/pages/budgets_cats_tab_page_test.dart                                                                                              12:24 +894 ~5: /app/test/features/budgets_cats/presentation/pages/budgets_cats_tab_page_test.dart: renders Budgets and Goals tabs                                                                      12:25 +894 ~5: /app/test/features/budgets_cats/presentation/pages/budgets_cats_tab_page_test.dart: renders Budgets and Goals tabs                                                                      12:26 +894 ~5: /app/test/features/budgets_cats/presentation/pages/budgets_cats_tab_page_test.dart: renders Budgets and Goals tabs                                                                      12:27 +894 ~5: /app/test/features/budgets_cats/presentation/pages/budgets_cats_tab_page_test.dart: renders Budgets and Goals tabs                                                                      12:27 +895 ~5: /app/test/features/budgets_cats/presentation/pages/budgets_sub_tab_test.dart: BudgetsSubTab renders list                                                                                12:27 +896 ~5: /app/test/features/budgets_cats/presentation/pages/budgets_cats_tab_page_test.dart: defaults to Budgets tab (empty state)                                                               12:27 +897 ~5: /app/test/features/budgets_cats/presentation/pages/budgets_cats_tab_page_test.dart: defaults to Budgets tab (empty state)                                                               12:27 +897 ~5: /app/test/features/budgets_cats/presentation/pages/budgets_cats_tab_page_test.dart: switches to Goals tab (empty state)                                                                 12:28 +897 ~5: /app/test/features/budgets_cats/presentation/pages/budgets_cats_tab_page_test.dart: switches to Goals tab (empty state)                                                                 12:28 +898 ~5: /app/test/features/budgets_cats/presentation/pages/budgets_cats_tab_page_test.dart: switches to Goals tab (empty state)                                                                 12:28 +898 ~5: /app/test/features/budgets_cats/presentation/pages/budgets_cats_tab_page_test.dart: initializes with Goals tab if extra index is 2                                                      12:28 +899 ~5: /app/test/features/budgets_cats/presentation/pages/budgets_cats_tab_page_test.dart: initializes with Goals tab if extra index is 2                                                      12:28 +899 ~5: /app/test/features/budgets_cats/presentation/pages/budgets_cats_tab_page_test.dart: navigates to Add Budget page                                                                        12:29 +899 ~5: /app/test/features/budgets_cats/presentation/pages/budgets_cats_tab_page_test.dart: navigates to Add Budget page                                                                        12:29 +900 ~5: /app/test/features/budgets_cats/presentation/pages/budgets_cats_tab_page_test.dart: navigates to Add Budget page                                                                        12:29 +900 ~5: /app/test/features/budgets_cats/presentation/pages/budgets_cats_tab_page_test.dart: navigates to Add Goal page                                                                          12:29 +901 ~5: /app/test/features/budgets_cats/presentation/pages/budgets_cats_tab_page_test.dart: navigates to Add Goal page                                                                          12:30 +901 ~5: /app/test/features/budgets_cats/presentation/pages/budgets_cats_tab_page_test.dart: navigates to Add Goal page                                                                          12:30 +901 ~5: loading /app/test/features/add_expense/domain/logic/split_preview_engine_test.dart                                                                                                      12:31 +901 ~5: loading /app/test/features/add_expense/domain/logic/split_preview_engine_test.dart                                                                                                      12:32 +901 ~5: loading /app/test/features/add_expense/domain/logic/split_preview_engine_test.dart                                                                                                      12:32 +901 ~5: /app/test/features/add_expense/domain/logic/split_preview_engine_test.dart: SplitPreviewEngine calculateEqualSplits distributes remainder correctly (10.00 / 3)                         12:32 +902 ~5: /app/test/features/add_expense/domain/logic/split_preview_engine_test.dart: SplitPreviewEngine calculateEqualSplits distributes remainder correctly (10.00 / 3)                         12:32 +902 ~5: /app/test/features/add_expense/domain/logic/split_preview_engine_test.dart: SplitPreviewEngine validatePercent checks sum == 100                                                        12:32 +903 ~5: /app/test/features/add_expense/domain/logic/split_preview_engine_test.dart: SplitPreviewEngine validatePercent checks sum == 100                                                        12:32 +903 ~5: /app/test/features/add_expense/domain/logic/split_preview_engine_test.dart: SplitPreviewEngine validateExact checks sum == total                                                        12:32 +904 ~5: /app/test/features/add_expense/domain/logic/split_preview_engine_test.dart: SplitPreviewEngine validateExact checks sum == total                                                        12:33 +904 ~5: /app/test/features/add_expense/domain/logic/split_preview_engine_test.dart: SplitPreviewEngine validateExact checks sum == total                                                        12:34 +904 ~5: /app/test/features/add_expense/domain/logic/split_preview_engine_test.dart: SplitPreviewEngine validateExact checks sum == total                                                        12:34 +904 ~5: loading /app/test/features/add_expense/presentation/bloc/add_expense_wizard_bloc_test.dart                                                                                              12:34 +904 ~5: /app/test/features/add_expense/presentation/bloc/add_expense_wizard_bloc_test.dart: (setUpAll)                                                                                          12:34 +904 ~5: /app/test/features/add_expense/presentation/bloc/add_expense_wizard_bloc_test.dart: AddExpenseWizardBloc initial state is correct                                                       12:34 +905 ~5: /app/test/features/add_expense/presentation/bloc/add_expense_wizard_bloc_test.dart: AddExpenseWizardBloc initial state is correct                                                       12:34 +905 ~5: /app/test/features/add_expense/presentation/bloc/add_expense_wizard_bloc_test.dart: AddExpenseWizardBloc AmountChanged updates amount                                                   12:34 +906 ~5: /app/test/features/add_expense/presentation/bloc/add_expense_wizard_bloc_test.dart: AddExpenseWizardBloc AmountChanged updates amount                                                   12:34 +906 ~5: /app/test/features/add_expense/presentation/bloc/add_expense_wizard_bloc_test.dart: AddExpenseWizardBloc GroupSelected works correctly                                                  12:35 +906 ~5: /app/test/features/add_expense/presentation/bloc/add_expense_wizard_bloc_test.dart: AddExpenseWizardBloc GroupSelected works correctly                                                  12:35 +907 ~5: /app/test/features/add_expense/presentation/bloc/add_expense_wizard_bloc_test.dart: AddExpenseWizardBloc GroupSelected works correctly                                                  12:35 +907 ~5: /app/test/features/add_expense/presentation/bloc/add_expense_wizard_bloc_test.dart: AddExpenseWizardBloc AmountChanged recalculates splits when group is selected                       12:35 +908 ~5: /app/test/features/add_expense/presentation/bloc/add_expense_wizard_bloc_test.dart: AddExpenseWizardBloc AmountChanged recalculates splits when group is selected                       12:35 +908 ~5: /app/test/features/add_expense/presentation/bloc/add_expense_wizard_bloc_test.dart: AddExpenseWizardBloc SubmitExpense succeeds for personal expense                                    12:35 +909 ~5: /app/test/features/add_expense/presentation/bloc/add_expense_wizard_bloc_test.dart: AddExpenseWizardBloc SubmitExpense succeeds for personal expense                                    12:35 +909 ~5: /app/test/features/add_expense/presentation/bloc/add_expense_wizard_bloc_test.dart: (tearDownAll)                                                                                       12:36 +909 ~5: /app/test/features/add_expense/presentation/bloc/add_expense_wizard_bloc_test.dart: (tearDownAll)                                                                                       12:37 +909 ~5: /app/test/features/add_expense/presentation/bloc/add_expense_wizard_bloc_test.dart: (tearDownAll)                                                                                       12:37 +909 ~5: loading /app/test/features/add_expense/presentation/bloc/add_expense_wizard_bloc_expanded_test.dart                                                                                     12:37 +909 ~5: /app/test/features/add_expense/presentation/bloc/add_expense_wizard_bloc_expanded_test.dart: (setUpAll)                                                                                 12:37 +909 ~5: /app/test/features/add_expense/presentation/bloc/add_expense_wizard_bloc_expanded_test.dart: AddExpenseWizardBloc Expansion initial state is correct                                    12:38 +909 ~5: /app/test/features/add_expense/presentation/bloc/add_expense_wizard_bloc_expanded_test.dart: AddExpenseWizardBloc Expansion initial state is correct                                    12:38 +910 ~5: /app/test/features/add_expense/presentation/bloc/add_expense_wizard_bloc_expanded_test.dart: AddExpenseWizardBloc Expansion initial state is correct                                    12:38 +910 ~5: /app/test/features/add_expense/presentation/bloc/add_expense_wizard_bloc_expanded_test.dart: AddExpenseWizardBloc Expansion DescriptionChanged updates description                      12:38 +911 ~5: /app/test/features/add_expense/presentation/bloc/add_expense_wizard_bloc_expanded_test.dart: AddExpenseWizardBloc Expansion DescriptionChanged updates description                      12:38 +911 ~5: /app/test/features/add_expense/presentation/bloc/add_expense_wizard_bloc_expanded_test.dart: AddExpenseWizardBloc Expansion CategorySelected updates category                           12:38 +912 ~5: /app/test/features/add_expense/presentation/bloc/add_expense_wizard_bloc_expanded_test.dart: AddExpenseWizardBloc Expansion CategorySelected updates category                           12:38 +912 ~5: /app/test/features/add_expense/presentation/bloc/add_expense_wizard_bloc_expanded_test.dart: AddExpenseWizardBloc Expansion DateChanged updates expenseDate                             12:38 +913 ~5: /app/test/features/add_expense/presentation/bloc/add_expense_wizard_bloc_expanded_test.dart: AddExpenseWizardBloc Expansion DateChanged updates expenseDate                             12:38 +913 ~5: /app/test/features/add_expense/presentation/bloc/add_expense_wizard_bloc_expanded_test.dart: ... Expansion ReceiptSelected updates receiptLocalPath and uploads to cloud                12:38 +914 ~5: /app/test/features/add_expense/presentation/bloc/add_expense_wizard_bloc_expanded_test.dart: ... Expansion ReceiptSelected updates receiptLocalPath and uploads to cloud                12:38 +914 ~5: /app/test/features/add_expense/presentation/bloc/add_expense_wizard_bloc_expanded_test.dart: AddExpenseWizardBloc Expansion SplitModeChanged updates splitMode and recalculated splits  12:38 +915 ~5: /app/test/features/add_expense/presentation/bloc/add_expense_wizard_bloc_expanded_test.dart: AddExpenseWizardBloc Expansion SplitModeChanged updates splitMode and recalculated splits  12:38 +915 ~5: /app/test/features/add_expense/presentation/bloc/add_expense_wizard_bloc_expanded_test.dart: AddExpenseWizardBloc Expansion SinglePayerSelected updates payers                          12:38 +916 ~5: /app/test/features/add_expense/presentation/bloc/add_expense_wizard_bloc_expanded_test.dart: AddExpenseWizardBloc Expansion SinglePayerSelected updates payers                          12:38 +916 ~5: /app/test/features/add_expense/presentation/bloc/add_expense_wizard_bloc_expanded_test.dart: AddExpenseWizardBloc Expansion SubmitExpense fails with repository error                   12:38 +916 ~5: /app/test/features/add_expense/presentation/bloc/add_expense_wizard_bloc_expanded_test.dart: AddExpenseWizardBloc Expansion SubmitExpense fails with repository error                   
‼️ SEVERE 2026-03-04 05:54:18.181314 [caller info not available] Submit failed: Exception: Failed to create
12:38 +917 ~5: /app/test/features/add_expense/presentation/bloc/add_expense_wizard_bloc_expanded_test.dart: AddExpenseWizardBloc Expansion SubmitExpense fails with repository error                   12:38 +917 ~5: /app/test/features/add_expense/presentation/bloc/add_expense_wizard_bloc_expanded_test.dart: AddExpenseWizardBloc Expansion WizardStarted resets status and transactionId               12:38 +918 ~5: /app/test/features/add_expense/presentation/bloc/add_expense_wizard_bloc_expanded_test.dart: AddExpenseWizardBloc Expansion WizardStarted resets status and transactionId               12:38 +918 ~5: /app/test/features/add_expense/presentation/bloc/add_expense_wizard_bloc_expanded_test.dart: (tearDownAll)                                                                              12:39 +918 ~5: /app/test/features/add_expense/presentation/bloc/add_expense_wizard_bloc_expanded_test.dart: (tearDownAll)                                                                              12:40 +918 ~5: /app/test/features/add_expense/presentation/bloc/add_expense_wizard_bloc_expanded_test.dart: (tearDownAll)                                                                              12:41 +918 ~5: /app/test/features/add_expense/presentation/bloc/add_expense_wizard_bloc_expanded_test.dart: (tearDownAll)                                                                              12:41 +918 ~5: loading /app/test/features/add_expense/presentation/widgets/numpad_screen_test.dart                                                                                                     12:41 +918 ~5: /app/test/features/add_expense/presentation/widgets/numpad_screen_test.dart: (setUpAll)                                                                                                 12:41 +918 ~5: /app/test/features/add_expense/presentation/widgets/numpad_screen_test.dart: NumpadScreen renders initial amount as 0                                                                   12:42 +918 ~5: /app/test/features/add_expense/presentation/widgets/numpad_screen_test.dart: NumpadScreen renders initial amount as 0                                                                   12:43 +918 ~5: /app/test/features/add_expense/presentation/widgets/numpad_screen_test.dart: NumpadScreen renders initial amount as 0                                                                   12:43 +919 ~5: /app/test/features/add_expense/presentation/widgets/numpad_screen_test.dart: NumpadScreen renders initial amount as 0                                                                   12:43 +919 ~5: /app/test/features/add_expense/presentation/widgets/numpad_screen_test.dart: NumpadScreen updates display and bloc on input                                                             12:43 +920 ~5: /app/test/features/add_expense/presentation/widgets/numpad_screen_test.dart: NumpadScreen updates display and bloc on input                                                             12:43 +920 ~5: /app/test/features/add_expense/presentation/widgets/numpad_screen_test.dart: NumpadScreen handles backspace                                                                             12:44 +920 ~5: /app/test/features/add_expense/presentation/widgets/numpad_screen_test.dart: NumpadScreen handles backspace                                                                             12:44 +921 ~5: /app/test/features/add_expense/presentation/widgets/numpad_screen_test.dart: NumpadScreen handles backspace                                                                             12:44 +921 ~5: /app/test/features/add_expense/presentation/widgets/numpad_screen_test.dart: NumpadScreen handles decimals correctly                                                                    12:44 +922 ~5: /app/test/features/add_expense/presentation/widgets/numpad_screen_test.dart: NumpadScreen handles decimals correctly                                                                    12:44 +922 ~5: /app/test/features/add_expense/presentation/widgets/numpad_screen_test.dart: (tearDownAll)                                                                                              12:44 +922 ~5: /app/test/features/add_expense/presentation/widgets/details_screen_test.dart: (setUpAll)                                                                                                12:44 +922 ~5: /app/test/features/add_expense/presentation/widgets/details_screen_test.dart: DetailsScreen renders input fields and loads categories                                                   12:45 +922 ~5: /app/test/features/add_expense/presentation/widgets/details_screen_test.dart: DetailsScreen renders input fields and loads categories                                                   12:46 +922 ~5: /app/test/features/add_expense/presentation/widgets/details_screen_test.dart: DetailsScreen renders input fields and loads categories                                                   12:47 +922 ~5: /app/test/features/add_expense/presentation/widgets/details_screen_test.dart: DetailsScreen renders input fields and loads categories                                                   12:47 +923 ~5: /app/test/features/add_expense/presentation/widgets/details_screen_test.dart: DetailsScreen renders input fields and loads categories                                                   12:47 +923 ~5: /app/test/features/add_expense/presentation/widgets/details_screen_test.dart: DetailsScreen populates description from state                                                            12:47 +924 ~5: /app/test/features/add_expense/presentation/widgets/details_screen_test.dart: DetailsScreen populates description from state                                                            12:47 +924 ~5: /app/test/features/add_expense/presentation/widgets/details_screen_test.dart: DetailsScreen updates description on change                                                               12:47 +925 ~5: /app/test/features/add_expense/presentation/widgets/details_screen_test.dart: DetailsScreen updates description on change                                                               12:47 +925 ~5: /app/test/features/add_expense/presentation/widgets/details_screen_test.dart: DetailsScreen displays categories and allows selection                                                    12:48 +925 ~5: /app/test/features/add_expense/presentation/widgets/details_screen_test.dart: DetailsScreen displays categories and allows selection                                                    12:48 +926 ~5: /app/test/features/add_expense/presentation/widgets/details_screen_test.dart: DetailsScreen displays categories and allows selection                                                    12:48 +926 ~5: /app/test/features/add_expense/presentation/widgets/details_screen_test.dart: (tearDownAll)                                                                                             12:49 +926 ~5: /app/test/features/add_expense/presentation/widgets/details_screen_test.dart: (tearDownAll)                                                                                             12:50 +926 ~5: /app/test/features/add_expense/presentation/widgets/details_screen_test.dart: (tearDownAll)                                                                                             12:50 +926 ~5: loading /app/test/features/add_expense/presentation/widgets/split_screen_test.dart                                                                                                      12:50 +926 ~5: /app/test/features/add_expense/presentation/widgets/split_screen_test.dart: SplitScreen Widget Tests renders correct total amount and split mode chips                                  12:51 +926 ~5: /app/test/features/add_expense/presentation/widgets/split_screen_test.dart: SplitScreen Widget Tests renders correct total amount and split mode chips                                  12:52 +926 ~5: /app/test/features/add_expense/presentation/widgets/split_screen_test.dart: SplitScreen Widget Tests renders correct total amount and split mode chips                                  12:52 +927 ~5: /app/test/features/add_expense/presentation/widgets/split_screen_test.dart: SplitScreen Widget Tests renders correct total amount and split mode chips                                  12:52 +927 ~5: /app/test/features/add_expense/presentation/widgets/split_screen_test.dart: SplitScreen Widget Tests switching split mode adds SplitModeChanged event                                   12:52 +928 ~5: /app/test/features/add_expense/presentation/widgets/split_screen_test.dart: SplitScreen Widget Tests switching split mode adds SplitModeChanged event                                   12:52 +928 ~5: /app/test/features/add_expense/presentation/widgets/split_screen_test.dart: SplitScreen Widget Tests entering exact value adds SplitValueChanged event                                  12:53 +928 ~5: /app/test/features/add_expense/presentation/widgets/split_screen_test.dart: SplitScreen Widget Tests entering exact value adds SplitValueChanged event                                  12:53 +929 ~5: /app/test/features/add_expense/presentation/widgets/split_screen_test.dart: SplitScreen Widget Tests entering exact value adds SplitValueChanged event                                  12:53 +929 ~5: /app/test/features/add_expense/presentation/widgets/split_screen_test.dart: SplitScreen Widget Tests tapping "Paid by" opens bottom sheet with members                                  12:54 +929 ~5: /app/test/features/add_expense/presentation/widgets/split_screen_test.dart: SplitScreen Widget Tests tapping "Paid by" opens bottom sheet with members                                  12:54 +930 ~5: /app/test/features/add_expense/presentation/widgets/split_screen_test.dart: SplitScreen Widget Tests tapping "Paid by" opens bottom sheet with members                                  12:54 +930 ~5: /app/test/features/add_expense/presentation/widgets/split_screen_test.dart: SplitScreen Widget Tests selecting payer in bottom sheet adds SinglePayerSelected event                     12:54 +931 ~5: /app/test/features/add_expense/presentation/widgets/split_screen_test.dart: SplitScreen Widget Tests selecting payer in bottom sheet adds SinglePayerSelected event                     12:54 +932 ~5: /app/test/features/add_expense/presentation/widgets/split_screen_test.dart: SplitScreen Widget Tests selecting payer in bottom sheet adds SinglePayerSelected event                     12:54 +933 ~5: /app/test/features/profile/data/datasources/profile_remote_data_source_test.dart: ProfileRemoteDataSource uploadAvatar should upload file and return url                                12:54 +934 ~5: /app/test/features/add_expense/presentation/widgets/split_screen_test.dart: SplitScreen Widget Tests SAVE button is disabled if split is invalid                                        12:54 +935 ~5: /app/test/features/add_expense/presentation/widgets/split_screen_test.dart: SplitScreen Widget Tests SAVE button is disabled if split is invalid                                        12:54 +935 ~5: /app/test/features/add_expense/presentation/widgets/split_screen_test.dart: SplitScreen Widget Tests tapping SAVE adds SubmitExpense event when valid                                   12:55 +935 ~5: /app/test/features/add_expense/presentation/widgets/split_screen_test.dart: SplitScreen Widget Tests tapping SAVE adds SubmitExpense event when valid                                   12:55 +936 ~5: /app/test/features/add_expense/presentation/widgets/split_screen_test.dart: SplitScreen Widget Tests tapping SAVE adds SubmitExpense event when valid                                   12:55 +936 ~5: /app/test/features/add_expense/presentation/widgets/split_screen_test.dart: SplitScreen Widget Tests tapping back button calls onBack callback                                          12:55 +937 ~5: /app/test/features/add_expense/presentation/widgets/split_screen_test.dart: SplitScreen Widget Tests tapping back button calls onBack callback                                          12:55 +937 ~5: /app/test/features/add_expense/presentation/widgets/split_screen_test.dart: SplitScreen Widget Tests shows snackbar on successful submission                                            12:55 +938 ~5: /app/test/features/add_expense/presentation/widgets/split_screen_test.dart: SplitScreen Widget Tests shows snackbar on successful submission                                            12:55 +938 ~5: /app/test/features/add_expense/presentation/widgets/split_screen_test.dart: SplitScreen Widget Tests AddExpenseWizardState coverage supports value equality                             12:55 +939 ~5: /app/test/features/add_expense/presentation/widgets/split_screen_test.dart: SplitScreen Widget Tests AddExpenseWizardState coverage supports value equality                             12:56 +939 ~5: /app/test/features/add_expense/presentation/widgets/split_screen_test.dart: SplitScreen Widget Tests AddExpenseWizardState coverage supports value equality                             12:57 +939 ~5: /app/test/features/add_expense/presentation/widgets/split_screen_test.dart: SplitScreen Widget Tests AddExpenseWizardState coverage supports value equality                             12:57 +939 ~5: loading /app/test/features/profile/data/datasources/profile_local_data_source_test.dart                                                                                                 12:58 +939 ~5: loading /app/test/features/profile/data/datasources/profile_local_data_source_test.dart                                                                                                 12:59 +939 ~5: loading /app/test/features/profile/data/datasources/profile_local_data_source_test.dart                                                                                                 13:00 +939 ~5: loading /app/test/features/profile/data/datasources/profile_local_data_source_test.dart                                                                                                 13:00 +939 ~5: /app/test/features/profile/data/datasources/profile_local_data_source_test.dart: (setUpAll)                                                                                             13:00 +939 ~5: /app/test/features/profile/data/datasources/profile_local_data_source_test.dart: ProfileLocalDataSource should cache ProfileModel                                                       13:00 +940 ~5: /app/test/features/profile/data/datasources/profile_local_data_source_test.dart: ProfileLocalDataSource should cache ProfileModel                                                       13:00 +940 ~5: /app/test/features/profile/data/datasources/profile_local_data_source_test.dart: ProfileLocalDataSource should return ProfileModel from Hive when there is one in the cache             13:00 +941 ~5: /app/test/features/profile/data/datasources/profile_local_data_source_test.dart: ProfileLocalDataSource should return ProfileModel from Hive when there is one in the cache             13:00 +941 ~5: /app/test/features/profile/data/datasources/profile_local_data_source_test.dart: ProfileLocalDataSource should return null when there is no cached value                                13:00 +942 ~5: /app/test/features/profile/data/datasources/profile_local_data_source_test.dart: ProfileLocalDataSource should return null when there is no cached value                                13:00 +942 ~5: /app/test/features/profile/data/datasources/profile_local_data_source_test.dart: ProfileLocalDataSource should clear cached profile                                                     13:00 +943 ~5: /app/test/features/profile/data/datasources/profile_local_data_source_test.dart: ProfileLocalDataSource should clear cached profile                                                     13:00 +943 ~5: /app/test/features/profile/data/datasources/profile_local_data_source_test.dart: (tearDownAll)                                                                                          13:01 +943 ~5: /app/test/features/profile/data/datasources/profile_local_data_source_test.dart: (tearDownAll)                                                                                          13:01 +943 ~5: loading /app/test/features/profile/data/models/profile_model_test.dart                                                                                                                  13:01 +943 ~5: /app/test/features/profile/data/models/profile_model_test.dart: ProfileModel should be a subclass of UserProfile entity                                                                 13:01 +944 ~5: /app/test/features/profile/data/models/profile_model_test.dart: ProfileModel should be a subclass of UserProfile entity                                                                 13:01 +944 ~5: /app/test/features/profile/data/models/profile_model_test.dart: ProfileModel fromEntity should return a valid model                                                                     13:01 +945 ~5: /app/test/features/profile/data/models/profile_model_test.dart: ProfileModel fromEntity should return a valid model                                                                     13:01 +945 ~5: /app/test/features/profile/data/models/profile_model_test.dart: ProfileModel fromJson should return a valid model using snake_case                                                      13:01 +946 ~5: /app/test/features/profile/data/models/profile_model_test.dart: ProfileModel fromJson should return a valid model using snake_case                                                      13:01 +946 ~5: /app/test/features/profile/data/models/profile_model_test.dart: ProfileModel toJson should return a JSON map containing proper data in snake_case                                       13:01 +947 ~5: /app/test/features/profile/data/models/profile_model_test.dart: ProfileModel toJson should return a JSON map containing proper data in snake_case                                       13:02 +947 ~5: /app/test/features/profile/data/models/profile_model_test.dart: ProfileModel toJson should return a JSON map containing proper data in snake_case                                       13:03 +947 ~5: /app/test/features/profile/data/models/profile_model_test.dart: ProfileModel toJson should return a JSON map containing proper data in snake_case                                       13:03 +947 ~5: loading /app/test/features/profile/data/repositories/profile_repository_impl_test.dart                                                                                                  13:04 +947 ~5: loading /app/test/features/profile/data/repositories/profile_repository_impl_test.dart                                                                                                  13:05 +947 ~5: loading /app/test/features/profile/data/repositories/profile_repository_impl_test.dart                                                                                                  13:06 +947 ~5: loading /app/test/features/profile/data/repositories/profile_repository_impl_test.dart                                                                                                  13:06 +947 ~5: /app/test/features/profile/data/repositories/profile_repository_impl_test.dart: getProfile should return cached profile if available and forceRefresh is false                          13:06 +948 ~5: /app/test/features/profile/data/repositories/profile_repository_impl_test.dart: getProfile should return cached profile if available and forceRefresh is false                          13:06 +948 ~5: /app/test/features/profile/data/repositories/profile_repository_impl_test.dart: getProfile should fetch from remote if cache is empty                                                   13:06 +949 ~5: /app/test/features/profile/data/repositories/profile_repository_impl_test.dart: getProfile should fetch from remote if cache is empty                                                   13:07 +949 ~5: /app/test/features/profile/data/repositories/profile_repository_impl_test.dart: getProfile should fetch from remote if cache is empty                                                   13:07 +949 ~5: loading /app/test/features/profile/domain/usecases/get_profile_usecase_test.dart                                                                                                        13:07 +949 ~5: /app/test/features/profile/domain/usecases/get_profile_usecase_test.dart: should get profile from repository                                                                            13:07 +950 ~5: /app/test/features/profile/domain/usecases/get_profile_usecase_test.dart: should get profile from repository                                                                            13:08 +950 ~5: /app/test/features/profile/domain/usecases/get_profile_usecase_test.dart: should get profile from repository                                                                            13:09 +950 ~5: /app/test/features/profile/domain/usecases/get_profile_usecase_test.dart: should get profile from repository                                                                            13:09 +950 ~5: loading /app/test/features/profile/domain/usecases/upload_avatar_usecase_test.dart                                                                                                      13:10 +950 ~5: loading /app/test/features/profile/domain/usecases/upload_avatar_usecase_test.dart                                                                                                      13:11 +950 ~5: loading /app/test/features/profile/domain/usecases/upload_avatar_usecase_test.dart                                                                                                      13:11 +950 ~5: /app/test/features/profile/domain/usecases/upload_avatar_usecase_test.dart: (setUpAll)                                                                                                  13:11 +950 ~5: /app/test/features/profile/domain/usecases/upload_avatar_usecase_test.dart: should upload avatar via repository                                                                         13:11 +951 ~5: /app/test/features/profile/domain/usecases/upload_avatar_usecase_test.dart: should upload avatar via repository                                                                         13:11 +951 ~5: /app/test/features/profile/domain/usecases/upload_avatar_usecase_test.dart: (tearDownAll)                                                                                               13:12 +951 ~5: /app/test/features/profile/domain/usecases/upload_avatar_usecase_test.dart: (tearDownAll)                                                                                               13:13 +951 ~5: /app/test/features/profile/domain/usecases/upload_avatar_usecase_test.dart: (tearDownAll)                                                                                               13:14 +951 ~5: /app/test/features/profile/domain/usecases/upload_avatar_usecase_test.dart: (tearDownAll)                                                                                               13:14 +951 ~5: loading /app/test/features/profile/domain/usecases/clear_profile_cache_usecase_test.dart                                                                                                13:14 +951 ~5: /app/test/features/profile/domain/usecases/clear_profile_cache_usecase_test.dart: should clear profile cache via repository                                                             13:14 +952 ~5: /app/test/features/profile/domain/usecases/clear_profile_cache_usecase_test.dart: should clear profile cache via repository                                                             13:14 +952 ~5: loading /app/test/features/profile/domain/usecases/update_profile_usecase_test.dart                                                                                                     13:15 +952 ~5: loading /app/test/features/profile/domain/usecases/update_profile_usecase_test.dart                                                                                                     13:16 +952 ~5: loading /app/test/features/profile/domain/usecases/update_profile_usecase_test.dart                                                                                                     13:17 +952 ~5: loading /app/test/features/profile/domain/usecases/update_profile_usecase_test.dart                                                                                                     13:17 +952 ~5: /app/test/features/profile/domain/usecases/update_profile_usecase_test.dart: (setUpAll)                                                                                                 13:17 +952 ~5: /app/test/features/profile/domain/usecases/update_profile_usecase_test.dart: should update profile via repository                                                                       13:17 +953 ~5: /app/test/features/profile/domain/usecases/update_profile_usecase_test.dart: should update profile via repository                                                                       13:17 +953 ~5: /app/test/features/profile/domain/usecases/update_profile_usecase_test.dart: (tearDownAll)                                                                                              13:18 +953 ~5: /app/test/features/profile/domain/usecases/update_profile_usecase_test.dart: (tearDownAll)                                                                                              13:19 +953 ~5: /app/test/features/profile/domain/usecases/update_profile_usecase_test.dart: (tearDownAll)                                                                                              13:19 +953 ~5: loading /app/test/features/profile/domain/entities/user_profile_test.dart                                                                                                               13:19 +953 ~5: /app/test/features/profile/domain/entities/user_profile_test.dart: UserProfile supports value comparisons                                                                               13:19 +954 ~5: /app/test/features/profile/domain/entities/user_profile_test.dart: UserProfile supports value comparisons                                                                               13:19 +954 ~5: /app/test/features/profile/domain/entities/user_profile_test.dart: UserProfile props includes upiId                                                                                     13:19 +955 ~5: /app/test/features/profile/domain/entities/user_profile_test.dart: UserProfile props includes upiId                                                                                     13:20 +955 ~5: /app/test/features/profile/domain/entities/user_profile_test.dart: UserProfile props includes upiId                                                                                     13:20 +955 ~5: loading /app/test/features/profile/presentation/bloc/profile_bloc_test.dart                                                                                                             13:21 +955 ~5: loading /app/test/features/profile/presentation/bloc/profile_bloc_test.dart                                                                                                             13:22 +955 ~5: loading /app/test/features/profile/presentation/bloc/profile_bloc_test.dart                                                                                                             13:22 +955 ~5: /app/test/features/profile/presentation/bloc/profile_bloc_test.dart: (setUpAll)                                                                                                         13:22 +955 ~5: /app/test/features/profile/presentation/bloc/profile_bloc_test.dart: ProfileBloc initial state is ProfileInitial                                                                        13:22 +956 ~5: /app/test/features/profile/presentation/bloc/profile_bloc_test.dart: ProfileBloc initial state is ProfileInitial                                                                        13:22 +956 ~5: /app/test/features/profile/presentation/bloc/profile_bloc_test.dart: ProfileBloc emits [ProfileLoading, ProfileLoaded] when FetchProfile is added                                       13:22 +957 ~5: /app/test/features/profile/presentation/bloc/profile_bloc_test.dart: ProfileBloc emits [ProfileLoading, ProfileLoaded] when FetchProfile is added                                       13:22 +957 ~5: /app/test/features/profile/presentation/bloc/profile_bloc_test.dart: ProfileBloc emits [ProfileLoading, ProfileError] when FetchProfile fails                                           13:22 +958 ~5: /app/test/features/profile/presentation/bloc/profile_bloc_test.dart: ProfileBloc emits [ProfileLoading, ProfileError] when FetchProfile fails                                           13:22 +958 ~5: /app/test/features/profile/presentation/bloc/profile_bloc_test.dart: ProfileBloc emits [ProfileLoading, ProfileLoaded] when UpdateProfile is added                                      13:22 +959 ~5: /app/test/features/profile/presentation/bloc/profile_bloc_test.dart: ProfileBloc emits [ProfileLoading, ProfileLoaded] when UpdateProfile is added                                      13:22 +959 ~5: /app/test/features/profile/presentation/bloc/profile_bloc_test.dart: ProfileBloc emits [ProfileLoading, ProfileLoaded] with new avatar when UploadAvatar is added                       13:22 +960 ~5: /app/test/features/profile/presentation/bloc/profile_bloc_test.dart: ProfileBloc emits [ProfileLoading, ProfileLoaded] with new avatar when UploadAvatar is added                       13:22 +960 ~5: /app/test/features/profile/presentation/bloc/profile_bloc_test.dart: (tearDownAll)                                                                                                      13:23 +960 ~5: /app/test/features/profile/presentation/bloc/profile_bloc_test.dart: (tearDownAll)                                                                                                      13:24 +960 ~5: /app/test/features/profile/presentation/bloc/profile_bloc_test.dart: (tearDownAll)                                                                                                      13:24 +960 ~5: loading /app/test/features/profile/presentation/pages/profile_setup_page_test.dart                                                                                                      13:24 +960 ~5: /app/test/features/profile/presentation/pages/profile_setup_page_test.dart: ProfileSetupPage renders all fields including UPI ID                                                        13:25 +960 ~5: /app/test/features/profile/presentation/pages/profile_setup_page_test.dart: ProfileSetupPage renders all fields including UPI ID                                                        13:26 +960 ~5: /app/test/features/profile/presentation/pages/profile_setup_page_test.dart: ProfileSetupPage renders all fields including UPI ID                                                        13:27 +960 ~5: /app/test/features/profile/presentation/pages/profile_setup_page_test.dart: ProfileSetupPage renders all fields including UPI ID                                                        13:27 +961 ~5: /app/test/features/profile/presentation/pages/profile_setup_page_test.dart: ProfileSetupPage renders all fields including UPI ID                                                        13:27 +961 ~5: /app/test/features/profile/presentation/pages/profile_setup_page_test.dart: Submitting form dispatches UpdateProfile event with new values                                              13:28 +961 ~5: /app/test/features/profile/presentation/pages/profile_setup_page_test.dart: Submitting form dispatches UpdateProfile event with new values                                              13:28 +962 ~5: /app/test/features/profile/presentation/pages/profile_setup_page_test.dart: Submitting form dispatches UpdateProfile event with new values                                              13:28 +962 ~5: /app/test/features/profile/presentation/pages/profile_setup_page_test.dart: Validates required name field                                                                               13:28 +963 ~5: /app/test/features/profile/presentation/pages/profile_setup_page_test.dart: Validates required name field                                                                               13:29 +963 ~5: loading /app/test/features/settings/data/datasources/settings_local_data_source_test.dart                                                                                               13:29 +963 ~5: /app/test/features/settings/data/datasources/settings_local_data_source_test.dart: SettingsLocalDataSource saveThemeMode should save to prefs                                           13:29 +963 ~5: /app/test/features/settings/data/datasources/settings_local_data_source_test.dart: SettingsLocalDataSource saveThemeMode should save to prefs                                           
👻 INFO 2026-03-04 05:55:08.826059 [caller info not available] [SettingsDS] Saved Theme Mode: 'dark'
13:29 +964 ~5: /app/test/features/settings/data/datasources/settings_local_data_source_test.dart: SettingsLocalDataSource saveThemeMode should save to prefs                                           13:29 +964 ~5: /app/test/features/settings/data/datasources/settings_local_data_source_test.dart: SettingsLocalDataSource getThemeMode should return saved mode                                        13:29 +965 ~5: /app/test/features/settings/data/datasources/settings_local_data_source_test.dart: SettingsLocalDataSource getThemeMode should return saved mode                                        13:29 +965 ~5: /app/test/features/settings/data/datasources/settings_local_data_source_test.dart: SettingsLocalDataSource getThemeMode should return default when null                                 13:29 +966 ~5: /app/test/features/settings/data/datasources/settings_local_data_source_test.dart: SettingsLocalDataSource getThemeMode should return default when null                                 13:29 +966 ~5: /app/test/features/settings/data/datasources/settings_local_data_source_test.dart: SettingsLocalDataSource saveUIMode should save to prefs                                              13:29 +966 ~5: /app/test/features/settings/data/datasources/settings_local_data_source_test.dart: SettingsLocalDataSource saveUIMode should save to prefs                                              
👻 INFO 2026-03-04 05:55:08.874421 [caller info not available] [SettingsDS] Saved UI Mode: 'elemental'
13:29 +967 ~5: /app/test/features/settings/data/datasources/settings_local_data_source_test.dart: SettingsLocalDataSource saveUIMode should save to prefs                                              13:29 +967 ~5: /app/test/features/settings/data/datasources/settings_local_data_source_test.dart: SettingsLocalDataSource getUIMode should return saved mode                                           13:29 +968 ~5: /app/test/features/settings/data/datasources/settings_local_data_source_test.dart: SettingsLocalDataSource getUIMode should return saved mode                                           13:29 +968 ~5: /app/test/features/settings/data/datasources/settings_local_data_source_test.dart: SettingsLocalDataSource getUIMode should return default when null                                    13:29 +969 ~5: /app/test/features/settings/data/datasources/settings_local_data_source_test.dart: SettingsLocalDataSource getUIMode should return default when null                                    13:29 +969 ~5: /app/test/features/settings/data/datasources/settings_local_data_source_test.dart: SettingsLocalDataSource saveAppLockEnabled should save to prefs                                      13:29 +969 ~5: /app/test/features/settings/data/datasources/settings_local_data_source_test.dart: SettingsLocalDataSource saveAppLockEnabled should save to prefs                                      
👻 INFO 2026-03-04 05:55:08.911044 [caller info not available] [SettingsDS] Saved App Lock Enabled: true
13:29 +970 ~5: /app/test/features/settings/data/datasources/settings_local_data_source_test.dart: SettingsLocalDataSource saveAppLockEnabled should save to prefs                                      13:29 +970 ~5: /app/test/features/settings/data/datasources/settings_local_data_source_test.dart: SettingsLocalDataSource getAppLockEnabled should return saved value                                  13:29 +971 ~5: /app/test/features/settings/data/datasources/settings_local_data_source_test.dart: SettingsLocalDataSource getAppLockEnabled should return saved value                                  13:29 +971 ~5: /app/test/features/settings/data/datasources/settings_local_data_source_test.dart: SettingsLocalDataSource getAppLockEnabled should return default (false) when null                    13:29 +972 ~5: /app/test/features/settings/data/datasources/settings_local_data_source_test.dart: SettingsLocalDataSource getAppLockEnabled should return default (false) when null                    13:30 +972 ~5: /app/test/features/settings/data/datasources/settings_local_data_source_test.dart: SettingsLocalDataSource getAppLockEnabled should return default (false) when null                    13:31 +972 ~5: /app/test/features/settings/data/datasources/settings_local_data_source_test.dart: SettingsLocalDataSource getAppLockEnabled should return default (false) when null                    13:31 +972 ~5: loading /app/test/features/settings/data/repositories/data_management_repository_impl_test.dart                                                                                         13:32 +972 ~5: loading /app/test/features/settings/data/repositories/data_management_repository_impl_test.dart                                                                                         13:33 +972 ~5: loading /app/test/features/settings/data/repositories/data_management_repository_impl_test.dart                                                                                         13:33 +972 ~5: /app/test/features/settings/data/repositories/data_management_repository_impl_test.dart: should gather all data for backup                                                              13:33 +972 ~5: /app/test/features/settings/data/repositories/data_management_repository_impl_test.dart: should gather all data for backup                                                              
👻 INFO 2026-03-04 05:55:13.680411 [caller info not available] [DataMgmtRepo] getAllDataForBackup called.
👻 INFO 2026-03-04 05:55:13.695717 [caller info not available] [DataMgmtRepo] Fetched: 0 accounts, 0 expenses, 0 incomes, 0 categories.
13:33 +973 ~5: /app/test/features/settings/data/repositories/data_management_repository_impl_test.dart: should gather all data for backup                                                              13:33 +973 ~5: /app/test/features/settings/data/repositories/data_management_repository_impl_test.dart: should clear all data                                                                          13:33 +973 ~5: /app/test/features/settings/data/repositories/data_management_repository_impl_test.dart: should clear all data                                                                          
👻 INFO 2026-03-04 05:55:13.722068 [caller info not available] [DataMgmtRepo] clearAllData called.
👻 INFO 2026-03-04 05:55:13.723568 [caller info not available] [DataMgmtRepo] Clearing all Hive boxes...
👻 INFO 2026-03-04 05:55:13.727362 [caller info not available] [DataMgmtRepo] All boxes cleared successfully. Cleared 14 boxes.
13:33 +974 ~5: /app/test/features/settings/data/repositories/data_management_repository_impl_test.dart: should clear all data                                                                          13:34 +974 ~5: /app/test/features/settings/data/repositories/data_management_repository_impl_test.dart: should clear all data                                                                          13:35 +974 ~5: /app/test/features/settings/data/repositories/data_management_repository_impl_test.dart: should clear all data                                                                          13:35 +974 ~5: loading /app/test/features/settings/data/repositories/settings_repository_impl_test.dart                                                                                                13:35 +974 ~5: /app/test/features/settings/data/repositories/settings_repository_impl_test.dart: (setUpAll)                                                                                            13:35 +974 ~5: /app/test/features/settings/data/repositories/settings_repository_impl_test.dart: ThemeMode getThemeMode returns Right(ThemeMode) on success                                            13:35 +975 ~5: /app/test/features/settings/data/repositories/settings_repository_impl_test.dart: ThemeMode getThemeMode returns Right(ThemeMode) on success                                            13:35 +975 ~5: /app/test/features/settings/data/repositories/settings_repository_impl_test.dart: ThemeMode getThemeMode returns Left(SettingsFailure) on error                                         13:35 +975 ~5: /app/test/features/settings/data/repositories/settings_repository_impl_test.dart: ThemeMode getThemeMode returns Left(SettingsFailure) on error                                         
‼️ SEVERE 2026-03-04 05:55:15.540932 [caller info not available] [SettingsRepo] Error getting theme modeException: Error#0      When.thenThrow.<anonymous closure> (package:mocktail/src/mocktail.dart:249:7)
#1      Mock.noSuchMethod (package:mocktail/src/mocktail.dart:131:37)
#2      MockSettingsLocalDataSource.getThemeMode (file:///app/test/features/settings/data/repositories/settings_repository_impl_test.dart:10:7)
#3      SettingsRepositoryImpl.getThemeMode (package:expense_tracker/features/settings/data/repositories/settings_repository_impl.dart:23:47)
#4      main.<anonymous closure>.<anonymous closure> (file:///app/test/features/settings/data/repositories/settings_repository_impl_test.dart:38:39)
#5      Declarer.test.<anonymous closure>.<anonymous closure> (package:test_api/src/backend/declarer.dart:242:19)
<asynchronous suspension>
#6      Declarer.test.<anonymous closure> (package:test_api/src/backend/declarer.dart:240:7)
<asynchronous suspension>
#7      Invoker._waitForOutstandingCallbacks.<anonymous closure> (package:test_api/src/backend/invoker.dart:282:9)
<asynchronous suspension>

13:35 +976 ~5: /app/test/features/settings/data/repositories/settings_repository_impl_test.dart: ThemeMode getThemeMode returns Left(SettingsFailure) on error                                         13:35 +976 ~5: /app/test/features/settings/data/repositories/settings_repository_impl_test.dart: ThemeMode saveThemeMode returns Right(null) on success                                                13:35 +976 ~5: /app/test/features/settings/data/repositories/settings_repository_impl_test.dart: ThemeMode saveThemeMode returns Right(null) on success                                                
👻 INFO 2026-03-04 05:55:15.575307 [caller info not available] [SettingsRepo] Saving theme mode: light
👻 INFO 2026-03-04 05:55:15.581267 [caller info not available] [SettingsRepo] Theme mode saved successfully.
13:35 +977 ~5: /app/test/features/settings/data/repositories/settings_repository_impl_test.dart: ThemeMode saveThemeMode returns Right(null) on success                                                13:35 +977 ~5: /app/test/features/settings/data/repositories/settings_repository_impl_test.dart: ThemeMode saveThemeMode returns Left(SettingsFailure) on error                                        13:35 +977 ~5: /app/test/features/settings/data/repositories/settings_repository_impl_test.dart: ThemeMode saveThemeMode returns Left(SettingsFailure) on error                                        
👻 INFO 2026-03-04 05:55:15.594347 [caller info not available] [SettingsRepo] Saving theme mode: light
‼️ SEVERE 2026-03-04 05:55:15.594839 [caller info not available] [SettingsRepo] Error saving theme modeException: Error#0      When.thenThrow.<anonymous closure> (package:mocktail/src/mocktail.dart:249:7)
#1      Mock.noSuchMethod (package:mocktail/src/mocktail.dart:131:37)
#2      MockSettingsLocalDataSource.saveThemeMode (file:///app/test/features/settings/data/repositories/settings_repository_impl_test.dart:10:7)
#3      SettingsRepositoryImpl.saveThemeMode (package:expense_tracker/features/settings/data/repositories/settings_repository_impl.dart:37:29)
#4      main.<anonymous closure>.<anonymous closure> (file:///app/test/features/settings/data/repositories/settings_repository_impl_test.dart:59:39)
#5      Declarer.test.<anonymous closure>.<anonymous closure> (package:test_api/src/backend/declarer.dart:242:19)
<asynchronous suspension>
#6      Declarer.test.<anonymous closure> (package:test_api/src/backend/declarer.dart:240:7)
<asynchronous suspension>
#7      Invoker._waitForOutstandingCallbacks.<anonymous closure> (package:test_api/src/backend/invoker.dart:282:9)
<asynchronous suspension>

13:35 +978 ~5: /app/test/features/settings/data/repositories/settings_repository_impl_test.dart: ThemeMode saveThemeMode returns Left(SettingsFailure) on error                                        13:35 +978 ~5: /app/test/features/settings/data/repositories/settings_repository_impl_test.dart: PaletteIdentifier getPaletteIdentifier returns Right(String) on success                               13:35 +979 ~5: /app/test/features/settings/data/repositories/settings_repository_impl_test.dart: PaletteIdentifier getPaletteIdentifier returns Right(String) on success                               13:35 +979 ~5: /app/test/features/settings/data/repositories/settings_repository_impl_test.dart: PaletteIdentifier savePaletteIdentifier returns Right(null) on success                                13:35 +979 ~5: /app/test/features/settings/data/repositories/settings_repository_impl_test.dart: PaletteIdentifier savePaletteIdentifier returns Right(null) on success                                
👻 INFO 2026-03-04 05:55:15.616773 [caller info not available] [SettingsRepo] Saving palette identifier: palette2
👻 INFO 2026-03-04 05:55:15.617594 [caller info not available] [SettingsRepo] Palette identifier saved successfully.
13:35 +980 ~5: /app/test/features/settings/data/repositories/settings_repository_impl_test.dart: PaletteIdentifier savePaletteIdentifier returns Right(null) on success                                13:35 +980 ~5: /app/test/features/settings/data/repositories/settings_repository_impl_test.dart: UIMode getUIMode returns Right(UIMode) on success                                                     13:35 +981 ~5: /app/test/features/settings/data/repositories/settings_repository_impl_test.dart: UIMode getUIMode returns Right(UIMode) on success                                                     13:35 +981 ~5: /app/test/features/settings/data/repositories/settings_repository_impl_test.dart: UIMode saveUIMode returns Right(null) on success                                                      13:35 +981 ~5: /app/test/features/settings/data/repositories/settings_repository_impl_test.dart: UIMode saveUIMode returns Right(null) on success                                                      
👻 INFO 2026-03-04 05:55:15.644032 [caller info not available] [SettingsRepo] Saving UI mode: elemental
👻 INFO 2026-03-04 05:55:15.647236 [caller info not available] [SettingsRepo] UI mode saved successfully.
13:35 +982 ~5: /app/test/features/settings/data/repositories/settings_repository_impl_test.dart: UIMode saveUIMode returns Right(null) on success                                                      13:35 +982 ~5: /app/test/features/settings/data/repositories/settings_repository_impl_test.dart: CountryCode getSelectedCountryCode returns Right(String?) on success                                  13:35 +983 ~5: /app/test/features/settings/data/repositories/settings_repository_impl_test.dart: CountryCode getSelectedCountryCode returns Right(String?) on success                                  13:35 +983 ~5: /app/test/features/settings/data/repositories/settings_repository_impl_test.dart: CountryCode saveSelectedCountryCode returns Right(null) on success                                    13:35 +983 ~5: /app/test/features/settings/data/repositories/settings_repository_impl_test.dart: CountryCode saveSelectedCountryCode returns Right(null) on success                                    
👻 INFO 2026-03-04 05:55:15.679117 [caller info not available] [SettingsRepo] Saving selected country code: GB
👻 INFO 2026-03-04 05:55:15.682231 [caller info not available] [SettingsRepo] Selected country code saved successfully.
13:35 +984 ~5: /app/test/features/settings/data/repositories/settings_repository_impl_test.dart: CountryCode saveSelectedCountryCode returns Right(null) on success                                    13:35 +984 ~5: /app/test/features/settings/data/repositories/settings_repository_impl_test.dart: CurrencySymbol getCurrencySymbol returns correct symbol for country code                              13:35 +985 ~5: /app/test/features/settings/data/repositories/settings_repository_impl_test.dart: CurrencySymbol getCurrencySymbol returns correct symbol for country code                              13:35 +985 ~5: /app/test/features/settings/data/repositories/settings_repository_impl_test.dart: CurrencySymbol getCurrencySymbol defaults if country code fetch fails                                 13:35 +985 ~5: /app/test/features/settings/data/repositories/settings_repository_impl_test.dart: CurrencySymbol getCurrencySymbol defaults if country code fetch fails                                 
‼️ SEVERE 2026-03-04 05:55:15.700183 [caller info not available] [SettingsRepo] Error getting selected country codeException: Error#0      When.thenThrow.<anonymous closure> (package:mocktail/src/mocktail.dart:249:7)
#1      Mock.noSuchMethod (package:mocktail/src/mocktail.dart:131:37)
#2      MockSettingsLocalDataSource.getSelectedCountryCode (file:///app/test/features/settings/data/repositories/settings_repository_impl_test.dart:10:7)
#3      SettingsRepositoryImpl.getSelectedCountryCode (package:expense_tracker/features/settings/data/repositories/settings_repository_impl.dart:113:42)
#4      SettingsRepositoryImpl.getCurrencySymbol (package:expense_tracker/features/settings/data/repositories/settings_repository_impl.dart:149:32)
#5      main.<anonymous closure>.<anonymous closure> (file:///app/test/features/settings/data/repositories/settings_repository_impl_test.dart:142:39)
#6      Declarer.test.<anonymous closure>.<anonymous closure> (package:test_api/src/backend/declarer.dart:242:19)
<asynchronous suspension>
#7      Declarer.test.<anonymous closure> (package:test_api/src/backend/declarer.dart:240:7)
<asynchronous suspension>
#8      Invoker._waitForOutstandingCallbacks.<anonymous closure> (package:test_api/src/backend/invoker.dart:282:9)
<asynchronous suspension>

⚠️ WARNING 2026-03-04 05:55:15.703374 [caller info not available] [SettingsRepo] Failed to get country code for currency derivation: Failed to load country setting: Exception: Error. Defaulting.
13:35 +986 ~5: /app/test/features/settings/data/repositories/settings_repository_impl_test.dart: CurrencySymbol getCurrencySymbol defaults if country code fetch fails                                 13:35 +986 ~5: /app/test/features/settings/data/repositories/settings_repository_impl_test.dart: AppLock getAppLockEnabled returns Right(bool) on success                                              13:35 +987 ~5: /app/test/features/settings/data/repositories/settings_repository_impl_test.dart: AppLock getAppLockEnabled returns Right(bool) on success                                              13:35 +987 ~5: /app/test/features/settings/data/repositories/settings_repository_impl_test.dart: AppLock saveAppLockEnabled returns Right(null) on success                                             13:35 +987 ~5: /app/test/features/settings/data/repositories/settings_repository_impl_test.dart: AppLock saveAppLockEnabled returns Right(null) on success                                             
👻 INFO 2026-03-04 05:55:15.725787 [caller info not available] [SettingsRepo] Saving app lock status: false
👻 INFO 2026-03-04 05:55:15.728976 [caller info not available] [SettingsRepo] App lock status saved successfully.
13:35 +988 ~5: /app/test/features/settings/data/repositories/settings_repository_impl_test.dart: AppLock saveAppLockEnabled returns Right(null) on success                                             13:35 +988 ~5: /app/test/features/settings/data/repositories/settings_repository_impl_test.dart: (tearDownAll)                                                                                         13:36 +988 ~5: /app/test/features/settings/data/repositories/settings_repository_impl_test.dart: (tearDownAll)                                                                                         13:36 +988 ~5: loading /app/test/features/settings/domain/usecases/restore_data_usecase_test.dart                                                                                                      13:37 +988 ~5: loading /app/test/features/settings/domain/usecases/restore_data_usecase_test.dart                                                                                                      13:38 +988 ~5: loading /app/test/features/settings/domain/usecases/restore_data_usecase_test.dart                                                                                                      13:39 +988 ~5: loading /app/test/features/settings/domain/usecases/restore_data_usecase_test.dart                                                                                                      13:39 +988 ~5: /app/test/features/settings/domain/usecases/restore_data_usecase_test.dart: (setUpAll)                                                                                                  13:39 +988 ~5: /app/test/features/settings/domain/usecases/restore_data_usecase_test.dart: fails when backup format version mismatches                                                                 13:39 +988 ~5: /app/test/features/settings/domain/usecases/restore_data_usecase_test.dart: fails when backup format version mismatches                                                                 
👻 INFO 2026-03-04 05:55:19.551703 [caller info not available] [RestoreUseCase] Restore process started. Platform: Non-Web
👻 INFO 2026-03-04 05:55:19.562213 [caller info not available] [RestoreUseCase] Prompting user to pick backup file...
👻 INFO 2026-03-04 05:55:19.567401 [caller info not available] [RestoreUseCase] User selected file: backup.json
👻 INFO 2026-03-04 05:55:19.573402 [caller info not available] [RestoreUseCase] Reading file content...
👻 INFO 2026-03-04 05:55:19.575122 [caller info not available] [RestoreUseCase] File content read and decoded (260 chars).
👻 INFO 2026-03-04 05:55:19.575896 [caller info not available] [RestoreUseCase] Decoding encrypted payload...
👻 INFO 2026-03-04 05:55:19.599420 [caller info not available] [RestoreUseCase] JSON decoded.
⚠️ WARNING 2026-03-04 05:55:19.605168 [caller info not available] [RestoreUseCase] Backup format version mismatch. Found: 0.9, Expected: 1.0
13:39 +989 ~5: /app/test/features/settings/domain/usecases/restore_data_usecase_test.dart: fails when backup format version mismatches                                                                 13:39 +989 ~5: /app/test/features/settings/domain/usecases/restore_data_usecase_test.dart: (tearDownAll)                                                                                               13:40 +989 ~5: /app/test/features/settings/domain/usecases/restore_data_usecase_test.dart: (tearDownAll)                                                                                               13:40 +989 ~5: loading /app/test/features/settings/domain/usecases/clear_all_data_usecase_test.dart                                                                                                    13:41 +989 ~5: loading /app/test/features/settings/domain/usecases/clear_all_data_usecase_test.dart                                                                                                    13:42 +989 ~5: loading /app/test/features/settings/domain/usecases/clear_all_data_usecase_test.dart                                                                                                    13:43 +989 ~5: loading /app/test/features/settings/domain/usecases/clear_all_data_usecase_test.dart                                                                                                    13:44 +989 ~5: loading /app/test/features/settings/domain/usecases/clear_all_data_usecase_test.dart                                                                                                    13:44 +989 ~5: /app/test/features/settings/domain/usecases/clear_all_data_usecase_test.dart: should clear all data using the repository                                                                13:44 +989 ~5: /app/test/features/settings/domain/usecases/clear_all_data_usecase_test.dart: should clear all data using the repository                                                                
👻 INFO 2026-03-04 05:55:24.235783 [caller info not available] [ClearAllDataUseCase] Clear process started.
👻 INFO 2026-03-04 05:55:24.244744 [caller info not available] [ClearAllDataUseCase] Calling repository.clearAllData...
👻 INFO 2026-03-04 05:55:24.256702 [caller info not available] [ClearAllDataUseCase] Repository clear successful.
13:44 +990 ~5: /app/test/features/settings/domain/usecases/clear_all_data_usecase_test.dart: should clear all data using the repository                                                                13:44 +990 ~5: /app/test/features/settings/domain/usecases/clear_all_data_usecase_test.dart: should return failure when repository fails                                                               13:44 +990 ~5: /app/test/features/settings/domain/usecases/clear_all_data_usecase_test.dart: should return failure when repository fails                                                               
👻 INFO 2026-03-04 05:55:24.289258 [caller info not available] [ClearAllDataUseCase] Clear process started.
👻 INFO 2026-03-04 05:55:24.291050 [caller info not available] [ClearAllDataUseCase] Calling repository.clearAllData...
⚠️ WARNING 2026-03-04 05:55:24.293880 [caller info not available] [ClearAllDataUseCase] Repository clear failed: Failed
13:44 +991 ~5: /app/test/features/settings/domain/usecases/clear_all_data_usecase_test.dart: should return failure when repository fails                                                               13:44 +991 ~5: loading /app/test/features/settings/domain/usecases/toggle_app_lock_test.dart                                                                                                           13:45 +991 ~5: loading /app/test/features/settings/domain/usecases/toggle_app_lock_test.dart                                                                                                           13:46 +991 ~5: loading /app/test/features/settings/domain/usecases/toggle_app_lock_test.dart                                                                                                           13:47 +991 ~5: loading /app/test/features/settings/domain/usecases/toggle_app_lock_test.dart                                                                                                           13:48 +991 ~5: loading /app/test/features/settings/domain/usecases/toggle_app_lock_test.dart                                                                                                           13:48 +991 ~5: /app/test/features/settings/domain/usecases/toggle_app_lock_test.dart: should enable app lock when biometrics are available and save to repository                                      13:48 +992 ~5: /app/test/features/settings/domain/usecases/toggle_app_lock_test.dart: should enable app lock when biometrics are available and save to repository                                      13:48 +992 ~5: /app/test/features/settings/domain/usecases/toggle_app_lock_test.dart: should return validation failure when enabling but biometrics unavailable                                        13:48 +993 ~5: /app/test/features/settings/domain/usecases/toggle_app_lock_test.dart: should return validation failure when enabling but biometrics unavailable                                        13:48 +993 ~5: /app/test/features/settings/domain/usecases/toggle_app_lock_test.dart: should disable app lock without checking biometrics                                                              13:48 +994 ~5: /app/test/features/settings/domain/usecases/toggle_app_lock_test.dart: should disable app lock without checking biometrics                                                              13:49 +994 ~5: /app/test/features/settings/domain/usecases/toggle_app_lock_test.dart: should disable app lock without checking biometrics                                                              13:50 +994 ~5: /app/test/features/settings/domain/usecases/toggle_app_lock_test.dart: should disable app lock without checking biometrics                                                              13:50 +994 ~5: loading /app/test/features/settings/domain/usecases/backup_data_usecase_test.dart                                                                                                       13:50 +994 ~5: /app/test/features/settings/domain/usecases/backup_data_usecase_test.dart: (setUpAll)                                                                                                   13:50 +994 ~5: /app/test/features/settings/domain/usecases/backup_data_usecase_test.dart: returns BackupFailure when data retrieval fails                                                              13:50 +994 ~5: /app/test/features/settings/domain/usecases/backup_data_usecase_test.dart: returns BackupFailure when data retrieval fails                                                              
👻 INFO 2026-03-04 05:55:30.330975 [caller info not available] [BackupUseCase] Backup process started. Platform: Non-Web
👻 INFO 2026-03-04 05:55:30.342461 [caller info not available] [BackupUseCase] Fetching all data...
⚠️ WARNING 2026-03-04 05:55:30.351516 [caller info not available] [BackupUseCase] Failed to retrieve data for backup.
13:50 +995 ~5: /app/test/features/settings/domain/usecases/backup_data_usecase_test.dart: returns BackupFailure when data retrieval fails                                                              13:50 +995 ~5: /app/test/features/settings/domain/usecases/backup_data_usecase_test.dart: calls saveFile via service and handles success                                                               13:50 +995 ~5: /app/test/features/settings/domain/usecases/backup_data_usecase_test.dart: calls saveFile via service and handles success                                                               
👻 INFO 2026-03-04 05:55:30.441116 [caller info not available] [BackupUseCase] Backup process started. Platform: Non-Web
👻 INFO 2026-03-04 05:55:30.442691 [caller info not available] [BackupUseCase] Fetching all data...
👻 INFO 2026-03-04 05:55:30.455475 [caller info not available] [BackupUseCase] Data fetched.
👻 INFO 2026-03-04 05:55:30.455874 [caller info not available] [BackupUseCase] Fetching package info...
👻 INFO 2026-03-04 05:55:30.468681 [caller info not available] [BackupUseCase] App version: 1.0.0+1
👻 INFO 2026-03-04 05:55:30.472301 [caller info not available] [BackupUseCase] Backup structure prepared.
👻 INFO 2026-03-04 05:55:30.472651 [caller info not available] [BackupUseCase] Encoding data to JSON...
👻 INFO 2026-03-04 05:55:30.603257 [caller info not available] [BackupUseCase] Platform is Non-Web. Prompting user for save file location...
👻 INFO 2026-03-04 05:55:30.606764 [caller info not available] [BackupUseCase] User selected path: /tmp/WNXQMK/backup.json
👻 INFO 2026-03-04 05:55:30.608731 [caller info not available] [BackupUseCase] Writing JSON to file: /tmp/WNXQMK/backup.json...
👻 INFO 2026-03-04 05:55:30.632546 [caller info not available] [BackupUseCase] File written successfully.
13:50 +996 ~5: /app/test/features/settings/domain/usecases/backup_data_usecase_test.dart: calls saveFile via service and handles success                                                               13:50 +996 ~5: /app/test/features/settings/domain/usecases/backup_data_usecase_test.dart: handles user cancellation in file picker                                                                     13:50 +996 ~5: /app/test/features/settings/domain/usecases/backup_data_usecase_test.dart: handles user cancellation in file picker                                                                     
👻 INFO 2026-03-04 05:55:30.649629 [caller info not available] [BackupUseCase] Backup process started. Platform: Non-Web
👻 INFO 2026-03-04 05:55:30.649998 [caller info not available] [BackupUseCase] Fetching all data...
👻 INFO 2026-03-04 05:55:30.651713 [caller info not available] [BackupUseCase] Data fetched.
👻 INFO 2026-03-04 05:55:30.653087 [caller info not available] [BackupUseCase] Fetching package info...
👻 INFO 2026-03-04 05:55:30.654262 [caller info not available] [BackupUseCase] App version: 1.0.0+1
👻 INFO 2026-03-04 05:55:30.657267 [caller info not available] [BackupUseCase] Backup structure prepared.
👻 INFO 2026-03-04 05:55:30.657505 [caller info not available] [BackupUseCase] Encoding data to JSON...
👻 INFO 2026-03-04 05:55:30.665139 [caller info not available] [BackupUseCase] Platform is Non-Web. Prompting user for save file location...
👻 INFO 2026-03-04 05:55:30.667401 [caller info not available] [BackupUseCase] User cancelled file picker.
13:50 +997 ~5: /app/test/features/settings/domain/usecases/backup_data_usecase_test.dart: handles user cancellation in file picker                                                                     13:50 +997 ~5: /app/test/features/settings/domain/usecases/backup_data_usecase_test.dart: (tearDownAll)                                                                                                13:51 +997 ~5: /app/test/features/settings/domain/usecases/backup_data_usecase_test.dart: (tearDownAll)                                                                                                13:51 +997 ~5: loading /app/test/features/settings/presentation/bloc/data_management/data_management_state_test.dart                                                                                   13:52 +997 ~5: loading /app/test/features/settings/presentation/bloc/data_management/data_management_state_test.dart                                                                                   13:53 +997 ~5: loading /app/test/features/settings/presentation/bloc/data_management/data_management_state_test.dart                                                                                   13:54 +997 ~5: loading /app/test/features/settings/presentation/bloc/data_management/data_management_state_test.dart                                                                                   13:54 +997 ~5: /app/test/features/settings/presentation/bloc/data_management/data_management_state_test.dart: DataManagementState equality works                                                       13:54 +998 ~5: /app/test/features/settings/presentation/bloc/data_management/data_management_state_test.dart: DataManagementState equality works                                                       13:54 +998 ~5: /app/test/features/settings/presentation/bloc/data_management/data_management_state_test.dart: DataManagementState copyWith works                                                       13:54 +999 ~5: /app/test/features/settings/presentation/bloc/data_management/data_management_state_test.dart: DataManagementState copyWith works                                                       13:55 +999 ~5: /app/test/features/settings/presentation/bloc/data_management/data_management_state_test.dart: DataManagementState copyWith works                                                       13:56 +999 ~5: /app/test/features/settings/presentation/bloc/data_management/data_management_state_test.dart: DataManagementState copyWith works                                                       13:56 +999 ~5: loading /app/test/features/settings/presentation/bloc/data_management/data_management_event_test.dart                                                                                   13:56 +999 ~5: /app/test/features/settings/presentation/bloc/data_management/data_management_event_test.dart: BackupRequested supports equality                                                        13:56 +1000 ~5: /app/test/features/settings/presentation/bloc/data_management/data_management_event_test.dart: BackupRequested supports equality                                                       13:56 +1000 ~5: /app/test/features/settings/presentation/bloc/data_management/data_management_event_test.dart: RestoreRequested supports equality                                                      13:56 +1001 ~5: /app/test/features/settings/presentation/bloc/data_management/data_management_event_test.dart: RestoreRequested supports equality                                                      13:57 +1001 ~5: /app/test/features/settings/presentation/bloc/data_management/data_management_event_test.dart: RestoreRequested supports equality                                                      13:57 +1001 ~5: loading /app/test/features/settings/presentation/bloc/data_management/data_management_bloc_test.dart                                                                                   13:58 +1001 ~5: loading /app/test/features/settings/presentation/bloc/data_management/data_management_bloc_test.dart                                                                                   13:59 +1001 ~5: loading /app/test/features/settings/presentation/bloc/data_management/data_management_bloc_test.dart                                                                                   13:59 +1001 ~5: /app/test/features/settings/presentation/bloc/data_management/data_management_bloc_test.dart: (setUpAll)                                                                               13:59 +1001 ~5: /app/test/features/settings/presentation/bloc/data_management/data_management_bloc_test.dart: DataManagementBloc initial state is correct                                              13:59 +1001 ~5: /app/test/features/settings/presentation/bloc/data_management/data_management_bloc_test.dart: DataManagementBloc initial state is correct                                              
👻 INFO 2026-03-04 05:55:39.692054 [caller info not available] [DataManagementBloc] Initialized.
13:59 +1002 ~5: /app/test/features/settings/presentation/bloc/data_management/data_management_bloc_test.dart: DataManagementBloc initial state is correct                                              13:59 +1002 ~5: /app/test/features/settings/presentation/bloc/data_management/data_management_bloc_test.dart: DataManagementBloc emits loading then success for BackupRequested when successful        13:59 +1002 ~5: /app/test/features/settings/presentation/bloc/data_management/data_management_bloc_test.dart: DataManagementBloc emits loading then success for BackupRequested when successful        
👻 INFO 2026-03-04 05:55:39.730076 [caller info not available] [DataManagementBloc] Initialized.
👻 INFO 2026-03-04 05:55:39.753008 [caller info not available] [DataManagementBloc] Received BackupRequested event.
👻 INFO 2026-03-04 05:55:39.763436 [caller info not available] [DataManagementBloc] Backup successful. Message/Path: path/to/backup.json
13:59 +1003 ~5: /app/test/features/settings/presentation/bloc/data_management/data_management_bloc_test.dart: DataManagementBloc emits loading then success for BackupRequested when successful        13:59 +1003 ~5: /app/test/features/settings/presentation/bloc/data_management/data_management_bloc_test.dart: DataManagementBloc emits loading then error for BackupRequested when failed              13:59 +1003 ~5: /app/test/features/settings/presentation/bloc/data_management/data_management_bloc_test.dart: DataManagementBloc emits loading then error for BackupRequested when failed              
👻 INFO 2026-03-04 05:55:39.783253 [caller info not available] [DataManagementBloc] Initialized.
👻 INFO 2026-03-04 05:55:39.787194 [caller info not available] [DataManagementBloc] Received BackupRequested event.
⚠️ WARNING 2026-03-04 05:55:39.788880 [caller info not available] [DataManagementBloc] Backup failed: failed
14:00 +1004 ~5: /app/test/features/settings/presentation/bloc/data_management/data_management_bloc_test.dart: DataManagementBloc emits loading then error for BackupRequested when failed              14:00 +1004 ~5: /app/test/features/settings/presentation/bloc/data_management/data_management_bloc_test.dart: DataManagementBloc emits loading then success for RestoreRequested when successful       14:00 +1004 ~5: /app/test/features/settings/presentation/bloc/data_management/data_management_bloc_test.dart: DataManagementBloc emits loading then success for RestoreRequested when successful       
👻 INFO 2026-03-04 05:55:39.802811 [caller info not available] [DataManagementBloc] Initialized.
👻 INFO 2026-03-04 05:55:39.807838 [caller info not available] [DataManagementBloc] Received RestoreRequested event.
👻 INFO 2026-03-04 05:55:39.812766 [caller info not available] [DataManagementBloc] Restore successful. Publishing data change events.
14:00 +1005 ~5: /app/test/features/settings/presentation/bloc/data_management/data_management_bloc_test.dart: DataManagementBloc emits loading then success for RestoreRequested when successful       14:00 +1005 ~5: /app/test/features/settings/presentation/bloc/data_management/data_management_bloc_test.dart: DataManagementBloc emits loading then error for RestoreRequested when failed             14:00 +1005 ~5: /app/test/features/settings/presentation/bloc/data_management/data_management_bloc_test.dart: DataManagementBloc emits loading then error for RestoreRequested when failed             
👻 INFO 2026-03-04 05:55:39.837139 [caller info not available] [DataManagementBloc] Initialized.
👻 INFO 2026-03-04 05:55:39.843219 [caller info not available] [DataManagementBloc] Received RestoreRequested event.
⚠️ WARNING 2026-03-04 05:55:39.846844 [caller info not available] [DataManagementBloc] Restore failed: failed
14:00 +1006 ~5: /app/test/features/settings/presentation/bloc/data_management/data_management_bloc_test.dart: DataManagementBloc emits loading then error for RestoreRequested when failed             14:00 +1006 ~5: /app/test/features/settings/presentation/bloc/data_management/data_management_bloc_test.dart: DataManagementBloc emits loading then success for ClearDataRequested when successful     14:00 +1006 ~5: /app/test/features/settings/presentation/bloc/data_management/data_management_bloc_test.dart: DataManagementBloc emits loading then success for ClearDataRequested when successful     
👻 INFO 2026-03-04 05:55:39.866328 [caller info not available] [DataManagementBloc] Initialized.
👻 INFO 2026-03-04 05:55:39.870032 [caller info not available] [DataManagementBloc] Received ClearDataRequested event.
👻 INFO 2026-03-04 05:55:39.875123 [caller info not available] [DataManagementBloc] Clear data successful. Publishing data change events.
14:00 +1007 ~5: /app/test/features/settings/presentation/bloc/data_management/data_management_bloc_test.dart: DataManagementBloc emits loading then success for ClearDataRequested when successful     14:00 +1007 ~5: /app/test/features/settings/presentation/bloc/data_management/data_management_bloc_test.dart: DataManagementBloc emits initial state and clears message on ClearDataManagementMessage  14:00 +1007 ~5: /app/test/features/settings/presentation/bloc/data_management/data_management_bloc_test.dart: DataManagementBloc emits initial state and clears message on ClearDataManagementMessage  
👻 INFO 2026-03-04 05:55:39.884901 [caller info not available] [DataManagementBloc] Initialized.
👻 INFO 2026-03-04 05:55:39.887640 [caller info not available] [DataManagementBloc] Clearing message.
14:00 +1008 ~5: /app/test/features/settings/presentation/bloc/data_management/data_management_bloc_test.dart: DataManagementBloc emits initial state and clears message on ClearDataManagementMessage  14:00 +1008 ~5: /app/test/features/settings/presentation/bloc/data_management/data_management_bloc_test.dart: (tearDownAll)                                                                            14:01 +1008 ~5: /app/test/features/settings/presentation/bloc/data_management/data_management_bloc_test.dart: (tearDownAll)                                                                            14:01 +1008 ~5: loading /app/test/features/settings/presentation/bloc/settings_state_test.dart                                                                                                         14:01 +1008 ~5: /app/test/features/settings/presentation/bloc/settings_state_test.dart: SettingsState supports equality                                                                                14:01 +1009 ~5: /app/test/features/settings/presentation/bloc/settings_state_test.dart: SettingsState supports equality                                                                                14:02 +1009 ~5: /app/test/features/settings/presentation/bloc/settings_state_test.dart: SettingsState supports equality                                                                                14:03 +1009 ~5: /app/test/features/settings/presentation/bloc/settings_state_test.dart: SettingsState supports equality                                                                                14:03 +1009 ~5: loading /app/test/features/settings/presentation/bloc/settings_event_test.dart                                                                                                         14:04 +1009 ~5: loading /app/test/features/settings/presentation/bloc/settings_event_test.dart                                                                                                         14:05 +1009 ~5: loading /app/test/features/settings/presentation/bloc/settings_event_test.dart                                                                                                         14:05 +1009 ~5: /app/test/features/settings/presentation/bloc/settings_event_test.dart: UpdateTheme supports value equality                                                                            14:05 +1010 ~5: /app/test/features/settings/presentation/bloc/settings_event_test.dart: UpdateTheme supports value equality                                                                            14:06 +1010 ~5: /app/test/features/settings/presentation/bloc/settings_event_test.dart: UpdateTheme supports value equality                                                                            14:07 +1010 ~5: /app/test/features/settings/presentation/bloc/settings_event_test.dart: UpdateTheme supports value equality                                                                            14:07 +1010 ~5: loading /app/test/features/settings/presentation/bloc/settings_bloc_large_test.dart                                                                                                    14:07 +1010 ~5: /app/test/features/settings/presentation/bloc/settings_bloc_large_test.dart: SettingsState supports equality                                                                           14:07 +1011 ~5: /app/test/features/settings/presentation/bloc/settings_bloc_large_test.dart: SettingsState supports equality                                                                           14:08 +1011 ~5: /app/test/features/settings/presentation/bloc/settings_bloc_large_test.dart: SettingsState supports equality                                                                           14:08 +1011 ~5: loading /app/test/features/settings/presentation/bloc/settings_bloc_test.dart                                                                                                          14:09 +1011 ~5: loading /app/test/features/settings/presentation/bloc/settings_bloc_test.dart                                                                                                          14:10 +1011 ~5: loading /app/test/features/settings/presentation/bloc/settings_bloc_test.dart                                                                                                          14:11 +1011 ~5: loading /app/test/features/settings/presentation/bloc/settings_bloc_test.dart                                                                                                          14:11 +1011 ~5: /app/test/features/settings/presentation/bloc/settings_bloc_test.dart: (setUpAll)                                                                                                      14:11 +1011 ~5: /app/test/features/settings/presentation/bloc/settings_bloc_test.dart: LoadSettings emits success state when all repos return Right                                                    14:12 +1011 ~5: /app/test/features/settings/presentation/bloc/settings_bloc_test.dart: LoadSettings emits success state when all repos return Right                                                    14:12 +1011 ~5: /app/test/features/settings/presentation/bloc/settings_bloc_test.dart: LoadSettings emits success state when all repos return Right                                                    
👻 INFO 2026-03-04 05:55:51.828580 [caller info not available] [SettingsBloc] Loading settings and package info...
👻 INFO 2026-03-04 05:55:51.903169 [caller info not available] [SettingsBloc] Emitted final loaded/error state.
14:12 +1012 ~5: /app/test/features/settings/presentation/bloc/settings_bloc_test.dart: LoadSettings emits success state when all repos return Right                                                    14:12 +1012 ~5: /app/test/features/settings/presentation/bloc/settings_bloc_test.dart: UpdateTheme emits new state and saves to repo                                                                   14:12 +1012 ~5: /app/test/features/settings/presentation/bloc/settings_bloc_test.dart: UpdateTheme emits new state and saves to repo                                                                   
👻 INFO 2026-03-04 05:55:52.016643 [caller info not available] [SettingsBloc] Received UpdateTheme event: light
👻 INFO 2026-03-04 05:55:52.022635 [caller info not available] [SettingsBloc] Theme mode saved. Emitting new state.
14:12 +1013 ~5: /app/test/features/settings/presentation/bloc/settings_bloc_test.dart: UpdateTheme emits new state and saves to repo                                                                   14:12 +1013 ~5: /app/test/features/settings/presentation/bloc/settings_bloc_test.dart: UpdateUIMode emits new state and saves to repo                                                                  14:12 +1013 ~5: /app/test/features/settings/presentation/bloc/settings_bloc_test.dart: UpdateUIMode emits new state and saves to repo                                                                  
👻 INFO 2026-03-04 05:55:52.052242 [caller info not available] [SettingsBloc] Received UpdateUIMode event: aether
👻 INFO 2026-03-04 05:55:52.055584 [caller info not available] [SettingsBloc] UI mode saved. Determining default palette.
👻 INFO 2026-03-04 05:55:52.056719 [caller info not available] [SettingsBloc] Saving default palette: aether_starfield
14:12 +1014 ~5: /app/test/features/settings/presentation/bloc/settings_bloc_test.dart: UpdateUIMode emits new state and saves to repo                                                                  14:12 +1014 ~5: /app/test/features/settings/presentation/bloc/settings_bloc_test.dart: DemoMode interactions                                                                                           14:12 +1014 ~5: /app/test/features/settings/presentation/bloc/settings_bloc_test.dart: DemoMode interactions                                                                                           
👻 INFO 2026-03-04 05:55:52.119691 [caller info not available] [SettingsBloc] Entering Demo Mode.
👻 INFO 2026-03-04 05:55:52.124489 [caller info not available] [SettingsBloc] Exiting Demo Mode.
14:12 +1015 ~5: /app/test/features/settings/presentation/bloc/settings_bloc_test.dart: DemoMode interactions                                                                                           14:12 +1015 ~5: /app/test/features/settings/presentation/bloc/settings_bloc_test.dart: UpdateAppLock emits loading then success                                                                        14:12 +1015 ~5: /app/test/features/settings/presentation/bloc/settings_bloc_test.dart: UpdateAppLock emits loading then success                                                                        
👻 INFO 2026-03-04 05:55:52.166671 [caller info not available] [SettingsBloc] Received UpdateAppLock event: true
👻 INFO 2026-03-04 05:55:52.167901 [caller info not available] [SettingsBloc] App lock setting saved. Emitting new state.
14:12 +1016 ~5: /app/test/features/settings/presentation/bloc/settings_bloc_test.dart: UpdateAppLock emits loading then success                                                                        14:12 +1016 ~5: /app/test/features/settings/presentation/bloc/settings_bloc_test.dart: (tearDownAll)                                                                                                   14:13 +1016 ~5: /app/test/features/settings/presentation/bloc/settings_bloc_test.dart: (tearDownAll)                                                                                                   14:13 +1016 ~5: loading /app/test/features/settings/presentation/bloc/data_management_bloc_test.dart                                                                                                   14:13 +1016 ~5: /app/test/features/settings/presentation/bloc/data_management_bloc_test.dart: (setUpAll)                                                                                               14:13 +1016 ~5: /app/test/features/settings/presentation/bloc/data_management_bloc_test.dart: DataManagementBloc calls BackupDataUseCase with password and emits success                               14:13 +1016 ~5: /app/test/features/settings/presentation/bloc/data_management_bloc_test.dart: DataManagementBloc calls BackupDataUseCase with password and emits success                               
👻 INFO 2026-03-04 05:55:53.629391 [caller info not available] [DataManagementBloc] Initialized.
👻 INFO 2026-03-04 05:55:53.671812 [caller info not available] [DataManagementBloc] Received BackupRequested event.
👻 INFO 2026-03-04 05:55:53.696406 [caller info not available] [DataManagementBloc] Backup successful. Message/Path: path
14:13 +1017 ~5: /app/test/features/settings/presentation/bloc/data_management_bloc_test.dart: DataManagementBloc calls BackupDataUseCase with password and emits success                               14:13 +1017 ~5: /app/test/features/settings/presentation/bloc/data_management_bloc_test.dart: DataManagementBloc calls RestoreDataUseCase with password and emits success                              14:13 +1017 ~5: /app/test/features/settings/presentation/bloc/data_management_bloc_test.dart: DataManagementBloc calls RestoreDataUseCase with password and emits success                              
👻 INFO 2026-03-04 05:55:53.731109 [caller info not available] [DataManagementBloc] Initialized.
👻 INFO 2026-03-04 05:55:53.733069 [caller info not available] [DataManagementBloc] Received RestoreRequested event.
👻 INFO 2026-03-04 05:55:53.735468 [caller info not available] [DataManagementBloc] Restore successful. Publishing data change events.
14:13 +1018 ~5: /app/test/features/settings/presentation/bloc/data_management_bloc_test.dart: DataManagementBloc calls RestoreDataUseCase with password and emits success                              14:13 +1018 ~5: /app/test/features/settings/presentation/bloc/data_management_bloc_test.dart: (tearDownAll)                                                                                            14:14 +1018 ~5: /app/test/features/settings/presentation/bloc/data_management_bloc_test.dart: (tearDownAll)                                                                                            14:15 +1018 ~5: /app/test/features/settings/presentation/bloc/data_management_bloc_test.dart: (tearDownAll)                                                                                            14:15 +1018 ~5: loading /app/test/features/settings/presentation/widgets/data_management_settings_section_test.dart                                                                                    14:16 +1018 ~5: loading /app/test/features/settings/presentation/widgets/data_management_settings_section_test.dart                                                                                    14:17 +1018 ~5: loading /app/test/features/settings/presentation/widgets/data_management_settings_section_test.dart                                                                                    14:18 +1018 ~5: loading /app/test/features/settings/presentation/widgets/data_management_settings_section_test.dart                                                                                    14:18 +1018 ~5: /app/test/features/settings/presentation/widgets/data_management_settings_section_test.dart: DataManagementSettingsSection renders tiles                                               14:19 +1018 ~5: /app/test/features/settings/presentation/widgets/data_management_settings_section_test.dart: DataManagementSettingsSection renders tiles                                               14:20 +1018 ~5: /app/test/features/settings/presentation/widgets/data_management_settings_section_test.dart: DataManagementSettingsSection renders tiles                                               14:20 +1019 ~5: /app/test/features/settings/presentation/widgets/stitch/stitch_settings_tile_test.dart: StitchSettingsTile renders correctly and handles tap                                           14:21 +1019 ~5: /app/test/features/settings/presentation/widgets/stitch/stitch_settings_tile_test.dart: StitchSettingsTile renders correctly and handles tap                                           14:21 +1020 ~5: /app/test/features/settings/presentation/widgets/stitch/stitch_settings_tile_test.dart: StitchSettingsTile renders correctly and handles tap                                           14:21 +1021 ~5: /app/test/features/settings/presentation/widgets/stitch/stitch_settings_tile_test.dart: StitchSettingsTile renders correctly and handles tap                                           14:22 +1021 ~5: /app/test/features/settings/presentation/widgets/stitch/stitch_settings_tile_test.dart: StitchSettingsTile renders correctly and handles tap                                           14:23 +1021 ~5: /app/test/features/settings/presentation/widgets/stitch/stitch_settings_tile_test.dart: StitchSettingsTile renders correctly and handles tap                                           14:23 +1021 ~5: loading /app/test/features/settings/presentation/widgets/settings_sections_test.dart                                                                                                   14:24 +1021 ~5: loading /app/test/features/settings/presentation/widgets/settings_sections_test.dart                                                                                                   14:25 +1021 ~5: loading /app/test/features/settings/presentation/widgets/settings_sections_test.dart                                                                                                   14:25 +1021 ~5: /app/test/features/settings/presentation/widgets/settings_sections_test.dart: Settings Sections Tests AppearanceSettingsSection renders correctly                                      14:26 +1021 ~5: /app/test/features/settings/presentation/widgets/settings_sections_test.dart: Settings Sections Tests AppearanceSettingsSection renders correctly                                      14:27 +1021 ~5: /app/test/features/settings/presentation/widgets/settings_sections_test.dart: Settings Sections Tests AppearanceSettingsSection renders correctly                                      14:27 +1022 ~5: /app/test/features/settings/presentation/widgets/help_settings_section_test.dart: HelpSettingsSection renders tiles                                                                    14:27 +1023 ~5: /app/test/features/settings/presentation/widgets/help_settings_section_test.dart: HelpSettingsSection renders tiles                                                                    14:27 +1024 ~5: /app/test/features/settings/presentation/widgets/help_settings_section_test.dart: HelpSettingsSection renders tiles                                                                    14:27 +1025 ~5: /app/test/features/settings/presentation/widgets/help_settings_section_test.dart: HelpSettingsSection renders tiles                                                                    14:27 +1026 ~5: /app/test/features/settings/presentation/widgets/settings_sections_test.dart: Settings Sections Tests LegalSettingsSection triggers URL launch                                         14:27 +1027 ~5: /app/test/features/settings/presentation/widgets/help_settings_section_test.dart: HelpSettingsSection triggers Share.share on tap                                                      14:27 +1028 ~5: /app/test/features/settings/presentation/widgets/help_settings_section_test.dart: HelpSettingsSection triggers Share.share on tap                                                      14:27 +1028 ~5: /app/test/features/settings/presentation/widgets/help_settings_section_test.dart: HelpSettingsSection triggers Share.share on tap                                                      
👻 INFO 2026-03-04 05:56:07.738107 [caller info not available] Share button tapped.
14:28 +1029 ~5: /app/test/features/settings/presentation/widgets/help_settings_section_test.dart: HelpSettingsSection triggers Share.share on tap                                                      14:29 +1029 ~5: /app/test/features/settings/presentation/widgets/help_settings_section_test.dart: HelpSettingsSection triggers Share.share on tap                                                      14:29 +1029 ~5: loading /app/test/features/settings/presentation/widgets/about_settings_section_test.dart                                                                                              14:30 +1029 ~5: loading /app/test/features/settings/presentation/widgets/about_settings_section_test.dart                                                                                              14:31 +1029 ~5: loading /app/test/features/settings/presentation/widgets/about_settings_section_test.dart                                                                                              14:31 +1029 ~5: /app/test/features/settings/presentation/widgets/about_settings_section_test.dart: AboutSettingsSection renders correctly                                                              14:32 +1029 ~5: /app/test/features/settings/presentation/widgets/about_settings_section_test.dart: AboutSettingsSection renders correctly                                                              14:33 +1029 ~5: /app/test/features/settings/presentation/widgets/about_settings_section_test.dart: AboutSettingsSection renders correctly                                                              14:33 +1030 ~5: /app/test/features/settings/presentation/widgets/legal_settings_section_test.dart: LegalSettingsSection renders tiles                                                                  14:34 +1030 ~5: /app/test/features/settings/presentation/widgets/legal_settings_section_test.dart: LegalSettingsSection renders tiles                                                                  14:34 +1031 ~5: /app/test/features/settings/presentation/widgets/legal_settings_section_test.dart: LegalSettingsSection renders tiles                                                                  14:34 +1031 ~5: /app/test/features/settings/presentation/widgets/legal_settings_section_test.dart: LegalSettingsSection triggers callbacks                                                             14:35 +1031 ~5: /app/test/features/settings/presentation/widgets/legal_settings_section_test.dart: LegalSettingsSection triggers callbacks                                                             14:35 +1032 ~5: /app/test/features/settings/presentation/widgets/legal_settings_section_test.dart: LegalSettingsSection triggers callbacks                                                             14:36 +1032 ~5: /app/test/features/settings/presentation/widgets/legal_settings_section_test.dart: LegalSettingsSection triggers callbacks                                                             14:36 +1032 ~5: loading /app/test/features/settings/presentation/widgets/security_settings_section_test.dart                                                                                           14:37 +1032 ~5: loading /app/test/features/settings/presentation/widgets/security_settings_section_test.dart                                                                                           14:38 +1032 ~5: loading /app/test/features/settings/presentation/widgets/security_settings_section_test.dart                                                                                           14:38 +1032 ~5: /app/test/features/settings/presentation/widgets/security_settings_section_test.dart: SecuritySettingsSection renders and loads state                                                  14:39 +1032 ~5: /app/test/features/settings/presentation/widgets/security_settings_section_test.dart: SecuritySettingsSection renders and loads state                                                  14:40 +1032 ~5: /app/test/features/settings/presentation/widgets/security_settings_section_test.dart: SecuritySettingsSection renders and loads state                                                  14:40 +1033 ~5: /app/test/features/settings/presentation/widgets/general_settings_section_test.dart: GeneralSettingsSection renders correctly                                                          14:40 +1034 ~5: /app/test/features/settings/presentation/widgets/general_settings_section_test.dart: GeneralSettingsSection renders correctly                                                          14:41 +1034 ~5: /app/test/features/settings/presentation/widgets/general_settings_section_test.dart: GeneralSettingsSection renders correctly                                                          14:41 +1035 ~5: /app/test/features/settings/presentation/widgets/general_settings_section_test.dart: GeneralSettingsSection renders correctly                                                          14:42 +1035 ~5: /app/test/features/settings/presentation/widgets/general_settings_section_test.dart: GeneralSettingsSection renders correctly                                                          14:43 +1035 ~5: /app/test/features/settings/presentation/widgets/general_settings_section_test.dart: GeneralSettingsSection renders correctly                                                          14:43 +1035 ~5: loading /app/test/features/settings/presentation/widgets/appearance_settings_section_test.dart                                                                                         14:44 +1035 ~5: loading /app/test/features/settings/presentation/widgets/appearance_settings_section_test.dart                                                                                         14:45 +1035 ~5: loading /app/test/features/settings/presentation/widgets/appearance_settings_section_test.dart                                                                                         14:46 +1035 ~5: loading /app/test/features/settings/presentation/widgets/appearance_settings_section_test.dart                                                                                         14:46 +1035 ~5: /app/test/features/settings/presentation/widgets/appearance_settings_section_test.dart: AppearanceSettingsSection renders correctly                                                    14:47 +1035 ~5: /app/test/features/settings/presentation/widgets/appearance_settings_section_test.dart: AppearanceSettingsSection renders correctly                                                    14:47 +1035 ~6: /app/test/features/settings/presentation/widgets/appearance_settings_section_test.dart: AppearanceSettingsSection renders correctly                                                    14:47 +1035 ~7: /app/test/features/settings/presentation/widgets/appearance_settings_section_test.dart: AppearanceSettingsSection renders correctly                                                    14:47 +1035 ~8: /app/test/features/settings/presentation/widgets/appearance_settings_section_test.dart: AppearanceSettingsSection renders correctly                                                    14:47 +1035 ~9: /app/test/features/settings/presentation/widgets/appearance_settings_section_test.dart: AppearanceSettingsSection renders correctly                                                    14:47 +1035 ~10: /app/test/features/settings/presentation/widgets/appearance_settings_section_test.dart: AppearanceSettingsSection renders correctly                                                   14:48 +1035 ~10: /app/test/features/settings/presentation/widgets/appearance_settings_section_test.dart: AppearanceSettingsSection renders correctly                                                   14:49 +1035 ~10: /app/test/features/settings/presentation/widgets/appearance_settings_section_test.dart: AppearanceSettingsSection renders correctly                                                   14:49 +1036 ~10: /app/test/features/settings/presentation/widgets/appearance_settings_section_test.dart: AppearanceSettingsSection renders correctly                                                   14:50 +1036 ~10: /app/test/features/settings/presentation/widgets/appearance_settings_section_test.dart: AppearanceSettingsSection renders correctly                                                   14:50 +1036 ~10: loading /app/test/features/accounts/data/datasources/asset_account_local_data_source_proxy_test.dart                                                                                  14:51 +1036 ~10: loading /app/test/features/accounts/data/datasources/asset_account_local_data_source_proxy_test.dart                                                                                  14:52 +1036 ~10: loading /app/test/features/accounts/data/datasources/asset_account_local_data_source_proxy_test.dart                                                                                  14:53 +1036 ~10: loading /app/test/features/accounts/data/datasources/asset_account_local_data_source_proxy_test.dart                                                                                  14:53 +1036 ~10: /app/test/features/accounts/data/datasources/asset_account_local_data_source_proxy_test.dart: (setUpAll)                                                                              14:53 +1036 ~10: /app/test/features/accounts/data/datasources/asset_account_local_data_source_proxy_test.dart: getAssetAccounts calls hiveDataSource when demo mode is inactive                        14:53 +1037 ~10: /app/test/features/accounts/data/datasources/asset_account_local_data_source_proxy_test.dart: getAssetAccounts calls hiveDataSource when demo mode is inactive                        14:53 +1037 ~10: /app/test/features/accounts/data/datasources/asset_account_local_data_source_proxy_test.dart: getAssetAccounts calls demoModeService when demo mode is active                         14:53 +1038 ~10: /app/test/features/accounts/data/datasources/asset_account_local_data_source_proxy_test.dart: getAssetAccounts calls demoModeService when demo mode is active                         14:53 +1038 ~10: /app/test/features/accounts/data/datasources/asset_account_local_data_source_proxy_test.dart: addAssetAccount calls hiveDataSource when demo mode is inactive                         14:53 +1039 ~10: /app/test/features/accounts/data/datasources/asset_account_local_data_source_proxy_test.dart: addAssetAccount calls hiveDataSource when demo mode is inactive                         14:53 +1039 ~10: /app/test/features/accounts/data/datasources/asset_account_local_data_source_proxy_test.dart: addAssetAccount calls demoModeService when demo mode is active                          14:53 +1040 ~10: /app/test/features/accounts/data/datasources/asset_account_local_data_source_proxy_test.dart: addAssetAccount calls demoModeService when demo mode is active                          14:53 +1040 ~10: /app/test/features/accounts/data/datasources/asset_account_local_data_source_proxy_test.dart: updateAssetAccount calls hiveDataSource when demo mode is inactive                      14:53 +1041 ~10: /app/test/features/accounts/data/datasources/asset_account_local_data_source_proxy_test.dart: updateAssetAccount calls hiveDataSource when demo mode is inactive                      14:53 +1041 ~10: /app/test/features/accounts/data/datasources/asset_account_local_data_source_proxy_test.dart: updateAssetAccount calls demoModeService when demo mode is active                       14:53 +1042 ~10: /app/test/features/accounts/data/datasources/asset_account_local_data_source_proxy_test.dart: updateAssetAccount calls demoModeService when demo mode is active                       14:53 +1042 ~10: /app/test/features/accounts/data/datasources/asset_account_local_data_source_proxy_test.dart: deleteAssetAccount calls hiveDataSource when demo mode is inactive                      14:53 +1043 ~10: /app/test/features/accounts/data/datasources/asset_account_local_data_source_proxy_test.dart: deleteAssetAccount calls hiveDataSource when demo mode is inactive                      14:53 +1043 ~10: /app/test/features/accounts/data/datasources/asset_account_local_data_source_proxy_test.dart: deleteAssetAccount calls demoModeService when demo mode is active                       14:53 +1044 ~10: /app/test/features/accounts/data/datasources/asset_account_local_data_source_proxy_test.dart: deleteAssetAccount calls demoModeService when demo mode is active                       14:53 +1044 ~10: /app/test/features/accounts/data/datasources/asset_account_local_data_source_proxy_test.dart: clearAll calls hiveDataSource when demo mode is inactive                                14:53 +1045 ~10: /app/test/features/accounts/data/datasources/asset_account_local_data_source_proxy_test.dart: clearAll calls hiveDataSource when demo mode is inactive                                14:53 +1045 ~10: /app/test/features/accounts/data/datasources/asset_account_local_data_source_proxy_test.dart: clearAll does nothing when demo mode is active                                          14:53 +1045 ~10: /app/test/features/accounts/data/datasources/asset_account_local_data_source_proxy_test.dart: clearAll does nothing when demo mode is active                                          
⚠️ WARNING 2026-03-04 05:56:33.243851 [caller info not available] [DemoAwareAccountDS] clearAll called in Demo Mode. Ignoring.
14:53 +1046 ~10: /app/test/features/accounts/data/datasources/asset_account_local_data_source_proxy_test.dart: clearAll does nothing when demo mode is active                                          14:53 +1046 ~10: /app/test/features/accounts/data/datasources/asset_account_local_data_source_proxy_test.dart: (tearDownAll)                                                                           14:54 +1046 ~10: /app/test/features/accounts/data/datasources/asset_account_local_data_source_proxy_test.dart: (tearDownAll)                                                                           14:54 +1046 ~10: loading /app/test/features/accounts/data/datasources/asset_account_local_data_source_test.dart                                                                                        14:54 +1046 ~10: /app/test/features/accounts/data/datasources/asset_account_local_data_source_test.dart: (setUpAll)                                                                                    14:54 +1046 ~10: /app/test/features/accounts/data/datasources/asset_account_local_data_source_test.dart: HiveAssetAccountLocalDataSource addAssetAccount should add account to box and return it       14:54 +1047 ~10: /app/test/features/accounts/data/datasources/asset_account_local_data_source_test.dart: HiveAssetAccountLocalDataSource addAssetAccount should add account to box and return it       14:54 +1047 ~10: /app/test/features/accounts/data/datasources/asset_account_local_data_source_test.dart: ... addAssetAccount should throw CacheFailure when box operation fails                        14:54 +1048 ~10: /app/test/features/accounts/data/datasources/asset_account_local_data_source_test.dart: ... addAssetAccount should throw CacheFailure when box operation fails                        14:54 +1048 ~10: /app/test/features/accounts/data/datasources/asset_account_local_data_source_test.dart: HiveAssetAccountLocalDataSource getAssetAccounts should return list of accounts from box      14:54 +1049 ~10: /app/test/features/accounts/data/datasources/asset_account_local_data_source_test.dart: HiveAssetAccountLocalDataSource getAssetAccounts should return list of accounts from box      14:54 +1049 ~10: /app/test/features/accounts/data/datasources/asset_account_local_data_source_test.dart: ... getAssetAccounts should throw CacheFailure when box access fails                          14:54 +1050 ~10: /app/test/features/accounts/data/datasources/asset_account_local_data_source_test.dart: ... getAssetAccounts should throw CacheFailure when box access fails                          14:54 +1050 ~10: /app/test/features/accounts/data/datasources/asset_account_local_data_source_test.dart: HiveAssetAccountLocalDataSource updateAssetAccount should update account in box and return it 14:54 +1051 ~10: /app/test/features/accounts/data/datasources/asset_account_local_data_source_test.dart: HiveAssetAccountLocalDataSource updateAssetAccount should update account in box and return it 14:54 +1051 ~10: /app/test/features/accounts/data/datasources/asset_account_local_data_source_test.dart: HiveAssetAccountLocalDataSource updateAssetAccount should throw CacheFailure when update fails14:54 +1052 ~10: /app/test/features/accounts/data/datasources/asset_account_local_data_source_test.dart: HiveAssetAccountLocalDataSource updateAssetAccount should throw CacheFailure when update fails14:54 +1052 ~10: /app/test/features/accounts/data/datasources/asset_account_local_data_source_test.dart: HiveAssetAccountLocalDataSource deleteAssetAccount should delete account from box             14:54 +1053 ~10: /app/test/features/accounts/data/datasources/asset_account_local_data_source_test.dart: HiveAssetAccountLocalDataSource deleteAssetAccount should delete account from box             14:54 +1053 ~10: /app/test/features/accounts/data/datasources/asset_account_local_data_source_test.dart: HiveAssetAccountLocalDataSource deleteAssetAccount should throw CacheFailure when delete fails14:54 +1054 ~10: /app/test/features/accounts/data/datasources/asset_account_local_data_source_test.dart: HiveAssetAccountLocalDataSource deleteAssetAccount should throw CacheFailure when delete fails14:54 +1054 ~10: /app/test/features/accounts/data/datasources/asset_account_local_data_source_test.dart: HiveAssetAccountLocalDataSource clearAll should clear all accounts from box                   14:54 +1055 ~10: /app/test/features/accounts/data/datasources/asset_account_local_data_source_test.dart: HiveAssetAccountLocalDataSource clearAll should clear all accounts from box                   14:54 +1055 ~10: /app/test/features/accounts/data/datasources/asset_account_local_data_source_test.dart: HiveAssetAccountLocalDataSource clearAll should throw CacheFailure when clear fails           14:54 +1056 ~10: /app/test/features/accounts/data/datasources/asset_account_local_data_source_test.dart: HiveAssetAccountLocalDataSource clearAll should throw CacheFailure when clear fails           14:54 +1056 ~10: /app/test/features/accounts/data/datasources/asset_account_local_data_source_test.dart: (tearDownAll)                                                                                 14:55 +1056 ~10: /app/test/features/accounts/data/datasources/asset_account_local_data_source_test.dart: (tearDownAll)                                                                                 14:56 +1056 ~10: /app/test/features/accounts/data/datasources/asset_account_local_data_source_test.dart: (tearDownAll)                                                                                 14:56 +1056 ~10: loading /app/test/features/accounts/data/models/asset_account_model_test.dart                                                                                                         14:57 +1056 ~10: loading /app/test/features/accounts/data/models/asset_account_model_test.dart                                                                                                         14:58 +1056 ~10: loading /app/test/features/accounts/data/models/asset_account_model_test.dart                                                                                                         14:58 +1056 ~10: /app/test/features/accounts/data/models/asset_account_model_test.dart: AssetAccountModel toEntity should return valid entity with provided currentBalance                             14:58 +1057 ~10: /app/test/features/accounts/data/models/asset_account_model_test.dart: AssetAccountModel toEntity should return valid entity with provided currentBalance                             14:58 +1057 ~10: /app/test/features/accounts/data/models/asset_account_model_test.dart: AssetAccountModel fromEntity should return valid model                                                         14:58 +1058 ~10: /app/test/features/accounts/data/models/asset_account_model_test.dart: AssetAccountModel fromEntity should return valid model                                                         14:59 +1058 ~10: /app/test/features/accounts/data/models/asset_account_model_test.dart: AssetAccountModel fromEntity should return valid model                                                         15:00 +1058 ~10: /app/test/features/accounts/data/models/asset_account_model_test.dart: AssetAccountModel fromEntity should return valid model                                                         15:00 +1058 ~10: loading /app/test/features/accounts/data/asset_account_repository_impl_test.dart                                                                                                      15:00 +1058 ~10: /app/test/features/accounts/data/asset_account_repository_impl_test.dart: calculates balances using single income/expense fetch                                                       15:00 +1058 ~10: /app/test/features/accounts/data/asset_account_repository_impl_test.dart: calculates balances using single income/expense fetch                                                       
👻 INFO 2026-03-04 05:56:40.612522 [caller info not available] [AssetAccountRepo] Getting all asset accounts...
👻 INFO 2026-03-04 05:56:40.617534 [caller info not available] [AssetAccountRepo] Fetching account models...
👻 INFO 2026-03-04 05:56:40.624062 [caller info not available] [AssetAccountRepo] Fetched 2 models.
👻 INFO 2026-03-04 05:56:40.636598 [caller info not available] [AssetAccountRepo] Finished calculating all balances in-memory. Returning 2 accounts.
15:00 +1059 ~10: /app/test/features/accounts/data/asset_account_repository_impl_test.dart: calculates balances using single income/expense fetch                                                       15:01 +1059 ~10: /app/test/features/accounts/data/asset_account_repository_impl_test.dart: calculates balances using single income/expense fetch                                                       15:02 +1059 ~10: /app/test/features/accounts/data/asset_account_repository_impl_test.dart: calculates balances using single income/expense fetch                                                       15:02 +1059 ~10: loading /app/test/features/accounts/data/repositories/asset_account_repository_impl_test.dart                                                                                         15:03 +1059 ~10: loading /app/test/features/accounts/data/repositories/asset_account_repository_impl_test.dart                                                                                         15:04 +1059 ~10: loading /app/test/features/accounts/data/repositories/asset_account_repository_impl_test.dart                                                                                         15:05 +1059 ~10: loading /app/test/features/accounts/data/repositories/asset_account_repository_impl_test.dart                                                                                         15:05 +1059 ~10: /app/test/features/accounts/data/repositories/asset_account_repository_impl_test.dart: getAssetAccounts should return accounts with calculated balance                                15:05 +1059 ~10: /app/test/features/accounts/data/repositories/asset_account_repository_impl_test.dart: getAssetAccounts should return accounts with calculated balance                                
👻 INFO 2026-03-04 05:56:44.865 [caller info not available] [AssetAccountRepo] Getting all asset accounts...
👻 INFO 2026-03-04 05:56:44.869535 [caller info not available] [AssetAccountRepo] Fetching account models...
👻 INFO 2026-03-04 05:56:44.876297 [caller info not available] [AssetAccountRepo] Fetched 1 models.
👻 INFO 2026-03-04 05:56:44.886252 [caller info not available] [AssetAccountRepo] Finished calculating all balances in-memory. Returning 1 accounts.
15:05 +1060 ~10: /app/test/features/accounts/data/repositories/asset_account_repository_impl_test.dart: getAssetAccounts should return accounts with calculated balance                                15:05 +1060 ~10: /app/test/features/accounts/data/repositories/asset_account_repository_impl_test.dart: addAssetAccount should save account and return entity                                          15:05 +1060 ~10: /app/test/features/accounts/data/repositories/asset_account_repository_impl_test.dart: addAssetAccount should save account and return entity                                          
👻 INFO 2026-03-04 05:56:44.913214 [caller info not available] [AssetAccountRepo] Adding account 'Bank'.
👻 INFO 2026-03-04 05:56:44.914170 [caller info not available] [AssetAccountRepo] Mapped to model. Calling localDataSource...
👻 INFO 2026-03-04 05:56:44.915791 [caller info not available] [AssetAccountRepo] Added to local source. Calculating balance...
👻 INFO 2026-03-04 05:56:44.917384 [caller info not available] [AssetAccountRepositoryImpl] _calculateBalance called for accountId: 1, initialBalance: 1000.0
👻 INFO 2026-03-04 05:56:44.918102 [caller info not available] [AssetAccountRepositoryImpl] Fetching total income for account 1...
👻 INFO 2026-03-04 05:56:44.918980 [caller info not available] [AssetAccountRepositoryImpl] Income fetch success for 1: Value=0.0
👻 INFO 2026-03-04 05:56:44.919309 [caller info not available] [AssetAccountRepositoryImpl] Fetching total expenses for account 1...
👻 INFO 2026-03-04 05:56:44.920185 [caller info not available] [AssetAccountRepositoryImpl] Expense fetch success for 1: Value=0.0
👻 INFO 2026-03-04 05:56:44.920733 [caller info not available] [AssetAccountRepositoryImpl] Calculated balance for 1: 1000.0 + 0.0 - 0.0 = 1000.0. Returning Right.
👻 INFO 2026-03-04 05:56:44.921352 [caller info not available] [AssetAccountRepo] Balance calculation result isLeft: false.
👻 INFO 2026-03-04 05:56:44.922519 [caller info not available] [AssetAccountRepo] Balance calculated (1000.0) for 'Bank'. Returning entity.
15:05 +1061 ~10: /app/test/features/accounts/data/repositories/asset_account_repository_impl_test.dart: addAssetAccount should save account and return entity                                          15:06 +1061 ~10: /app/test/features/accounts/data/repositories/asset_account_repository_impl_test.dart: addAssetAccount should save account and return entity                                          15:06 +1061 ~10: loading /app/test/features/accounts/domain/usecases/get_accounts_usecase_test.dart                                                                                                    15:06 +1061 ~10: /app/test/features/accounts/domain/usecases/get_accounts_usecase_test.dart: should call repository.getAssetAccounts                                                                   15:06 +1061 ~10: /app/test/features/accounts/domain/usecases/get_accounts_usecase_test.dart: should call repository.getAssetAccounts                                                                   
👻 INFO 2026-03-04 05:56:46.569153 [caller info not available] Executing GetAssetAccountsUseCase.
👻 INFO 2026-03-04 05:56:46.581856 [caller info not available] [GetAssetAccountsUseCase] Repository returned. Result isLeft: false
👻 INFO 2026-03-04 05:56:46.583139 [caller info not available] [GetAssetAccountsUseCase] Succeeded with 0 accounts.
15:06 +1062 ~10: /app/test/features/accounts/domain/usecases/get_accounts_usecase_test.dart: should call repository.getAssetAccounts                                                                   15:07 +1062 ~10: /app/test/features/accounts/domain/usecases/get_accounts_usecase_test.dart: should call repository.getAssetAccounts                                                                   15:08 +1062 ~10: /app/test/features/accounts/domain/usecases/get_accounts_usecase_test.dart: should call repository.getAssetAccounts                                                                   15:08 +1062 ~10: loading /app/test/features/accounts/domain/usecases/account_name_validation_test.dart                                                                                                 15:09 +1062 ~10: loading /app/test/features/accounts/domain/usecases/account_name_validation_test.dart                                                                                                 15:10 +1062 ~10: loading /app/test/features/accounts/domain/usecases/account_name_validation_test.dart                                                                                                 15:11 +1062 ~10: loading /app/test/features/accounts/domain/usecases/account_name_validation_test.dart                                                                                                 15:11 +1062 ~10: /app/test/features/accounts/domain/usecases/account_name_validation_test.dart: AddAssetAccountUseCase fails for non-alphanumeric name                                                 15:11 +1062 ~10: /app/test/features/accounts/domain/usecases/account_name_validation_test.dart: AddAssetAccountUseCase fails for non-alphanumeric name                                                 
👻 INFO 2026-03-04 05:56:51.649081 [caller info not available] Executing AddAssetAccountUseCase for 'Invalid@Name!'.
⚠️ WARNING 2026-03-04 05:56:51.663171 [caller info not available] Validation failed: Account name must be alphanumeric.
15:11 +1063 ~10: /app/test/features/accounts/domain/usecases/account_name_validation_test.dart: AddAssetAccountUseCase fails for non-alphanumeric name                                                 15:11 +1063 ~10: /app/test/features/accounts/domain/usecases/account_name_validation_test.dart: UpdateAssetAccountUseCase fails for non-alphanumeric name                                              15:11 +1063 ~10: /app/test/features/accounts/domain/usecases/account_name_validation_test.dart: UpdateAssetAccountUseCase fails for non-alphanumeric name                                              
👻 INFO 2026-03-04 05:56:51.690248 [caller info not available] Executing UpdateAssetAccountUseCase for 'Invalid@Name!' (ID: 1).
⚠️ WARNING 2026-03-04 05:56:51.690774 [caller info not available] Validation failed: Account name must be alphanumeric.
15:11 +1064 ~10: /app/test/features/accounts/domain/usecases/account_name_validation_test.dart: UpdateAssetAccountUseCase fails for non-alphanumeric name                                              15:11 +1064 ~10: /app/test/features/accounts/domain/usecases/account_name_validation_test.dart: AddAssetAccountUseCase succeeds for valid name                                                         15:11 +1064 ~10: /app/test/features/accounts/domain/usecases/account_name_validation_test.dart: AddAssetAccountUseCase succeeds for valid name                                                         
👻 INFO 2026-03-04 05:56:51.711363 [caller info not available] Executing AddAssetAccountUseCase for 'Valid 123'.
15:11 +1065 ~10: /app/test/features/accounts/domain/usecases/account_name_validation_test.dart: AddAssetAccountUseCase succeeds for valid name                                                         15:11 +1065 ~10: /app/test/features/accounts/domain/usecases/account_name_validation_test.dart: UpdateAssetAccountUseCase succeeds for valid name                                                      15:11 +1065 ~10: /app/test/features/accounts/domain/usecases/account_name_validation_test.dart: UpdateAssetAccountUseCase succeeds for valid name                                                      
👻 INFO 2026-03-04 05:56:51.742994 [caller info not available] Executing UpdateAssetAccountUseCase for 'Valid 123' (ID: 1).
15:11 +1066 ~10: /app/test/features/accounts/domain/usecases/account_name_validation_test.dart: UpdateAssetAccountUseCase succeeds for valid name                                                      15:12 +1066 ~10: /app/test/features/accounts/domain/usecases/account_name_validation_test.dart: UpdateAssetAccountUseCase succeeds for valid name                                                      15:12 +1066 ~10: loading /app/test/features/accounts/domain/usecases/delete_asset_account_test.dart                                                                                                    15:12 +1066 ~10: /app/test/features/accounts/domain/usecases/delete_asset_account_test.dart: should call deleteAssetAccount on repository                                                              15:12 +1066 ~10: /app/test/features/accounts/domain/usecases/delete_asset_account_test.dart: should call deleteAssetAccount on repository                                                              
👻 INFO 2026-03-04 05:56:52.464592 [caller info not available] Executing DeleteAssetAccountUseCase for ID: 1.
15:12 +1067 ~10: /app/test/features/accounts/domain/usecases/delete_asset_account_test.dart: should call deleteAssetAccount on repository                                                              15:12 +1067 ~10: /app/test/features/accounts/domain/usecases/delete_asset_account_test.dart: should return failure when repository fails                                                               15:12 +1067 ~10: /app/test/features/accounts/domain/usecases/delete_asset_account_test.dart: should return failure when repository fails                                                               
👻 INFO 2026-03-04 05:56:52.493165 [caller info not available] Executing DeleteAssetAccountUseCase for ID: 1.
15:12 +1068 ~10: /app/test/features/accounts/domain/usecases/delete_asset_account_test.dart: should return failure when repository fails                                                               15:13 +1068 ~10: /app/test/features/accounts/domain/usecases/delete_asset_account_test.dart: should return failure when repository fails                                                               15:14 +1068 ~10: /app/test/features/accounts/domain/usecases/delete_asset_account_test.dart: should return failure when repository fails                                                               15:15 +1068 ~10: /app/test/features/accounts/domain/usecases/delete_asset_account_test.dart: should return failure when repository fails                                                               15:15 +1068 ~10: loading /app/test/features/accounts/domain/usecases/get_asset_accounts_test.dart                                                                                                      15:16 +1068 ~10: loading /app/test/features/accounts/domain/usecases/get_asset_accounts_test.dart                                                                                                      15:17 +1068 ~10: loading /app/test/features/accounts/domain/usecases/get_asset_accounts_test.dart                                                                                                      15:17 +1068 ~10: /app/test/features/accounts/domain/usecases/get_asset_accounts_test.dart: should get accounts from repository                                                                         15:17 +1068 ~10: /app/test/features/accounts/domain/usecases/get_asset_accounts_test.dart: should get accounts from repository                                                                         
👻 INFO 2026-03-04 05:56:57.358715 [caller info not available] Executing GetAssetAccountsUseCase.
👻 INFO 2026-03-04 05:56:57.380073 [caller info not available] [GetAssetAccountsUseCase] Repository returned. Result isLeft: false
👻 INFO 2026-03-04 05:56:57.381647 [caller info not available] [GetAssetAccountsUseCase] Succeeded with 1 accounts.
15:17 +1069 ~10: /app/test/features/accounts/domain/usecases/get_asset_accounts_test.dart: should get accounts from repository                                                                         15:17 +1069 ~10: /app/test/features/accounts/domain/usecases/get_asset_accounts_test.dart: should return failure when repository fails                                                                 15:17 +1069 ~10: /app/test/features/accounts/domain/usecases/get_asset_accounts_test.dart: should return failure when repository fails                                                                 
👻 INFO 2026-03-04 05:56:57.412083 [caller info not available] Executing GetAssetAccountsUseCase.
👻 INFO 2026-03-04 05:56:57.414031 [caller info not available] [GetAssetAccountsUseCase] Repository returned. Result isLeft: true
⚠️ WARNING 2026-03-04 05:56:57.414753 [caller info not available] [GetAssetAccountsUseCase] Failed: A local data storage error occurred.
15:17 +1070 ~10: /app/test/features/accounts/domain/usecases/get_asset_accounts_test.dart: should return failure when repository fails                                                                 15:18 +1070 ~10: /app/test/features/accounts/domain/usecases/get_asset_accounts_test.dart: should return failure when repository fails                                                                 15:19 +1070 ~10: /app/test/features/accounts/domain/usecases/get_asset_accounts_test.dart: should return failure when repository fails                                                                 15:19 +1070 ~10: loading /app/test/features/accounts/domain/usecases/update_asset_account_test.dart                                                                                                    15:19 +1070 ~10: /app/test/features/accounts/domain/usecases/update_asset_account_test.dart: should call updateAssetAccount on repository                                                              15:19 +1070 ~10: /app/test/features/accounts/domain/usecases/update_asset_account_test.dart: should call updateAssetAccount on repository                                                              
👻 INFO 2026-03-04 05:56:59.255 [caller info not available] Executing UpdateAssetAccountUseCase for 'Bank' (ID: 1).
15:19 +1071 ~10: /app/test/features/accounts/domain/usecases/update_asset_account_test.dart: should call updateAssetAccount on repository                                                              15:19 +1071 ~10: /app/test/features/accounts/domain/usecases/update_asset_account_test.dart: should return failure when repository fails                                                               15:19 +1071 ~10: /app/test/features/accounts/domain/usecases/update_asset_account_test.dart: should return failure when repository fails                                                               
👻 INFO 2026-03-04 05:56:59.310344 [caller info not available] Executing UpdateAssetAccountUseCase for 'Bank' (ID: 1).
15:19 +1072 ~10: /app/test/features/accounts/domain/usecases/update_asset_account_test.dart: should return failure when repository fails                                                               15:20 +1072 ~10: /app/test/features/accounts/domain/usecases/update_asset_account_test.dart: should return failure when repository fails                                                               15:21 +1072 ~10: /app/test/features/accounts/domain/usecases/update_asset_account_test.dart: should return failure when repository fails                                                               15:21 +1072 ~10: loading /app/test/features/accounts/domain/usecases/add_asset_account_test.dart                                                                                                       15:22 +1072 ~10: loading /app/test/features/accounts/domain/usecases/add_asset_account_test.dart                                                                                                       15:23 +1072 ~10: loading /app/test/features/accounts/domain/usecases/add_asset_account_test.dart                                                                                                       15:24 +1072 ~10: loading /app/test/features/accounts/domain/usecases/add_asset_account_test.dart                                                                                                       15:24 +1072 ~10: /app/test/features/accounts/domain/usecases/add_asset_account_test.dart: should call addAssetAccount on repository                                                                    15:24 +1072 ~10: /app/test/features/accounts/domain/usecases/add_asset_account_test.dart: should call addAssetAccount on repository                                                                    
👻 INFO 2026-03-04 05:57:03.956601 [caller info not available] Executing AddAssetAccountUseCase for 'Bank'.
15:24 +1073 ~10: /app/test/features/accounts/domain/usecases/add_asset_account_test.dart: should call addAssetAccount on repository                                                                    15:24 +1073 ~10: /app/test/features/accounts/domain/usecases/add_asset_account_test.dart: should return failure when repository fails                                                                  15:24 +1073 ~10: /app/test/features/accounts/domain/usecases/add_asset_account_test.dart: should return failure when repository fails                                                                  
👻 INFO 2026-03-04 05:57:03.981187 [caller info not available] Executing AddAssetAccountUseCase for 'Bank'.
15:24 +1074 ~10: /app/test/features/accounts/domain/usecases/add_asset_account_test.dart: should return failure when repository fails                                                                  15:25 +1074 ~10: /app/test/features/accounts/domain/usecases/add_asset_account_test.dart: should return failure when repository fails                                                                  15:25 +1074 ~10: loading /app/test/features/accounts/domain/entities/asset_account_test.dart                                                                                                           15:25 +1074 ~10: /app/test/features/accounts/domain/entities/asset_account_test.dart: AssetAccount supports value equality                                                                             15:26 +1074 ~10: /app/test/features/accounts/domain/entities/asset_account_test.dart: AssetAccount supports value equality                                                                             15:26 +1075 ~10: /app/test/features/accounts/domain/entities/asset_account_test.dart: AssetAccount supports value equality                                                                             15:26 +1075 ~10: /app/test/features/accounts/domain/entities/asset_account_test.dart: AssetAccount typeName returns correct string                                                                     15:26 +1076 ~10: /app/test/features/accounts/domain/entities/asset_account_test.dart: AssetAccount typeName returns correct string                                                                     15:26 +1076 ~10: /app/test/features/accounts/domain/entities/asset_account_test.dart: AssetAccount iconData returns correct icon                                                                       15:26 +1077 ~10: /app/test/features/accounts/domain/entities/asset_account_test.dart: AssetAccount iconData returns correct icon                                                                       15:27 +1077 ~10: /app/test/features/accounts/domain/entities/asset_account_test.dart: AssetAccount iconData returns correct icon                                                                       15:27 +1077 ~10: loading /app/test/features/accounts/presentation/bloc/add_edit_account/add_edit_account_bloc_test.dart                                                                                15:28 +1077 ~10: loading /app/test/features/accounts/presentation/bloc/add_edit_account/add_edit_account_bloc_test.dart                                                                                15:29 +1077 ~10: loading /app/test/features/accounts/presentation/bloc/add_edit_account/add_edit_account_bloc_test.dart                                                                                15:29 +1077 ~10: /app/test/features/accounts/presentation/bloc/add_edit_account/add_edit_account_bloc_test.dart: (setUpAll)                                                                            15:29 +1077 ~10: /app/test/features/accounts/presentation/bloc/add_edit_account/add_edit_account_bloc_test.dart: AddEditAccountBloc initial state is AddEditAccountState                               15:29 +1077 ~10: /app/test/features/accounts/presentation/bloc/add_edit_account/add_edit_account_bloc_test.dart: AddEditAccountBloc initial state is AddEditAccountState                               
👻 INFO 2026-03-04 05:57:09.545908 [caller info not available] [AddEditAccountBloc] Initialized. Editing: false
15:29 +1078 ~10: /app/test/features/accounts/presentation/bloc/add_edit_account/add_edit_account_bloc_test.dart: AddEditAccountBloc initial state is AddEditAccountState                               15:29 +1078 ~10: /app/test/features/accounts/presentation/bloc/add_edit_account/add_edit_account_bloc_test.dart: ... emits [submitting, success] when SaveAccountRequested succeeds (Add)              15:29 +1078 ~10: /app/test/features/accounts/presentation/bloc/add_edit_account/add_edit_account_bloc_test.dart: AddEditAccountBloc emits [submitting, success] when SaveAccountRequested succeeds (Add)
👻 INFO 2026-03-04 05:57:09.568151 [caller info not available] [AddEditAccountBloc] Initialized. Editing: false
👻 INFO 2026-03-04 05:57:09.604004 [caller info not available] [AddEditAccountBloc] Received SaveAccountRequested.
👻 INFO 2026-03-04 05:57:09.622496 [caller info not available] [AddEditAccountBloc] Calling Add use case for 'Test Account'.
👻 INFO 2026-03-04 05:57:09.643858 [caller info not available] [AddEditAccountBloc] Save successful for 'Test Account'. Emitting Success status and publishing event.
15:29 +1079 ~10: /app/test/features/accounts/presentation/bloc/add_edit_account/add_edit_account_bloc_test.dart: ... emits [submitting, success] when SaveAccountRequested succeeds (Add)              15:29 +1079 ~10: /app/test/features/accounts/presentation/bloc/add_edit_account/add_edit_account_bloc_test.dart: AddEditAccountBloc emits [submitting, error] when SaveAccountRequested fails (Add)    15:29 +1079 ~10: /app/test/features/accounts/presentation/bloc/add_edit_account/add_edit_account_bloc_test.dart: AddEditAccountBloc emits [submitting, error] when SaveAccountRequested fails (Add)    
👻 INFO 2026-03-04 05:57:09.686476 [caller info not available] [AddEditAccountBloc] Initialized. Editing: false
👻 INFO 2026-03-04 05:57:09.690414 [caller info not available] [AddEditAccountBloc] Received SaveAccountRequested.
👻 INFO 2026-03-04 05:57:09.691193 [caller info not available] [AddEditAccountBloc] Calling Add use case for 'Test Account'.
⚠️ WARNING 2026-03-04 05:57:09.693535 [caller info not available] [AddEditAccountBloc] Save failed: Error
⚠️ WARNING 2026-03-04 05:57:09.694736 [caller info not available] [AddEditAccountBloc] Mapping failure: CacheFailure - Error
15:29 +1080 ~10: /app/test/features/accounts/presentation/bloc/add_edit_account/add_edit_account_bloc_test.dart: AddEditAccountBloc emits [submitting, error] when SaveAccountRequested fails (Add)    15:29 +1080 ~10: /app/test/features/accounts/presentation/bloc/add_edit_account/add_edit_account_bloc_test.dart: (tearDownAll)                                                                         15:30 +1080 ~10: /app/test/features/accounts/presentation/bloc/add_edit_account/add_edit_account_bloc_test.dart: (tearDownAll)                                                                         15:31 +1080 ~10: /app/test/features/accounts/presentation/bloc/add_edit_account/add_edit_account_bloc_test.dart: (tearDownAll)                                                                         15:31 +1080 ~10: loading /app/test/features/accounts/presentation/bloc/add_edit_account_bloc_test.dart                                                                                                 15:31 +1080 ~10: /app/test/features/accounts/presentation/bloc/add_edit_account_bloc_test.dart: (setUpAll)                                                                                             15:31 +1080 ~10: /app/test/features/accounts/presentation/bloc/add_edit_account_bloc_test.dart: AddEditAccountBloc preserves current balance when editing                                              15:31 +1080 ~10: /app/test/features/accounts/presentation/bloc/add_edit_account_bloc_test.dart: AddEditAccountBloc preserves current balance when editing                                              
👻 INFO 2026-03-04 05:57:11.653992 [caller info not available] [AddEditAccountBloc] Initialized. Editing: true
👻 INFO 2026-03-04 05:57:11.667685 [caller info not available] [AddEditAccountBloc] Received SaveAccountRequested.
👻 INFO 2026-03-04 05:57:11.671474 [caller info not available] [AddEditAccountBloc] Calling Update use case for 'Updated'.
👻 INFO 2026-03-04 05:57:11.673091 [caller info not available] Executing UpdateAssetAccountUseCase for 'Updated' (ID: 1).
👻 INFO 2026-03-04 05:57:11.684983 [caller info not available] [AddEditAccountBloc] Save successful for 'Updated'. Emitting Success status and publishing event.
15:31 +1081 ~10: /app/test/features/accounts/presentation/bloc/add_edit_account_bloc_test.dart: AddEditAccountBloc preserves current balance when editing                                              15:31 +1081 ~10: /app/test/features/accounts/presentation/bloc/add_edit_account_bloc_test.dart: (tearDownAll)                                                                                          15:32 +1081 ~10: /app/test/features/accounts/presentation/bloc/add_edit_account_bloc_test.dart: (tearDownAll)                                                                                          15:33 +1081 ~10: /app/test/features/accounts/presentation/bloc/add_edit_account_bloc_test.dart: (tearDownAll)                                                                                          15:33 +1081 ~10: loading /app/test/features/accounts/presentation/bloc/account_list_bloc_test.dart                                                                                                     15:34 +1081 ~10: loading /app/test/features/accounts/presentation/bloc/account_list_bloc_test.dart                                                                                                     15:35 +1081 ~10: loading /app/test/features/accounts/presentation/bloc/account_list_bloc_test.dart                                                                                                     15:36 +1081 ~10: loading /app/test/features/accounts/presentation/bloc/account_list_bloc_test.dart                                                                                                     15:37 +1081 ~10: loading /app/test/features/accounts/presentation/bloc/account_list_bloc_test.dart                                                                                                     15:37 +1081 ~10: /app/test/features/accounts/presentation/bloc/account_list_bloc_test.dart: emits [AccountListLoading, AccountListLoaded] when LoadAccounts succeeds                                   15:37 +1081 ~10: /app/test/features/accounts/presentation/bloc/account_list_bloc_test.dart: emits [AccountListLoading, AccountListLoaded] when LoadAccounts succeeds                                   
👻 INFO 2026-03-04 05:57:16.989048 [caller info not available] [AccountListBloc] Initialized and subscribed to data changes.
👻 INFO 2026-03-04 05:57:17.008371 [caller info not available] [AccountListBloc] Received LoadAccounts event (forceReload: false). Current state: AccountListInitial
👻 INFO 2026-03-04 05:57:17.011599 [caller info not available] [AccountListBloc] Emitting AccountListLoading (isReloading: false).
👻 INFO 2026-03-04 05:57:17.026228 [caller info not available] [AccountListBloc] GetAssetAccountsUseCase returned. isLeft: false
👻 INFO 2026-03-04 05:57:17.031314 [caller info not available] [AccountListBloc] Load successful. Emitting AccountListLoaded with 1 accounts.
👻 INFO 2026-03-04 05:57:17.043351 [caller info not available] [AccountListBloc] Canceled data change subscription and closing.
15:37 +1082 ~10: /app/test/features/accounts/presentation/bloc/account_list_bloc_test.dart: emits [AccountListLoading, AccountListLoaded] when LoadAccounts succeeds                                   15:37 +1082 ~10: /app/test/features/accounts/presentation/bloc/account_list_bloc_test.dart: emits optimistic delete when DeleteAccountRequested                                                        15:37 +1082 ~10: /app/test/features/accounts/presentation/bloc/account_list_bloc_test.dart: emits optimistic delete when DeleteAccountRequested                                                        
👻 INFO 2026-03-04 05:57:17.075253 [caller info not available] [AccountListBloc] Initialized and subscribed to data changes.
👻 INFO 2026-03-04 05:57:17.078641 [caller info not available] [AccountListBloc] Received DeleteAccountRequested for ID: 1
👻 INFO 2026-03-04 05:57:17.079803 [caller info not available] [AccountListBloc] Current state is Loaded. Performing optimistic delete.
👻 INFO 2026-03-04 05:57:17.080924 [caller info not available] [AccountListBloc] Optimistic list size: 0. Emitting updated AccountListLoaded.
👻 INFO 2026-03-04 05:57:17.083466 [caller info not available] [AccountListBloc] DeleteAssetAccountUseCase returned. isLeft: false
👻 INFO 2026-03-04 05:57:17.084857 [caller info not available] [AccountListBloc] Deletion successful. Publishing DataChangedEvent.
👻 INFO 2026-03-04 05:57:17.088798 [caller info not available] [AccountListBloc] Canceled data change subscription and closing.
15:37 +1083 ~10: /app/test/features/accounts/presentation/bloc/account_list_bloc_test.dart: emits optimistic delete when DeleteAccountRequested                                                        15:38 +1083 ~10: /app/test/features/accounts/presentation/bloc/account_list_bloc_test.dart: emits optimistic delete when DeleteAccountRequested                                                        15:39 +1083 ~10: /app/test/features/accounts/presentation/bloc/account_list_bloc_test.dart: emits optimistic delete when DeleteAccountRequested                                                        15:39 +1083 ~10: loading /app/test/features/accounts/presentation/bloc/account_list/account_list_event_test.dart                                                                                       15:39 +1083 ~10: /app/test/features/accounts/presentation/bloc/account_list/account_list_event_test.dart: LoadAccounts supports equality                                                               15:39 +1084 ~10: /app/test/features/accounts/presentation/bloc/account_list/account_list_event_test.dart: LoadAccounts supports equality                                                               15:40 +1084 ~10: /app/test/features/accounts/presentation/bloc/account_list/account_list_event_test.dart: LoadAccounts supports equality                                                               15:40 +1084 ~10: loading /app/test/features/accounts/presentation/bloc/account_list/account_list_bloc_test.dart                                                                                        15:41 +1084 ~10: loading /app/test/features/accounts/presentation/bloc/account_list/account_list_bloc_test.dart                                                                                        15:42 +1084 ~10: loading /app/test/features/accounts/presentation/bloc/account_list/account_list_bloc_test.dart                                                                                        15:43 +1084 ~10: loading /app/test/features/accounts/presentation/bloc/account_list/account_list_bloc_test.dart                                                                                        15:43 +1084 ~10: /app/test/features/accounts/presentation/bloc/account_list/account_list_bloc_test.dart: (setUpAll)                                                                                    15:43 +1084 ~10: /app/test/features/accounts/presentation/bloc/account_list/account_list_bloc_test.dart: initial state should be AccountListInitial                                                    15:43 +1084 ~10: /app/test/features/accounts/presentation/bloc/account_list/account_list_bloc_test.dart: initial state should be AccountListInitial                                                    
👻 INFO 2026-03-04 05:57:23.274165 [caller info not available] [AccountListBloc] Initialized and subscribed to data changes.
👻 INFO 2026-03-04 05:57:23.286559 [caller info not available] [AccountListBloc] Canceled data change subscription and closing.
15:43 +1085 ~10: /app/test/features/accounts/presentation/bloc/account_list/account_list_bloc_test.dart: initial state should be AccountListInitial                                                    15:43 +1085 ~10: /app/test/features/accounts/presentation/bloc/account_list/account_list_bloc_test.dart: LoadAccounts emits [AccountListLoading, AccountListLoaded] when successful                    15:43 +1085 ~10: /app/test/features/accounts/presentation/bloc/account_list/account_list_bloc_test.dart: LoadAccounts emits [AccountListLoading, AccountListLoaded] when successful                    
👻 INFO 2026-03-04 05:57:23.328345 [caller info not available] [AccountListBloc] Initialized and subscribed to data changes.
👻 INFO 2026-03-04 05:57:23.380191 [caller info not available] [AccountListBloc] Received LoadAccounts event (forceReload: false). Current state: AccountListInitial
👻 INFO 2026-03-04 05:57:23.383781 [caller info not available] [AccountListBloc] Emitting AccountListLoading (isReloading: false).
👻 INFO 2026-03-04 05:57:23.402097 [caller info not available] [AccountListBloc] GetAssetAccountsUseCase returned. isLeft: false
👻 INFO 2026-03-04 05:57:23.402950 [caller info not available] [AccountListBloc] Load successful. Emitting AccountListLoaded with 1 accounts.
👻 INFO 2026-03-04 05:57:23.405740 [caller info not available] [AccountListBloc] Canceled data change subscription and closing.
👻 INFO 2026-03-04 05:57:23.426411 [caller info not available] [AccountListBloc] Canceled data change subscription and closing.
15:43 +1086 ~10: /app/test/features/accounts/presentation/bloc/account_list/account_list_bloc_test.dart: LoadAccounts emits [AccountListLoading, AccountListLoaded] when successful                    15:43 +1086 ~10: /app/test/features/accounts/presentation/bloc/account_list/account_list_bloc_test.dart: LoadAccounts emits [AccountListLoading, AccountListError] when failure                        15:43 +1086 ~10: /app/test/features/accounts/presentation/bloc/account_list/account_list_bloc_test.dart: LoadAccounts emits [AccountListLoading, AccountListError] when failure                        
👻 INFO 2026-03-04 05:57:23.433452 [caller info not available] [AccountListBloc] Initialized and subscribed to data changes.
👻 INFO 2026-03-04 05:57:23.439204 [caller info not available] [AccountListBloc] Received LoadAccounts event (forceReload: false). Current state: AccountListInitial
👻 INFO 2026-03-04 05:57:23.446011 [caller info not available] [AccountListBloc] Emitting AccountListLoading (isReloading: false).
👻 INFO 2026-03-04 05:57:23.447956 [caller info not available] [AccountListBloc] GetAssetAccountsUseCase returned. isLeft: true
⚠️ WARNING 2026-03-04 05:57:23.448616 [caller info not available] [AccountListBloc] Load failed: Error. Emitting AccountListError.
👻 INFO 2026-03-04 05:57:23.453571 [caller info not available] [AccountListBloc] Canceled data change subscription and closing.
👻 INFO 2026-03-04 05:57:23.470190 [caller info not available] [AccountListBloc] Canceled data change subscription and closing.
15:43 +1087 ~10: /app/test/features/accounts/presentation/bloc/account_list/account_list_bloc_test.dart: LoadAccounts emits [AccountListLoading, AccountListError] when failure                        15:43 +1087 ~10: /app/test/features/accounts/presentation/bloc/account_list/account_list_bloc_test.dart: DeleteAccountRequested emits optimistic update then nothing if success                        15:43 +1087 ~10: /app/test/features/accounts/presentation/bloc/account_list/account_list_bloc_test.dart: DeleteAccountRequested emits optimistic update then nothing if success                        
👻 INFO 2026-03-04 05:57:23.483880 [caller info not available] [AccountListBloc] Initialized and subscribed to data changes.
👻 INFO 2026-03-04 05:57:23.487927 [caller info not available] [AccountListBloc] Received DeleteAccountRequested for ID: 1
👻 INFO 2026-03-04 05:57:23.494081 [caller info not available] [AccountListBloc] Current state is Loaded. Performing optimistic delete.
👻 INFO 2026-03-04 05:57:23.494696 [caller info not available] [AccountListBloc] Optimistic list size: 0. Emitting updated AccountListLoaded.
👻 INFO 2026-03-04 05:57:23.496700 [caller info not available] [AccountListBloc] DeleteAssetAccountUseCase returned. isLeft: false
👻 INFO 2026-03-04 05:57:23.497343 [caller info not available] [AccountListBloc] Deletion successful. Publishing DataChangedEvent.
👻 INFO 2026-03-04 05:57:23.507411 [caller info not available] [AccountListBloc] Canceled data change subscription and closing.
👻 INFO 2026-03-04 05:57:23.515267 [caller info not available] [AccountListBloc] Canceled data change subscription and closing.
15:43 +1088 ~10: /app/test/features/accounts/presentation/bloc/account_list/account_list_bloc_test.dart: DeleteAccountRequested emits optimistic update then nothing if success                        15:43 +1088 ~10: /app/test/features/accounts/presentation/bloc/account_list/account_list_bloc_test.dart: DeleteAccountRequested emits optimistic update then reverts if failure                        15:43 +1088 ~10: /app/test/features/accounts/presentation/bloc/account_list/account_list_bloc_test.dart: DeleteAccountRequested emits optimistic update then reverts if failure                        
👻 INFO 2026-03-04 05:57:23.525623 [caller info not available] [AccountListBloc] Initialized and subscribed to data changes.
👻 INFO 2026-03-04 05:57:23.527963 [caller info not available] [AccountListBloc] Received DeleteAccountRequested for ID: 1
👻 INFO 2026-03-04 05:57:23.531595 [caller info not available] [AccountListBloc] Current state is Loaded. Performing optimistic delete.
👻 INFO 2026-03-04 05:57:23.531965 [caller info not available] [AccountListBloc] Optimistic list size: 0. Emitting updated AccountListLoaded.
👻 INFO 2026-03-04 05:57:23.533595 [caller info not available] [AccountListBloc] DeleteAssetAccountUseCase returned. isLeft: true
⚠️ WARNING 2026-03-04 05:57:23.534117 [caller info not available] [AccountListBloc] Deletion failed: Delete Error. Reverting to previous state.
👻 INFO 2026-03-04 05:57:23.534822 [caller info not available] [AccountListBloc] Canceled data change subscription and closing.
👻 INFO 2026-03-04 05:57:23.543363 [caller info not available] [AccountListBloc] Canceled data change subscription and closing.
15:43 +1089 ~10: /app/test/features/accounts/presentation/bloc/account_list/account_list_bloc_test.dart: DeleteAccountRequested emits optimistic update then reverts if failure                        15:43 +1089 ~10: /app/test/features/accounts/presentation/bloc/account_list/account_list_bloc_test.dart: DataChangedEvent triggers reload when relevant data changes                                   15:43 +1089 ~10: /app/test/features/accounts/presentation/bloc/account_list/account_list_bloc_test.dart: DataChangedEvent triggers reload when relevant data changes                                   
👻 INFO 2026-03-04 05:57:23.555401 [caller info not available] [AccountListBloc] Initialized and subscribed to data changes.
👻 INFO 2026-03-04 05:57:23.559087 [caller info not available] [AccountListBloc] Relevant DataChangedEvent: DataChangedEvent(type: DataChangeType.account, reason: DataChangeReason.updated). Triggering reload.
👻 INFO 2026-03-04 05:57:23.566514 [caller info not available] [AccountListBloc] Handling _DataChanged event. Dispatching LoadAccounts(forceReload: true).
👻 INFO 2026-03-04 05:57:23.570274 [caller info not available] [AccountListBloc] Received LoadAccounts event (forceReload: true). Current state: AccountListInitial
👻 INFO 2026-03-04 05:57:23.570692 [caller info not available] [AccountListBloc] Emitting AccountListLoading (isReloading: false).
👻 INFO 2026-03-04 05:57:23.571446 [caller info not available] [AccountListBloc] GetAssetAccountsUseCase returned. isLeft: false
👻 INFO 2026-03-04 05:57:23.571745 [caller info not available] [AccountListBloc] Load successful. Emitting AccountListLoaded with 1 accounts.
👻 INFO 2026-03-04 05:57:23.573744 [caller info not available] [AccountListBloc] Canceled data change subscription and closing.
👻 INFO 2026-03-04 05:57:23.575880 [caller info not available] [AccountListBloc] Canceled data change subscription and closing.
15:43 +1090 ~10: /app/test/features/accounts/presentation/bloc/account_list/account_list_bloc_test.dart: DataChangedEvent triggers reload when relevant data changes                                   15:43 +1090 ~10: /app/test/features/accounts/presentation/bloc/account_list/account_list_bloc_test.dart: DataChangedEvent resets state when system reset event occurs                                  15:43 +1090 ~10: /app/test/features/accounts/presentation/bloc/account_list/account_list_bloc_test.dart: DataChangedEvent resets state when system reset event occurs                                  
👻 INFO 2026-03-04 05:57:23.591364 [caller info not available] [AccountListBloc] Initialized and subscribed to data changes.
👻 INFO 2026-03-04 05:57:23.600006 [caller info not available] [AccountListBloc] System Reset event received. Adding ResetState.
👻 INFO 2026-03-04 05:57:23.602523 [caller info not available] [AccountListBloc] Resetting state to initial.
👻 INFO 2026-03-04 05:57:23.606377 [caller info not available] [AccountListBloc] Received LoadAccounts event (forceReload: false). Current state: AccountListInitial
👻 INFO 2026-03-04 05:57:23.606786 [caller info not available] [AccountListBloc] Emitting AccountListLoading (isReloading: false).
👻 INFO 2026-03-04 05:57:23.607441 [caller info not available] [AccountListBloc] GetAssetAccountsUseCase returned. isLeft: false
👻 INFO 2026-03-04 05:57:23.607763 [caller info not available] [AccountListBloc] Load successful. Emitting AccountListLoaded with 1 accounts.
👻 INFO 2026-03-04 05:57:23.614866 [caller info not available] [AccountListBloc] Canceled data change subscription and closing.
👻 INFO 2026-03-04 05:57:23.620305 [caller info not available] [AccountListBloc] Canceled data change subscription and closing.
15:43 +1091 ~10: /app/test/features/accounts/presentation/bloc/account_list/account_list_bloc_test.dart: DataChangedEvent resets state when system reset event occurs                                  15:43 +1091 ~10: /app/test/features/accounts/presentation/bloc/account_list/account_list_bloc_test.dart: (tearDownAll)                                                                                 15:44 +1091 ~10: /app/test/features/accounts/presentation/bloc/account_list/account_list_bloc_test.dart: (tearDownAll)                                                                                 15:45 +1091 ~10: /app/test/features/accounts/presentation/bloc/account_list/account_list_bloc_test.dart: (tearDownAll)                                                                                 15:45 +1091 ~10: loading /app/test/features/accounts/presentation/bloc/account_list/account_list_state_test.dart                                                                                       15:45 +1091 ~10: /app/test/features/accounts/presentation/bloc/account_list/account_list_state_test.dart: AccountListLoading supports equality                                                         15:45 +1092 ~10: /app/test/features/accounts/presentation/bloc/account_list/account_list_state_test.dart: AccountListLoading supports equality                                                         15:46 +1092 ~10: /app/test/features/accounts/presentation/bloc/account_list/account_list_state_test.dart: AccountListLoading supports equality                                                         15:47 +1092 ~10: /app/test/features/accounts/presentation/bloc/account_list/account_list_state_test.dart: AccountListLoading supports equality                                                         15:48 +1092 ~10: /app/test/features/accounts/presentation/bloc/account_list/account_list_state_test.dart: AccountListLoading supports equality                                                         15:49 +1092 ~10: /app/test/features/accounts/presentation/bloc/account_list/account_list_state_test.dart: AccountListLoading supports equality                                                         15:49 +1092 ~10: loading /app/test/features/accounts/presentation/widgets/account_card_test.dart                                                                                                       15:50 +1092 ~10: loading /app/test/features/accounts/presentation/widgets/account_card_test.dart                                                                                                       15:51 +1092 ~10: loading /app/test/features/accounts/presentation/widgets/account_card_test.dart                                                                                                       15:52 +1092 ~10: loading /app/test/features/accounts/presentation/widgets/account_card_test.dart                                                                                                       15:53 +1092 ~10: loading /app/test/features/accounts/presentation/widgets/account_card_test.dart                                                                                                       15:53 +1092 ~10: /app/test/features/accounts/presentation/widgets/account_card_test.dart: AccountCard renders account name, type, and balance                                                          15:54 +1092 ~10: /app/test/features/accounts/presentation/widgets/account_card_test.dart: AccountCard renders account name, type, and balance                                                          15:55 +1092 ~10: /app/test/features/accounts/presentation/widgets/account_card_test.dart: AccountCard renders account name, type, and balance                                                          15:55 +1093 ~10: /app/test/features/accounts/presentation/widgets/account_form_test.dart: AccountForm renders add mode correctly                                                                       15:56 +1093 ~10: /app/test/features/accounts/presentation/widgets/account_form_test.dart: AccountForm renders add mode correctly                                                                       15:56 +1094 ~10: /app/test/features/accounts/presentation/widgets/account_form_test.dart: AccountForm renders add mode correctly                                                                       15:56 +1095 ~10: /app/test/features/accounts/presentation/widgets/account_form_test.dart: AccountForm renders add mode correctly                                                                       15:56 +1096 ~10: /app/test/features/accounts/presentation/widgets/account_form_test.dart: AccountForm renders add mode correctly                                                                       15:57 +1096 ~10: /app/test/features/accounts/presentation/widgets/account_form_test.dart: AccountForm renders add mode correctly                                                                       15:57 +1097 ~10: /app/test/features/accounts/presentation/widgets/account_form_test.dart: AccountForm renders add mode correctly                                                                       15:57 +1097 ~10: /app/test/features/accounts/presentation/widgets/account_form_test.dart: AccountForm renders edit mode correctly                                                                      15:58 +1097 ~10: /app/test/features/accounts/presentation/widgets/account_form_test.dart: AccountForm renders edit mode correctly                                                                      15:58 +1098 ~10: /app/test/features/accounts/presentation/widgets/account_form_test.dart: AccountForm renders edit mode correctly                                                                      15:58 +1098 ~10: /app/test/features/accounts/presentation/widgets/account_form_test.dart: AccountForm submits data                                                                                     15:59 +1098 ~10: /app/test/features/accounts/presentation/widgets/account_form_test.dart: AccountForm submits data                                                                                     15:59 +1099 ~10: /app/test/features/accounts/presentation/widgets/account_form_test.dart: AccountForm submits data                                                                                     16:00 +1099 ~10: /app/test/features/accounts/presentation/widgets/account_form_test.dart: AccountForm submits data                                                                                     16:01 +1099 ~10: /app/test/features/accounts/presentation/widgets/account_form_test.dart: AccountForm submits data                                                                                     16:01 +1099 ~10: loading /app/test/features/accounts/presentation/widgets/account_selector_dropdown_test.dart                                                                                          16:02 +1099 ~10: loading /app/test/features/accounts/presentation/widgets/account_selector_dropdown_test.dart                                                                                          16:03 +1099 ~10: loading /app/test/features/accounts/presentation/widgets/account_selector_dropdown_test.dart                                                                                          16:04 +1099 ~10: loading /app/test/features/accounts/presentation/widgets/account_selector_dropdown_test.dart                                                                                          16:05 +1099 ~10: loading /app/test/features/accounts/presentation/widgets/account_selector_dropdown_test.dart                                                                                          16:06 +1099 ~10: loading /app/test/features/accounts/presentation/widgets/account_selector_dropdown_test.dart                                                                                          16:06 +1099 ~10: /app/test/features/accounts/presentation/widgets/account_selector_dropdown_test.dart: AccountSelectorDropdown renders correctly with accounts                                         16:07 +1099 ~10: /app/test/features/accounts/presentation/widgets/account_selector_dropdown_test.dart: AccountSelectorDropdown renders correctly with accounts                                         16:07 +1099 ~10: /app/test/features/accounts/presentation/widgets/account_selector_dropdown_test.dart: AccountSelectorDropdown renders correctly with accounts                                         
👻 INFO 2026-03-04 05:57:47.547889 [caller info not available] [AccountSelector] BlocBuilder running for state: AccountListLoaded
👻 INFO 2026-03-04 05:57:47.986107 [caller info not available] [AccountSelector] BlocBuilder running for state: AccountListLoaded
16:09 +1100 ~10: /app/test/features/accounts/presentation/pages/accounts_tab_page_test.dart: renders AccountsTabPage                                                                                   16:09 +1100 ~10: /app/test/features/accounts/presentation/widgets/account_selector_dropdown_test.dart: AccountSelectorDropdown shows loading indicator                                                 
👻 INFO 2026-03-04 05:57:49.250362 [caller info not available] [AccountSelector] BlocBuilder running for state: AccountListLoading
👻 INFO 2026-03-04 05:57:49.680858 [caller info not available] [AccountSelector] BlocBuilder running for state: AccountListLoading
16:10 +1101 ~10: /app/test/features/accounts/presentation/pages/accounts_tab_page_test.dart: renders AccountsTabPage                                                                                   16:10 +1101 ~10: /app/test/features/accounts/presentation/widgets/account_selector_dropdown_test.dart: AccountSelectorDropdown shows error                                                             
👻 INFO 2026-03-04 05:57:50.112440 [caller info not available] [AccountSelector] BlocBuilder running for state: AccountListError
‼️ SEVERE 2026-03-04 05:57:50.120489 [caller info not available] [AccountSelector] Error state detected: Error loading
👻 INFO 2026-03-04 05:57:50.347382 [caller info not available] [AccountSelector] BlocBuilder running for state: AccountListError
‼️ SEVERE 2026-03-04 05:57:50.351378 [caller info not available] [AccountSelector] Error state detected: Error loading
16:10 +1102 ~10: /app/test/features/accounts/presentation/pages/accounts_tab_page_test.dart: renders AccountsTabPage                                                                                   16:11 +1102 ~10: /app/test/features/accounts/presentation/pages/accounts_tab_page_test.dart: renders AccountsTabPage                                                                                   16:12 +1102 ~10: /app/test/features/accounts/presentation/pages/accounts_tab_page_test.dart: renders AccountsTabPage                                                                                   16:12 +1103 ~10: /app/test/features/accounts/presentation/pages/accounts_tab_page_test.dart: renders AccountsTabPage                                                                                   16:13 +1103 ~10: /app/test/features/accounts/presentation/pages/accounts_tab_page_test.dart: renders AccountsTabPage                                                                                   16:14 +1103 ~10: /app/test/features/accounts/presentation/pages/accounts_tab_page_test.dart: renders AccountsTabPage                                                                                   16:15 +1103 ~10: /app/test/features/accounts/presentation/pages/accounts_tab_page_test.dart: renders AccountsTabPage                                                                                   16:15 +1103 ~10: loading /app/test/features/accounts/presentation/pages/account_list_page_test.dart                                                                                                    16:16 +1103 ~10: loading /app/test/features/accounts/presentation/pages/account_list_page_test.dart                                                                                                    16:17 +1103 ~10: loading /app/test/features/accounts/presentation/pages/account_list_page_test.dart                                                                                                    16:18 +1103 ~10: loading /app/test/features/accounts/presentation/pages/account_list_page_test.dart                                                                                                    16:19 +1103 ~10: loading /app/test/features/accounts/presentation/pages/account_list_page_test.dart                                                                                                    16:20 +1103 ~10: loading /app/test/features/accounts/presentation/pages/account_list_page_test.dart                                                                                                    16:21 +1103 ~10: loading /app/test/features/accounts/presentation/pages/account_list_page_test.dart                                                                                                    16:22 +1103 ~10: loading /app/test/features/accounts/presentation/pages/account_list_page_test.dart                                                                                                    16:23 +1103 ~10: loading /app/test/features/accounts/presentation/pages/account_list_page_test.dart                                                                                                    16:24 +1103 ~10: loading /app/test/features/accounts/presentation/pages/account_list_page_test.dart                                                                                                    16:25 +1103 ~10: loading /app/test/features/accounts/presentation/pages/account_list_page_test.dart                                                                                                    16:26 +1103 ~10: loading /app/test/features/accounts/presentation/pages/account_list_page_test.dart                                                                                                    16:27 +1103 ~10: loading /app/test/features/accounts/presentation/pages/account_list_page_test.dart                                                                                                    16:27 +1103 ~10: /app/test/features/accounts/presentation/pages/account_list_page_test.dart: (setUpAll)                                                                                                16:27 +1103 ~10: /app/test/features/accounts/presentation/pages/account_list_page_test.dart: AccountListPage shows loading indicator                                                                   16:27 +1103 ~11: /app/test/features/accounts/presentation/pages/account_list_page_test.dart: AccountListPage shows loading indicator                                                                   16:27 +1103 ~11: /app/test/features/accounts/presentation/pages/account_list_page_test.dart: AccountListPage shows empty state                                                                         16:27 +1103 ~12: /app/test/features/accounts/presentation/pages/account_list_page_test.dart: AccountListPage shows empty state                                                                         16:27 +1103 ~12: /app/test/features/accounts/presentation/pages/account_list_page_test.dart: AccountListPage shows error state and retries                                                             16:27 +1103 ~13: /app/test/features/accounts/presentation/pages/account_list_page_test.dart: AccountListPage shows error state and retries                                                             16:27 +1103 ~13: /app/test/features/accounts/presentation/pages/account_list_page_test.dart: AccountListPage renders a list of AccountCards                                                            16:27 +1103 ~14: /app/test/features/accounts/presentation/pages/account_list_page_test.dart: AccountListPage renders a list of AccountCards                                                            16:27 +1103 ~14: /app/test/features/accounts/presentation/pages/account_list_page_test.dart: AccountListPage tapping FAB navigates to add page                                                         16:27 +1103 ~15: /app/test/features/accounts/presentation/pages/account_list_page_test.dart: AccountListPage tapping FAB navigates to add page                                                         16:27 +1103 ~15: /app/test/features/accounts/presentation/pages/account_list_page_test.dart: (tearDownAll)                                                                                             16:28 +1103 ~15: /app/test/features/accounts/presentation/pages/account_list_page_test.dart: (tearDownAll)                                                                                             16:28 +1103 ~15: loading /app/test/features/recurring_transactions/data/datasources/recurring_transaction_local_data_source_test.dart                                                                  16:28 +1103 ~15: /app/test/features/recurring_transactions/data/datasources/recurring_transaction_local_data_source_test.dart: (setUpAll)                                                              16:28 +1103 ~15: /app/test/features/recurring_transactions/data/datasources/recurring_transaction_local_data_source_test.dart: RecurringTransactionLocalDataSource addRecurringRule calls box.put      16:28 +1104 ~15: /app/test/features/recurring_transactions/data/datasources/recurring_transaction_local_data_source_test.dart: RecurringTransactionLocalDataSource addRecurringRule calls box.put      16:28 +1104 ~15: /app/test/features/recurring_transactions/data/datasources/recurring_transaction_local_data_source_test.dart: RecurringTransactionLocalDataSource getRecurringRules returns values    16:28 +1105 ~15: /app/test/features/recurring_transactions/data/datasources/recurring_transaction_local_data_source_test.dart: RecurringTransactionLocalDataSource getRecurringRules returns values    16:28 +1105 ~15: /app/test/features/recurring_transactions/data/datasources/recurring_transaction_local_data_source_test.dart: RecurringTransactionLocalDataSource addAuditLog calls box.put           16:28 +1106 ~15: /app/test/features/recurring_transactions/data/datasources/recurring_transaction_local_data_source_test.dart: RecurringTransactionLocalDataSource addAuditLog calls box.put           16:28 +1106 ~15: ... RecurringTransactionLocalDataSource getAuditLogsForRule filters by ruleId                                                                                                         16:28 +1107 ~15: ... RecurringTransactionLocalDataSource getAuditLogsForRule filters by ruleId                                                                                                         16:28 +1107 ~15: /app/test/features/recurring_transactions/data/datasources/recurring_transaction_local_data_source_test.dart: (tearDownAll)                                                           16:29 +1107 ~15: /app/test/features/recurring_transactions/data/datasources/recurring_transaction_local_data_source_test.dart: (tearDownAll)                                                           16:30 +1107 ~15: /app/test/features/recurring_transactions/data/datasources/recurring_transaction_local_data_source_test.dart: (tearDownAll)                                                           16:30 +1107 ~15: loading /app/test/features/recurring_transactions/data/datasources/recurring_transaction_local_data_source_proxy_test.dart                                                            16:31 +1107 ~15: loading /app/test/features/recurring_transactions/data/datasources/recurring_transaction_local_data_source_proxy_test.dart                                                            16:32 +1107 ~15: loading /app/test/features/recurring_transactions/data/datasources/recurring_transaction_local_data_source_proxy_test.dart                                                            16:33 +1107 ~15: loading /app/test/features/recurring_transactions/data/datasources/recurring_transaction_local_data_source_proxy_test.dart                                                            16:33 +1107 ~15: /app/test/features/recurring_transactions/data/datasources/recurring_transaction_local_data_source_proxy_test.dart: ... should delegate to DemoModeService when demo mode is active   16:33 +1108 ~15: /app/test/features/recurring_transactions/data/datasources/recurring_transaction_local_data_source_proxy_test.dart: ... should delegate to DemoModeService when demo mode is active   16:33 +1108 ~15: /app/test/features/recurring_transactions/data/datasources/recurring_transaction_local_data_source_proxy_test.dart: ... should delegate to HiveDataSource when demo mode is inactive  16:33 +1109 ~15: /app/test/features/recurring_transactions/data/datasources/recurring_transaction_local_data_source_proxy_test.dart: ... should delegate to HiveDataSource when demo mode is inactive  16:33 +1109 ~15: /app/test/features/recurring_transactions/data/datasources/recurring_transaction_local_data_source_proxy_test.dart: ... should delegate to DemoModeService when demo mode is active   16:33 +1110 ~15: /app/test/features/recurring_transactions/data/datasources/recurring_transaction_local_data_source_proxy_test.dart: ... should delegate to DemoModeService when demo mode is active   16:33 +1110 ~15: /app/test/features/recurring_transactions/data/datasources/recurring_transaction_local_data_source_proxy_test.dart: ... should delegate to HiveDataSource when demo mode is inactive  16:33 +1111 ~15: /app/test/features/recurring_transactions/data/datasources/recurring_transaction_local_data_source_proxy_test.dart: ... should delegate to HiveDataSource when demo mode is inactive  16:33 +1111 ~15: /app/test/features/recurring_transactions/data/datasources/recurring_transaction_local_data_source_proxy_test.dart: ... should delegate to DemoModeService when demo mode is active   16:33 +1112 ~15: /app/test/features/recurring_transactions/data/datasources/recurring_transaction_local_data_source_proxy_test.dart: ... should delegate to DemoModeService when demo mode is active   16:33 +1112 ~15: /app/test/features/recurring_transactions/data/datasources/recurring_transaction_local_data_source_proxy_test.dart: ... throw Exception when demo mode is active and rule not found   16:33 +1113 ~15: /app/test/features/recurring_transactions/data/datasources/recurring_transaction_local_data_source_proxy_test.dart: ... throw Exception when demo mode is active and rule not found   16:33 +1113 ~15: /app/test/features/recurring_transactions/data/datasources/recurring_transaction_local_data_source_proxy_test.dart: ... should delegate to HiveDataSource when demo mode is inactive  16:33 +1114 ~15: /app/test/features/recurring_transactions/data/datasources/recurring_transaction_local_data_source_proxy_test.dart: ... should delegate to HiveDataSource when demo mode is inactive  16:33 +1114 ~15: /app/test/features/recurring_transactions/data/datasources/recurring_transaction_local_data_source_proxy_test.dart: ... should delegate to DemoModeService when demo mode is active   16:33 +1115 ~15: /app/test/features/recurring_transactions/data/datasources/recurring_transaction_local_data_source_proxy_test.dart: ... should delegate to DemoModeService when demo mode is active   16:33 +1115 ~15: /app/test/features/recurring_transactions/data/datasources/recurring_transaction_local_data_source_proxy_test.dart: ... should delegate to HiveDataSource when demo mode is inactive  16:33 +1116 ~15: /app/test/features/recurring_transactions/data/datasources/recurring_transaction_local_data_source_proxy_test.dart: ... should delegate to HiveDataSource when demo mode is inactive  16:33 +1116 ~15: /app/test/features/recurring_transactions/data/datasources/recurring_transaction_local_data_source_proxy_test.dart: ... should delegate to DemoModeService when demo mode is active   16:33 +1117 ~15: /app/test/features/recurring_transactions/data/datasources/recurring_transaction_local_data_source_proxy_test.dart: ... should delegate to DemoModeService when demo mode is active   16:33 +1117 ~15: /app/test/features/recurring_transactions/data/datasources/recurring_transaction_local_data_source_proxy_test.dart: ... should delegate to HiveDataSource when demo mode is inactive  16:33 +1118 ~15: /app/test/features/recurring_transactions/data/datasources/recurring_transaction_local_data_source_proxy_test.dart: ... should delegate to HiveDataSource when demo mode is inactive  16:33 +1118 ~15: /app/test/features/recurring_transactions/data/datasources/recurring_transaction_local_data_source_proxy_test.dart: ... should delegate to DemoModeService when demo mode is active   16:33 +1119 ~15: /app/test/features/recurring_transactions/data/datasources/recurring_transaction_local_data_source_proxy_test.dart: ... should delegate to DemoModeService when demo mode is active   16:33 +1119 ~15: /app/test/features/recurring_transactions/data/datasources/recurring_transaction_local_data_source_proxy_test.dart: ... should delegate to HiveDataSource when demo mode is inactive  16:33 +1120 ~15: /app/test/features/recurring_transactions/data/datasources/recurring_transaction_local_data_source_proxy_test.dart: ... should delegate to HiveDataSource when demo mode is inactive  16:33 +1120 ~15: /app/test/features/recurring_transactions/data/datasources/recurring_transaction_local_data_source_proxy_test.dart: ... should delegate to DemoModeService when demo mode is active   16:33 +1121 ~15: /app/test/features/recurring_transactions/data/datasources/recurring_transaction_local_data_source_proxy_test.dart: ... should delegate to DemoModeService when demo mode is active   16:33 +1121 ~15: /app/test/features/recurring_transactions/data/datasources/recurring_transaction_local_data_source_proxy_test.dart: ... should delegate to HiveDataSource when demo mode is inactive  16:33 +1122 ~15: /app/test/features/recurring_transactions/data/datasources/recurring_transaction_local_data_source_proxy_test.dart: ... should delegate to HiveDataSource when demo mode is inactive  16:34 +1122 ~15: /app/test/features/recurring_transactions/data/datasources/recurring_transaction_local_data_source_proxy_test.dart: ... should delegate to HiveDataSource when demo mode is inactive  16:35 +1122 ~15: /app/test/features/recurring_transactions/data/datasources/recurring_transaction_local_data_source_proxy_test.dart: ... should delegate to HiveDataSource when demo mode is inactive  16:35 +1122 ~15: loading /app/test/features/recurring_transactions/data/models/recurring_rule_audit_log_model_test.dart                                                                                16:35 +1122 ~15: /app/test/features/recurring_transactions/data/models/recurring_rule_audit_log_model_test.dart: RecurringRuleAuditLogModel fromEntity should return valid model                       16:35 +1123 ~15: /app/test/features/recurring_transactions/data/models/recurring_rule_audit_log_model_test.dart: RecurringRuleAuditLogModel fromEntity should return valid model                       16:35 +1123 ~15: /app/test/features/recurring_transactions/data/models/recurring_rule_audit_log_model_test.dart: RecurringRuleAuditLogModel toEntity should return valid entity                        16:35 +1124 ~15: /app/test/features/recurring_transactions/data/models/recurring_rule_audit_log_model_test.dart: RecurringRuleAuditLogModel toEntity should return valid entity                        16:36 +1124 ~15: /app/test/features/recurring_transactions/data/models/recurring_rule_audit_log_model_test.dart: RecurringRuleAuditLogModel toEntity should return valid entity                        16:36 +1124 ~15: loading /app/test/features/recurring_transactions/data/models/recurring_rule_model_test.dart                                                                                          16:37 +1124 ~15: loading /app/test/features/recurring_transactions/data/models/recurring_rule_model_test.dart                                                                                          16:38 +1124 ~15: loading /app/test/features/recurring_transactions/data/models/recurring_rule_model_test.dart                                                                                          16:39 +1124 ~15: loading /app/test/features/recurring_transactions/data/models/recurring_rule_model_test.dart                                                                                          16:40 +1124 ~15: loading /app/test/features/recurring_transactions/data/models/recurring_rule_model_test.dart                                                                                          16:40 +1124 ~15: /app/test/features/recurring_transactions/data/models/recurring_rule_model_test.dart: RecurringRuleModel toEntity should return valid entity                                          16:40 +1125 ~15: /app/test/features/recurring_transactions/data/models/recurring_rule_model_test.dart: RecurringRuleModel toEntity should return valid entity                                          16:40 +1125 ~15: /app/test/features/recurring_transactions/data/models/recurring_rule_model_test.dart: RecurringRuleModel fromEntity should return valid model                                         16:40 +1126 ~15: /app/test/features/recurring_transactions/data/models/recurring_rule_model_test.dart: RecurringRuleModel fromEntity should return valid model                                         16:41 +1126 ~15: /app/test/features/recurring_transactions/data/models/recurring_rule_model_test.dart: RecurringRuleModel fromEntity should return valid model                                         16:41 +1126 ~15: loading /app/test/features/recurring_transactions/data/repositories/recurring_transaction_repository_impl_test.dart                                                                   16:41 +1126 ~15: /app/test/features/recurring_transactions/data/repositories/recurring_transaction_repository_impl_test.dart: (setUpAll)                                                               16:41 +1126 ~15: /app/test/features/recurring_transactions/data/repositories/recurring_transaction_repository_impl_test.dart: should return list of rules from dataSource                              16:41 +1127 ~15: /app/test/features/recurring_transactions/data/repositories/recurring_transaction_repository_impl_test.dart: should return list of rules from dataSource                              16:41 +1127 ~15: /app/test/features/recurring_transactions/data/repositories/recurring_transaction_repository_impl_test.dart: should return failure when dataSource throws                             16:41 +1128 ~15: /app/test/features/recurring_transactions/data/repositories/recurring_transaction_repository_impl_test.dart: should return failure when dataSource throws                             16:41 +1128 ~15: /app/test/features/recurring_transactions/data/repositories/recurring_transaction_repository_impl_test.dart: should save rule to dataSource                                           16:41 +1129 ~15: /app/test/features/recurring_transactions/data/repositories/recurring_transaction_repository_impl_test.dart: should save rule to dataSource                                           16:41 +1129 ~15: /app/test/features/recurring_transactions/data/repositories/recurring_transaction_repository_impl_test.dart: (tearDownAll)                                                            16:42 +1129 ~15: /app/test/features/recurring_transactions/data/repositories/recurring_transaction_repository_impl_test.dart: (tearDownAll)                                                            16:42 +1129 ~15: loading /app/test/features/recurring_transactions/utils/weekday_names_test.dart                                                                                                       16:43 +1129 ~15: loading /app/test/features/recurring_transactions/utils/weekday_names_test.dart                                                                                                       16:44 +1129 ~15: loading /app/test/features/recurring_transactions/utils/weekday_names_test.dart                                                                                                       16:45 +1129 ~15: loading /app/test/features/recurring_transactions/utils/weekday_names_test.dart                                                                                                       16:45 +1129 ~15: /app/test/features/recurring_transactions/utils/weekday_names_test.dart: weekdayNamesMonFirst returns correct list for en_US                                                          16:45 +1130 ~15: /app/test/features/recurring_transactions/utils/weekday_names_test.dart: weekdayNamesMonFirst returns correct list for en_US                                                          16:46 +1130 ~15: /app/test/features/recurring_transactions/utils/weekday_names_test.dart: weekdayNamesMonFirst returns correct list for en_US                                                          16:47 +1130 ~15: /app/test/features/recurring_transactions/utils/weekday_names_test.dart: weekdayNamesMonFirst returns correct list for en_US                                                          16:47 +1130 ~15: loading /app/test/features/recurring_transactions/domain/usecases/add_recurring_rule_test.dart                                                                                        16:47 +1130 ~15: /app/test/features/recurring_transactions/domain/usecases/add_recurring_rule_test.dart: (setUpAll)                                                                                    16:47 +1130 ~15: /app/test/features/recurring_transactions/domain/usecases/add_recurring_rule_test.dart: should add recurring rule to repository                                                       16:47 +1131 ~15: /app/test/features/recurring_transactions/domain/usecases/add_recurring_rule_test.dart: should add recurring rule to repository                                                       16:47 +1131 ~15: /app/test/features/recurring_transactions/domain/usecases/add_recurring_rule_test.dart: should return failure when repository fails                                                   16:47 +1132 ~15: /app/test/features/recurring_transactions/domain/usecases/add_recurring_rule_test.dart: should return failure when repository fails                                                   16:47 +1132 ~15: /app/test/features/recurring_transactions/domain/usecases/add_recurring_rule_test.dart: (tearDownAll)                                                                                 16:48 +1132 ~15: /app/test/features/recurring_transactions/domain/usecases/add_recurring_rule_test.dart: (tearDownAll)                                                                                 16:49 +1132 ~15: /app/test/features/recurring_transactions/domain/usecases/add_recurring_rule_test.dart: (tearDownAll)                                                                                 16:49 +1132 ~15: loading /app/test/features/recurring_transactions/domain/usecases/delete_recurring_rule_test.dart                                                                                     16:50 +1132 ~15: loading /app/test/features/recurring_transactions/domain/usecases/delete_recurring_rule_test.dart                                                                                     16:51 +1132 ~15: loading /app/test/features/recurring_transactions/domain/usecases/delete_recurring_rule_test.dart                                                                                     16:52 +1132 ~15: loading /app/test/features/recurring_transactions/domain/usecases/delete_recurring_rule_test.dart                                                                                     16:52 +1132 ~15: /app/test/features/recurring_transactions/domain/usecases/delete_recurring_rule_test.dart: should delete recurring rule from repository                                               16:52 +1133 ~15: /app/test/features/recurring_transactions/domain/usecases/delete_recurring_rule_test.dart: should delete recurring rule from repository                                               16:52 +1133 ~15: /app/test/features/recurring_transactions/domain/usecases/delete_recurring_rule_test.dart: should return failure when repository fails                                                16:52 +1134 ~15: /app/test/features/recurring_transactions/domain/usecases/delete_recurring_rule_test.dart: should return failure when repository fails                                                16:53 +1134 ~15: /app/test/features/recurring_transactions/domain/usecases/delete_recurring_rule_test.dart: should return failure when repository fails                                                16:54 +1134 ~15: /app/test/features/recurring_transactions/domain/usecases/delete_recurring_rule_test.dart: should return failure when repository fails                                                16:54 +1134 ~15: loading /app/test/features/recurring_transactions/domain/usecases/pause_resume_recurring_rule_test.dart                                                                               16:54 +1134 ~15: /app/test/features/recurring_transactions/domain/usecases/pause_resume_recurring_rule_test.dart: (setUpAll)                                                                           16:54 +1134 ~15: /app/test/features/recurring_transactions/domain/usecases/pause_resume_recurring_rule_test.dart: should pause an active rule                                                          16:54 +1135 ~15: /app/test/features/recurring_transactions/domain/usecases/pause_resume_recurring_rule_test.dart: should pause an active rule                                                          16:54 +1135 ~15: /app/test/features/recurring_transactions/domain/usecases/pause_resume_recurring_rule_test.dart: should resume a paused rule                                                          16:54 +1136 ~15: /app/test/features/recurring_transactions/domain/usecases/pause_resume_recurring_rule_test.dart: should resume a paused rule                                                          16:54 +1136 ~15: /app/test/features/recurring_transactions/domain/usecases/pause_resume_recurring_rule_test.dart: (tearDownAll)                                                                        16:55 +1136 ~15: /app/test/features/recurring_transactions/domain/usecases/pause_resume_recurring_rule_test.dart: (tearDownAll)                                                                        16:55 +1136 ~15: loading /app/test/features/recurring_transactions/domain/usecases/add_audit_log_test.dart                                                                                             16:56 +1136 ~15: loading /app/test/features/recurring_transactions/domain/usecases/add_audit_log_test.dart                                                                                             16:57 +1136 ~15: loading /app/test/features/recurring_transactions/domain/usecases/add_audit_log_test.dart                                                                                             16:58 +1136 ~15: loading /app/test/features/recurring_transactions/domain/usecases/add_audit_log_test.dart                                                                                             16:58 +1136 ~15: /app/test/features/recurring_transactions/domain/usecases/add_audit_log_test.dart: (setUpAll)                                                                                         16:58 +1136 ~15: /app/test/features/recurring_transactions/domain/usecases/add_audit_log_test.dart: should add audit log to repository                                                                 16:58 +1137 ~15: /app/test/features/recurring_transactions/domain/usecases/add_audit_log_test.dart: should add audit log to repository                                                                 16:58 +1137 ~15: /app/test/features/recurring_transactions/domain/usecases/add_audit_log_test.dart: (tearDownAll)                                                                                      16:59 +1137 ~15: /app/test/features/recurring_transactions/domain/usecases/add_audit_log_test.dart: (tearDownAll)                                                                                      17:00 +1137 ~15: /app/test/features/recurring_transactions/domain/usecases/add_audit_log_test.dart: (tearDownAll)                                                                                      17:00 +1137 ~15: loading /app/test/features/recurring_transactions/domain/usecases/update_recurring_rule_test.dart                                                                                     17:00 +1137 ~15: /app/test/features/recurring_transactions/domain/usecases/update_recurring_rule_test.dart: (setUpAll)                                                                                 17:00 +1137 ~15: /app/test/features/recurring_transactions/domain/usecases/update_recurring_rule_test.dart: should update recurring rule and add audit logs                                            17:00 +1138 ~15: /app/test/features/recurring_transactions/domain/usecases/update_recurring_rule_test.dart: should update recurring rule and add audit logs                                            17:00 +1138 ~15: /app/test/features/recurring_transactions/domain/usecases/update_recurring_rule_test.dart: should return failure when getRecurringRuleById fails                                      17:00 +1139 ~15: /app/test/features/recurring_transactions/domain/usecases/update_recurring_rule_test.dart: should return failure when getRecurringRuleById fails                                      17:00 +1139 ~15: /app/test/features/recurring_transactions/domain/usecases/update_recurring_rule_test.dart: (tearDownAll)                                                                              17:01 +1139 ~15: /app/test/features/recurring_transactions/domain/usecases/update_recurring_rule_test.dart: (tearDownAll)                                                                              17:02 +1139 ~15: /app/test/features/recurring_transactions/domain/usecases/update_recurring_rule_test.dart: (tearDownAll)                                                                              17:03 +1139 ~15: /app/test/features/recurring_transactions/domain/usecases/update_recurring_rule_test.dart: (tearDownAll)                                                                              17:03 +1139 ~15: loading /app/test/features/recurring_transactions/domain/usecases/get_recurring_rules_test.dart                                                                                       17:04 +1139 ~15: loading /app/test/features/recurring_transactions/domain/usecases/get_recurring_rules_test.dart                                                                                       17:05 +1139 ~15: loading /app/test/features/recurring_transactions/domain/usecases/get_recurring_rules_test.dart                                                                                       17:06 +1139 ~15: loading /app/test/features/recurring_transactions/domain/usecases/get_recurring_rules_test.dart                                                                                       17:06 +1139 ~15: /app/test/features/recurring_transactions/domain/usecases/get_recurring_rules_test.dart: should get recurring rules from repository                                                   17:06 +1140 ~15: /app/test/features/recurring_transactions/domain/usecases/get_recurring_rules_test.dart: should get recurring rules from repository                                                   17:06 +1140 ~15: /app/test/features/recurring_transactions/domain/usecases/get_recurring_rules_test.dart: should return failure when repository fails                                                  17:06 +1141 ~15: /app/test/features/recurring_transactions/domain/usecases/get_recurring_rules_test.dart: should return failure when repository fails                                                  17:07 +1141 ~15: /app/test/features/recurring_transactions/domain/usecases/get_recurring_rules_test.dart: should return failure when repository fails                                                  17:08 +1141 ~15: /app/test/features/recurring_transactions/domain/usecases/get_recurring_rules_test.dart: should return failure when repository fails                                                  17:08 +1141 ~15: loading /app/test/features/recurring_transactions/domain/usecases/get_audit_logs_for_rule_test.dart                                                                                   17:08 +1141 ~15: /app/test/features/recurring_transactions/domain/usecases/get_audit_logs_for_rule_test.dart: should get audit logs for rule from repository                                           17:08 +1142 ~15: /app/test/features/recurring_transactions/domain/usecases/get_audit_logs_for_rule_test.dart: should get audit logs for rule from repository                                           17:09 +1142 ~15: /app/test/features/recurring_transactions/domain/usecases/get_audit_logs_for_rule_test.dart: should get audit logs for rule from repository                                           17:10 +1142 ~15: /app/test/features/recurring_transactions/domain/usecases/get_audit_logs_for_rule_test.dart: should get audit logs for rule from repository                                           17:11 +1142 ~15: /app/test/features/recurring_transactions/domain/usecases/get_audit_logs_for_rule_test.dart: should get audit logs for rule from repository                                           17:11 +1142 ~15: loading /app/test/features/recurring_transactions/domain/usecases/generate_transactions_on_launch_test.dart                                                                           17:12 +1142 ~15: loading /app/test/features/recurring_transactions/domain/usecases/generate_transactions_on_launch_test.dart                                                                           17:13 +1142 ~15: loading /app/test/features/recurring_transactions/domain/usecases/generate_transactions_on_launch_test.dart                                                                           17:14 +1142 ~15: loading /app/test/features/recurring_transactions/domain/usecases/generate_transactions_on_launch_test.dart                                                                           17:14 +1142 ~15: /app/test/features/recurring_transactions/domain/usecases/generate_transactions_on_launch_test.dart: (setUpAll)                                                                       17:14 +1142 ~15: /app/test/features/recurring_transactions/domain/usecases/generate_transactions_on_launch_test.dart: should clamp next occurrence date for monthly rules                              17:14 +1143 ~15: /app/test/features/recurring_transactions/domain/usecases/generate_transactions_on_launch_test.dart: should clamp next occurrence date for monthly rules                              17:14 +1143 ~15: /app/test/features/recurring_transactions/domain/usecases/generate_transactions_on_launch_test.dart: should generate a transaction for a due rule                                     17:14 +1144 ~15: /app/test/features/recurring_transactions/domain/usecases/generate_transactions_on_launch_test.dart: should generate a transaction for a due rule                                     17:14 +1144 ~15: /app/test/features/recurring_transactions/domain/usecases/generate_transactions_on_launch_test.dart: should not generate a transaction for a future rule                              17:14 +1145 ~15: /app/test/features/recurring_transactions/domain/usecases/generate_transactions_on_launch_test.dart: should not generate a transaction for a future rule                              17:14 +1145 ~15: /app/test/features/recurring_transactions/domain/usecases/generate_transactions_on_launch_test.dart: should return failure when addExpense fails                                      17:14 +1146 ~15: /app/test/features/recurring_transactions/domain/usecases/generate_transactions_on_launch_test.dart: should return failure when addExpense fails                                      17:14 +1146 ~15: /app/test/features/recurring_transactions/domain/usecases/generate_transactions_on_launch_test.dart: should return failure when addIncome fails                                       17:14 +1147 ~15: /app/test/features/recurring_transactions/domain/usecases/generate_transactions_on_launch_test.dart: should return failure when addIncome fails                                       17:14 +1147 ~15: /app/test/features/recurring_transactions/domain/usecases/generate_transactions_on_launch_test.dart: should return failure when updateRecurringRule fails                             17:14 +1148 ~15: /app/test/features/recurring_transactions/domain/usecases/generate_transactions_on_launch_test.dart: should return failure when updateRecurringRule fails                             17:14 +1148 ~15: /app/test/features/recurring_transactions/domain/usecases/generate_transactions_on_launch_test.dart: should return failure when category fetch fails                                  17:14 +1149 ~15: /app/test/features/recurring_transactions/domain/usecases/generate_transactions_on_launch_test.dart: should return failure when category fetch fails                                  17:14 +1149 ~15: /app/test/features/recurring_transactions/domain/usecases/generate_transactions_on_launch_test.dart: should handle monthly rule without dayOfMonth by defaulting to current day       17:14 +1150 ~15: /app/test/features/recurring_transactions/domain/usecases/generate_transactions_on_launch_test.dart: should handle monthly rule without dayOfMonth by defaulting to current day       17:14 +1150 ~15: /app/test/features/recurring_transactions/domain/usecases/generate_transactions_on_launch_test.dart: ... day for monthly rule without dayOfMonth when previous month is shorter       17:14 +1151 ~15: /app/test/features/recurring_transactions/domain/usecases/generate_transactions_on_launch_test.dart: ... day for monthly rule without dayOfMonth when previous month is shorter       17:14 +1151 ~15: /app/test/features/recurring_transactions/domain/usecases/generate_transactions_on_launch_test.dart: should process multiple due rules sequentially                                   17:14 +1152 ~15: /app/test/features/recurring_transactions/domain/usecases/generate_transactions_on_launch_test.dart: should process multiple due rules sequentially                                   17:14 +1152 ~15: /app/test/features/recurring_transactions/domain/usecases/generate_transactions_on_launch_test.dart: should handle missing category gracefully                                        17:14 +1153 ~15: /app/test/features/recurring_transactions/domain/usecases/generate_transactions_on_launch_test.dart: should handle missing category gracefully                                        17:14 +1153 ~15: /app/test/features/recurring_transactions/domain/usecases/generate_transactions_on_launch_test.dart: should mark rule as completed when total occurrences reached                     17:14 +1154 ~15: /app/test/features/recurring_transactions/domain/usecases/generate_transactions_on_launch_test.dart: should mark rule as completed when total occurrences reached                     17:14 +1154 ~15: /app/test/features/recurring_transactions/domain/usecases/generate_transactions_on_launch_test.dart: should mark rule as completed when end date exceeded                             17:14 +1155 ~15: /app/test/features/recurring_transactions/domain/usecases/generate_transactions_on_launch_test.dart: should mark rule as completed when end date exceeded                             17:14 +1155 ~15: /app/test/features/recurring_transactions/domain/usecases/generate_transactions_on_launch_test.dart: should clamp Feb 29 to Feb 28 in non-leap years for yearly rules                 17:14 +1156 ~15: /app/test/features/recurring_transactions/domain/usecases/generate_transactions_on_launch_test.dart: should clamp Feb 29 to Feb 28 in non-leap years for yearly rules                 17:14 +1156 ~15: /app/test/features/recurring_transactions/domain/usecases/generate_transactions_on_launch_test.dart: (tearDownAll)                                                                    17:15 +1156 ~15: /app/test/features/recurring_transactions/domain/usecases/generate_transactions_on_launch_test.dart: (tearDownAll)                                                                    17:15 +1156 ~15: loading /app/test/features/recurring_transactions/domain/usecases/get_recurring_rule_by_id_test.dart                                                                                  17:15 +1156 ~15: /app/test/features/recurring_transactions/domain/usecases/get_recurring_rule_by_id_test.dart: should get recurring rule by id from repository                                         17:15 +1157 ~15: /app/test/features/recurring_transactions/domain/usecases/get_recurring_rule_by_id_test.dart: should get recurring rule by id from repository                                         17:15 +1157 ~15: /app/test/features/recurring_transactions/domain/usecases/get_recurring_rule_by_id_test.dart: should return failure if repository fails                                               17:15 +1158 ~15: /app/test/features/recurring_transactions/domain/usecases/get_recurring_rule_by_id_test.dart: should return failure if repository fails                                               17:16 +1158 ~15: /app/test/features/recurring_transactions/domain/usecases/get_recurring_rule_by_id_test.dart: should return failure if repository fails                                               17:17 +1158 ~15: /app/test/features/recurring_transactions/domain/usecases/get_recurring_rule_by_id_test.dart: should return failure if repository fails                                               17:17 +1158 ~15: loading /app/test/features/recurring_transactions/domain/entities/recurring_rule_test.dart                                                                                            17:18 +1158 ~15: loading /app/test/features/recurring_transactions/domain/entities/recurring_rule_test.dart                                                                                            17:19 +1158 ~15: loading /app/test/features/recurring_transactions/domain/entities/recurring_rule_test.dart                                                                                            17:20 +1158 ~15: loading /app/test/features/recurring_transactions/domain/entities/recurring_rule_test.dart                                                                                            17:20 +1158 ~15: /app/test/features/recurring_transactions/domain/entities/recurring_rule_test.dart: RecurringRule props should contain all fields                                                     17:20 +1159 ~15: /app/test/features/recurring_transactions/domain/entities/recurring_rule_test.dart: RecurringRule props should contain all fields                                                     17:20 +1159 ~15: /app/test/features/recurring_transactions/domain/entities/recurring_rule_test.dart: RecurringRule supports value equality                                                             17:20 +1160 ~15: /app/test/features/recurring_transactions/domain/entities/recurring_rule_test.dart: RecurringRule supports value equality                                                             17:20 +1160 ~15: /app/test/features/recurring_transactions/domain/entities/recurring_rule_test.dart: RecurringRule copyWith should return updated copy                                                 17:20 +1161 ~15: /app/test/features/recurring_transactions/domain/entities/recurring_rule_test.dart: RecurringRule copyWith should return updated copy                                                 17:21 +1161 ~15: /app/test/features/recurring_transactions/domain/entities/recurring_rule_test.dart: RecurringRule copyWith should return updated copy                                                 17:22 +1161 ~15: /app/test/features/recurring_transactions/domain/entities/recurring_rule_test.dart: RecurringRule copyWith should return updated copy                                                 17:22 +1161 ~15: loading /app/test/features/recurring_transactions/domain/entities/recurring_rule_audit_log_test.dart                                                                                  17:22 +1161 ~15: /app/test/features/recurring_transactions/domain/entities/recurring_rule_audit_log_test.dart: RecurringRuleAuditLog props should contain all fields                                   17:22 +1162 ~15: /app/test/features/recurring_transactions/domain/entities/recurring_rule_audit_log_test.dart: RecurringRuleAuditLog props should contain all fields                                   17:22 +1162 ~15: /app/test/features/recurring_transactions/domain/entities/recurring_rule_audit_log_test.dart: RecurringRuleAuditLog supports value equality                                           17:22 +1163 ~15: /app/test/features/recurring_transactions/domain/entities/recurring_rule_audit_log_test.dart: RecurringRuleAuditLog supports value equality                                           17:23 +1163 ~15: /app/test/features/recurring_transactions/domain/entities/recurring_rule_audit_log_test.dart: RecurringRuleAuditLog supports value equality                                           17:24 +1163 ~15: /app/test/features/recurring_transactions/domain/entities/recurring_rule_audit_log_test.dart: RecurringRuleAuditLog supports value equality                                           17:24 +1163 ~15: loading /app/test/features/recurring_transactions/domain/entities/recurring_rule_enums_test.dart                                                                                      17:25 +1163 ~15: loading /app/test/features/recurring_transactions/domain/entities/recurring_rule_enums_test.dart                                                                                      17:26 +1163 ~15: loading /app/test/features/recurring_transactions/domain/entities/recurring_rule_enums_test.dart                                                                                      17:27 +1163 ~15: loading /app/test/features/recurring_transactions/domain/entities/recurring_rule_enums_test.dart                                                                                      17:27 +1163 ~15: /app/test/features/recurring_transactions/domain/entities/recurring_rule_enums_test.dart: RecurringRuleEnums Frequency values                                                         17:27 +1164 ~15: /app/test/features/recurring_transactions/domain/entities/recurring_rule_enums_test.dart: RecurringRuleEnums Frequency values                                                         17:27 +1164 ~15: /app/test/features/recurring_transactions/domain/entities/recurring_rule_enums_test.dart: RecurringRuleEnums EndConditionType values                                                  17:27 +1165 ~15: /app/test/features/recurring_transactions/domain/entities/recurring_rule_enums_test.dart: RecurringRuleEnums EndConditionType values                                                  17:27 +1165 ~15: /app/test/features/recurring_transactions/domain/entities/recurring_rule_enums_test.dart: RecurringRuleEnums RuleStatus values                                                        17:27 +1166 ~15: /app/test/features/recurring_transactions/domain/entities/recurring_rule_enums_test.dart: RecurringRuleEnums RuleStatus values                                                        17:28 +1166 ~15: /app/test/features/recurring_transactions/domain/entities/recurring_rule_enums_test.dart: RecurringRuleEnums RuleStatus values                                                        17:29 +1166 ~15: /app/test/features/recurring_transactions/domain/entities/recurring_rule_enums_test.dart: RecurringRuleEnums RuleStatus values                                                        17:30 +1166 ~15: /app/test/features/recurring_transactions/domain/entities/recurring_rule_enums_test.dart: RecurringRuleEnums RuleStatus values                                                        17:30 +1166 ~15: loading /app/test/features/recurring_transactions/domain/services/transaction_generation_service_test.dart                                                                            17:30 +1166 ~15: /app/test/features/recurring_transactions/domain/services/transaction_generation_service_test.dart: (setUpAll)                                                                        17:30 +1166 ~15: /app/test/features/recurring_transactions/domain/services/transaction_generation_service_test.dart: run calls generateTransactionsOnLaunch                                            17:30 +1166 ~15: /app/test/features/recurring_transactions/domain/services/transaction_generation_service_test.dart: run calls generateTransactionsOnLaunch                                            
👻 INFO 2026-03-04 05:59:10.187797 [caller info not available] Checking for recurring transactions to generate...
👻 INFO 2026-03-04 05:59:10.240871 [caller info not available] Recurring transaction check completed successfully.
17:30 +1167 ~15: /app/test/features/recurring_transactions/domain/services/transaction_generation_service_test.dart: run calls generateTransactionsOnLaunch                                            17:30 +1167 ~15: /app/test/features/recurring_transactions/domain/services/transaction_generation_service_test.dart: (tearDownAll)                                                                     17:31 +1167 ~15: /app/test/features/recurring_transactions/domain/services/transaction_generation_service_test.dart: (tearDownAll)                                                                     17:32 +1167 ~15: /app/test/features/recurring_transactions/domain/services/transaction_generation_service_test.dart: (tearDownAll)                                                                     17:33 +1167 ~15: /app/test/features/recurring_transactions/domain/services/transaction_generation_service_test.dart: (tearDownAll)                                                                     17:33 +1167 ~15: loading /app/test/features/recurring_transactions/presentation/bloc/add_edit_recurring_rule/add_edit_recurring_rule_bloc_large_test.dart                                              17:33 +1167 ~15: /app/test/features/recurring_transactions/presentation/bloc/add_edit_recurring_rule/add_edit_recurring_rule_bloc_large_test.dart: AddEditRecurringRuleState supports equality         17:33 +1168 ~15: /app/test/features/recurring_transactions/presentation/bloc/add_edit_recurring_rule/add_edit_recurring_rule_bloc_large_test.dart: AddEditRecurringRuleState supports equality         17:33 +1168 ~15: loading /app/test/features/recurring_transactions/presentation/bloc/add_edit_recurring_rule/add_edit_recurring_rule_bloc_test.dart                                                    17:34 +1168 ~15: loading /app/test/features/recurring_transactions/presentation/bloc/add_edit_recurring_rule/add_edit_recurring_rule_bloc_test.dart                                                    17:35 +1168 ~15: loading /app/test/features/recurring_transactions/presentation/bloc/add_edit_recurring_rule/add_edit_recurring_rule_bloc_test.dart                                                    17:36 +1168 ~15: loading /app/test/features/recurring_transactions/presentation/bloc/add_edit_recurring_rule/add_edit_recurring_rule_bloc_test.dart                                                    17:36 +1168 ~15: /app/test/features/recurring_transactions/presentation/bloc/add_edit_recurring_rule/add_edit_recurring_rule_bloc_test.dart: (setUpAll)                                                17:36 +1168 ~15: /app/test/features/recurring_transactions/presentation/bloc/add_edit_recurring_rule/add_edit_recurring_rule_bloc_test.dart: AddEditRecurringRuleBloc initial state is correct         17:36 +1169 ~15: /app/test/features/recurring_transactions/presentation/bloc/add_edit_recurring_rule/add_edit_recurring_rule_bloc_test.dart: AddEditRecurringRuleBloc initial state is correct         17:36 +1169 ~15: /app/test/features/recurring_transactions/presentation/bloc/add_edit_recurring_rule/add_edit_recurring_rule_bloc_test.dart: ... InitializeForEdit emits state with rule details       17:37 +1169 ~15: /app/test/features/recurring_transactions/presentation/bloc/add_edit_recurring_rule/add_edit_recurring_rule_bloc_test.dart: ... InitializeForEdit emits state with rule details       17:37 +1170 ~15: /app/test/features/recurring_transactions/presentation/bloc/add_edit_recurring_rule/add_edit_recurring_rule_bloc_test.dart: ... InitializeForEdit emits state with rule details       17:37 +1170 ~15: ... AddEditRecurringRuleBloc DescriptionChanged emits updated description                                                                                                             17:37 +1171 ~15: ... AddEditRecurringRuleBloc DescriptionChanged emits updated description                                                                                                             17:37 +1171 ~15: /app/test/features/recurring_transactions/presentation/bloc/add_edit_recurring_rule/add_edit_recurring_rule_bloc_test.dart: AddEditRecurringRuleBloc AmountChanged emits parsed amount17:37 +1172 ~15: /app/test/features/recurring_transactions/presentation/bloc/add_edit_recurring_rule/add_edit_recurring_rule_bloc_test.dart: AddEditRecurringRuleBloc AmountChanged emits parsed amount17:37 +1172 ~15: ... AddEditRecurringRuleBloc CategoryChanged emits updated category                                                                                                                   17:37 +1173 ~15: ... AddEditRecurringRuleBloc CategoryChanged emits updated category                                                                                                                   17:37 +1173 ~15: /app/test/features/recurring_transactions/presentation/bloc/add_edit_recurring_rule/add_edit_recurring_rule_bloc_test.dart: ... FormSubmitted emits failure if amount is invalid      17:37 +1174 ~15: /app/test/features/recurring_transactions/presentation/bloc/add_edit_recurring_rule/add_edit_recurring_rule_bloc_test.dart: ... FormSubmitted emits failure if amount is invalid      17:37 +1174 ~15: /app/test/features/recurring_transactions/presentation/bloc/add_edit_recurring_rule/add_edit_recurring_rule_bloc_test.dart: ... FormSubmitted emits success when adding rule succeeds 17:37 +1175 ~15: /app/test/features/recurring_transactions/presentation/bloc/add_edit_recurring_rule/add_edit_recurring_rule_bloc_test.dart: ... FormSubmitted emits success when adding rule succeeds 17:37 +1175 ~15: /app/test/features/recurring_transactions/presentation/bloc/add_edit_recurring_rule/add_edit_recurring_rule_bloc_test.dart: ... emits success when updating rule succeeds             17:37 +1176 ~15: /app/test/features/recurring_transactions/presentation/bloc/add_edit_recurring_rule/add_edit_recurring_rule_bloc_test.dart: ... emits success when updating rule succeeds             17:37 +1176 ~15: /app/test/features/recurring_transactions/presentation/bloc/add_edit_recurring_rule/add_edit_recurring_rule_bloc_test.dart: (tearDownAll)                                             17:37 +1176 ~15: loading /app/test/features/recurring_transactions/presentation/bloc/recurring_list/recurring_list_bloc_test.dart                                                                      17:38 +1176 ~15: loading /app/test/features/recurring_transactions/presentation/bloc/recurring_list/recurring_list_bloc_test.dart                                                                      17:39 +1176 ~15: loading /app/test/features/recurring_transactions/presentation/bloc/recurring_list/recurring_list_bloc_test.dart                                                                      17:40 +1176 ~15: loading /app/test/features/recurring_transactions/presentation/bloc/recurring_list/recurring_list_bloc_test.dart                                                                      17:40 +1176 ~15: /app/test/features/recurring_transactions/presentation/bloc/recurring_list/recurring_list_bloc_test.dart: (setUpAll)                                                                  17:40 +1176 ~15: /app/test/features/recurring_transactions/presentation/bloc/recurring_list/recurring_list_bloc_test.dart: emits [Loading, Loaded] when LoadRecurringRules is added and succeeds       17:40 +1177 ~15: /app/test/features/recurring_transactions/presentation/bloc/recurring_list/recurring_list_bloc_test.dart: emits [Loading, Loaded] when LoadRecurringRules is added and succeeds       17:40 +1177 ~15: /app/test/features/recurring_transactions/presentation/bloc/recurring_list/recurring_list_bloc_test.dart: emits [Loading, Error] when LoadRecurringRules fails                        17:40 +1178 ~15: /app/test/features/recurring_transactions/presentation/bloc/recurring_list/recurring_list_bloc_test.dart: emits [Loading, Error] when LoadRecurringRules fails                        17:40 +1178 ~15: /app/test/features/recurring_transactions/presentation/bloc/recurring_list/recurring_list_bloc_test.dart: calls PauseResumeUseCase when PauseResumeRule is added                      17:40 +1179 ~15: /app/test/features/recurring_transactions/presentation/bloc/recurring_list/recurring_list_bloc_test.dart: calls PauseResumeUseCase when PauseResumeRule is added                      17:40 +1179 ~15: /app/test/features/recurring_transactions/presentation/bloc/recurring_list/recurring_list_bloc_test.dart: calls DeleteRecurringRule when DeleteRule is added                          17:40 +1180 ~15: /app/test/features/recurring_transactions/presentation/bloc/recurring_list/recurring_list_bloc_test.dart: calls DeleteRecurringRule when DeleteRule is added                          17:40 +1180 ~15: /app/test/features/recurring_transactions/presentation/bloc/recurring_list/recurring_list_bloc_test.dart: reloads when DataChangedEvent type is recurringRule                         17:40 +1181 ~15: /app/test/features/recurring_transactions/presentation/bloc/recurring_list/recurring_list_bloc_test.dart: reloads when DataChangedEvent type is recurringRule                         17:40 +1181 ~15: /app/test/features/recurring_transactions/presentation/bloc/recurring_list/recurring_list_bloc_test.dart: (tearDownAll)                                                               17:41 +1181 ~15: /app/test/features/recurring_transactions/presentation/bloc/recurring_list/recurring_list_bloc_test.dart: (tearDownAll)                                                               17:41 +1181 ~15: loading /app/test/features/recurring_transactions/presentation/bloc/recurring_list_bloc_test.dart                                                                                     17:42 +1181 ~15: loading /app/test/features/recurring_transactions/presentation/bloc/recurring_list_bloc_test.dart                                                                                     17:43 +1181 ~15: loading /app/test/features/recurring_transactions/presentation/bloc/recurring_list_bloc_test.dart                                                                                     17:44 +1181 ~15: loading /app/test/features/recurring_transactions/presentation/bloc/recurring_list_bloc_test.dart                                                                                     17:44 +1181 ~15: /app/test/features/recurring_transactions/presentation/bloc/recurring_list_bloc_test.dart: (setUpAll)                                                                                 17:44 +1181 ~15: /app/test/features/recurring_transactions/presentation/bloc/recurring_list_bloc_test.dart: RecurringListBloc initial state should be RecurringListInitial                             17:45 +1181 ~15: /app/test/features/recurring_transactions/presentation/bloc/recurring_list_bloc_test.dart: RecurringListBloc initial state should be RecurringListInitial                             17:45 +1182 ~15: /app/test/features/recurring_transactions/presentation/bloc/recurring_list_bloc_test.dart: RecurringListBloc initial state should be RecurringListInitial                             17:45 +1182 ~15: /app/test/features/recurring_transactions/presentation/bloc/recurring_list_bloc_test.dart: ... emits [RecurringListLoading, RecurringListLoaded] when LoadRecurringRules is added.    17:45 +1183 ~15: /app/test/features/recurring_transactions/presentation/bloc/recurring_list_bloc_test.dart: ... emits [RecurringListLoading, RecurringListLoaded] when LoadRecurringRules is added.    17:45 +1183 ~15: /app/test/features/recurring_transactions/presentation/bloc/recurring_list_bloc_test.dart: RecurringListBloc emits [RecurringListError] when GetRecurringRules fails.                 17:45 +1184 ~15: /app/test/features/recurring_transactions/presentation/bloc/recurring_list_bloc_test.dart: RecurringListBloc emits [RecurringListError] when GetRecurringRules fails.                 17:45 +1184 ~15: /app/test/features/recurring_transactions/presentation/bloc/recurring_list_bloc_test.dart: RecurringListBloc calls PauseResumeRecurringRule and reloads list on success               17:45 +1185 ~15: /app/test/features/recurring_transactions/presentation/bloc/recurring_list_bloc_test.dart: RecurringListBloc calls PauseResumeRecurringRule and reloads list on success               17:45 +1185 ~15: /app/test/features/recurring_transactions/presentation/bloc/recurring_list_bloc_test.dart: RecurringListBloc calls DeleteRecurringRule and reloads list on success                    17:45 +1186 ~15: /app/test/features/recurring_transactions/presentation/bloc/recurring_list_bloc_test.dart: RecurringListBloc calls DeleteRecurringRule and reloads list on success                    17:45 +1186 ~15: /app/test/features/recurring_transactions/presentation/bloc/recurring_list_bloc_test.dart: RecurringListBloc resets and reloads when system reset DataChangedEvent is received        17:45 +1187 ~15: /app/test/features/recurring_transactions/presentation/bloc/recurring_list_bloc_test.dart: RecurringListBloc resets and reloads when system reset DataChangedEvent is received        17:45 +1187 ~15: /app/test/features/recurring_transactions/presentation/bloc/recurring_list_bloc_test.dart: (tearDownAll)                                                                              17:46 +1187 ~15: /app/test/features/recurring_transactions/presentation/bloc/recurring_list_bloc_test.dart: (tearDownAll)                                                                              17:47 +1187 ~15: /app/test/features/recurring_transactions/presentation/bloc/recurring_list_bloc_test.dart: (tearDownAll)                                                                              17:47 +1187 ~15: loading /app/test/features/recurring_transactions/presentation/bloc/add_edit_recurring_rule_bloc_test.dart                                                                            17:47 +1187 ~15: /app/test/features/recurring_transactions/presentation/bloc/add_edit_recurring_rule_bloc_test.dart: (setUpAll)                                                                        17:47 +1187 ~15: /app/test/features/recurring_transactions/presentation/bloc/add_edit_recurring_rule_bloc_test.dart: initial state is correct                                                          17:47 +1188 ~15: /app/test/features/recurring_transactions/presentation/bloc/add_edit_recurring_rule_bloc_test.dart: initial state is correct                                                          17:47 +1188 ~15: /app/test/features/recurring_transactions/presentation/bloc/add_edit_recurring_rule_bloc_test.dart: AmountChanged parses locale-specific formats                                      17:48 +1188 ~15: /app/test/features/recurring_transactions/presentation/bloc/add_edit_recurring_rule_bloc_test.dart: AmountChanged parses locale-specific formats                                      17:48 +1189 ~15: /app/test/features/recurring_transactions/presentation/bloc/add_edit_recurring_rule_bloc_test.dart: AmountChanged parses locale-specific formats                                      17:48 +1189 ~15: /app/test/features/recurring_transactions/presentation/bloc/add_edit_recurring_rule_bloc_test.dart: InitializeForEdit sets startTime from rule startDate                              17:48 +1190 ~15: /app/test/features/recurring_transactions/presentation/bloc/add_edit_recurring_rule_bloc_test.dart: InitializeForEdit sets startTime from rule startDate                              17:48 +1190 ~15: /app/test/features/recurring_transactions/presentation/bloc/add_edit_recurring_rule_bloc_test.dart: FormSubmitted should call AddRecurringRule when creating a new rule               17:48 +1191 ~15: /app/test/features/recurring_transactions/presentation/bloc/add_edit_recurring_rule_bloc_test.dart: FormSubmitted should call AddRecurringRule when creating a new rule               17:48 +1191 ~15: /app/test/features/recurring_transactions/presentation/bloc/add_edit_recurring_rule_bloc_test.dart: FormSubmitted should call UpdateRecurringRule when editing an existing rule       17:48 +1192 ~15: /app/test/features/recurring_transactions/presentation/bloc/add_edit_recurring_rule_bloc_test.dart: FormSubmitted should call UpdateRecurringRule when editing an existing rule       17:48 +1192 ~15: /app/test/features/recurring_transactions/presentation/bloc/add_edit_recurring_rule_bloc_test.dart: (tearDownAll)                                                                     17:48 +1192 ~15: loading /app/test/features/recurring_transactions/presentation/widgets/recurring_rule_list_item_test.dart                                                                             17:49 +1192 ~15: loading /app/test/features/recurring_transactions/presentation/widgets/recurring_rule_list_item_test.dart                                                                             17:50 +1192 ~15: loading /app/test/features/recurring_transactions/presentation/widgets/recurring_rule_list_item_test.dart                                                                             17:51 +1192 ~15: loading /app/test/features/recurring_transactions/presentation/widgets/recurring_rule_list_item_test.dart                                                                             17:52 +1192 ~15: loading /app/test/features/recurring_transactions/presentation/widgets/recurring_rule_list_item_test.dart                                                                             17:53 +1192 ~15: loading /app/test/features/recurring_transactions/presentation/widgets/recurring_rule_list_item_test.dart                                                                             17:54 +1192 ~15: loading /app/test/features/recurring_transactions/presentation/widgets/recurring_rule_list_item_test.dart                                                                             17:54 +1192 ~15: /app/test/features/recurring_transactions/presentation/widgets/recurring_rule_list_item_test.dart: RecurringRuleListItem renders correctly                                            17:55 +1192 ~15: /app/test/features/recurring_transactions/presentation/widgets/recurring_rule_list_item_test.dart: RecurringRuleListItem renders correctly                                            17:56 +1192 ~15: /app/test/features/recurring_transactions/presentation/widgets/recurring_rule_list_item_test.dart: RecurringRuleListItem renders correctly                                            17:57 +1192 ~15: /app/test/features/recurring_transactions/presentation/widgets/recurring_rule_list_item_test.dart: RecurringRuleListItem renders correctly                                            17:57 +1193 ~15: /app/test/features/recurring_transactions/presentation/widgets/recurring_rule_list_item_test.dart: RecurringRuleListItem renders correctly                                            17:57 +1193 ~15: /app/test/features/recurring_transactions/presentation/widgets/recurring_rule_list_item_test.dart: RecurringRuleListItem renders paused icon when paused                              17:58 +1193 ~15: /app/test/features/recurring_transactions/presentation/widgets/recurring_rule_list_item_test.dart: RecurringRuleListItem renders paused icon when paused                              17:58 +1194 ~15: /app/test/features/recurring_transactions/presentation/widgets/recurring_rule_list_item_test.dart: RecurringRuleListItem renders paused icon when paused                              17:59 +1194 ~15: /app/test/features/recurring_transactions/presentation/widgets/recurring_rule_list_item_test.dart: RecurringRuleListItem renders paused icon when paused                              17:59 +1194 ~15: loading /app/test/features/recurring_transactions/presentation/widgets/stitch/monthly_commitments_summary_test.dart                                                                   17:59 +1194 ~15: /app/test/features/recurring_transactions/presentation/widgets/stitch/monthly_commitments_summary_test.dart: MonthlyCommitmentsSummary renders correctly                              18:00 +1194 ~15: /app/test/features/recurring_transactions/presentation/widgets/stitch/monthly_commitments_summary_test.dart: MonthlyCommitmentsSummary renders correctly                              18:01 +1194 ~15: /app/test/features/recurring_transactions/presentation/widgets/stitch/monthly_commitments_summary_test.dart: MonthlyCommitmentsSummary renders correctly                              18:01 +1195 ~15: /app/test/features/recurring_transactions/presentation/widgets/stitch/monthly_commitments_summary_test.dart: MonthlyCommitmentsSummary renders correctly                              18:02 +1195 ~15: /app/test/features/recurring_transactions/presentation/widgets/stitch/monthly_commitments_summary_test.dart: MonthlyCommitmentsSummary renders correctly                              18:03 +1195 ~15: /app/test/features/recurring_transactions/presentation/widgets/stitch/monthly_commitments_summary_test.dart: MonthlyCommitmentsSummary renders correctly                              18:03 +1195 ~15: loading /app/test/features/recurring_transactions/presentation/widgets/stitch/recurring_payment_item_test.dart                                                                        18:04 +1195 ~15: loading /app/test/features/recurring_transactions/presentation/widgets/stitch/recurring_payment_item_test.dart                                                                        18:05 +1195 ~15: loading /app/test/features/recurring_transactions/presentation/widgets/stitch/recurring_payment_item_test.dart                                                                        18:06 +1195 ~15: loading /app/test/features/recurring_transactions/presentation/widgets/stitch/recurring_payment_item_test.dart                                                                        18:07 +1195 ~15: loading /app/test/features/recurring_transactions/presentation/widgets/stitch/recurring_payment_item_test.dart                                                                        18:08 +1195 ~15: loading /app/test/features/recurring_transactions/presentation/widgets/stitch/recurring_payment_item_test.dart                                                                        18:08 +1195 ~15: /app/test/features/recurring_transactions/presentation/widgets/stitch/recurring_payment_item_test.dart: RecurringPaymentItem renders correctly                                        18:09 +1195 ~15: /app/test/features/recurring_transactions/presentation/widgets/stitch/recurring_payment_item_test.dart: RecurringPaymentItem renders correctly                                        18:10 +1195 ~15: /app/test/features/recurring_transactions/presentation/widgets/stitch/recurring_payment_item_test.dart: RecurringPaymentItem renders correctly                                        18:10 +1196 ~15: /app/test/features/recurring_transactions/presentation/widgets/stitch/recurring_payment_item_test.dart: RecurringPaymentItem renders correctly                                        18:11 +1196 ~15: /app/test/features/recurring_transactions/presentation/widgets/stitch/recurring_payment_item_test.dart: RecurringPaymentItem renders correctly                                        18:12 +1196 ~15: /app/test/features/recurring_transactions/presentation/widgets/stitch/recurring_payment_item_test.dart: RecurringPaymentItem renders correctly                                        18:13 +1196 ~15: /app/test/features/recurring_transactions/presentation/widgets/stitch/recurring_payment_item_test.dart: RecurringPaymentItem renders correctly                                        18:14 +1196 ~15: /app/test/features/recurring_transactions/presentation/widgets/stitch/recurring_payment_item_test.dart: RecurringPaymentItem renders correctly                                        18:14 +1196 ~15: loading /app/test/features/recurring_transactions/presentation/pages/recurring_rule_list_page_test.dart                                                                               18:14 +1196 ~15: /app/test/features/recurring_transactions/presentation/pages/recurring_rule_list_page_test.dart: RecurringRuleListPage renders empty state                                            18:15 +1196 ~15: /app/test/features/recurring_transactions/presentation/pages/recurring_rule_list_page_test.dart: RecurringRuleListPage renders empty state                                            18:16 +1196 ~15: /app/test/features/recurring_transactions/presentation/pages/recurring_rule_list_page_test.dart: RecurringRuleListPage renders empty state                                            18:16 +1197 ~15: /app/test/features/recurring_transactions/presentation/pages/recurring_rule_list_page_test.dart: RecurringRuleListPage renders empty state                                            18:16 +1197 ~15: /app/test/features/recurring_transactions/presentation/pages/recurring_rule_list_page_test.dart: RecurringRuleListPage renders loading state                                          18:17 +1197 ~15: /app/test/features/recurring_transactions/presentation/pages/recurring_rule_list_page_test.dart: RecurringRuleListPage renders loading state                                          18:17 +1198 ~15: /app/test/features/recurring_transactions/presentation/pages/recurring_rule_list_page_test.dart: RecurringRuleListPage renders loading state                                          18:18 +1198 ~15: /app/test/features/recurring_transactions/presentation/pages/recurring_rule_list_page_test.dart: RecurringRuleListPage renders loading state                                          18:19 +1198 ~15: /app/test/features/recurring_transactions/presentation/pages/recurring_rule_list_page_test.dart: RecurringRuleListPage renders loading state                                          18:19 +1198 ~15: loading /app/test/features/recurring_transactions/presentation/pages/add_edit_recurring_rule_page_test.dart                                                                           18:19 +1198 ~15: /app/test/features/recurring_transactions/presentation/pages/add_edit_recurring_rule_page_test.dart: renders AddEditRecurringRulePage                                                 18:19 +1198 ~16: /app/test/features/recurring_transactions/presentation/pages/add_edit_recurring_rule_page_test.dart: renders AddEditRecurringRulePage                                                 18:20 +1198 ~16: /app/test/features/recurring_transactions/presentation/pages/add_edit_recurring_rule_page_test.dart: renders AddEditRecurringRulePage                                                 18:20 +1198 ~16: loading /app/test/main_shell_test.dart                                                                                                                                                18:21 +1198 ~16: loading /app/test/main_shell_test.dart                                                                                                                                                18:22 +1198 ~16: loading /app/test/main_shell_test.dart                                                                                                                                                18:23 +1198 ~16: loading /app/test/main_shell_test.dart                                                                                                                                                18:24 +1198 ~16: loading /app/test/main_shell_test.dart                                                                                                                                                18:25 +1198 ~16: loading /app/test/main_shell_test.dart                                                                                                                                                18:26 +1198 ~16: loading /app/test/main_shell_test.dart                                                                                                                                                18:26 +1198 ~16: /app/test/main_shell_test.dart: MainShell renders navigation bar and body                                                                                                             18:27 +1198 ~16: /app/test/main_shell_test.dart: MainShell renders navigation bar and body                                                                                                             18:28 +1198 ~16: /app/test/main_shell_test.dart: MainShell renders navigation bar and body                                                                                                             18:29 +1198 ~16: /app/test/main_shell_test.dart: MainShell renders navigation bar and body                                                                                                             18:29 +1199 ~16: /app/test/main_shell_test.dart: MainShell renders navigation bar and body                                                                                                             18:29 +1199 ~16: loading /app/test/localizations_test.dart                                                                                                                                             18:29 +1199 ~16: /app/test/localizations_test.dart: AppLocalizations returns correct strings                                                                                                           18:30 +1199 ~16: /app/test/localizations_test.dart: AppLocalizations returns correct strings                                                                                                           18:31 +1199 ~16: /app/test/localizations_test.dart: AppLocalizations returns correct strings                                                                                                           18:32 +1199 ~16: /app/test/localizations_test.dart: AppLocalizations returns correct strings                                                                                                           18:32 +1200 ~16: /app/test/localizations_test.dart: AppLocalizations returns correct strings                                                                                                           18:33 +1200 ~16: /app/test/localizations_test.dart: AppLocalizations returns correct strings                                                                                                           18:33 +1200 ~16: loading /app/test/integration/expense_creation_flow_test.dart                                                                                                                         18:34 +1200 ~16: loading /app/test/integration/expense_creation_flow_test.dart                                                                                                                         18:35 +1200 ~16: loading /app/test/integration/expense_creation_flow_test.dart                                                                                                                         18:36 +1200 ~16: loading /app/test/integration/expense_creation_flow_test.dart                                                                                                                         18:37 +1200 ~16: loading /app/test/integration/expense_creation_flow_test.dart                                                                                                                         18:37 +1200 ~16: /app/test/integration/expense_creation_flow_test.dart: (setUpAll)                                                                                                                     18:37 +1200 ~16: /app/test/integration/expense_creation_flow_test.dart: Integration: Expense Creation Flow (Numpad -> Details -> Submit)                                                               18:38 +1200 ~16: /app/test/integration/expense_creation_flow_test.dart: Integration: Expense Creation Flow (Numpad -> Details -> Submit)                                                               18:39 +1200 ~16: /app/test/integration/expense_creation_flow_test.dart: Integration: Expense Creation Flow (Numpad -> Details -> Submit)                                                               18:40 +1200 ~16: /app/test/integration/expense_creation_flow_test.dart: Integration: Expense Creation Flow (Numpad -> Details -> Submit)                                                               18:41 +1200 ~16: /app/test/integration/expense_creation_flow_test.dart: Integration: Expense Creation Flow (Numpad -> Details -> Submit)                                                               18:42 +1200 ~16: /app/test/integration/expense_creation_flow_test.dart: Integration: Expense Creation Flow (Numpad -> Details -> Submit)                                                               18:43 +1200 ~16: /app/test/integration/expense_creation_flow_test.dart: Integration: Expense Creation Flow (Numpad -> Details -> Submit)                                                               18:44 +1200 ~16: /app/test/integration/expense_creation_flow_test.dart: Integration: Expense Creation Flow (Numpad -> Details -> Submit)                                                               18:44 +1201 ~16: /app/test/integration/split_management_flow_test.dart: Integration: Split Management Flow (Group Select -> Split Mode -> Change Share -> Submit)                                      18:45 +1201 ~16: /app/test/integration/split_management_flow_test.dart: Integration: Split Management Flow (Group Select -> Split Mode -> Change Share -> Submit)                                      18:46 +1201 ~16: /app/test/integration/split_management_flow_test.dart: Integration: Split Management Flow (Group Select -> Split Mode -> Change Share -> Submit)                                      18:47 +1201 ~16: /app/test/integration/split_management_flow_test.dart: Integration: Split Management Flow (Group Select -> Split Mode -> Change Share -> Submit)                                      18:48 +1201 ~16: /app/test/integration/split_management_flow_test.dart: Integration: Split Management Flow (Group Select -> Split Mode -> Change Share -> Submit)                                      18:49 +1201 ~16: /app/test/integration/split_management_flow_test.dart: Integration: Split Management Flow (Group Select -> Split Mode -> Change Share -> Submit)                                      18:50 +1201 ~16: /app/test/integration/split_management_flow_test.dart: Integration: Split Management Flow (Group Select -> Split Mode -> Change Share -> Submit)                                      18:50 +1202 ~16: /app/test/integration/split_management_flow_test.dart: Integration: Split Management Flow (Group Select -> Split Mode -> Change Share -> Submit)                                      18:50 +1202 ~16: /app/test/integration/split_management_flow_test.dart: (tearDownAll)                                                                                                                  18:51 +1202 ~16: /app/test/integration/split_management_flow_test.dart: (tearDownAll)                                                                                                                  18:52 +1202 ~16: /app/test/integration/split_management_flow_test.dart: (tearDownAll)                                                                                                                  18:53 +1202 ~16: /app/test/integration/split_management_flow_test.dart: (tearDownAll)                                                                                                                  18:53 +1202 ~16: loading /app/test/router_redirect_test.dart                                                                                                                                           18:53 +1202 ~16: /app/test/router_redirect_test.dart: redirects skipped setup to dashboard                                                                                                             18:54 +1202 ~16: /app/test/router_redirect_test.dart: redirects skipped setup to dashboard                                                                                                             18:54 +1203 ~16: /app/test/router_redirect_test.dart: redirects skipped setup to dashboard                                                                                                             18:55 +1203 ~16: /app/test/router_redirect_test.dart: redirects skipped setup to dashboard                                                                                                             18:56 +1203 ~16: /app/test/router_redirect_test.dart: redirects skipped setup to dashboard                                                                                                             18:57 +1203 ~16: /app/test/router_redirect_test.dart: redirects skipped setup to dashboard                                                                                                             18:57 +1203 ~16: loading /app/test/initialization_error_app_test.dart                                                                                                                                  18:57 +1203 ~16: /app/test/initialization_error_app_test.dart: InitializationErrorApp shows error message and reset button                                                                             18:58 +1203 ~16: /app/test/initialization_error_app_test.dart: InitializationErrorApp shows error message and reset button                                                                             18:59 +1203 ~16: /app/test/initialization_error_app_test.dart: InitializationErrorApp shows error message and reset button                                                                             18:59 +1204 ~16: /app/test/initialization_error_app_test.dart: InitializationErrorApp shows error message and reset button                                                                             18:59 +1204 ~16: /app/test/initialization_error_app_test.dart: InitializationErrorApp shows loading indicator when resetting                                                                           19:00 +1204 ~16: /app/test/initialization_error_app_test.dart: InitializationErrorApp shows loading indicator when resetting                                                                           19:00 +1205 ~16: /app/test/initialization_error_app_test.dart: InitializationErrorApp shows loading indicator when resetting                                                                           19:01 +1205 ~16: /app/test/initialization_error_app_test.dart: InitializationErrorApp shows loading indicator when resetting                                                                           19:02 +1205 ~16: /app/test/initialization_error_app_test.dart: InitializationErrorApp shows loading indicator when resetting                                                                           19:03 +1205 ~16: /app/test/initialization_error_app_test.dart: InitializationErrorApp shows loading indicator when resetting                                                                           19:03 +1205 ~16: loading /app/test/core/data/demo_data_test.dart                                                                                                                                       19:03 +1205 ~16: /app/test/core/data/demo_data_test.dart: DemoData sampleAccounts is not empty                                                                                                         19:03 +1206 ~16: /app/test/core/data/demo_data_test.dart: DemoData sampleAccounts is not empty                                                                                                         19:03 +1206 ~16: /app/test/core/data/demo_data_test.dart: DemoData sampleExpenses is not empty                                                                                                         19:03 +1207 ~16: /app/test/core/data/demo_data_test.dart: DemoData sampleExpenses is not empty                                                                                                         19:03 +1207 ~16: /app/test/core/data/demo_data_test.dart: DemoData sampleIncomes is not empty                                                                                                          19:03 +1208 ~16: /app/test/core/data/demo_data_test.dart: DemoData sampleIncomes is not empty                                                                                                          19:03 +1208 ~16: /app/test/core/data/demo_data_test.dart: DemoData sampleBudgets is not empty                                                                                                          19:03 +1209 ~16: /app/test/core/data/demo_data_test.dart: DemoData sampleBudgets is not empty                                                                                                          19:03 +1209 ~16: /app/test/core/data/demo_data_test.dart: DemoData sampleGoals is not empty                                                                                                            19:03 +1210 ~16: /app/test/core/data/demo_data_test.dart: DemoData sampleGoals is not empty                                                                                                            19:03 +1210 ~16: /app/test/core/data/demo_data_test.dart: DemoData sampleContributions is not empty                                                                                                    19:03 +1211 ~16: /app/test/core/data/demo_data_test.dart: DemoData sampleContributions is not empty                                                                                                    19:03 +1211 ~16: /app/test/core/data/demo_data_test.dart: DemoData Category IDs are constant                                                                                                           19:03 +1212 ~16: /app/test/core/data/demo_data_test.dart: DemoData Category IDs are constant                                                                                                           19:03 +1212 ~16: loading /app/test/core/data/countries_test.dart                                                                                                                                       19:04 +1212 ~16: loading /app/test/core/data/countries_test.dart                                                                                                                                       19:05 +1212 ~16: loading /app/test/core/data/countries_test.dart                                                                                                                                       19:06 +1212 ~16: loading /app/test/core/data/countries_test.dart                                                                                                                                       19:07 +1212 ~16: loading /app/test/core/data/countries_test.dart                                                                                                                                       19:07 +1212 ~16: /app/test/core/data/countries_test.dart: AppCountries defaultCountry is US                                                                                                            19:07 +1213 ~16: /app/test/core/data/countries_test.dart: AppCountries defaultCountry is US                                                                                                            19:07 +1213 ~16: /app/test/core/data/countries_test.dart: AppCountries getCurrencyForCountry returns correct symbol                                                                                    19:07 +1214 ~16: /app/test/core/data/countries_test.dart: AppCountries getCurrencyForCountry returns correct symbol                                                                                    19:07 +1214 ~16: /app/test/core/data/countries_test.dart: AppCountries getCurrencyForCountry returns default for null                                                                                  19:07 +1215 ~16: /app/test/core/data/countries_test.dart: AppCountries getCurrencyForCountry returns default for null                                                                                  19:07 +1215 ~16: /app/test/core/data/countries_test.dart: AppCountries getCurrencyForCountry returns default for unknown code                                                                          19:07 +1216 ~16: /app/test/core/data/countries_test.dart: AppCountries getCurrencyForCountry returns default for unknown code                                                                          19:07 +1216 ~16: /app/test/core/data/countries_test.dart: AppCountries getCurrencyCodeForCountry returns correct code                                                                                  19:07 +1217 ~16: /app/test/core/data/countries_test.dart: AppCountries getCurrencyCodeForCountry returns correct code                                                                                  19:07 +1217 ~16: /app/test/core/data/countries_test.dart: AppCountries findCountryByCode returns correct country                                                                                       19:07 +1218 ~16: /app/test/core/data/countries_test.dart: AppCountries findCountryByCode returns correct country                                                                                       19:07 +1218 ~16: /app/test/core/data/countries_test.dart: AppCountries findCountryByCode returns null for unknown code                                                                                 19:07 +1219 ~16: /app/test/core/data/countries_test.dart: AppCountries findCountryByCode returns null for unknown code                                                                                 19:07 +1219 ~16: /app/test/core/data/countries_test.dart: AppCountries findCountryByCode returns null for null code                                                                                    19:08 +1219 ~16: /app/test/core/data/countries_test.dart: AppCountries findCountryByCode returns null for null code                                                                                    19:08 +1220 ~16: /app/test/core/data/countries_test.dart: AppCountries findCountryByCode returns null for null code                                                                                    19:08 +1220 ~16: /app/test/core/data/countries_test.dart: AppCountry equality works                                                                                                                    19:08 +1221 ~16: /app/test/core/data/countries_test.dart: AppCountry equality works                                                                                                                    19:08 +1221 ~16: /app/test/core/data/countries_test.dart: AppCountry hashCode works                                                                                                                    19:08 +1222 ~16: /app/test/core/data/countries_test.dart: AppCountry hashCode works                                                                                                                    19:09 +1222 ~16: /app/test/core/data/countries_test.dart: AppCountry hashCode works                                                                                                                    19:10 +1222 ~16: /app/test/core/data/countries_test.dart: AppCountry hashCode works                                                                                                                    19:10 +1222 ~16: loading /app/test/core/constants/route_names_test.dart                                                                                                                                19:10 +1222 ~16: /app/test/core/constants/route_names_test.dart: RouteNames values are correct                                                                                                         19:10 +1223 ~16: /app/test/core/constants/route_names_test.dart: RouteNames values are correct                                                                                                         19:11 +1223 ~16: /app/test/core/constants/route_names_test.dart: RouteNames values are correct                                                                                                         19:12 +1223 ~16: /app/test/core/constants/route_names_test.dart: RouteNames values are correct                                                                                                         19:12 +1223 ~16: loading /app/test/core/constants/app_constants_test.dart                                                                                                                              19:13 +1223 ~16: loading /app/test/core/constants/app_constants_test.dart                                                                                                                              19:14 +1223 ~16: loading /app/test/core/constants/app_constants_test.dart                                                                                                                              19:15 +1223 ~16: loading /app/test/core/constants/app_constants_test.dart                                                                                                                              19:16 +1223 ~16: loading /app/test/core/constants/app_constants_test.dart                                                                                                                              19:16 +1223 ~16: /app/test/core/constants/app_constants_test.dart: AppConstants values are correct                                                                                                     19:16 +1224 ~16: /app/test/core/constants/app_constants_test.dart: AppConstants values are correct                                                                                                     19:17 +1224 ~16: /app/test/core/constants/app_constants_test.dart: AppConstants values are correct                                                                                                     19:17 +1224 ~16: loading /app/test/core/common/base_list_state_test.dart                                                                                                                               19:17 +1224 ~16: /app/test/core/common/base_list_state_test.dart: BaseListState filtersApplied returns correct boolean                                                                                 19:17 +1225 ~16: /app/test/core/common/base_list_state_test.dart: BaseListState filtersApplied returns correct boolean                                                                                 19:17 +1225 ~16: /app/test/core/common/base_list_state_test.dart: BaseListState equality works                                                                                                         19:17 +1226 ~16: /app/test/core/common/base_list_state_test.dart: BaseListState equality works                                                                                                         19:18 +1226 ~16: /app/test/core/common/base_list_state_test.dart: BaseListState equality works                                                                                                         19:19 +1226 ~16: /app/test/core/common/base_list_state_test.dart: BaseListState equality works                                                                                                         19:20 +1226 ~16: /app/test/core/common/base_list_state_test.dart: BaseListState equality works                                                                                                         19:21 +1226 ~16: /app/test/core/common/base_list_state_test.dart: BaseListState equality works                                                                                                         19:21 +1226 ~16: loading /app/test/core/error/failure_extensions_test.dart                                                                                                                             19:22 +1226 ~16: loading /app/test/core/error/failure_extensions_test.dart                                                                                                                             19:23 +1226 ~16: loading /app/test/core/error/failure_extensions_test.dart                                                                                                                             19:24 +1226 ~16: loading /app/test/core/error/failure_extensions_test.dart                                                                                                                             19:25 +1226 ~16: loading /app/test/core/error/failure_extensions_test.dart                                                                                                                             19:25 +1226 ~16: /app/test/core/error/failure_extensions_test.dart: FailureMessage extension returns validation message directly                                                                       19:25 +1227 ~16: /app/test/core/error/failure_extensions_test.dart: FailureMessage extension returns validation message directly                                                                       19:25 +1227 ~16: /app/test/core/error/failure_extensions_test.dart: FailureMessage extension includes context and database prefix for CacheFailure                                                     19:25 +1228 ~16: /app/test/core/error/failure_extensions_test.dart: FailureMessage extension includes context and database prefix for CacheFailure                                                     19:25 +1228 ~16: /app/test/core/error/failure_extensions_test.dart: FailureMessage extension returns unexpected message                                                                                19:25 +1229 ~16: /app/test/core/error/failure_extensions_test.dart: FailureMessage extension returns unexpected message                                                                                19:25 +1229 ~16: /app/test/core/error/failure_extensions_test.dart: FailureMessage extension returns unknown message when empty                                                                        19:25 +1230 ~16: /app/test/core/error/failure_extensions_test.dart: FailureMessage extension returns unknown message when empty                                                                        19:26 +1230 ~16: /app/test/core/error/failure_extensions_test.dart: FailureMessage extension returns unknown message when empty                                                                        19:27 +1230 ~16: /app/test/core/error/failure_extensions_test.dart: FailureMessage extension returns unknown message when empty                                                                        19:27 +1230 ~16: loading /app/test/core/error/failure_test.dart                                                                                                                                        19:27 +1230 ~16: /app/test/core/error/failure_test.dart: ServerFailure supports equality                                                                                                               19:27 +1231 ~16: /app/test/core/error/failure_test.dart: ServerFailure supports equality                                                                                                               19:27 +1231 ~16: /app/test/core/error/failure_test.dart: CacheFailure supports equality                                                                                                                19:27 +1232 ~16: /app/test/core/error/failure_test.dart: CacheFailure supports equality                                                                                                                19:28 +1232 ~16: /app/test/core/error/failure_test.dart: CacheFailure supports equality                                                                                                                19:28 +1232 ~16: loading /app/test/core/auth/auth_session_service_test.dart                                                                                                                            19:29 +1232 ~16: loading /app/test/core/auth/auth_session_service_test.dart                                                                                                                            19:30 +1232 ~16: loading /app/test/core/auth/auth_session_service_test.dart                                                                                                                            19:31 +1232 ~16: loading /app/test/core/auth/auth_session_service_test.dart                                                                                                                            19:32 +1232 ~16: loading /app/test/core/auth/auth_session_service_test.dart                                                                                                                            19:32 +1232 ~16: /app/test/core/auth/auth_session_service_test.dart: currentUser returns user from client                                                                                              19:32 +1233 ~16: /app/test/core/auth/auth_session_service_test.dart: currentUser returns user from client                                                                                              19:32 +1233 ~16: /app/test/core/auth/auth_session_service_test.dart: isAuthenticated returns true when currentUser is not null                                                                         19:32 +1234 ~16: /app/test/core/auth/auth_session_service_test.dart: isAuthenticated returns true when currentUser is not null                                                                         19:32 +1234 ~16: /app/test/core/auth/auth_session_service_test.dart: isAuthenticated returns false when currentUser is null                                                                            19:32 +1235 ~16: /app/test/core/auth/auth_session_service_test.dart: isAuthenticated returns false when currentUser is null                                                                            19:32 +1235 ~16: /app/test/core/auth/auth_session_service_test.dart: signOut calls client.auth.signOut                                                                                                 19:32 +1236 ~16: /app/test/core/auth/auth_session_service_test.dart: signOut calls client.auth.signOut                                                                                                 19:32 +1236 ~16: /app/test/core/auth/auth_session_service_test.dart: userStream emits user on auth state change                                                                                        19:32 +1237 ~16: /app/test/core/auth/auth_session_service_test.dart: userStream emits user on auth state change                                                                                        19:33 +1237 ~16: /app/test/core/auth/auth_session_service_test.dart: userStream emits user on auth state change                                                                                        19:34 +1237 ~16: /app/test/core/auth/auth_session_service_test.dart: userStream emits user on auth state change                                                                                        19:35 +1237 ~16: /app/test/core/auth/auth_session_service_test.dart: userStream emits user on auth state change                                                                                        19:35 +1237 ~16: loading /app/test/core/auth/session_cubit_test.dart                                                                                                                                   19:35 +1237 ~16: /app/test/core/auth/session_cubit_test.dart: (setUpAll)                                                                                                                               19:35 +1237 ~16: /app/test/core/auth/session_cubit_test.dart: SessionCubit initial state is SessionUnauthenticated                                                                                     19:35 +1238 ~16: /app/test/core/auth/session_cubit_test.dart: SessionCubit initial state is SessionUnauthenticated                                                                                     19:35 +1238 ~16: /app/test/core/auth/session_cubit_test.dart: SessionCubit emits SessionUnauthenticated when signed out event is received                                                              19:35 +1239 ~16: /app/test/core/auth/session_cubit_test.dart: SessionCubit emits SessionUnauthenticated when signed out event is received                                                              19:35 +1239 ~16: /app/test/core/auth/session_cubit_test.dart: SessionCubit checkSession emits SessionUnauthenticated when no user is logged in                                                         19:35 +1240 ~16: /app/test/core/auth/session_cubit_test.dart: SessionCubit checkSession emits SessionUnauthenticated when no user is logged in                                                         19:35 +1240 ~16: /app/test/core/auth/session_cubit_test.dart: SessionCubit checkSession emits SessionLocked when biometric is enabled                                                                  19:35 +1241 ~16: /app/test/core/auth/session_cubit_test.dart: SessionCubit checkSession emits SessionLocked when biometric is enabled                                                                  19:35 +1241 ~16: /app/test/core/auth/session_cubit_test.dart: SessionCubit checkSession emits SessionAuthenticated when user and profile exist                                                         19:35 +1242 ~16: /app/test/core/auth/session_cubit_test.dart: SessionCubit checkSession emits SessionAuthenticated when user and profile exist                                                         19:35 +1242 ~16: /app/test/core/auth/session_cubit_test.dart: SessionCubit checkSession emits SessionAuthenticated after local fail but remote success                                                 19:35 +1243 ~16: /app/test/core/auth/session_cubit_test.dart: SessionCubit checkSession emits SessionAuthenticated after local fail but remote success                                                 19:35 +1243 ~16: /app/test/core/auth/session_cubit_test.dart: SessionCubit checkSession emits SessionNeedsProfileSetup when profile is incomplete                                                      19:35 +1244 ~16: /app/test/core/auth/session_cubit_test.dart: SessionCubit checkSession emits SessionNeedsProfileSetup when profile is incomplete                                                      19:35 +1244 ~16: /app/test/core/auth/session_cubit_test.dart: SessionCubit unlock emits SessionAuthenticated when successful                                                                           19:35 +1245 ~16: /app/test/core/auth/session_cubit_test.dart: SessionCubit unlock emits SessionAuthenticated when successful                                                                           19:35 +1245 ~16: /app/test/core/auth/session_cubit_test.dart: SessionCubit lock emits SessionLocked                                                                                                    19:35 +1246 ~16: /app/test/core/auth/session_cubit_test.dart: SessionCubit lock emits SessionLocked                                                                                                    19:35 +1246 ~16: /app/test/core/auth/session_cubit_test.dart: (tearDownAll)                                                                                                                            19:36 +1246 ~16: /app/test/core/auth/session_cubit_test.dart: (tearDownAll)                                                                                                                            19:36 +1246 ~16: loading /app/test/core/utils/date_formatter_test.dart                                                                                                                                 19:37 +1246 ~16: loading /app/test/core/utils/date_formatter_test.dart                                                                                                                                 19:38 +1246 ~16: loading /app/test/core/utils/date_formatter_test.dart                                                                                                                                 19:39 +1246 ~16: loading /app/test/core/utils/date_formatter_test.dart                                                                                                                                 19:40 +1246 ~16: loading /app/test/core/utils/date_formatter_test.dart                                                                                                                                 19:41 +1246 ~16: loading /app/test/core/utils/date_formatter_test.dart                                                                                                                                 19:41 +1246 ~16: /app/test/core/utils/date_formatter_test.dart: DateFormatter (setUpAll)                                                                                                               19:41 +1246 ~16: /app/test/core/utils/date_formatter_test.dart: DateFormatter formatDateTime should format the date and time correctly                                                                 19:41 +1247 ~16: /app/test/core/utils/date_formatter_test.dart: DateFormatter formatDateTime should format the date and time correctly                                                                 19:41 +1247 ~16: /app/test/core/utils/date_formatter_test.dart: DateFormatter formatDate should format the date correctly                                                                              19:41 +1248 ~16: /app/test/core/utils/date_formatter_test.dart: DateFormatter formatDate should format the date correctly                                                                              19:41 +1248 ~16: /app/test/core/utils/date_formatter_test.dart: DateFormatter formatDateTime should handle different locales                                                                           19:41 +1249 ~16: /app/test/core/utils/date_formatter_test.dart: DateFormatter formatDateTime should handle different locales                                                                           19:41 +1249 ~16: /app/test/core/utils/date_formatter_test.dart: DateFormatter format should format the date using custom pattern and cache it                                                          19:41 +1250 ~16: /app/test/core/utils/date_formatter_test.dart: DateFormatter format should format the date using custom pattern and cache it                                                          19:41 +1250 ~16: /app/test/core/utils/date_formatter_test.dart: DateFormatter (tearDownAll)                                                                                                            19:42 +1250 ~16: /app/test/core/utils/date_formatter_test.dart: DateFormatter (tearDownAll)                                                                                                            19:43 +1250 ~16: /app/test/core/utils/date_formatter_test.dart: DateFormatter (tearDownAll)                                                                                                            19:43 +1250 ~16: loading /app/test/core/utils/logger_test.dart                                                                                                                                         19:43 +1250 ~16: /app/test/core/utils/logger_test.dart: (setUpAll)                                                                                                                                     19:43 +1250 ~16: /app/test/core/utils/logger_test.dart: Logger Logger initializes correctly                                                                                                            19:43 +1251 ~16: /app/test/core/utils/logger_test.dart: Logger Logger initializes correctly                                                                                                            19:43 +1251 ~16: /app/test/core/utils/logger_test.dart: Logger sendToServer sends POST request with correct data                                                                                       19:43 +1252 ~16: /app/test/core/utils/logger_test.dart: Logger sendToServer sends POST request with correct data                                                                                       19:43 +1252 ~16: /app/test/core/utils/logger_test.dart: Logger sendToServer throttles requests                                                                                                         19:44 +1252 ~16: /app/test/core/utils/logger_test.dart: Logger sendToServer throttles requests                                                                                                         19:44 +1253 ~16: /app/test/core/utils/logger_test.dart: Logger sendToServer throttles requests                                                                                                         19:44 +1253 ~16: /app/test/core/utils/logger_test.dart: (tearDownAll)                                                                                                                                  19:45 +1253 ~16: loading /app/test/core/utils/encryption_helper_test.dart                                                                                                                              19:46 +1253 ~16: loading /app/test/core/utils/encryption_helper_test.dart                                                                                                                              19:47 +1253 ~16: loading /app/test/core/utils/encryption_helper_test.dart                                                                                                                              19:48 +1253 ~16: loading /app/test/core/utils/encryption_helper_test.dart                                                                                                                              19:48 +1253 ~16: /app/test/core/utils/encryption_helper_test.dart: EncryptionHelper encryptString returns valid map keys                                                                               19:48 +1254 ~16: /app/test/core/utils/encryption_helper_test.dart: EncryptionHelper encryptString returns valid map keys                                                                               19:48 +1254 ~16: /app/test/core/utils/encryption_helper_test.dart: EncryptionHelper encryptString produces different outputs for same input (random salt/iv)                                           19:48 +1255 ~16: /app/test/core/utils/encryption_helper_test.dart: EncryptionHelper encryptString produces different outputs for same input (random salt/iv)                                           19:48 +1255 ~16: /app/test/core/utils/encryption_helper_test.dart: EncryptionHelper decryptString decrypts correctly                                                                                   19:48 +1256 ~16: /app/test/core/utils/encryption_helper_test.dart: EncryptionHelper decryptString decrypts correctly                                                                                   19:48 +1256 ~16: /app/test/core/utils/encryption_helper_test.dart: EncryptionHelper decryptString throws on wrong password                                                                             19:48 +1257 ~16: /app/test/core/utils/encryption_helper_test.dart: EncryptionHelper decryptString throws on wrong password                                                                             19:48 +1257 ~16: /app/test/core/utils/encryption_helper_test.dart: EncryptionHelper decryptString throws on tampered cipher                                                                            19:48 +1258 ~16: /app/test/core/utils/encryption_helper_test.dart: EncryptionHelper decryptString throws on tampered cipher                                                                            19:49 +1258 ~16: /app/test/core/utils/encryption_helper_test.dart: EncryptionHelper decryptString throws on tampered cipher                                                                            19:50 +1258 ~16: /app/test/core/utils/encryption_helper_test.dart: EncryptionHelper decryptString throws on tampered cipher                                                                            19:51 +1258 ~16: /app/test/core/utils/encryption_helper_test.dart: EncryptionHelper decryptString throws on tampered cipher                                                                            19:51 +1258 ~16: loading /app/test/core/utils/bloc_observer_test.dart                                                                                                                                  19:51 +1258 ~16: /app/test/core/utils/bloc_observer_test.dart: SimpleBlocObserver handles lifecycle events without error                                                                               19:51 +1259 ~16: /app/test/core/utils/bloc_observer_test.dart: SimpleBlocObserver handles lifecycle events without error                                                                               19:52 +1259 ~16: /app/test/core/utils/bloc_observer_test.dart: SimpleBlocObserver handles lifecycle events without error                                                                               19:52 +1259 ~16: loading /app/test/core/utils/app_initializer_test.dart                                                                                                                                19:53 +1259 ~16: loading /app/test/core/utils/app_initializer_test.dart                                                                                                                                19:54 +1259 ~16: loading /app/test/core/utils/app_initializer_test.dart                                                                                                                                19:55 +1259 ~16: loading /app/test/core/utils/app_initializer_test.dart                                                                                                                                19:56 +1259 ~16: loading /app/test/core/utils/app_initializer_test.dart                                                                                                                                19:56 +1259 ~16: /app/test/core/utils/app_initializer_test.dart: initHiveBoxes registers adapters and opens all expected boxes                                                                         19:56 +1259 ~16: /app/test/core/utils/app_initializer_test.dart: initHiveBoxes registers adapters and opens all expected boxes                                                                         
👻 INFO 2026-03-04 06:01:36.475759 [caller info not available] Registering Hive Adapters...
👻 INFO 2026-03-04 06:01:36.487986 [caller info not available] Opening Hive boxes in parallel...
👻 INFO 2026-03-04 06:01:37.093244 [caller info not available] All Hive boxes opened successfully.
19:57 +1260 ~16: /app/test/core/utils/app_initializer_test.dart: initHiveBoxes registers adapters and opens all expected boxes                                                                         19:58 +1260 ~16: /app/test/core/utils/app_initializer_test.dart: initHiveBoxes registers adapters and opens all expected boxes                                                                         19:59 +1260 ~16: /app/test/core/utils/app_initializer_test.dart: initHiveBoxes registers adapters and opens all expected boxes                                                                         20:00 +1260 ~16: /app/test/core/utils/app_initializer_test.dart: initHiveBoxes registers adapters and opens all expected boxes                                                                         20:00 +1260 ~16: loading /app/test/core/utils/color_utils_test.dart                                                                                                                                    20:00 +1260 ~16: /app/test/core/utils/color_utils_test.dart: ColorUtils fromHex parses 6-digit hex string correctly                                                                                    20:00 +1261 ~16: /app/test/core/utils/color_utils_test.dart: ColorUtils fromHex parses 6-digit hex string correctly                                                                                    20:00 +1261 ~16: /app/test/core/utils/color_utils_test.dart: ColorUtils fromHex parses 7-digit hex string (with #) correctly                                                                           20:00 +1262 ~16: /app/test/core/utils/color_utils_test.dart: ColorUtils fromHex parses 7-digit hex string (with #) correctly                                                                           20:00 +1262 ~16: /app/test/core/utils/color_utils_test.dart: ColorUtils fromHex parses 8-digit hex string (with alpha) correctly                                                                       20:00 +1263 ~16: /app/test/core/utils/color_utils_test.dart: ColorUtils fromHex parses 8-digit hex string (with alpha) correctly                                                                       20:00 +1263 ~16: /app/test/core/utils/color_utils_test.dart: ColorUtils fromHex parses 9-digit hex string (with # and alpha) correctly                                                                 20:00 +1264 ~16: /app/test/core/utils/color_utils_test.dart: ColorUtils fromHex parses 9-digit hex string (with # and alpha) correctly                                                                 20:00 +1264 ~16: /app/test/core/utils/color_utils_test.dart: ColorUtils fromHex returns Colors.grey for invalid hex string                                                                             20:00 +1265 ~16: /app/test/core/utils/color_utils_test.dart: ColorUtils fromHex returns Colors.grey for invalid hex string                                                                             20:00 +1265 ~16: /app/test/core/utils/color_utils_test.dart: ColorUtils fromHex returns Colors.grey for null-ish input (though param is non-nullable String)                                           20:00 +1266 ~16: /app/test/core/utils/color_utils_test.dart: ColorUtils fromHex returns Colors.grey for null-ish input (though param is non-nullable String)                                           20:00 +1266 ~16: /app/test/core/utils/color_utils_test.dart: ColorUtils toHex converts Color to hex string correctly                                                                                   20:00 +1267 ~16: /app/test/core/utils/color_utils_test.dart: ColorUtils toHex converts Color to hex string correctly                                                                                   20:00 +1267 ~16: /app/test/core/utils/color_utils_test.dart: ColorUtils toHex converts Color with transparency correctly                                                                               20:00 +1268 ~16: /app/test/core/utils/color_utils_test.dart: ColorUtils toHex converts Color with transparency correctly                                                                               20:01 +1268 ~16: /app/test/core/utils/color_utils_test.dart: ColorUtils toHex converts Color with transparency correctly                                                                               20:02 +1268 ~16: /app/test/core/utils/color_utils_test.dart: ColorUtils toHex converts Color with transparency correctly                                                                               20:02 +1268 ~16: loading /app/test/core/utils/currency_parser_test.dart                                                                                                                                20:03 +1268 ~16: loading /app/test/core/utils/currency_parser_test.dart                                                                                                                                20:04 +1268 ~16: loading /app/test/core/utils/currency_parser_test.dart                                                                                                                                20:05 +1268 ~16: loading /app/test/core/utils/currency_parser_test.dart                                                                                                                                20:06 +1268 ~16: loading /app/test/core/utils/currency_parser_test.dart                                                                                                                                20:07 +1268 ~16: loading /app/test/core/utils/currency_parser_test.dart                                                                                                                                20:07 +1268 ~16: /app/test/core/utils/currency_parser_test.dart: parseCurrency parses US formatted numbers                                                                                             20:07 +1269 ~16: /app/test/core/utils/currency_parser_test.dart: parseCurrency parses US formatted numbers                                                                                             20:07 +1269 ~16: /app/test/core/utils/currency_parser_test.dart: parseCurrency parses numbers when locale is a country code                                                                            20:07 +1270 ~16: /app/test/core/utils/currency_parser_test.dart: parseCurrency parses numbers when locale is a country code                                                                            20:07 +1270 ~16: /app/test/core/utils/currency_parser_test.dart: parseCurrency returns NaN for invalid input                                                                                           20:07 +1271 ~16: /app/test/core/utils/currency_parser_test.dart: parseCurrency returns NaN for invalid input                                                                                           20:08 +1271 ~16: /app/test/core/utils/currency_parser_test.dart: parseCurrency returns NaN for invalid input                                                                                           20:09 +1271 ~16: /app/test/core/utils/currency_parser_test.dart: parseCurrency returns NaN for invalid input                                                                                           20:10 +1271 ~16: /app/test/core/utils/currency_parser_test.dart: parseCurrency returns NaN for invalid input                                                                                           20:10 +1271 ~16: loading /app/test/core/utils/app_dialogs_test.dart                                                                                                                                    20:10 +1271 ~16: /app/test/core/utils/app_dialogs_test.dart: AppDialogs showConfirmation shows dialog with correct title and content                                                                   20:11 +1271 ~16: /app/test/core/utils/app_dialogs_test.dart: AppDialogs showConfirmation shows dialog with correct title and content                                                                   20:12 +1271 ~16: /app/test/core/utils/app_dialogs_test.dart: AppDialogs showConfirmation shows dialog with correct title and content                                                                   20:13 +1271 ~16: /app/test/core/utils/app_dialogs_test.dart: AppDialogs showConfirmation shows dialog with correct title and content                                                                   20:13 +1272 ~16: /app/test/core/utils/app_dialogs_test.dart: AppDialogs showConfirmation shows dialog with correct title and content                                                                   20:13 +1272 ~16: /app/test/core/utils/app_dialogs_test.dart: AppDialogs showConfirmation returns true on confirm                                                                                       20:13 +1273 ~16: /app/test/core/utils/app_dialogs_test.dart: AppDialogs showConfirmation returns true on confirm                                                                                       20:13 +1273 ~16: /app/test/core/utils/app_dialogs_test.dart: AppDialogs showStrongConfirmation requires exact phrase                                                                                   20:14 +1273 ~16: /app/test/core/utils/app_dialogs_test.dart: AppDialogs showStrongConfirmation requires exact phrase                                                                                   20:15 +1273 ~16: /app/test/core/utils/app_dialogs_test.dart: AppDialogs showStrongConfirmation requires exact phrase                                                                                   20:15 +1274 ~16: /app/test/core/utils/app_dialogs_test.dart: AppDialogs showStrongConfirmation requires exact phrase                                                                                   20:15 +1274 ~16: loading /app/test/core/utils/currency_formatter_test.dart                                                                                                                             20:15 +1274 ~16: /app/test/core/utils/currency_formatter_test.dart: CurrencyFormatter formats correctly for en_US locale with $                                                                        20:15 +1275 ~16: /app/test/core/utils/currency_formatter_test.dart: CurrencyFormatter formats correctly for en_US locale with $                                                                        20:15 +1275 ~16: /app/test/core/utils/currency_formatter_test.dart: CurrencyFormatter formats correctly for en_US locale with €                                                                        20:15 +1276 ~16: /app/test/core/utils/currency_formatter_test.dart: CurrencyFormatter formats correctly for en_US locale with €                                                                        20:15 +1276 ~16: /app/test/core/utils/currency_formatter_test.dart: CurrencyFormatter formats correctly for ar locale with $                                                                           20:15 +1277 ~16: /app/test/core/utils/currency_formatter_test.dart: CurrencyFormatter formats correctly for ar locale with $                                                                           20:15 +1277 ~16: /app/test/core/utils/currency_formatter_test.dart: CurrencyFormatter handles null symbol by defaulting to $                                                                           20:15 +1278 ~16: /app/test/core/utils/currency_formatter_test.dart: CurrencyFormatter handles null symbol by defaulting to $                                                                           20:15 +1278 ~16: /app/test/core/utils/currency_formatter_test.dart: CurrencyFormatter handles empty symbol by defaulting to $                                                                          20:15 +1279 ~16: /app/test/core/utils/currency_formatter_test.dart: CurrencyFormatter handles empty symbol by defaulting to $                                                                          20:15 +1279 ~16: /app/test/core/utils/currency_formatter_test.dart: CurrencyFormatter formats zero correctly                                                                                           20:15 +1280 ~16: /app/test/core/utils/currency_formatter_test.dart: CurrencyFormatter formats zero correctly                                                                                           20:15 +1280 ~16: /app/test/core/utils/currency_formatter_test.dart: CurrencyFormatter formats negative numbers correctly                                                                               20:15 +1281 ~16: /app/test/core/utils/currency_formatter_test.dart: CurrencyFormatter formats negative numbers correctly                                                                               20:16 +1281 ~16: /app/test/core/utils/currency_formatter_test.dart: CurrencyFormatter formats negative numbers correctly                                                                               20:17 +1281 ~16: /app/test/core/utils/currency_formatter_test.dart: CurrencyFormatter formats negative numbers correctly                                                                               20:18 +1281 ~16: /app/test/core/utils/currency_formatter_test.dart: CurrencyFormatter formats negative numbers correctly                                                                               20:19 +1281 ~16: /app/test/core/utils/currency_formatter_test.dart: CurrencyFormatter formats negative numbers correctly                                                                               20:19 +1281 ~16: loading /app/test/core/utils/enums_test.dart                                                                                                                                          20:20 +1281 ~16: loading /app/test/core/utils/enums_test.dart                                                                                                                                          20:21 +1281 ~16: loading /app/test/core/utils/enums_test.dart                                                                                                                                          20:21 +1281 ~16: /app/test/core/utils/enums_test.dart: Core Enums FormStatus values                                                                                                                    20:21 +1282 ~16: /app/test/core/utils/enums_test.dart: Core Enums FormStatus values                                                                                                                    20:22 +1282 ~16: /app/test/core/utils/enums_test.dart: Core Enums FormStatus values                                                                                                                    20:23 +1282 ~16: /app/test/core/utils/enums_test.dart: Core Enums FormStatus values                                                                                                                    20:24 +1282 ~16: /app/test/core/utils/enums_test.dart: Core Enums FormStatus values                                                                                                                    20:24 +1282 ~16: loading /app/test/core/screens/initial_setup_screen_test.dart                                                                                                                         20:24 +1282 ~16: /app/test/core/screens/initial_setup_screen_test.dart: InitialSetupScreen renders correctly                                                                                           20:25 +1282 ~16: /app/test/core/screens/initial_setup_screen_test.dart: InitialSetupScreen renders correctly                                                                                           20:26 +1282 ~16: /app/test/core/screens/initial_setup_screen_test.dart: InitialSetupScreen renders correctly                                                                                           20:27 +1282 ~16: /app/test/core/screens/initial_setup_screen_test.dart: InitialSetupScreen renders correctly                                                                                           20:28 +1282 ~16: /app/test/core/screens/initial_setup_screen_test.dart: InitialSetupScreen renders correctly                                                                                           20:28 +1283 ~16: /app/test/core/screens/initial_setup_screen_test.dart: InitialSetupScreen renders correctly                                                                                           20:29 +1283 ~16: /app/test/core/screens/initial_setup_screen_test.dart: InitialSetupScreen renders correctly                                                                                           20:29 +1283 ~16: loading /app/test/core/events/data_change_event_test.dart                                                                                                                             20:29 +1283 ~16: /app/test/core/events/data_change_event_test.dart: DataChangedEvent supports equality (manual check since it does not extend Equatable)                                               20:29 +1284 ~16: /app/test/core/events/data_change_event_test.dart: DataChangedEvent supports equality (manual check since it does not extend Equatable)                                               20:30 +1284 ~16: /app/test/core/events/data_change_event_test.dart: DataChangedEvent supports equality (manual check since it does not extend Equatable)                                               20:31 +1284 ~16: /app/test/core/events/data_change_event_test.dart: DataChangedEvent supports equality (manual check since it does not extend Equatable)                                               20:32 +1284 ~16: /app/test/core/events/data_change_event_test.dart: DataChangedEvent supports equality (manual check since it does not extend Equatable)                                               20:32 +1284 ~16: loading /app/test/core/errors/sync_failures_test.dart                                                                                                                                 20:33 +1284 ~16: loading /app/test/core/errors/sync_failures_test.dart                                                                                                                                 20:34 +1284 ~16: loading /app/test/core/errors/sync_failures_test.dart                                                                                                                                 20:35 +1284 ~16: loading /app/test/core/errors/sync_failures_test.dart                                                                                                                                 20:36 +1284 ~16: loading /app/test/core/errors/sync_failures_test.dart                                                                                                                                 20:36 +1284 ~16: /app/test/core/errors/sync_failures_test.dart: SyncFailure supports value equality                                                                                                    20:36 +1285 ~16: /app/test/core/errors/sync_failures_test.dart: SyncFailure supports value equality                                                                                                    20:36 +1285 ~16: /app/test/core/errors/sync_failures_test.dart: OutboxFailure supports value equality                                                                                                  20:36 +1286 ~16: /app/test/core/errors/sync_failures_test.dart: OutboxFailure supports value equality                                                                                                  20:37 +1286 ~16: /app/test/core/errors/sync_failures_test.dart: OutboxFailure supports value equality                                                                                                  20:37 +1286 ~16: loading /app/test/core/network/secure_local_storage_test.dart                                                                                                                         20:37 +1286 ~16: /app/test/core/network/secure_local_storage_test.dart: SecureLocalStorage hasAccessToken returns true when storage contains key                                                       20:37 +1287 ~16: /app/test/core/network/secure_local_storage_test.dart: SecureLocalStorage hasAccessToken returns true when storage contains key                                                       20:37 +1287 ~16: /app/test/core/network/secure_local_storage_test.dart: SecureLocalStorage hasAccessToken returns false when storage throws exception                                                  20:37 +1287 ~16: /app/test/core/network/secure_local_storage_test.dart: SecureLocalStorage hasAccessToken returns false when storage throws exception                                                  
⚠️ WARNING 2026-03-04 06:02:17.336564 [caller info not available] SecureLocalStorage: Error checking access token: Exception: Storage Error
20:37 +1288 ~16: /app/test/core/network/secure_local_storage_test.dart: SecureLocalStorage hasAccessToken returns false when storage throws exception                                                  20:37 +1288 ~16: /app/test/core/network/secure_local_storage_test.dart: SecureLocalStorage accessToken returns value when storage read succeeds                                                        20:37 +1289 ~16: /app/test/core/network/secure_local_storage_test.dart: SecureLocalStorage accessToken returns value when storage read succeeds                                                        20:37 +1289 ~16: /app/test/core/network/secure_local_storage_test.dart: SecureLocalStorage accessToken returns null when storage throws exception                                                      20:37 +1289 ~16: /app/test/core/network/secure_local_storage_test.dart: SecureLocalStorage accessToken returns null when storage throws exception                                                      
⚠️ WARNING 2026-03-04 06:02:17.388751 [caller info not available] SecureLocalStorage: Error reading access token: Exception: Read Error
20:37 +1290 ~16: /app/test/core/network/secure_local_storage_test.dart: SecureLocalStorage accessToken returns null when storage throws exception                                                      20:37 +1290 ~16: /app/test/core/network/secure_local_storage_test.dart: SecureLocalStorage removePersistedSession calls delete safely                                                                  20:37 +1291 ~16: /app/test/core/network/secure_local_storage_test.dart: SecureLocalStorage removePersistedSession calls delete safely                                                                  20:37 +1291 ~16: /app/test/core/network/secure_local_storage_test.dart: SecureLocalStorage removePersistedSession suppresses exceptions                                                                20:37 +1291 ~16: /app/test/core/network/secure_local_storage_test.dart: SecureLocalStorage removePersistedSession suppresses exceptions                                                                
⚠️ WARNING 2026-03-04 06:02:17.441426 [caller info not available] SecureLocalStorage: Error deleting session: Exception: Delete Error
20:37 +1292 ~16: /app/test/core/network/secure_local_storage_test.dart: SecureLocalStorage removePersistedSession suppresses exceptions                                                                20:37 +1292 ~16: /app/test/core/network/secure_local_storage_test.dart: SecureLocalStorage persistSession calls write safely                                                                           20:37 +1293 ~16: /app/test/core/network/secure_local_storage_test.dart: SecureLocalStorage persistSession calls write safely                                                                           20:37 +1293 ~16: /app/test/core/network/secure_local_storage_test.dart: SecureLocalStorage persistSession suppresses exceptions                                                                        20:37 +1293 ~16: /app/test/core/network/secure_local_storage_test.dart: SecureLocalStorage persistSession suppresses exceptions                                                                        
⚠️ WARNING 2026-03-04 06:02:17.483690 [caller info not available] SecureLocalStorage: Error persisting session: Exception: Write Error
20:37 +1294 ~16: /app/test/core/network/secure_local_storage_test.dart: SecureLocalStorage persistSession suppresses exceptions                                                                        20:38 +1294 ~16: /app/test/core/network/secure_local_storage_test.dart: SecureLocalStorage persistSession suppresses exceptions                                                                        20:39 +1294 ~16: /app/test/core/network/secure_local_storage_test.dart: SecureLocalStorage persistSession suppresses exceptions                                                                        20:40 +1294 ~16: /app/test/core/network/secure_local_storage_test.dart: SecureLocalStorage persistSession suppresses exceptions                                                                        20:40 +1294 ~16: loading /app/test/core/network/supabase_config_test.dart                                                                                                                              20:41 +1294 ~16: loading /app/test/core/network/supabase_config_test.dart                                                                                                                              20:42 +1294 ~16: loading /app/test/core/network/supabase_config_test.dart                                                                                                                              20:43 +1294 ~16: loading /app/test/core/network/supabase_config_test.dart                                                                                                                              20:43 +1294 ~16: /app/test/core/network/supabase_config_test.dart: SupabaseConfig constants are set                                                                                                    20:43 +1295 ~16: /app/test/core/network/supabase_config_test.dart: SupabaseConfig constants are set                                                                                                    20:43 +1295 ~16: /app/test/core/network/supabase_config_test.dart: isValid checks logic correctly                                                                                                      20:43 +1296 ~16: /app/test/core/network/supabase_config_test.dart: isValid checks logic correctly                                                                                                      20:44 +1296 ~16: /app/test/core/network/supabase_config_test.dart: isValid checks logic correctly                                                                                                      20:45 +1296 ~16: /app/test/core/network/supabase_config_test.dart: isValid checks logic correctly                                                                                                      20:45 +1296 ~16: loading /app/test/core/network/supabase_client_provider_test.dart                                                                                                                     20:45 +1296 ~16: /app/test/core/network/supabase_client_provider_test.dart: SecureLocalStorage hasAccessToken returns true when key exists                                                             20:45 +1297 ~16: /app/test/core/network/supabase_client_provider_test.dart: SecureLocalStorage hasAccessToken returns true when key exists                                                             20:45 +1297 ~16: /app/test/core/network/supabase_client_provider_test.dart: SecureLocalStorage hasAccessToken returns false when key does not exist                                                    20:45 +1298 ~16: /app/test/core/network/supabase_client_provider_test.dart: SecureLocalStorage hasAccessToken returns false when key does not exist                                                    20:45 +1298 ~16: /app/test/core/network/supabase_client_provider_test.dart: SecureLocalStorage accessToken returns token when it exists                                                                20:45 +1299 ~16: /app/test/core/network/supabase_client_provider_test.dart: SecureLocalStorage accessToken returns token when it exists                                                                20:45 +1299 ~16: /app/test/core/network/supabase_client_provider_test.dart: SecureLocalStorage accessToken returns null when it does not exist                                                         20:45 +1300 ~16: /app/test/core/network/supabase_client_provider_test.dart: SecureLocalStorage accessToken returns null when it does not exist                                                         20:45 +1300 ~16: /app/test/core/network/supabase_client_provider_test.dart: SecureLocalStorage removePersistedSession deletes key                                                                      20:45 +1301 ~16: /app/test/core/network/supabase_client_provider_test.dart: SecureLocalStorage removePersistedSession deletes key                                                                      20:45 +1301 ~16: /app/test/core/network/supabase_client_provider_test.dart: SecureLocalStorage persistSession writes key                                                                               20:45 +1302 ~16: /app/test/core/network/supabase_client_provider_test.dart: SecureLocalStorage persistSession writes key                                                                               20:46 +1302 ~16: /app/test/core/network/supabase_client_provider_test.dart: SecureLocalStorage persistSession writes key                                                                               20:47 +1302 ~16: /app/test/core/network/supabase_client_provider_test.dart: SecureLocalStorage persistSession writes key                                                                               20:48 +1302 ~16: /app/test/core/network/supabase_client_provider_test.dart: SecureLocalStorage persistSession writes key                                                                               20:48 +1302 ~16: loading /app/test/core/theme/config/quantum_configs_test.dart                                                                                                                         20:49 +1302 ~16: loading /app/test/core/theme/config/quantum_configs_test.dart                                                                                                                         20:50 +1302 ~16: loading /app/test/core/theme/config/quantum_configs_test.dart                                                                                                                         20:51 +1302 ~16: loading /app/test/core/theme/config/quantum_configs_test.dart                                                                                                                         20:52 +1302 ~16: loading /app/test/core/theme/config/quantum_configs_test.dart                                                                                                                         20:52 +1302 ~16: /app/test/core/theme/config/quantum_configs_test.dart: QuantumConfigs getConfig returns default config for invalid palette                                                            20:52 +1303 ~16: /app/test/core/theme/config/quantum_configs_test.dart: QuantumConfigs getConfig returns default config for invalid palette                                                            20:52 +1303 ~16: /app/test/core/theme/config/quantum_configs_test.dart: QuantumConfigs getConfig returns specific config for valid palettes                                                            20:52 +1304 ~16: /app/test/core/theme/config/quantum_configs_test.dart: QuantumConfigs getConfig returns specific config for valid palettes                                                            20:52 +1304 ~16: /app/test/core/theme/config/quantum_configs_test.dart: QuantumConfigs QuantumConfig specific properties are accessible                                                                20:52 +1305 ~16: /app/test/core/theme/config/quantum_configs_test.dart: QuantumConfigs QuantumConfig specific properties are accessible                                                                20:53 +1305 ~16: /app/test/core/theme/config/quantum_configs_test.dart: QuantumConfigs QuantumConfig specific properties are accessible                                                                20:53 +1305 ~16: loading /app/test/core/theme/config/elemental_configs_test.dart                                                                                                                       20:53 +1305 ~16: /app/test/core/theme/config/elemental_configs_test.dart: ElementalConfigs getConfig returns default config for invalid palette                                                        20:53 +1306 ~16: /app/test/core/theme/config/elemental_configs_test.dart: ElementalConfigs getConfig returns default config for invalid palette                                                        20:53 +1306 ~16: /app/test/core/theme/config/elemental_configs_test.dart: ElementalConfigs getConfig returns specific config for valid palettes                                                        20:53 +1307 ~16: /app/test/core/theme/config/elemental_configs_test.dart: ElementalConfigs getConfig returns specific config for valid palettes                                                        20:53 +1307 ~16: /app/test/core/theme/config/elemental_configs_test.dart: ElementalConfigs ElementalConfig specific properties are accessible                                                          20:53 +1308 ~16: /app/test/core/theme/config/elemental_configs_test.dart: ElementalConfigs ElementalConfig specific properties are accessible                                                          20:54 +1308 ~16: /app/test/core/theme/config/elemental_configs_test.dart: ElementalConfigs ElementalConfig specific properties are accessible                                                          20:55 +1308 ~16: /app/test/core/theme/config/elemental_configs_test.dart: ElementalConfigs ElementalConfig specific properties are accessible                                                          20:56 +1308 ~16: /app/test/core/theme/config/elemental_configs_test.dart: ElementalConfigs ElementalConfig specific properties are accessible                                                          20:57 +1308 ~16: loading /app/test/core/theme/config/aether_configs_test.dart                                                                                                                          20:58 +1308 ~16: loading /app/test/core/theme/config/aether_configs_test.dart                                                                                                                          20:59 +1308 ~16: loading /app/test/core/theme/config/aether_configs_test.dart                                                                                                                          21:00 +1308 ~16: loading /app/test/core/theme/config/aether_configs_test.dart                                                                                                                          21:00 +1308 ~16: /app/test/core/theme/config/aether_configs_test.dart: AetherConfigs getConfig returns default config for invalid palette                                                              21:00 +1309 ~16: /app/test/core/theme/config/aether_configs_test.dart: AetherConfigs getConfig returns default config for invalid palette                                                              21:00 +1309 ~16: /app/test/core/theme/config/aether_configs_test.dart: AetherConfigs getConfig returns specific config for valid palettes                                                              21:00 +1310 ~16: /app/test/core/theme/config/aether_configs_test.dart: AetherConfigs getConfig returns specific config for valid palettes                                                              21:00 +1310 ~16: /app/test/core/theme/config/aether_configs_test.dart: AetherConfigs AetherConfig specific properties are accessible                                                                   21:00 +1311 ~16: /app/test/core/theme/config/aether_configs_test.dart: AetherConfigs AetherConfig specific properties are accessible                                                                   21:01 +1311 ~16: /app/test/core/theme/config/aether_configs_test.dart: AetherConfigs AetherConfig specific properties are accessible                                                                   21:02 +1311 ~16: /app/test/core/theme/config/aether_configs_test.dart: AetherConfigs AetherConfig specific properties are accessible                                                                   21:02 +1311 ~16: loading /app/test/core/di/goal_dependencies_test.dart                                                                                                                                 21:02 +1311 ~16: /app/test/core/di/goal_dependencies_test.dart: GoalDependencies registers dependencies and Blocs resolve correctly                                                                    21:02 +1311 ~16: /app/test/core/di/goal_dependencies_test.dart: GoalDependencies registers dependencies and Blocs resolve correctly                                                                    
👻 INFO 2026-03-04 06:02:41.964472 [caller info not available] [AddEditGoalBloc] Initialized. Editing: false
👻 INFO 2026-03-04 06:02:41.973702 [caller info not available] [LogContributionBloc] Initialized.
21:02 +1312 ~16: /app/test/core/di/goal_dependencies_test.dart: GoalDependencies registers dependencies and Blocs resolve correctly                                                                    21:03 +1312 ~16: /app/test/core/di/goal_dependencies_test.dart: GoalDependencies registers dependencies and Blocs resolve correctly                                                                    21:04 +1312 ~16: /app/test/core/di/goal_dependencies_test.dart: GoalDependencies registers dependencies and Blocs resolve correctly                                                                    21:05 +1312 ~16: /app/test/core/di/goal_dependencies_test.dart: GoalDependencies registers dependencies and Blocs resolve correctly                                                                    21:05 +1312 ~16: loading /app/test/core/di/di_verification_test.dart                                                                                                                                   21:06 +1312 ~16: loading /app/test/core/di/di_verification_test.dart                                                                                                                                   21:07 +1312 ~16: loading /app/test/core/di/di_verification_test.dart                                                                                                                                   21:08 +1312 ~16: loading /app/test/core/di/di_verification_test.dart                                                                                                                                   21:09 +1312 ~16: loading /app/test/core/di/di_verification_test.dart                                                                                                                                   21:10 +1312 ~16: loading /app/test/core/di/di_verification_test.dart                                                                                                                                   21:10 +1312 ~16: /app/test/core/di/di_verification_test.dart: initLocator successfully registers all dependencies                                                                                      21:10 +1312 ~16: /app/test/core/di/di_verification_test.dart: initLocator successfully registers all dependencies                                                                                      
👻 INFO 2026-03-04 06:02:50.061594 [caller info not available] Initializing Service Locator...
👻 INFO 2026-03-04 06:02:50.104843 [caller info not available] Service Locator initialization complete.
21:10 +1313 ~16: /app/test/core/di/di_verification_test.dart: initLocator successfully registers all dependencies                                                                                      21:11 +1313 ~16: /app/test/core/di/di_verification_test.dart: initLocator successfully registers all dependencies                                                                                      21:11 +1313 ~16: loading /app/test/core/di/service_configurations_test.dart                                                                                                                            21:11 +1313 ~16: /app/test/core/di/service_configurations_test.dart: Dependencies configuration classes exist and have register method                                                                 21:11 +1314 ~16: /app/test/core/di/service_configurations_test.dart: Dependencies configuration classes exist and have register method                                                                 21:12 +1314 ~16: /app/test/core/di/service_configurations_test.dart: Dependencies configuration classes exist and have register method                                                                 21:13 +1314 ~16: /app/test/core/di/service_configurations_test.dart: Dependencies configuration classes exist and have register method                                                                 21:14 +1314 ~16: /app/test/core/di/service_configurations_test.dart: Dependencies configuration classes exist and have register method                                                                 21:14 +1314 ~16: loading /app/test/core/widgets/settings_list_tile_test.dart                                                                                                                           21:15 +1314 ~16: loading /app/test/core/widgets/settings_list_tile_test.dart                                                                                                                           21:16 +1314 ~16: loading /app/test/core/widgets/settings_list_tile_test.dart                                                                                                                           21:17 +1314 ~16: loading /app/test/core/widgets/settings_list_tile_test.dart                                                                                                                           21:18 +1314 ~16: loading /app/test/core/widgets/settings_list_tile_test.dart                                                                                                                           21:18 +1314 ~16: /app/test/core/widgets/settings_list_tile_test.dart: SettingsListTile renders title, subtitle, and icons                                                                              21:19 +1314 ~16: /app/test/core/widgets/settings_list_tile_test.dart: SettingsListTile renders title, subtitle, and icons                                                                              21:20 +1314 ~16: /app/test/core/widgets/settings_list_tile_test.dart: SettingsListTile renders title, subtitle, and icons                                                                              21:20 +1315 ~16: /app/test/core/widgets/common_form_fields_test.dart: CommonFormFields buildNameField validator shows error for empty value                                                            21:20 +1316 ~16: /app/test/core/widgets/common_form_fields_test.dart: CommonFormFields buildNameField validator shows error for empty value                                                            21:20 +1317 ~16: /app/test/core/widgets/common_form_fields_test.dart: CommonFormFields buildNameField validator shows error for empty value                                                            21:21 +1317 ~16: /app/test/core/widgets/common_form_fields_test.dart: CommonFormFields buildNameField validator shows error for empty value                                                            21:21 +1318 ~16: /app/test/core/widgets/common_form_fields_test.dart: CommonFormFields buildNameField validator shows error for empty value                                                            21:22 +1318 ~16: /app/test/core/widgets/common_form_fields_test.dart: CommonFormFields buildNameField validator shows error for empty value                                                            21:23 +1318 ~16: /app/test/core/widgets/common_form_fields_test.dart: CommonFormFields buildNameField validator shows error for empty value                                                            21:23 +1319 ~16: /app/test/core/widgets/common_form_fields_test.dart: CommonFormFields buildNameField validator shows error for empty value                                                            21:23 +1319 ~16: /app/test/core/widgets/common_form_fields_test.dart: CommonFormFields buildNameField validator shows error for invalid characters                                                     21:23 +1320 ~16: /app/test/core/widgets/common_form_fields_test.dart: CommonFormFields buildNameField validator shows error for invalid characters                                                     21:23 +1320 ~16: /app/test/core/widgets/common_form_fields_test.dart: CommonFormFields buildDatePickerTile shows formatted date and clear button when date is selected                                 21:23 +1321 ~16: /app/test/core/widgets/common_form_fields_test.dart: CommonFormFields buildDatePickerTile shows formatted date and clear button when date is selected                                 21:23 +1321 ~16: /app/test/core/widgets/common_form_fields_test.dart: CommonFormFields buildDatePickerTile shows "Not Set" when date is null                                                           21:24 +1321 ~16: /app/test/core/widgets/common_form_fields_test.dart: CommonFormFields buildDatePickerTile shows "Not Set" when date is null                                                           21:24 +1322 ~16: /app/test/core/widgets/common_form_fields_test.dart: CommonFormFields buildDatePickerTile shows "Not Set" when date is null                                                           21:24 +1322 ~16: /app/test/core/widgets/common_form_fields_test.dart: CommonFormFields buildTypeToggle renders labels and calls onToggle                                                               21:24 +1323 ~16: /app/test/core/widgets/common_form_fields_test.dart: CommonFormFields buildTypeToggle renders labels and calls onToggle                                                               21:24 +1323 ~16: /app/test/core/widgets/common_form_fields_test.dart: CommonFormFields buildTypeToggle is disabled when disabled is true                                                               21:24 +1324 ~16: /app/test/core/widgets/common_form_fields_test.dart: CommonFormFields buildTypeToggle is disabled when disabled is true                                                               21:24 +1324 ~16: /app/test/core/widgets/common_form_fields_test.dart: (tearDownAll)                                                                                                                    21:25 +1324 ~16: /app/test/core/widgets/common_form_fields_test.dart: (tearDownAll)                                                                                                                    21:25 +1324 ~16: loading /app/test/core/widgets/placeholder_screen_test.dart                                                                                                                           21:26 +1324 ~16: loading /app/test/core/widgets/placeholder_screen_test.dart                                                                                                                           21:27 +1324 ~16: loading /app/test/core/widgets/placeholder_screen_test.dart                                                                                                                           21:28 +1324 ~16: loading /app/test/core/widgets/placeholder_screen_test.dart                                                                                                                           21:29 +1324 ~16: loading /app/test/core/widgets/placeholder_screen_test.dart                                                                                                                           21:29 +1324 ~16: /app/test/core/widgets/placeholder_screen_test.dart: PlaceholderScreen renders feature name and placeholder texts                                                                     21:30 +1324 ~16: /app/test/core/widgets/placeholder_screen_test.dart: PlaceholderScreen renders feature name and placeholder texts                                                                     21:31 +1324 ~16: /app/test/core/widgets/placeholder_screen_test.dart: PlaceholderScreen renders feature name and placeholder texts                                                                     21:31 +1325 ~16: /app/test/core/widgets/placeholder_screen_test.dart: PlaceholderScreen renders feature name and placeholder texts                                                                     21:31 +1325 ~16: /app/test/core/widgets/placeholder_screen_test.dart: PlaceholderScreen does not show back button when it cannot pop                                                                   21:31 +1326 ~16: /app/test/core/widgets/placeholder_screen_test.dart: PlaceholderScreen does not show back button when it cannot pop                                                                   21:31 +1326 ~16: /app/test/core/widgets/placeholder_screen_test.dart: PlaceholderScreen shows back button and pops when it can pop                                                                     21:32 +1326 ~16: /app/test/core/widgets/placeholder_screen_test.dart: PlaceholderScreen shows back button and pops when it can pop                                                                     21:32 +1327 ~16: /app/test/core/widgets/demo_indicator_widget_test.dart: DemoIndicatorWidget is visible when isInDemoMode is true                                                                      21:33 +1327 ~16: /app/test/core/widgets/demo_indicator_widget_test.dart: DemoIndicatorWidget is visible when isInDemoMode is true                                                                      21:34 +1327 ~16: /app/test/core/widgets/demo_indicator_widget_test.dart: DemoIndicatorWidget is visible when isInDemoMode is true                                                                      21:34 +1328 ~16: /app/test/core/widgets/demo_indicator_widget_test.dart: DemoIndicatorWidget is visible when isInDemoMode is true                                                                      21:34 +1328 ~16: /app/test/core/widgets/demo_indicator_widget_test.dart: DemoIndicatorWidget is not visible when isInDemoMode is false                                                                 21:34 +1329 ~16: /app/test/core/widgets/demo_indicator_widget_test.dart: DemoIndicatorWidget is not visible when isInDemoMode is false                                                                 21:34 +1329 ~16: /app/test/core/widgets/demo_indicator_widget_test.dart: DemoIndicatorWidget tapping "Exit Demo" shows dialog and adds event on confirmation                                           21:34 +1329 ~16: /app/test/core/widgets/demo_indicator_widget_test.dart: DemoIndicatorWidget tapping "Exit Demo" shows dialog and adds event on confirmation                                           
👻 INFO 2026-03-04 06:03:14.542080 [caller info not available] [DemoIndicator] Exit Demo button tapped.
21:35 +1330 ~16: /app/test/core/widgets/demo_indicator_widget_test.dart: DemoIndicatorWidget tapping "Exit Demo" shows dialog and adds event on confirmation                                           21:35 +1330 ~16: /app/test/core/widgets/demo_indicator_widget_test.dart: (tearDownAll)                                                                                                                 21:36 +1330 ~16: /app/test/core/widgets/demo_indicator_widget_test.dart: (tearDownAll)                                                                                                                 21:36 +1330 ~16: loading /app/test/core/widgets/app_text_form_field_test.dart                                                                                                                          21:37 +1330 ~16: loading /app/test/core/widgets/app_text_form_field_test.dart                                                                                                                          21:38 +1330 ~16: loading /app/test/core/widgets/app_text_form_field_test.dart                                                                                                                          21:39 +1330 ~16: loading /app/test/core/widgets/app_text_form_field_test.dart                                                                                                                          21:40 +1330 ~16: loading /app/test/core/widgets/app_text_form_field_test.dart                                                                                                                          21:40 +1330 ~16: /app/test/core/widgets/app_text_form_field_test.dart: AppTextFormField renders label and initial value                                                                                21:41 +1330 ~16: /app/test/core/widgets/app_text_form_field_test.dart: AppTextFormField renders label and initial value                                                                                21:42 +1330 ~16: /app/test/core/widgets/app_text_form_field_test.dart: AppTextFormField renders label and initial value                                                                                21:43 +1330 ~16: /app/test/core/widgets/app_text_form_field_test.dart: AppTextFormField renders label and initial value                                                                                21:43 +1331 ~16: /app/test/core/widgets/app_text_form_field_test.dart: AppTextFormField renders label and initial value                                                                                21:43 +1331 ~16: /app/test/core/widgets/app_text_form_field_test.dart: AppTextFormField shows clear button when text is present and not readOnly                                                       21:43 +1332 ~16: /app/test/core/widgets/app_text_form_field_test.dart: AppTextFormField shows clear button when text is present and not readOnly                                                       21:43 +1332 ~16: /app/test/core/widgets/app_text_form_field_test.dart: AppTextFormField hides clear button when text is empty                                                                          21:44 +1332 ~16: /app/test/core/widgets/app_text_form_field_test.dart: AppTextFormField hides clear button when text is empty                                                                          21:44 +1333 ~16: /app/test/core/widgets/category_selector_tile_test.dart: CategorySelectorTile renders hint text and uncategorized icon when no category is selected                                   21:44 +1334 ~16: /app/test/core/widgets/category_selector_tile_test.dart: CategorySelectorTile renders hint text and uncategorized icon when no category is selected                                   21:44 +1335 ~16: /app/test/core/widgets/category_selector_tile_test.dart: CategorySelectorTile renders hint text and uncategorized icon when no category is selected                                   21:45 +1335 ~16: /app/test/core/widgets/category_selector_tile_test.dart: CategorySelectorTile renders hint text and uncategorized icon when no category is selected                                   21:45 +1336 ~16: /app/test/core/widgets/category_selector_tile_test.dart: CategorySelectorTile renders hint text and uncategorized icon when no category is selected                                   21:45 +1337 ~16: /app/test/core/widgets/category_selector_tile_test.dart: CategorySelectorTile renders hint text and uncategorized icon when no category is selected                                   21:45 +1338 ~16: /app/test/core/widgets/app_text_form_field_test.dart: AppTextFormField renders asterisk when isRequired is true                                                                       21:45 +1339 ~16: /app/test/core/widgets/app_text_form_field_test.dart: AppTextFormField renders asterisk when isRequired is true                                                                       21:45 +1340 ~16: /app/test/core/widgets/category_selector_tile_test.dart: CategorySelectorTile calls onTap when the tile is tapped                                                                     21:45 +1341 ~16: /app/test/core/widgets/app_text_form_field_test.dart: AppTextFormField obeys obscureText property                                                                                     21:45 +1342 ~16: /app/test/core/widgets/category_selector_tile_test.dart: CategorySelectorTile displays error text and styling when errorText is provided                                              21:46 +1342 ~16: /app/test/core/widgets/category_selector_tile_test.dart: CategorySelectorTile displays error text and styling when errorText is provided                                              21:46 +1343 ~16: /app/test/core/widgets/category_selector_tile_test.dart: CategorySelectorTile displays error text and styling when errorText is provided                                              21:47 +1343 ~16: /app/test/core/widgets/category_selector_tile_test.dart: CategorySelectorTile displays error text and styling when errorText is provided                                              21:48 +1343 ~16: /app/test/core/widgets/category_selector_tile_test.dart: CategorySelectorTile displays error text and styling when errorText is provided                                              21:49 +1343 ~16: /app/test/core/widgets/category_selector_tile_test.dart: CategorySelectorTile displays error text and styling when errorText is provided                                              21:50 +1343 ~16: /app/test/core/widgets/category_selector_tile_test.dart: CategorySelectorTile displays error text and styling when errorText is provided                                              21:50 +1343 ~16: loading /app/test/core/widgets/app_dropdown_form_field_test.dart                                                                                                                      21:51 +1343 ~16: loading /app/test/core/widgets/app_dropdown_form_field_test.dart                                                                                                                      21:52 +1343 ~16: loading /app/test/core/widgets/app_dropdown_form_field_test.dart                                                                                                                      21:53 +1343 ~16: loading /app/test/core/widgets/app_dropdown_form_field_test.dart                                                                                                                      21:53 +1343 ~16: /app/test/core/widgets/app_dropdown_form_field_test.dart: AppDropdownFormField renders initial value and label text                                                                   21:54 +1343 ~16: /app/test/core/widgets/app_dropdown_form_field_test.dart: AppDropdownFormField renders initial value and label text                                                                   21:55 +1343 ~16: /app/test/core/widgets/app_dropdown_form_field_test.dart: AppDropdownFormField renders initial value and label text                                                                   21:56 +1343 ~16: /app/test/core/widgets/app_dropdown_form_field_test.dart: AppDropdownFormField renders initial value and label text                                                                   21:56 +1344 ~16: /app/test/core/widgets/app_dropdown_form_field_test.dart: AppDropdownFormField renders initial value and label text                                                                   21:56 +1344 ~16: /app/test/core/widgets/app_dropdown_form_field_test.dart: AppDropdownFormField opens dropdown and shows items on tap                                                                  21:57 +1344 ~16: /app/test/core/widgets/app_dropdown_form_field_test.dart: AppDropdownFormField opens dropdown and shows items on tap                                                                  21:57 +1345 ~16: /app/test/core/widgets/stitch/stitch_onboarding_background_test.dart: StitchOnboardingBackground renders child and background elements                                                21:57 +1346 ~16: /app/test/core/widgets/stitch/stitch_onboarding_background_test.dart: StitchOnboardingBackground renders child and background elements                                                21:58 +1346 ~16: /app/test/core/widgets/stitch/stitch_onboarding_background_test.dart: StitchOnboardingBackground renders child and background elements                                                21:58 +1347 ~16: /app/test/core/widgets/stitch/stitch_onboarding_background_test.dart: StitchOnboardingBackground renders child and background elements                                                21:58 +1348 ~16: /app/test/core/widgets/app_dropdown_form_field_test.dart: AppDropdownFormField does not display validation error when validator passes                                                21:58 +1349 ~16: /app/test/core/widgets/app_dropdown_form_field_test.dart: AppDropdownFormField does not display validation error when validator passes                                                21:59 +1349 ~16: /app/test/core/widgets/app_dropdown_form_field_test.dart: AppDropdownFormField does not display validation error when validator passes                                                22:00 +1349 ~16: /app/test/core/widgets/app_dropdown_form_field_test.dart: AppDropdownFormField does not display validation error when validator passes                                                22:01 +1349 ~16: /app/test/core/widgets/app_dropdown_form_field_test.dart: AppDropdownFormField does not display validation error when validator passes                                                22:02 +1349 ~16: /app/test/core/widgets/app_dropdown_form_field_test.dart: AppDropdownFormField does not display validation error when validator passes                                                22:02 +1349 ~16: loading /app/test/core/widgets/stitch/stitch_auth_buttons_test.dart                                                                                                                   22:03 +1349 ~16: loading /app/test/core/widgets/stitch/stitch_auth_buttons_test.dart                                                                                                                   22:04 +1349 ~16: loading /app/test/core/widgets/stitch/stitch_auth_buttons_test.dart                                                                                                                   22:05 +1349 ~16: loading /app/test/core/widgets/stitch/stitch_auth_buttons_test.dart                                                                                                                   22:06 +1349 ~16: loading /app/test/core/widgets/stitch/stitch_auth_buttons_test.dart                                                                                                                   22:07 +1349 ~16: loading /app/test/core/widgets/stitch/stitch_auth_buttons_test.dart                                                                                                                   22:08 +1349 ~16: loading /app/test/core/widgets/stitch/stitch_auth_buttons_test.dart                                                                                                                   22:08 +1349 ~16: /app/test/core/widgets/stitch/stitch_auth_buttons_test.dart: StitchAuthButtons renders and handles taps                                                                               22:09 +1349 ~16: /app/test/core/widgets/stitch/stitch_auth_buttons_test.dart: StitchAuthButtons renders and handles taps                                                                               22:10 +1349 ~16: /app/test/core/widgets/stitch/stitch_auth_buttons_test.dart: StitchAuthButtons renders and handles taps                                                                               22:11 +1349 ~16: /app/test/core/widgets/stitch/stitch_auth_buttons_test.dart: StitchAuthButtons renders and handles taps                                                                               22:12 +1349 ~16: /app/test/core/widgets/stitch/stitch_auth_buttons_test.dart: StitchAuthButtons renders and handles taps                                                                               22:12 +1350 ~16: /app/test/core/widgets/app_card_test.dart: AppCard renders child widget correctly                                                                                                     22:12 +1351 ~16: /app/test/core/widgets/app_card_test.dart: AppCard renders child widget correctly                                                                                                     22:12 +1351 ~16: /app/test/core/widgets/app_card_test.dart: AppCard is tappable and calls onTap when provided                                                                                          22:13 +1351 ~16: /app/test/core/widgets/app_card_test.dart: AppCard is tappable and calls onTap when provided                                                                                          22:13 +1352 ~16: /app/test/core/widgets/app_card_test.dart: AppCard is tappable and calls onTap when provided                                                                                          22:13 +1352 ~16: /app/test/core/widgets/app_card_test.dart: AppCard is not tappable when onTap is null                                                                                                 22:13 +1353 ~16: /app/test/core/widgets/app_card_test.dart: AppCard is not tappable when onTap is null                                                                                                 22:13 +1353 ~16: /app/test/core/widgets/app_card_test.dart: AppCard applies custom color and elevation properties                                                                                      22:13 +1354 ~16: /app/test/core/widgets/app_card_test.dart: AppCard applies custom color and elevation properties                                                                                      22:13 +1354 ~16: /app/test/core/widgets/app_card_test.dart: AppCard renders correctly in aether UI mode (glass)                                                                                        22:13 +1355 ~16: /app/test/core/widgets/app_card_test.dart: AppCard renders correctly in aether UI mode (glass)                                                                                        22:13 +1355 ~16: /app/test/core/widgets/app_card_test.dart: AppCard renders correctly in quantum UI mode (elevated)                                                                                    22:13 +1356 ~16: /app/test/core/widgets/app_card_test.dart: AppCard renders correctly in quantum UI mode (elevated)                                                                                    22:13 +1356 ~16: /app/test/core/widgets/app_card_test.dart: AppCard renders correctly in elemental UI mode (flat)                                                                                      22:13 +1357 ~16: /app/test/core/widgets/app_card_test.dart: AppCard renders correctly in elemental UI mode (flat)                                                                                      22:14 +1357 ~16: /app/test/core/widgets/app_card_test.dart: AppCard renders correctly in elemental UI mode (flat)                                                                                      22:15 +1357 ~16: /app/test/core/widgets/app_card_test.dart: AppCard renders correctly in elemental UI mode (flat)                                                                                      22:16 +1357 ~16: /app/test/core/widgets/app_card_test.dart: AppCard renders correctly in elemental UI mode (flat)                                                                                      22:16 +1357 ~16: loading /app/test/core/widgets/category_selector_multi_tile_test.dart                                                                                                                 22:17 +1357 ~16: loading /app/test/core/widgets/category_selector_multi_tile_test.dart                                                                                                                 22:18 +1357 ~16: loading /app/test/core/widgets/category_selector_multi_tile_test.dart                                                                                                                 22:19 +1357 ~16: loading /app/test/core/widgets/category_selector_multi_tile_test.dart                                                                                                                 22:20 +1357 ~16: loading /app/test/core/widgets/category_selector_multi_tile_test.dart                                                                                                                 22:20 +1357 ~16: /app/test/core/widgets/category_selector_multi_tile_test.dart: CategorySelectorMultiTile renders hint text when no categories are selected                                            22:21 +1357 ~16: /app/test/core/widgets/category_selector_multi_tile_test.dart: CategorySelectorMultiTile renders hint text when no categories are selected                                            22:21 +1358 ~16: /app/test/core/widgets/category_selector_multi_tile_test.dart: CategorySelectorMultiTile renders hint text when no categories are selected                                            22:21 +1359 ~16: /app/test/core/widgets/category_selector_multi_tile_test.dart: CategorySelectorMultiTile renders hint text when no categories are selected                                            22:22 +1359 ~16: /app/test/core/widgets/category_selector_multi_tile_test.dart: CategorySelectorMultiTile renders hint text when no categories are selected                                            22:22 +1360 ~16: /app/test/core/widgets/category_selector_multi_tile_test.dart: CategorySelectorMultiTile renders hint text when no categories are selected                                            22:22 +1360 ~16: /app/test/core/widgets/category_selector_multi_tile_test.dart: CategorySelectorMultiTile renders count and icons when 1 category is selected                                          22:22 +1361 ~16: /app/test/core/widgets/category_selector_multi_tile_test.dart: CategorySelectorMultiTile renders count and icons when 1 category is selected                                          22:22 +1361 ~16: /app/test/core/widgets/category_selector_multi_tile_test.dart: CategorySelectorMultiTile displays more indicator when more than 3 categories are selected                             22:23 +1361 ~16: /app/test/core/widgets/category_selector_multi_tile_test.dart: CategorySelectorMultiTile displays more indicator when more than 3 categories are selected                             22:23 +1362 ~16: /app/test/core/widgets/category_selector_multi_tile_test.dart: CategorySelectorMultiTile displays more indicator when more than 3 categories are selected                             22:23 +1362 ~16: /app/test/core/widgets/category_selector_multi_tile_test.dart: CategorySelectorMultiTile calls onTap when the tile is tapped                                                          22:23 +1363 ~16: /app/test/core/widgets/category_selector_multi_tile_test.dart: CategorySelectorMultiTile calls onTap when the tile is tapped                                                          22:23 +1363 ~16: /app/test/core/widgets/category_selector_multi_tile_test.dart: CategorySelectorMultiTile displays error text and styling when errorText is provided                                   22:24 +1363 ~16: /app/test/core/widgets/category_selector_multi_tile_test.dart: CategorySelectorMultiTile displays error text and styling when errorText is provided                                   22:24 +1364 ~16: /app/test/core/widgets/category_selector_multi_tile_test.dart: CategorySelectorMultiTile displays error text and styling when errorText is provided                                   22:25 +1364 ~16: /app/test/core/widgets/category_selector_multi_tile_test.dart: CategorySelectorMultiTile displays error text and styling when errorText is provided                                   22:26 +1364 ~16: /app/test/core/widgets/category_selector_multi_tile_test.dart: CategorySelectorMultiTile displays error text and styling when errorText is provided                                   22:26 +1364 ~16: loading /app/test/core/widgets/section_header_test.dart                                                                                                                               22:27 +1364 ~16: loading /app/test/core/widgets/section_header_test.dart                                                                                                                               22:28 +1364 ~16: loading /app/test/core/widgets/section_header_test.dart                                                                                                                               22:29 +1364 ~16: loading /app/test/core/widgets/section_header_test.dart                                                                                                                               22:29 +1364 ~16: /app/test/core/widgets/section_header_test.dart: SectionHeader renders title in uppercase                                                                                             22:30 +1364 ~16: /app/test/core/widgets/section_header_test.dart: SectionHeader renders title in uppercase                                                                                             22:31 +1364 ~16: /app/test/core/widgets/section_header_test.dart: SectionHeader renders title in uppercase                                                                                             22:31 +1365 ~16: /app/test/core/widgets/transaction_list_item_test.dart: TransactionListItem renders correctly for expense                                                                             22:31 +1366 ~16: /app/test/core/widgets/transaction_list_item_test.dart: TransactionListItem renders correctly for expense                                                                             22:32 +1366 ~16: /app/test/core/widgets/transaction_list_item_test.dart: TransactionListItem renders correctly for expense                                                                             22:32 +1367 ~16: /app/test/core/widgets/transaction_list_item_test.dart: TransactionListItem renders correctly for expense                                                                             22:33 +1367 ~16: /app/test/core/widgets/transaction_list_item_test.dart: TransactionListItem renders correctly for expense                                                                             22:33 +1368 ~16: /app/test/core/widgets/transaction_list_item_test.dart: TransactionListItem renders correctly for expense                                                                             22:33 +1368 ~16: /app/test/core/widgets/transaction_list_item_test.dart: TransactionListItem renders correctly for income                                                                              22:34 +1368 ~16: /app/test/core/widgets/transaction_list_item_test.dart: TransactionListItem renders correctly for income                                                                              22:34 +1369 ~16: /app/test/core/widgets/transaction_list_item_test.dart: TransactionListItem renders correctly for income                                                                              22:34 +1369 ~16: /app/test/core/widgets/transaction_list_item_test.dart: TransactionListItem handles tap                                                                                               22:34 +1370 ~16: /app/test/core/widgets/transaction_list_item_test.dart: TransactionListItem handles tap                                                                                               22:35 +1370 ~16: /app/test/core/widgets/transaction_list_item_test.dart: TransactionListItem handles tap                                                                                               22:36 +1370 ~16: /app/test/core/widgets/transaction_list_item_test.dart: TransactionListItem handles tap                                                                                               22:36 +1370 ~16: loading /app/test/core/sync/outbox_repository_test.dart                                                                                                                               22:37 +1370 ~16: loading /app/test/core/sync/outbox_repository_test.dart                                                                                                                               22:38 +1370 ~16: loading /app/test/core/sync/outbox_repository_test.dart                                                                                                                               22:39 +1370 ~16: loading /app/test/core/sync/outbox_repository_test.dart                                                                                                                               22:39 +1370 ~16: /app/test/core/sync/outbox_repository_test.dart: (setUpAll)                                                                                                                           22:39 +1370 ~16: /app/test/core/sync/outbox_repository_test.dart: add should add item to box                                                                                                           22:39 +1371 ~16: /app/test/core/sync/outbox_repository_test.dart: add should add item to box                                                                                                           22:39 +1371 ~16: /app/test/core/sync/outbox_repository_test.dart: getPendingItems should return pending items                                                                                          22:39 +1372 ~16: /app/test/core/sync/outbox_repository_test.dart: getPendingItems should return pending items                                                                                          22:39 +1372 ~16: /app/test/core/sync/outbox_repository_test.dart: getPendingItems should return failed items                                                                                           22:39 +1373 ~16: /app/test/core/sync/outbox_repository_test.dart: getPendingItems should return failed items                                                                                           22:39 +1373 ~16: /app/test/core/sync/outbox_repository_test.dart: getPendingItems should sort items by createdAt                                                                                       22:39 +1374 ~16: /app/test/core/sync/outbox_repository_test.dart: getPendingItems should sort items by createdAt                                                                                       22:39 +1374 ~16: /app/test/core/sync/outbox_repository_test.dart: markAsSent should call delete on the item                                                                                            22:39 +1375 ~16: /app/test/core/sync/outbox_repository_test.dart: markAsSent should call delete on the item                                                                                            22:39 +1375 ~16: /app/test/core/sync/outbox_repository_test.dart: markAsFailed should mark as failed, update properties, and save                                                                      22:39 +1376 ~16: /app/test/core/sync/outbox_repository_test.dart: markAsFailed should mark as failed, update properties, and save                                                                      22:39 +1376 ~16: /app/test/core/sync/outbox_repository_test.dart: clear should clear box                                                                                                               22:39 +1377 ~16: /app/test/core/sync/outbox_repository_test.dart: clear should clear box                                                                                                               22:39 +1377 ~16: /app/test/core/sync/outbox_repository_test.dart: (tearDownAll)                                                                                                                        22:40 +1377 ~16: /app/test/core/sync/outbox_repository_test.dart: (tearDownAll)                                                                                                                        22:41 +1377 ~16: /app/test/core/sync/outbox_repository_test.dart: (tearDownAll)                                                                                                                        22:42 +1377 ~16: /app/test/core/sync/outbox_repository_test.dart: (tearDownAll)                                                                                                                        22:42 +1377 ~16: loading /app/test/core/sync/models/sync_mutation_model_test.dart                                                                                                                      22:42 +1377 ~16: /app/test/core/sync/models/sync_mutation_model_test.dart: SyncMutationModel should instantiate with provided values                                                                   22:42 +1378 ~16: /app/test/core/sync/models/sync_mutation_model_test.dart: SyncMutationModel should instantiate with provided values                                                                   22:42 +1378 ~16: /app/test/core/sync/models/sync_mutation_model_test.dart: SyncMutationModel should allow updating mutable fields                                                                      22:42 +1379 ~16: /app/test/core/sync/models/sync_mutation_model_test.dart: SyncMutationModel should allow updating mutable fields                                                                      22:43 +1379 ~16: /app/test/core/sync/models/sync_mutation_model_test.dart: SyncMutationModel should allow updating mutable fields                                                                      22:44 +1379 ~16: /app/test/core/sync/models/sync_mutation_model_test.dart: SyncMutationModel should allow updating mutable fields                                                                      22:44 +1379 ~16: loading /app/test/core/sync/realtime_service_test.dart                                                                                                                                22:45 +1379 ~16: loading /app/test/core/sync/realtime_service_test.dart                                                                                                                                22:46 +1379 ~16: loading /app/test/core/sync/realtime_service_test.dart                                                                                                                                22:47 +1379 ~16: loading /app/test/core/sync/realtime_service_test.dart                                                                                                                                22:47 +1379 ~16: /app/test/core/sync/realtime_service_test.dart: (setUpAll)                                                                                                                            22:47 +1379 ~16: /app/test/core/sync/realtime_service_test.dart: subscribeToGroup subscribes to channel and listens for changes                                                                        22:47 +1379 ~16: /app/test/core/sync/realtime_service_test.dart: subscribeToGroup subscribes to channel and listens for changes                                                                        
👻 INFO 2026-03-04 06:04:27.674629 [caller info not available] Subscribed to realtime channel for group test_group_id
22:47 +1380 ~16: /app/test/core/sync/realtime_service_test.dart: subscribeToGroup subscribes to channel and listens for changes                                                                        22:47 +1380 ~16: /app/test/core/sync/realtime_service_test.dart: unsubscribe calls removeChannel                                                                                                       22:47 +1380 ~16: /app/test/core/sync/realtime_service_test.dart: unsubscribe calls removeChannel                                                                                                       
👻 INFO 2026-03-04 06:04:27.724746 [caller info not available] Subscribed to realtime channel for group test_group
22:47 +1381 ~16: /app/test/core/sync/realtime_service_test.dart: unsubscribe calls removeChannel                                                                                                       22:47 +1381 ~16: /app/test/core/sync/realtime_service_test.dart: changes stream emits payload when callback is triggered                                                                               22:47 +1381 ~16: /app/test/core/sync/realtime_service_test.dart: changes stream emits payload when callback is triggered                                                                               
👻 INFO 2026-03-04 06:04:27.745028 [caller info not available] Subscribed to realtime channel for group test_group
22:48 +1382 ~16: /app/test/core/sync/realtime_service_test.dart: changes stream emits payload when callback is triggered                                                                               22:48 +1382 ~16: /app/test/core/sync/realtime_service_test.dart: (tearDownAll)                                                                                                                         22:49 +1382 ~16: /app/test/core/sync/realtime_service_test.dart: (tearDownAll)                                                                                                                         22:50 +1382 ~16: /app/test/core/sync/realtime_service_test.dart: (tearDownAll)                                                                                                                         22:51 +1382 ~16: /app/test/core/sync/realtime_service_test.dart: (tearDownAll)                                                                                                                         22:51 +1382 ~16: loading /app/test/core/sync/sync_coordinator_test.dart                                                                                                                                22:51 +1382 ~16: /app/test/core/sync/sync_coordinator_test.dart: initialize listens to connectivity and auth changes                                                                                   22:51 +1383 ~16: /app/test/core/sync/sync_coordinator_test.dart: initialize listens to connectivity and auth changes                                                                                   22:51 +1383 ~16: /app/test/core/sync/sync_coordinator_test.dart: connectivity change to mobile triggers processOutbox                                                                                  22:51 +1383 ~16: /app/test/core/sync/sync_coordinator_test.dart: connectivity change to mobile triggers processOutbox                                                                                  
👻 INFO 2026-03-04 06:04:31.323121 [caller info not available] Network connected. Processing outbox...
22:51 +1384 ~16: /app/test/core/sync/sync_coordinator_test.dart: connectivity change to mobile triggers processOutbox                                                                                  22:51 +1384 ~16: /app/test/core/sync/sync_coordinator_test.dart: connectivity change to wifi triggers processOutbox                                                                                    22:51 +1384 ~16: /app/test/core/sync/sync_coordinator_test.dart: connectivity change to wifi triggers processOutbox                                                                                    
👻 INFO 2026-03-04 06:04:31.339133 [caller info not available] Network connected. Processing outbox...
22:51 +1385 ~16: /app/test/core/sync/sync_coordinator_test.dart: connectivity change to wifi triggers processOutbox                                                                                    22:51 +1385 ~16: /app/test/core/sync/sync_coordinator_test.dart: connectivity change to none does not trigger processOutbox                                                                            22:51 +1386 ~16: /app/test/core/sync/sync_coordinator_test.dart: connectivity change to none does not trigger processOutbox                                                                            22:51 +1386 ~16: /app/test/core/sync/sync_coordinator_test.dart: auth change with session triggers processOutbox                                                                                       22:51 +1386 ~16: /app/test/core/sync/sync_coordinator_test.dart: auth change with session triggers processOutbox                                                                                       
👻 INFO 2026-03-04 06:04:31.373710 [caller info not available] User logged in. Initializing sync and realtime...
22:51 +1387 ~16: /app/test/core/sync/sync_coordinator_test.dart: auth change with session triggers processOutbox                                                                                       22:51 +1387 ~16: /app/test/core/sync/sync_coordinator_test.dart: auth change without session unsubscribes realtime                                                                                     22:51 +1387 ~16: /app/test/core/sync/sync_coordinator_test.dart: auth change without session unsubscribes realtime                                                                                     
👻 INFO 2026-03-04 06:04:31.385482 [caller info not available] User logged out. Disposing sync services...
22:51 +1388 ~16: /app/test/core/sync/sync_coordinator_test.dart: auth change without session unsubscribes realtime                                                                                     22:52 +1388 ~16: /app/test/core/sync/sync_coordinator_test.dart: auth change without session unsubscribes realtime                                                                                     22:53 +1388 ~16: /app/test/core/sync/sync_coordinator_test.dart: auth change without session unsubscribes realtime                                                                                     22:53 +1388 ~16: loading /app/test/core/sync/sync_service_test.dart                                                                                                                                    22:54 +1388 ~16: loading /app/test/core/sync/sync_service_test.dart                                                                                                                                    22:55 +1388 ~16: loading /app/test/core/sync/sync_service_test.dart                                                                                                                                    22:56 +1388 ~16: loading /app/test/core/sync/sync_service_test.dart                                                                                                                                    22:57 +1388 ~16: loading /app/test/core/sync/sync_service_test.dart                                                                                                                                    22:57 +1388 ~16: /app/test/core/sync/sync_service_test.dart: (setUpAll)                                                                                                                                22:57 +1388 ~16: /app/test/core/sync/sync_service_test.dart: SyncService processes pending items with receipt upload (verifies upload call)                                                            22:57 +1388 ~16: /app/test/core/sync/sync_service_test.dart: SyncService processes pending items with receipt upload (verifies upload call)                                                            
👻 INFO 2026-03-04 06:04:37.097635 [caller info not available] Syncing 1 items...
👻 INFO 2026-03-04 06:04:37.105167 [caller info not available] Uploading offline receipt: /path/to/receipt.jpg
⚠️ WARNING 2026-03-04 06:04:37.119045 [caller info not available] Failed to sync item tx1: type 'Null' is not a subtype of type 'PostgrestFilterBuilder<dynamic>'
22:57 +1389 ~16: /app/test/core/sync/sync_service_test.dart: SyncService processes pending items with receipt upload (verifies upload call)                                                            22:57 +1389 ~16: /app/test/core/sync/sync_service_test.dart: (tearDownAll)                                                                                                                             22:58 +1389 ~16: /app/test/core/sync/sync_service_test.dart: (tearDownAll)                                                                                                                             22:58 +1389 ~16: loading /app/test/core/services/upi_service_test.dart                                                                                                                                 22:58 +1389 ~16: /app/test/core/services/upi_service_test.dart: UpiService handles PlatformException correctly                                                                                         22:59 +1389 ~16: /app/test/core/services/upi_service_test.dart: UpiService handles PlatformException correctly                                                                                         23:00 +1389 ~16: /app/test/core/services/upi_service_test.dart: UpiService handles PlatformException correctly                                                                                         23:01 +1389 ~16: /app/test/core/services/upi_service_test.dart: UpiService handles PlatformException correctly                                                                                         23:01 +1390 ~16: /app/test/core/services/upi_service_test.dart: UpiService handles PlatformException correctly                                                                                         23:02 +1390 ~16: /app/test/core/services/upi_service_test.dart: UpiService handles PlatformException correctly                                                                                         23:03 +1390 ~16: /app/test/core/services/upi_service_test.dart: UpiService handles PlatformException correctly                                                                                         23:04 +1390 ~16: /app/test/core/services/upi_service_test.dart: UpiService handles PlatformException correctly                                                                                         23:05 +1390 ~16: /app/test/core/services/upi_service_test.dart: UpiService handles PlatformException correctly                                                                                         23:05 +1390 ~16: loading /app/test/core/services/secure_storage_service_test.dart                                                                                                                      23:05 +1390 ~16: /app/test/core/services/secure_storage_service_test.dart: getHiveKey should generate and save new key if none exists                                                                  23:05 +1391 ~16: /app/test/core/services/secure_storage_service_test.dart: getHiveKey should generate and save new key if none exists                                                                  23:05 +1391 ~16: /app/test/core/services/secure_storage_service_test.dart: getHiveKey should return existing key if valid                                                                              23:05 +1392 ~16: /app/test/core/services/secure_storage_service_test.dart: getHiveKey should return existing key if valid                                                                              23:05 +1392 ~16: /app/test/core/services/secure_storage_service_test.dart: getHiveKey should THROW HiveKeyCorruptionException if key is corrupted                                                      23:05 +1393 ~16: /app/test/core/services/secure_storage_service_test.dart: getHiveKey should THROW HiveKeyCorruptionException if key is corrupted                                                      23:05 +1393 ~16: loading /app/test/core/services/system_clock_test.dart                                                                                                                                23:06 +1393 ~16: loading /app/test/core/services/system_clock_test.dart                                                                                                                                23:07 +1393 ~16: loading /app/test/core/services/system_clock_test.dart                                                                                                                                23:08 +1393 ~16: loading /app/test/core/services/system_clock_test.dart                                                                                                                                23:09 +1393 ~16: loading /app/test/core/services/system_clock_test.dart                                                                                                                                23:09 +1393 ~16: /app/test/core/services/system_clock_test.dart: SystemClock returns UTC time                                                                                                          23:09 +1394 ~16: /app/test/core/services/system_clock_test.dart: SystemClock returns UTC time                                                                                                          23:10 +1394 ~16: /app/test/core/services/system_clock_test.dart: SystemClock returns UTC time                                                                                                          23:11 +1394 ~16: /app/test/core/services/system_clock_test.dart: SystemClock returns UTC time                                                                                                          23:12 +1394 ~16: /app/test/core/services/system_clock_test.dart: SystemClock returns UTC time                                                                                                          23:12 +1394 ~16: loading /app/test/core/services/downloader_service_test.dart                                                                                                                          23:12 +1394 ~16: /app/test/core/services/downloader_service_test.dart: DownloaderService interface can be implemented                                                                                  23:12 +1395 ~16: /app/test/core/services/downloader_service_test.dart: DownloaderService interface can be implemented                                                                                  23:12 +1395 ~16: loading /app/test/core/services/clock_test.dart                                                                                                                                       23:13 +1395 ~16: loading /app/test/core/services/clock_test.dart                                                                                                                                       23:14 +1395 ~16: loading /app/test/core/services/clock_test.dart                                                                                                                                       23:15 +1395 ~16: loading /app/test/core/services/clock_test.dart                                                                                                                                       23:16 +1395 ~16: loading /app/test/core/services/clock_test.dart                                                                                                                                       23:16 +1395 ~16: /app/test/core/services/clock_test.dart: SystemClock returns UTC time                                                                                                                 23:16 +1396 ~16: /app/test/core/services/clock_test.dart: SystemClock returns UTC time                                                                                                                 23:17 +1396 ~16: /app/test/core/services/clock_test.dart: SystemClock returns UTC time                                                                                                                 23:17 +1396 ~16: loading /app/test/core/services/demo_mode_service_test.dart                                                                                                                           23:18 +1396 ~16: loading /app/test/core/services/demo_mode_service_test.dart                                                                                                                           23:19 +1396 ~16: loading /app/test/core/services/demo_mode_service_test.dart                                                                                                                           23:20 +1396 ~16: loading /app/test/core/services/demo_mode_service_test.dart                                                                                                                           23:20 +1396 ~16: /app/test/core/services/demo_mode_service_test.dart: DemoModeService initially isDemoActive is false                                                                                  23:20 +1396 ~16: /app/test/core/services/demo_mode_service_test.dart: DemoModeService initially isDemoActive is false                                                                                  
👻 INFO 2026-03-04 06:05:00.743917 [caller info not available] [DemoModeService] Exiting Demo Mode. Clearing caches.
👻 INFO 2026-03-04 06:05:00.773560 [caller info not available] [DemoModeService] Exiting Demo Mode. Clearing caches.
23:20 +1397 ~16: /app/test/core/services/demo_mode_service_test.dart: DemoModeService initially isDemoActive is false                                                                                  23:20 +1397 ~16: /app/test/core/services/demo_mode_service_test.dart: DemoModeService enterDemoMode sets isDemoActive to true and loads data                                                           23:20 +1397 ~16: /app/test/core/services/demo_mode_service_test.dart: DemoModeService enterDemoMode sets isDemoActive to true and loads data                                                           
👻 INFO 2026-03-04 06:05:00.780872 [caller info not available] [DemoModeService] Exiting Demo Mode. Clearing caches.
👻 INFO 2026-03-04 06:05:00.782754 [caller info not available] [DemoModeService] Entering Demo Mode. Loading sample data.
👻 INFO 2026-03-04 06:05:00.806249 [caller info not available] [DemoModeService] Sample data loaded into memory caches.
👻 INFO 2026-03-04 06:05:00.809414 [caller info not available] [DemoModeService] Exiting Demo Mode. Clearing caches.
23:21 +1398 ~16: /app/test/core/services/demo_mode_service_test.dart: DemoModeService enterDemoMode sets isDemoActive to true and loads data                                                           23:21 +1398 ~16: /app/test/core/services/demo_mode_service_test.dart: DemoModeService exitDemoMode clears data and sets isDemoActive to false                                                          23:21 +1398 ~16: /app/test/core/services/demo_mode_service_test.dart: DemoModeService exitDemoMode clears data and sets isDemoActive to false                                                          
👻 INFO 2026-03-04 06:05:00.815375 [caller info not available] [DemoModeService] Exiting Demo Mode. Clearing caches.
👻 INFO 2026-03-04 06:05:00.817154 [caller info not available] [DemoModeService] Entering Demo Mode. Loading sample data.
👻 INFO 2026-03-04 06:05:00.818384 [caller info not available] [DemoModeService] Sample data loaded into memory caches.
👻 INFO 2026-03-04 06:05:00.818758 [caller info not available] [DemoModeService] Exiting Demo Mode. Clearing caches.
👻 INFO 2026-03-04 06:05:00.832972 [caller info not available] [DemoModeService] Exiting Demo Mode. Clearing caches.
23:21 +1399 ~16: /app/test/core/services/demo_mode_service_test.dart: DemoModeService exitDemoMode clears data and sets isDemoActive to false                                                          23:21 +1399 ~16: /app/test/core/services/demo_mode_service_test.dart: DemoModeService addDemoExpense adds expense to memory cache                                                                      23:21 +1399 ~16: /app/test/core/services/demo_mode_service_test.dart: DemoModeService addDemoExpense adds expense to memory cache                                                                      
👻 INFO 2026-03-04 06:05:00.848533 [caller info not available] [DemoModeService] Exiting Demo Mode. Clearing caches.
👻 INFO 2026-03-04 06:05:00.849643 [caller info not available] [DemoModeService] Entering Demo Mode. Loading sample data.
👻 INFO 2026-03-04 06:05:00.851133 [caller info not available] [DemoModeService] Sample data loaded into memory caches.
👻 INFO 2026-03-04 06:05:00.852968 [caller info not available] [DemoModeService] Exiting Demo Mode. Clearing caches.
23:21 +1400 ~16: /app/test/core/services/demo_mode_service_test.dart: DemoModeService addDemoExpense adds expense to memory cache                                                                      23:21 +1400 ~16: /app/test/core/services/demo_mode_service_test.dart: DemoModeService updateDemoExpense updates existing expense                                                                       23:21 +1400 ~16: /app/test/core/services/demo_mode_service_test.dart: DemoModeService updateDemoExpense updates existing expense                                                                       
👻 INFO 2026-03-04 06:05:00.867442 [caller info not available] [DemoModeService] Exiting Demo Mode. Clearing caches.
👻 INFO 2026-03-04 06:05:00.872492 [caller info not available] [DemoModeService] Entering Demo Mode. Loading sample data.
👻 INFO 2026-03-04 06:05:00.875101 [caller info not available] [DemoModeService] Sample data loaded into memory caches.
👻 INFO 2026-03-04 06:05:00.884623 [caller info not available] [DemoModeService] Exiting Demo Mode. Clearing caches.
23:21 +1401 ~16: /app/test/core/services/demo_mode_service_test.dart: DemoModeService updateDemoExpense updates existing expense                                                                       23:21 +1401 ~16: /app/test/core/services/demo_mode_service_test.dart: DemoModeService deleteDemoExpense removes expense                                                                                23:21 +1401 ~16: /app/test/core/services/demo_mode_service_test.dart: DemoModeService deleteDemoExpense removes expense                                                                                
👻 INFO 2026-03-04 06:05:00.900021 [caller info not available] [DemoModeService] Exiting Demo Mode. Clearing caches.
👻 INFO 2026-03-04 06:05:00.904345 [caller info not available] [DemoModeService] Entering Demo Mode. Loading sample data.
👻 INFO 2026-03-04 06:05:00.906987 [caller info not available] [DemoModeService] Sample data loaded into memory caches.
👻 INFO 2026-03-04 06:05:00.914395 [caller info not available] [DemoModeService] Exiting Demo Mode. Clearing caches.
23:21 +1402 ~16: /app/test/core/services/demo_mode_service_test.dart: DemoModeService deleteDemoExpense removes expense                                                                                23:22 +1402 ~16: /app/test/core/services/demo_mode_service_test.dart: DemoModeService deleteDemoExpense removes expense                                                                                23:23 +1402 ~16: /app/test/core/services/demo_mode_service_test.dart: DemoModeService deleteDemoExpense removes expense                                                                                23:24 +1402 ~16: /app/test/core/services/demo_mode_service_test.dart: DemoModeService deleteDemoExpense removes expense                                                                                23:24 +1402 ~16: loading /app/test/core/services/image_compression_service_test.dart                                                                                                                   23:24 +1402 ~16: /app/test/core/services/image_compression_service_test.dart: ImageCompressionService can be instantiated                                                                              23:24 +1403 ~16: /app/test/core/services/image_compression_service_test.dart: ImageCompressionService can be instantiated                                                                              23:25 +1403 ~16: /app/test/core/services/image_compression_service_test.dart: ImageCompressionService can be instantiated                                                                              23:26 +1403 ~16: /app/test/core/services/image_compression_service_test.dart: ImageCompressionService can be instantiated                                                                              23:26 +1403 ~16: loading /app/test/core/services/file_picker_service_test.dart                                                                                                                         23:27 +1403 ~16: loading /app/test/core/services/file_picker_service_test.dart                                                                                                                         23:28 +1403 ~16: loading /app/test/core/services/file_picker_service_test.dart                                                                                                                         23:29 +1403 ~16: loading /app/test/core/services/file_picker_service_test.dart                                                                                                                         23:29 +1403 ~16: /app/test/core/services/file_picker_service_test.dart: FilePickerService saveFile calls FilePicker.platform.saveFile with correct args                                                23:29 +1404 ~16: /app/test/core/services/file_picker_service_test.dart: FilePickerService saveFile calls FilePicker.platform.saveFile with correct args                                                23:29 +1404 ~16: /app/test/core/services/file_picker_service_test.dart: FilePickerService saveFile returns null when cancelled                                                                         23:29 +1405 ~16: /app/test/core/services/file_picker_service_test.dart: FilePickerService saveFile returns null when cancelled                                                                         23:30 +1405 ~16: /app/test/core/services/file_picker_service_test.dart: FilePickerService saveFile returns null when cancelled                                                                         23:31 +1405 ~16: /app/test/core/services/file_picker_service_test.dart: FilePickerService saveFile returns null when cancelled                                                                         23:31 +1405 ~16: loading /app/test/recurring_transactions/weekday_names_test.dart                                                                                                                      23:31 +1405 ~16: /app/test/recurring_transactions/weekday_names_test.dart: (setUpAll)                                                                                                                  23:31 +1405 ~16: /app/test/recurring_transactions/weekday_names_test.dart: weekdayNamesMonFirst returns Monday first for English                                                                       23:31 +1406 ~16: /app/test/recurring_transactions/weekday_names_test.dart: weekdayNamesMonFirst returns Monday first for English                                                                       23:31 +1406 ~16: /app/test/recurring_transactions/weekday_names_test.dart: weekdayNamesMonFirst localizes Arabic names                                                                                 23:31 +1407 ~16: /app/test/recurring_transactions/weekday_names_test.dart: weekdayNamesMonFirst localizes Arabic names                                                                                 23:31 +1407 ~16: /app/test/recurring_transactions/weekday_names_test.dart: (tearDownAll)                                                                                                               23:32 +1407 ~16: /app/test/recurring_transactions/weekday_names_test.dart: (tearDownAll)                                                                                                               23:33 +1407 ~16: /app/test/recurring_transactions/weekday_names_test.dart: (tearDownAll)                                                                                                               23:34 +1407 ~16: /app/test/recurring_transactions/weekday_names_test.dart: (tearDownAll)                                                                                                               23:34 +1407 ~16: All tests passed!                                                                                                                                                                     
